[INFO] Scanning for projects...
[INFO] 
[INFO] ---------------------< com.forgeStackk:EduResolve >---------------------
[INFO] Building  0.0.1-SNAPSHOT
[INFO]   from pom.xml
[INFO] --------------------------------[ jar ]---------------------------------
[INFO] 
[INFO] --- clean:3.5.0:clean (default-clean) @ EduResolve ---
[INFO] Deleting C:\Users\erabh\OneDrive\Desktop\learningNinjas\EduResolve_Backend\target
[INFO] 
[INFO] --- resources:3.3.1:resources (default-resources) @ EduResolve ---
[INFO] Copying 2 resources from src\main\resources to target\classes
[INFO] Copying 248 resources from src\main\resources to target\classes
[INFO] 
[INFO] --- compiler:3.14.1:compile (default-compile) @ EduResolve ---
[INFO] Recompiling the module because of changed source code.
[INFO] Compiling 207 source files with javac [debug parameters release 21] to target\classes
[INFO] 
[INFO] --- hibernate:7.2.7.Final:enhance (enhance) @ EduResolve ---
[INFO] Added file to source set: C:\Users\erabh\OneDrive\Desktop\learningNinjas\EduResolve_Backend\target\classes\com\forgeStackk\EduResolve\ai\controller\ChatController.class
[INFO] Added file to source set: C:\Users\erabh\OneDrive\Desktop\learningNinjas\EduResolve_Backend\target\classes\com\forgeStackk\EduResolve\ai\dto\ChatRequest.class
[INFO] Added file to source set: C:\Users\erabh\OneDrive\Desktop\learningNinjas\EduResolve_Backend\target\classes\com\forgeStackk\EduResolve\ai\dto\ChatResponse.class
[INFO] Added file to source set: C:\Users\erabh\OneDrive\Desktop\learningNinjas\EduResolve_Backend\target\classes\com\forgeStackk\EduResolve\ai\dto\StreamChunk.class
[INFO] Added file to source set: C:\Users\erabh\OneDrive\Desktop\learningNinjas\EduResolve_Backend\target\classes\com\forgeStackk\EduResolve\ai\entity\AiConversation.class
[INFO] Added file to source set: C:\Users\erabh\OneDrive\Desktop\learningNinjas\EduResolve_Backend\target\classes\com\forgeStackk\EduResolve\ai\entity\AiConversationMessage.class
[INFO] Added file to source set: C:\Users\erabh\OneDrive\Desktop\learningNinjas\EduResolve_Backend\target\classes\com\forgeStackk\EduResolve\ai\repository\AiConversationMessageRepository.class
[INFO] Added file to source set: C:\Users\erabh\OneDrive\Desktop\learningNinjas\EduResolve_Backend\target\classes\com\forgeStackk\EduResolve\ai\repository\AiConversationRepository.class
[INFO] Added file to source set: C:\Users\erabh\OneDrive\Desktop\learningNinjas\EduResolve_Backend\target\classes\com\forgeStackk\EduResolve\ai\service\ConversationService.class
[INFO] Added file to source set: C:\Users\erabh\OneDrive\Desktop\learningNinjas\EduResolve_Backend\target\classes\com\forgeStackk\EduResolve\ai\service\OpenAiChatService.class
[INFO] Added file to source set: C:\Users\erabh\OneDrive\Desktop\learningNinjas\EduResolve_Backend\target\classes\com\forgeStackk\EduResolve\ai\service\RateLimitService.class
[INFO] Added file to source set: C:\Users\erabh\OneDrive\Desktop\learningNinjas\EduResolve_Backend\target\classes\com\forgeStackk\EduResolve\config\NcertDataInitializer.class
[INFO] Added file to source set: C:\Users\erabh\OneDrive\Desktop\learningNinjas\EduResolve_Backend\target\classes\com\forgeStackk\EduResolve\config\SchedulingConfig.class
[INFO] Added file to source set: C:\Users\erabh\OneDrive\Desktop\learningNinjas\EduResolve_Backend\target\classes\com\forgeStackk\EduResolve\config\SecurityConfig.class
[INFO] Added file to source set: C:\Users\erabh\OneDrive\Desktop\learningNinjas\EduResolve_Backend\target\classes\com\forgeStackk\EduResolve\config\WebSecurityConfig.class
[INFO] Added file to source set: C:\Users\erabh\OneDrive\Desktop\learningNinjas\EduResolve_Backend\target\classes\com\forgeStackk\EduResolve\config\WebSocketConfig.class
[INFO] Added file to source set: C:\Users\erabh\OneDrive\Desktop\learningNinjas\EduResolve_Backend\target\classes\com\forgeStackk\EduResolve\controller\AdminDashboardController.class
[INFO] Added file to source set: C:\Users\erabh\OneDrive\Desktop\learningNinjas\EduResolve_Backend\target\classes\com\forgeStackk\EduResolve\controller\BookmarkController.class
[INFO] Added file to source set: C:\Users\erabh\OneDrive\Desktop\learningNinjas\EduResolve_Backend\target\classes\com\forgeStackk\EduResolve\controller\ChapterController.class
[INFO] Added file to source set: C:\Users\erabh\OneDrive\Desktop\learningNinjas\EduResolve_Backend\target\classes\com\forgeStackk\EduResolve\controller\ComplaintController.class
[INFO] Added file to source set: C:\Users\erabh\OneDrive\Desktop\learningNinjas\EduResolve_Backend\target\classes\com\forgeStackk\EduResolve\controller\ContentBlockController.class
[INFO] Added file to source set: C:\Users\erabh\OneDrive\Desktop\learningNinjas\EduResolve_Backend\target\classes\com\forgeStackk\EduResolve\controller\ContentChunkController.class
[INFO] Added file to source set: C:\Users\erabh\OneDrive\Desktop\learningNinjas\EduResolve_Backend\target\classes\com\forgeStackk\EduResolve\controller\CurriculumController$1.class
[INFO] Added file to source set: C:\Users\erabh\OneDrive\Desktop\learningNinjas\EduResolve_Backend\target\classes\com\forgeStackk\EduResolve\controller\CurriculumController$2.class
[INFO] Added file to source set: C:\Users\erabh\OneDrive\Desktop\learningNinjas\EduResolve_Backend\target\classes\com\forgeStackk\EduResolve\controller\CurriculumController.class
[INFO] Added file to source set: C:\Users\erabh\OneDrive\Desktop\learningNinjas\EduResolve_Backend\target\classes\com\forgeStackk\EduResolve\controller\DoubtController.class
[INFO] Added file to source set: C:\Users\erabh\OneDrive\Desktop\learningNinjas\EduResolve_Backend\target\classes\com\forgeStackk\EduResolve\controller\DoubtSolverController$DoubtAnswerResponse.class
[INFO] Added file to source set: C:\Users\erabh\OneDrive\Desktop\learningNinjas\EduResolve_Backend\target\classes\com\forgeStackk\EduResolve\controller\DoubtSolverController$DoubtSolverRequest.class
[INFO] Added file to source set: C:\Users\erabh\OneDrive\Desktop\learningNinjas\EduResolve_Backend\target\classes\com\forgeStackk\EduResolve\controller\DoubtSolverController.class
[INFO] Added file to source set: C:\Users\erabh\OneDrive\Desktop\learningNinjas\EduResolve_Backend\target\classes\com\forgeStackk\EduResolve\controller\FeeController.class
[INFO] Added file to source set: C:\Users\erabh\OneDrive\Desktop\learningNinjas\EduResolve_Backend\target\classes\com\forgeStackk\EduResolve\controller\HomeworkController.class
[INFO] Added file to source set: C:\Users\erabh\OneDrive\Desktop\learningNinjas\EduResolve_Backend\target\classes\com\forgeStackk\EduResolve\controller\LeaderboardController.class
[INFO] Added file to source set: C:\Users\erabh\OneDrive\Desktop\learningNinjas\EduResolve_Backend\target\classes\com\forgeStackk\EduResolve\controller\MessageAttachmentController.class
[INFO] Added file to source set: C:\Users\erabh\OneDrive\Desktop\learningNinjas\EduResolve_Backend\target\classes\com\forgeStackk\EduResolve\controller\NcertBookController.class
[INFO] Added file to source set: C:\Users\erabh\OneDrive\Desktop\learningNinjas\EduResolve_Backend\target\classes\com\forgeStackk\EduResolve\controller\NcertChapterController.class
[INFO] Added file to source set: C:\Users\erabh\OneDrive\Desktop\learningNinjas\EduResolve_Backend\target\classes\com\forgeStackk\EduResolve\controller\NcertController$QuestionRequest.class
[INFO] Added file to source set: C:\Users\erabh\OneDrive\Desktop\learningNinjas\EduResolve_Backend\target\classes\com\forgeStackk\EduResolve\controller\NcertController$QuizRequest.class
[INFO] Added file to source set: C:\Users\erabh\OneDrive\Desktop\learningNinjas\EduResolve_Backend\target\classes\com\forgeStackk\EduResolve\controller\NcertController.class
[INFO] Added file to source set: C:\Users\erabh\OneDrive\Desktop\learningNinjas\EduResolve_Backend\target\classes\com\forgeStackk\EduResolve\controller\NcertUploadController$UploadResponse.class
[INFO] Added file to source set: C:\Users\erabh\OneDrive\Desktop\learningNinjas\EduResolve_Backend\target\classes\com\forgeStackk\EduResolve\controller\NcertUploadController.class
[INFO] Added file to source set: C:\Users\erabh\OneDrive\Desktop\learningNinjas\EduResolve_Backend\target\classes\com\forgeStackk\EduResolve\controller\NoticeController.class
[INFO] Added file to source set: C:\Users\erabh\OneDrive\Desktop\learningNinjas\EduResolve_Backend\target\classes\com\forgeStackk\EduResolve\controller\parent\ParentInboxController.class
[INFO] Added file to source set: C:\Users\erabh\OneDrive\Desktop\learningNinjas\EduResolve_Backend\target\classes\com\forgeStackk\EduResolve\controller\PreviousYearQuestionController.class
[INFO] Added file to source set: C:\Users\erabh\OneDrive\Desktop\learningNinjas\EduResolve_Backend\target\classes\com\forgeStackk\EduResolve\controller\PublicStudentLookupController.class
[INFO] Added file to source set: C:\Users\erabh\OneDrive\Desktop\learningNinjas\EduResolve_Backend\target\classes\com\forgeStackk\EduResolve\controller\QuizController$QuizRequest.class
[INFO] Added file to source set: C:\Users\erabh\OneDrive\Desktop\learningNinjas\EduResolve_Backend\target\classes\com\forgeStackk\EduResolve\controller\QuizController.class
[INFO] Added file to source set: C:\Users\erabh\OneDrive\Desktop\learningNinjas\EduResolve_Backend\target\classes\com\forgeStackk\EduResolve\controller\QuizQuestionController.class
[INFO] Added file to source set: C:\Users\erabh\OneDrive\Desktop\learningNinjas\EduResolve_Backend\target\classes\com\forgeStackk\EduResolve\controller\QuizResultController.class
[INFO] Added file to source set: C:\Users\erabh\OneDrive\Desktop\learningNinjas\EduResolve_Backend\target\classes\com\forgeStackk\EduResolve\controller\ReadingProgressController.class
[INFO] Added file to source set: C:\Users\erabh\OneDrive\Desktop\learningNinjas\EduResolve_Backend\target\classes\com\forgeStackk\EduResolve\controller\SchoolController.class
[INFO] Added file to source set: C:\Users\erabh\OneDrive\Desktop\learningNinjas\EduResolve_Backend\target\classes\com\forgeStackk\EduResolve\controller\SchoolEventController.class
[INFO] Added file to source set: C:\Users\erabh\OneDrive\Desktop\learningNinjas\EduResolve_Backend\target\classes\com\forgeStackk\EduResolve\controller\SearchController.class
[INFO] Added file to source set: C:\Users\erabh\OneDrive\Desktop\learningNinjas\EduResolve_Backend\target\classes\com\forgeStackk\EduResolve\controller\StreakController.class
[INFO] Added file to source set: C:\Users\erabh\OneDrive\Desktop\learningNinjas\EduResolve_Backend\target\classes\com\forgeStackk\EduResolve\controller\student\StudentInboxController.class
[INFO] Added file to source set: C:\Users\erabh\OneDrive\Desktop\learningNinjas\EduResolve_Backend\target\classes\com\forgeStackk\EduResolve\controller\StudentDocumentController.class
[INFO] Added file to source set: C:\Users\erabh\OneDrive\Desktop\learningNinjas\EduResolve_Backend\target\classes\com\forgeStackk\EduResolve\controller\StudentPerformanceController.class
[INFO] Added file to source set: C:\Users\erabh\OneDrive\Desktop\learningNinjas\EduResolve_Backend\target\classes\com\forgeStackk\EduResolve\controller\StudentProfileController.class
[INFO] Added file to source set: C:\Users\erabh\OneDrive\Desktop\learningNinjas\EduResolve_Backend\target\classes\com\forgeStackk\EduResolve\controller\SubjectController.class
[INFO] Added file to source set: C:\Users\erabh\OneDrive\Desktop\learningNinjas\EduResolve_Backend\target\classes\com\forgeStackk\EduResolve\controller\teacher\TeacherAttendanceController.class
[INFO] Added file to source set: C:\Users\erabh\OneDrive\Desktop\learningNinjas\EduResolve_Backend\target\classes\com\forgeStackk\EduResolve\controller\teacher\TeacherClassLookupController.class
[INFO] Added file to source set: C:\Users\erabh\OneDrive\Desktop\learningNinjas\EduResolve_Backend\target\classes\com\forgeStackk\EduResolve\controller\teacher\TeacherHomeworkController.class
[INFO] Added file to source set: C:\Users\erabh\OneDrive\Desktop\learningNinjas\EduResolve_Backend\target\classes\com\forgeStackk\EduResolve\controller\teacher\TeacherMessagingController.class
[INFO] Added file to source set: C:\Users\erabh\OneDrive\Desktop\learningNinjas\EduResolve_Backend\target\classes\com\forgeStackk\EduResolve\controller\teacher\TeacherNotificationController.class
[INFO] Added file to source set: C:\Users\erabh\OneDrive\Desktop\learningNinjas\EduResolve_Backend\target\classes\com\forgeStackk\EduResolve\controller\TopicController.class
[INFO] Added file to source set: C:\Users\erabh\OneDrive\Desktop\learningNinjas\EduResolve_Backend\target\classes\com\forgeStackk\EduResolve\controller\UserLoginController.class
[INFO] Added file to source set: C:\Users\erabh\OneDrive\Desktop\learningNinjas\EduResolve_Backend\target\classes\com\forgeStackk\EduResolve\converter\JsonbConverter.class
[INFO] Added file to source set: C:\Users\erabh\OneDrive\Desktop\learningNinjas\EduResolve_Backend\target\classes\com\forgeStackk\EduResolve\dto\AskDoubtRequest.class
[INFO] Added file to source set: C:\Users\erabh\OneDrive\Desktop\learningNinjas\EduResolve_Backend\target\classes\com\forgeStackk\EduResolve\dto\ComplaintStatusUpdate.class
[INFO] Added file to source set: C:\Users\erabh\OneDrive\Desktop\learningNinjas\EduResolve_Backend\target\classes\com\forgeStackk\EduResolve\dto\CurriculumChapterDto.class
[INFO] Added file to source set: C:\Users\erabh\OneDrive\Desktop\learningNinjas\EduResolve_Backend\target\classes\com\forgeStackk\EduResolve\dto\CurriculumSubjectDto.class
[INFO] Added file to source set: C:\Users\erabh\OneDrive\Desktop\learningNinjas\EduResolve_Backend\target\classes\com\forgeStackk\EduResolve\dto\DoubtFeedbackRequest.class
[INFO] Added file to source set: C:\Users\erabh\OneDrive\Desktop\learningNinjas\EduResolve_Backend\target\classes\com\forgeStackk\EduResolve\dto\ForgotPasswordRequest.class
[INFO] Added file to source set: C:\Users\erabh\OneDrive\Desktop\learningNinjas\EduResolve_Backend\target\classes\com\forgeStackk\EduResolve\dto\ForgotPasswordResponse.class
[INFO] Added file to source set: C:\Users\erabh\OneDrive\Desktop\learningNinjas\EduResolve_Backend\target\classes\com\forgeStackk\EduResolve\dto\LoginRequest.class
[INFO] Added file to source set: C:\Users\erabh\OneDrive\Desktop\learningNinjas\EduResolve_Backend\target\classes\com\forgeStackk\EduResolve\dto\LoginResponse.class
[INFO] Added file to source set: C:\Users\erabh\OneDrive\Desktop\learningNinjas\EduResolve_Backend\target\classes\com\forgeStackk\EduResolve\dto\NoticeRequest.class
[INFO] Added file to source set: C:\Users\erabh\OneDrive\Desktop\learningNinjas\EduResolve_Backend\target\classes\com\forgeStackk\EduResolve\dto\RegisterRequest.class
[INFO] Added file to source set: C:\Users\erabh\OneDrive\Desktop\learningNinjas\EduResolve_Backend\target\classes\com\forgeStackk\EduResolve\dto\ResetPasswordRequest.class
[INFO] Added file to source set: C:\Users\erabh\OneDrive\Desktop\learningNinjas\EduResolve_Backend\target\classes\com\forgeStackk\EduResolve\dto\ResetPasswordResponse.class
[INFO] Added file to source set: C:\Users\erabh\OneDrive\Desktop\learningNinjas\EduResolve_Backend\target\classes\com\forgeStackk\EduResolve\dto\student\AttendanceDayDto.class
[INFO] Added file to source set: C:\Users\erabh\OneDrive\Desktop\learningNinjas\EduResolve_Backend\target\classes\com\forgeStackk\EduResolve\dto\student\StudentInboxItemDto$AttachmentInfo.class
[INFO] Added file to source set: C:\Users\erabh\OneDrive\Desktop\learningNinjas\EduResolve_Backend\target\classes\com\forgeStackk\EduResolve\dto\student\StudentInboxItemDto.class
[INFO] Added file to source set: C:\Users\erabh\OneDrive\Desktop\learningNinjas\EduResolve_Backend\target\classes\com\forgeStackk\EduResolve\dto\teacher\AttendanceRecordInput.class
[INFO] Added file to source set: C:\Users\erabh\OneDrive\Desktop\learningNinjas\EduResolve_Backend\target\classes\com\forgeStackk\EduResolve\dto\teacher\AttendanceRecordResponse.class
[INFO] Added file to source set: C:\Users\erabh\OneDrive\Desktop\learningNinjas\EduResolve_Backend\target\classes\com\forgeStackk\EduResolve\dto\teacher\AttendanceSummaryDto.class
[INFO] Added file to source set: C:\Users\erabh\OneDrive\Desktop\learningNinjas\EduResolve_Backend\target\classes\com\forgeStackk\EduResolve\dto\teacher\ClassResponse.class
[INFO] Added file to source set: C:\Users\erabh\OneDrive\Desktop\learningNinjas\EduResolve_Backend\target\classes\com\forgeStackk\EduResolve\dto\teacher\GenerateReportRequest.class
[INFO] Added file to source set: C:\Users\erabh\OneDrive\Desktop\learningNinjas\EduResolve_Backend\target\classes\com\forgeStackk\EduResolve\dto\teacher\GenerateReportResponse.class
[INFO] Added file to source set: C:\Users\erabh\OneDrive\Desktop\learningNinjas\EduResolve_Backend\target\classes\com\forgeStackk\EduResolve\dto\teacher\InboxNotificationPayload.class
[INFO] Added file to source set: C:\Users\erabh\OneDrive\Desktop\learningNinjas\EduResolve_Backend\target\classes\com\forgeStackk\EduResolve\dto\teacher\MarkAttendanceRequest.class
[INFO] Added file to source set: C:\Users\erabh\OneDrive\Desktop\learningNinjas\EduResolve_Backend\target\classes\com\forgeStackk\EduResolve\dto\teacher\MarkAttendanceResponse.class
[INFO] Added file to source set: C:\Users\erabh\OneDrive\Desktop\learningNinjas\EduResolve_Backend\target\classes\com\forgeStackk\EduResolve\dto\teacher\MessageSummaryResponse.class
[INFO] Added file to source set: C:\Users\erabh\OneDrive\Desktop\learningNinjas\EduResolve_Backend\target\classes\com\forgeStackk\EduResolve\dto\teacher\SendMessageResponse.class
[INFO] Added file to source set: C:\Users\erabh\OneDrive\Desktop\learningNinjas\EduResolve_Backend\target\classes\com\forgeStackk\EduResolve\dto\teacher\SendReportRequest.class
[INFO] Added file to source set: C:\Users\erabh\OneDrive\Desktop\learningNinjas\EduResolve_Backend\target\classes\com\forgeStackk\EduResolve\dto\teacher\StudentAttendanceSummary.class
[INFO] Added file to source set: C:\Users\erabh\OneDrive\Desktop\learningNinjas\EduResolve_Backend\target\classes\com\forgeStackk\EduResolve\dto\teacher\StudentOptionDto.class
[INFO] Added file to source set: C:\Users\erabh\OneDrive\Desktop\learningNinjas\EduResolve_Backend\target\classes\com\forgeStackk\EduResolve\dto\teacher\StudentWithParentResponse.class
[INFO] Added file to source set: C:\Users\erabh\OneDrive\Desktop\learningNinjas\EduResolve_Backend\target\classes\com\forgeStackk\EduResolve\dto\teacher\SubjectResponse.class
[INFO] Added file to source set: C:\Users\erabh\OneDrive\Desktop\learningNinjas\EduResolve_Backend\target\classes\com\forgeStackk\EduResolve\EduResolveApplication.class
[INFO] Added file to source set: C:\Users\erabh\OneDrive\Desktop\learningNinjas\EduResolve_Backend\target\classes\com\forgeStackk\EduResolve\entity\AdminProfile.class
[INFO] Added file to source set: C:\Users\erabh\OneDrive\Desktop\learningNinjas\EduResolve_Backend\target\classes\com\forgeStackk\EduResolve\entity\Bookmark$TargetType.class
[INFO] Added file to source set: C:\Users\erabh\OneDrive\Desktop\learningNinjas\EduResolve_Backend\target\classes\com\forgeStackk\EduResolve\entity\Bookmark.class
[INFO] Added file to source set: C:\Users\erabh\OneDrive\Desktop\learningNinjas\EduResolve_Backend\target\classes\com\forgeStackk\EduResolve\entity\Chapter.class
[INFO] Added file to source set: C:\Users\erabh\OneDrive\Desktop\learningNinjas\EduResolve_Backend\target\classes\com\forgeStackk\EduResolve\entity\Complaint$Status.class
[INFO] Added file to source set: C:\Users\erabh\OneDrive\Desktop\learningNinjas\EduResolve_Backend\target\classes\com\forgeStackk\EduResolve\entity\Complaint.class
[INFO] Added file to source set: C:\Users\erabh\OneDrive\Desktop\learningNinjas\EduResolve_Backend\target\classes\com\forgeStackk\EduResolve\entity\ContentBlock$BlockType.class
[INFO] Added file to source set: C:\Users\erabh\OneDrive\Desktop\learningNinjas\EduResolve_Backend\target\classes\com\forgeStackk\EduResolve\entity\ContentBlock.class
[INFO] Added file to source set: C:\Users\erabh\OneDrive\Desktop\learningNinjas\EduResolve_Backend\target\classes\com\forgeStackk\EduResolve\entity\ContentChunk$ChunkType.class
[INFO] Added file to source set: C:\Users\erabh\OneDrive\Desktop\learningNinjas\EduResolve_Backend\target\classes\com\forgeStackk\EduResolve\entity\ContentChunk.class
[INFO] Added file to source set: C:\Users\erabh\OneDrive\Desktop\learningNinjas\EduResolve_Backend\target\classes\com\forgeStackk\EduResolve\entity\Doubt.class
[INFO] Added file to source set: C:\Users\erabh\OneDrive\Desktop\learningNinjas\EduResolve_Backend\target\classes\com\forgeStackk\EduResolve\entity\DoubtCache.class
[INFO] Added file to source set: C:\Users\erabh\OneDrive\Desktop\learningNinjas\EduResolve_Backend\target\classes\com\forgeStackk\EduResolve\entity\Fee$Status.class
[INFO] Added file to source set: C:\Users\erabh\OneDrive\Desktop\learningNinjas\EduResolve_Backend\target\classes\com\forgeStackk\EduResolve\entity\Fee.class
[INFO] Added file to source set: C:\Users\erabh\OneDrive\Desktop\learningNinjas\EduResolve_Backend\target\classes\com\forgeStackk\EduResolve\entity\Homework.class
[INFO] Added file to source set: C:\Users\erabh\OneDrive\Desktop\learningNinjas\EduResolve_Backend\target\classes\com\forgeStackk\EduResolve\entity\NcertBook.class
[INFO] Added file to source set: C:\Users\erabh\OneDrive\Desktop\learningNinjas\EduResolve_Backend\target\classes\com\forgeStackk\EduResolve\entity\NcertChapter.class
[INFO] Added file to source set: C:\Users\erabh\OneDrive\Desktop\learningNinjas\EduResolve_Backend\target\classes\com\forgeStackk\EduResolve\entity\Notice.class
[INFO] Added file to source set: C:\Users\erabh\OneDrive\Desktop\learningNinjas\EduResolve_Backend\target\classes\com\forgeStackk\EduResolve\entity\ParentsProfile.class
[INFO] Added file to source set: C:\Users\erabh\OneDrive\Desktop\learningNinjas\EduResolve_Backend\target\classes\com\forgeStackk\EduResolve\entity\PreviousYearQuestion$Difficulty.class
[INFO] Added file to source set: C:\Users\erabh\OneDrive\Desktop\learningNinjas\EduResolve_Backend\target\classes\com\forgeStackk\EduResolve\entity\PreviousYearQuestion.class
[INFO] Added file to source set: C:\Users\erabh\OneDrive\Desktop\learningNinjas\EduResolve_Backend\target\classes\com\forgeStackk\EduResolve\entity\QuestionBank$Difficulty.class
[INFO] Added file to source set: C:\Users\erabh\OneDrive\Desktop\learningNinjas\EduResolve_Backend\target\classes\com\forgeStackk\EduResolve\entity\QuestionBank.class
[INFO] Added file to source set: C:\Users\erabh\OneDrive\Desktop\learningNinjas\EduResolve_Backend\target\classes\com\forgeStackk\EduResolve\entity\QuizQuestion$Difficulty.class
[INFO] Added file to source set: C:\Users\erabh\OneDrive\Desktop\learningNinjas\EduResolve_Backend\target\classes\com\forgeStackk\EduResolve\entity\QuizQuestion.class
[INFO] Added file to source set: C:\Users\erabh\OneDrive\Desktop\learningNinjas\EduResolve_Backend\target\classes\com\forgeStackk\EduResolve\entity\QuizResult.class
[INFO] Added file to source set: C:\Users\erabh\OneDrive\Desktop\learningNinjas\EduResolve_Backend\target\classes\com\forgeStackk\EduResolve\entity\ReadingProgress.class
[INFO] Added file to source set: C:\Users\erabh\OneDrive\Desktop\learningNinjas\EduResolve_Backend\target\classes\com\forgeStackk\EduResolve\entity\SchoolEvent.class
[INFO] Added file to source set: C:\Users\erabh\OneDrive\Desktop\learningNinjas\EduResolve_Backend\target\classes\com\forgeStackk\EduResolve\entity\StudentDocument.class
[INFO] Added file to source set: C:\Users\erabh\OneDrive\Desktop\learningNinjas\EduResolve_Backend\target\classes\com\forgeStackk\EduResolve\entity\StudentPerformance.class
[INFO] Added file to source set: C:\Users\erabh\OneDrive\Desktop\learningNinjas\EduResolve_Backend\target\classes\com\forgeStackk\EduResolve\entity\StudentProfile.class
[INFO] Added file to source set: C:\Users\erabh\OneDrive\Desktop\learningNinjas\EduResolve_Backend\target\classes\com\forgeStackk\EduResolve\entity\Subject.class
[INFO] Added file to source set: C:\Users\erabh\OneDrive\Desktop\learningNinjas\EduResolve_Backend\target\classes\com\forgeStackk\EduResolve\entity\teacher\Attendance.class
[INFO] Added file to source set: C:\Users\erabh\OneDrive\Desktop\learningNinjas\EduResolve_Backend\target\classes\com\forgeStackk\EduResolve\entity\teacher\AttendanceReport.class
[INFO] Added file to source set: C:\Users\erabh\OneDrive\Desktop\learningNinjas\EduResolve_Backend\target\classes\com\forgeStackk\EduResolve\entity\teacher\ClassRoom.class
[INFO] Added file to source set: C:\Users\erabh\OneDrive\Desktop\learningNinjas\EduResolve_Backend\target\classes\com\forgeStackk\EduResolve\entity\teacher\Message.class
[INFO] Added file to source set: C:\Users\erabh\OneDrive\Desktop\learningNinjas\EduResolve_Backend\target\classes\com\forgeStackk\EduResolve\entity\teacher\MessageAttachment.class
[INFO] Added file to source set: C:\Users\erabh\OneDrive\Desktop\learningNinjas\EduResolve_Backend\target\classes\com\forgeStackk\EduResolve\entity\teacher\Parent.class
[INFO] Added file to source set: C:\Users\erabh\OneDrive\Desktop\learningNinjas\EduResolve_Backend\target\classes\com\forgeStackk\EduResolve\entity\teacher\ParentInbox.class
[INFO] Added file to source set: C:\Users\erabh\OneDrive\Desktop\learningNinjas\EduResolve_Backend\target\classes\com\forgeStackk\EduResolve\entity\teacher\ReadReceipt.class
[INFO] Added file to source set: C:\Users\erabh\OneDrive\Desktop\learningNinjas\EduResolve_Backend\target\classes\com\forgeStackk\EduResolve\entity\teacher\Student.class
[INFO] Added file to source set: C:\Users\erabh\OneDrive\Desktop\learningNinjas\EduResolve_Backend\target\classes\com\forgeStackk\EduResolve\entity\teacher\StudentInbox.class
[INFO] Added file to source set: C:\Users\erabh\OneDrive\Desktop\learningNinjas\EduResolve_Backend\target\classes\com\forgeStackk\EduResolve\entity\teacher\Teacher.class
[INFO] Added file to source set: C:\Users\erabh\OneDrive\Desktop\learningNinjas\EduResolve_Backend\target\classes\com\forgeStackk\EduResolve\entity\teacher\TeacherNotification.class
[INFO] Added file to source set: C:\Users\erabh\OneDrive\Desktop\learningNinjas\EduResolve_Backend\target\classes\com\forgeStackk\EduResolve\entity\teacher\TeacherSubjectMapping.class
[INFO] Added file to source set: C:\Users\erabh\OneDrive\Desktop\learningNinjas\EduResolve_Backend\target\classes\com\forgeStackk\EduResolve\entity\TeacherProfile.class
[INFO] Added file to source set: C:\Users\erabh\OneDrive\Desktop\learningNinjas\EduResolve_Backend\target\classes\com\forgeStackk\EduResolve\entity\Topic.class
[INFO] Added file to source set: C:\Users\erabh\OneDrive\Desktop\learningNinjas\EduResolve_Backend\target\classes\com\forgeStackk\EduResolve\entity\UserLogin.class
[INFO] Added file to source set: C:\Users\erabh\OneDrive\Desktop\learningNinjas\EduResolve_Backend\target\classes\com\forgeStackk\EduResolve\enums\AttachmentFileType.class
[INFO] Added file to source set: C:\Users\erabh\OneDrive\Desktop\learningNinjas\EduResolve_Backend\target\classes\com\forgeStackk\EduResolve\enums\AttendanceStatus.class
[INFO] Added file to source set: C:\Users\erabh\OneDrive\Desktop\learningNinjas\EduResolve_Backend\target\classes\com\forgeStackk\EduResolve\enums\InboxReadStatus.class
[INFO] Added file to source set: C:\Users\erabh\OneDrive\Desktop\learningNinjas\EduResolve_Backend\target\classes\com\forgeStackk\EduResolve\enums\MessageCategory.class
[INFO] Added file to source set: C:\Users\erabh\OneDrive\Desktop\learningNinjas\EduResolve_Backend\target\classes\com\forgeStackk\EduResolve\enums\MessageContentType.class
[INFO] Added file to source set: C:\Users\erabh\OneDrive\Desktop\learningNinjas\EduResolve_Backend\target\classes\com\forgeStackk\EduResolve\enums\RecipientType.class
[INFO] Added file to source set: C:\Users\erabh\OneDrive\Desktop\learningNinjas\EduResolve_Backend\target\classes\com\forgeStackk\EduResolve\enums\ReportGeneratedBy.class
[INFO] Added file to source set: C:\Users\erabh\OneDrive\Desktop\learningNinjas\EduResolve_Backend\target\classes\com\forgeStackk\EduResolve\enums\ReportStatus.class
[INFO] Added file to source set: C:\Users\erabh\OneDrive\Desktop\learningNinjas\EduResolve_Backend\target\classes\com\forgeStackk\EduResolve\enums\StudentStatus.class
[INFO] Added file to source set: C:\Users\erabh\OneDrive\Desktop\learningNinjas\EduResolve_Backend\target\classes\com\forgeStackk\EduResolve\enums\TeacherStatus.class
[INFO] Added file to source set: C:\Users\erabh\OneDrive\Desktop\learningNinjas\EduResolve_Backend\target\classes\com\forgeStackk\EduResolve\repository\AdminProfileRepository.class
[INFO] Added file to source set: C:\Users\erabh\OneDrive\Desktop\learningNinjas\EduResolve_Backend\target\classes\com\forgeStackk\EduResolve\repository\BookmarkRepository.class
[INFO] Added file to source set: C:\Users\erabh\OneDrive\Desktop\learningNinjas\EduResolve_Backend\target\classes\com\forgeStackk\EduResolve\repository\ChapterRepository.class
[INFO] Added file to source set: C:\Users\erabh\OneDrive\Desktop\learningNinjas\EduResolve_Backend\target\classes\com\forgeStackk\EduResolve\repository\ComplaintRepository.class
[INFO] Added file to source set: C:\Users\erabh\OneDrive\Desktop\learningNinjas\EduResolve_Backend\target\classes\com\forgeStackk\EduResolve\repository\ContentBlockRepository.class
[INFO] Added file to source set: C:\Users\erabh\OneDrive\Desktop\learningNinjas\EduResolve_Backend\target\classes\com\forgeStackk\EduResolve\repository\ContentChunkRepository.class
[INFO] Added file to source set: C:\Users\erabh\OneDrive\Desktop\learningNinjas\EduResolve_Backend\target\classes\com\forgeStackk\EduResolve\repository\DoubtCacheRepository.class
[INFO] Added file to source set: C:\Users\erabh\OneDrive\Desktop\learningNinjas\EduResolve_Backend\target\classes\com\forgeStackk\EduResolve\repository\DoubtRepository.class
[INFO] Added file to source set: C:\Users\erabh\OneDrive\Desktop\learningNinjas\EduResolve_Backend\target\classes\com\forgeStackk\EduResolve\repository\FeeRepository.class
[INFO] Added file to source set: C:\Users\erabh\OneDrive\Desktop\learningNinjas\EduResolve_Backend\target\classes\com\forgeStackk\EduResolve\repository\HomeworkRepository.class
[INFO] Added file to source set: C:\Users\erabh\OneDrive\Desktop\learningNinjas\EduResolve_Backend\target\classes\com\forgeStackk\EduResolve\repository\NcertBookRepository.class
[INFO] Added file to source set: C:\Users\erabh\OneDrive\Desktop\learningNinjas\EduResolve_Backend\target\classes\com\forgeStackk\EduResolve\repository\NcertChapterRepository.class
[INFO] Added file to source set: C:\Users\erabh\OneDrive\Desktop\learningNinjas\EduResolve_Backend\target\classes\com\forgeStackk\EduResolve\repository\NoticeRepository.class
[INFO] Added file to source set: C:\Users\erabh\OneDrive\Desktop\learningNinjas\EduResolve_Backend\target\classes\com\forgeStackk\EduResolve\repository\ParentsProfileRepository.class
[INFO] Added file to source set: C:\Users\erabh\OneDrive\Desktop\learningNinjas\EduResolve_Backend\target\classes\com\forgeStackk\EduResolve\repository\PreviousYearQuestionRepository.class
[INFO] Added file to source set: C:\Users\erabh\OneDrive\Desktop\learningNinjas\EduResolve_Backend\target\classes\com\forgeStackk\EduResolve\repository\QuestionBankRepository.class
[INFO] Added file to source set: C:\Users\erabh\OneDrive\Desktop\learningNinjas\EduResolve_Backend\target\classes\com\forgeStackk\EduResolve\repository\QuizQuestionRepository.class
[INFO] Added file to source set: C:\Users\erabh\OneDrive\Desktop\learningNinjas\EduResolve_Backend\target\classes\com\forgeStackk\EduResolve\repository\QuizResultRepository.class
[INFO] Added file to source set: C:\Users\erabh\OneDrive\Desktop\learningNinjas\EduResolve_Backend\target\classes\com\forgeStackk\EduResolve\repository\ReadingProgressRepository.class
[INFO] Added file to source set: C:\Users\erabh\OneDrive\Desktop\learningNinjas\EduResolve_Backend\target\classes\com\forgeStackk\EduResolve\repository\SchoolEventRepository.class
[INFO] Added file to source set: C:\Users\erabh\OneDrive\Desktop\learningNinjas\EduResolve_Backend\target\classes\com\forgeStackk\EduResolve\repository\StudentDocumentRepository.class
[INFO] Added file to source set: C:\Users\erabh\OneDrive\Desktop\learningNinjas\EduResolve_Backend\target\classes\com\forgeStackk\EduResolve\repository\StudentPerformanceRepository.class
[INFO] Added file to source set: C:\Users\erabh\OneDrive\Desktop\learningNinjas\EduResolve_Backend\target\classes\com\forgeStackk\EduResolve\repository\StudentProfileRepository.class
[INFO] Added file to source set: C:\Users\erabh\OneDrive\Desktop\learningNinjas\EduResolve_Backend\target\classes\com\forgeStackk\EduResolve\repository\SubjectRepository.class
[INFO] Added file to source set: C:\Users\erabh\OneDrive\Desktop\learningNinjas\EduResolve_Backend\target\classes\com\forgeStackk\EduResolve\repository\teacher\AttendanceReportRepository.class
[INFO] Added file to source set: C:\Users\erabh\OneDrive\Desktop\learningNinjas\EduResolve_Backend\target\classes\com\forgeStackk\EduResolve\repository\teacher\AttendanceRepository.class
[INFO] Added file to source set: C:\Users\erabh\OneDrive\Desktop\learningNinjas\EduResolve_Backend\target\classes\com\forgeStackk\EduResolve\repository\teacher\ClassRoomRepository.class
[INFO] Added file to source set: C:\Users\erabh\OneDrive\Desktop\learningNinjas\EduResolve_Backend\target\classes\com\forgeStackk\EduResolve\repository\teacher\MessageAttachmentRepository.class
[INFO] Added file to source set: C:\Users\erabh\OneDrive\Desktop\learningNinjas\EduResolve_Backend\target\classes\com\forgeStackk\EduResolve\repository\teacher\MessageRepository.class
[INFO] Added file to source set: C:\Users\erabh\OneDrive\Desktop\learningNinjas\EduResolve_Backend\target\classes\com\forgeStackk\EduResolve\repository\teacher\ParentInboxRepository.class
[INFO] Added file to source set: C:\Users\erabh\OneDrive\Desktop\learningNinjas\EduResolve_Backend\target\classes\com\forgeStackk\EduResolve\repository\teacher\ParentRepository.class
[INFO] Added file to source set: C:\Users\erabh\OneDrive\Desktop\learningNinjas\EduResolve_Backend\target\classes\com\forgeStackk\EduResolve\repository\teacher\ReadReceiptRepository.class
[INFO] Added file to source set: C:\Users\erabh\OneDrive\Desktop\learningNinjas\EduResolve_Backend\target\classes\com\forgeStackk\EduResolve\repository\teacher\StudentInboxRepository.class
[INFO] Added file to source set: C:\Users\erabh\OneDrive\Desktop\learningNinjas\EduResolve_Backend\target\classes\com\forgeStackk\EduResolve\repository\teacher\StudentRepository.class
[INFO] Added file to source set: C:\Users\erabh\OneDrive\Desktop\learningNinjas\EduResolve_Backend\target\classes\com\forgeStackk\EduResolve\repository\teacher\TeacherNotificationRepository.class
[INFO] Added file to source set: C:\Users\erabh\OneDrive\Desktop\learningNinjas\EduResolve_Backend\target\classes\com\forgeStackk\EduResolve\repository\teacher\TeacherRepository.class
[INFO] Added file to source set: C:\Users\erabh\OneDrive\Desktop\learningNinjas\EduResolve_Backend\target\classes\com\forgeStackk\EduResolve\repository\teacher\TeacherSubjectMappingRepository.class
[INFO] Added file to source set: C:\Users\erabh\OneDrive\Desktop\learningNinjas\EduResolve_Backend\target\classes\com\forgeStackk\EduResolve\repository\TeacherProfileRepository.class
[INFO] Added file to source set: C:\Users\erabh\OneDrive\Desktop\learningNinjas\EduResolve_Backend\target\classes\com\forgeStackk\EduResolve\repository\TopicRepository.class
[INFO] Added file to source set: C:\Users\erabh\OneDrive\Desktop\learningNinjas\EduResolve_Backend\target\classes\com\forgeStackk\EduResolve\repository\UserLoginRepository.class
[INFO] Added file to source set: C:\Users\erabh\OneDrive\Desktop\learningNinjas\EduResolve_Backend\target\classes\com\forgeStackk\EduResolve\scheduler\AttendanceReportScheduler.class
[INFO] Added file to source set: C:\Users\erabh\OneDrive\Desktop\learningNinjas\EduResolve_Backend\target\classes\com\forgeStackk\EduResolve\security\JwtAuthenticationFilter.class
[INFO] Added file to source set: C:\Users\erabh\OneDrive\Desktop\learningNinjas\EduResolve_Backend\target\classes\com\forgeStackk\EduResolve\security\JwtUtil.class
[INFO] Added file to source set: C:\Users\erabh\OneDrive\Desktop\learningNinjas\EduResolve_Backend\target\classes\com\forgeStackk\EduResolve\security\ParentPortalAuthHelper.class
[INFO] Added file to source set: C:\Users\erabh\OneDrive\Desktop\learningNinjas\EduResolve_Backend\target\classes\com\forgeStackk\EduResolve\security\StudentPortalAuthHelper.class
[INFO] Added file to source set: C:\Users\erabh\OneDrive\Desktop\learningNinjas\EduResolve_Backend\target\classes\com\forgeStackk\EduResolve\security\TeacherPortalAuthHelper.class
[INFO] Added file to source set: C:\Users\erabh\OneDrive\Desktop\learningNinjas\EduResolve_Backend\target\classes\com\forgeStackk\EduResolve\service\AiService$1.class
[INFO] Added file to source set: C:\Users\erabh\OneDrive\Desktop\learningNinjas\EduResolve_Backend\target\classes\com\forgeStackk\EduResolve\service\AiService$ChatResponse$Choice.class
[INFO] Added file to source set: C:\Users\erabh\OneDrive\Desktop\learningNinjas\EduResolve_Backend\target\classes\com\forgeStackk\EduResolve\service\AiService$ChatResponse$Message.class
[INFO] Added file to source set: C:\Users\erabh\OneDrive\Desktop\learningNinjas\EduResolve_Backend\target\classes\com\forgeStackk\EduResolve\service\AiService$ChatResponse.class
[INFO] Added file to source set: C:\Users\erabh\OneDrive\Desktop\learningNinjas\EduResolve_Backend\target\classes\com\forgeStackk\EduResolve\service\AiService.class
[INFO] Added file to source set: C:\Users\erabh\OneDrive\Desktop\learningNinjas\EduResolve_Backend\target\classes\com\forgeStackk\EduResolve\service\ContentBlockService.class
[INFO] Added file to source set: C:\Users\erabh\OneDrive\Desktop\learningNinjas\EduResolve_Backend\target\classes\com\forgeStackk\EduResolve\service\GitHubApiService$GitHubBookInfo.class
[INFO] Added file to source set: C:\Users\erabh\OneDrive\Desktop\learningNinjas\EduResolve_Backend\target\classes\com\forgeStackk\EduResolve\service\GitHubApiService.class
[INFO] Added file to source set: C:\Users\erabh\OneDrive\Desktop\learningNinjas\EduResolve_Backend\target\classes\com\forgeStackk\EduResolve\service\ImageService.class
[INFO] Added file to source set: C:\Users\erabh\OneDrive\Desktop\learningNinjas\EduResolve_Backend\target\classes\com\forgeStackk\EduResolve\service\NcertBookService.class
[INFO] Added file to source set: C:\Users\erabh\OneDrive\Desktop\learningNinjas\EduResolve_Backend\target\classes\com\forgeStackk\EduResolve\service\NcertChapterService.class
[INFO] Added file to source set: C:\Users\erabh\OneDrive\Desktop\learningNinjas\EduResolve_Backend\target\classes\com\forgeStackk\EduResolve\service\OpenAIService$ChatResponse$Choice.class
[INFO] Added file to source set: C:\Users\erabh\OneDrive\Desktop\learningNinjas\EduResolve_Backend\target\classes\com\forgeStackk\EduResolve\service\OpenAIService$ChatResponse$Message.class
[INFO] Added file to source set: C:\Users\erabh\OneDrive\Desktop\learningNinjas\EduResolve_Backend\target\classes\com\forgeStackk\EduResolve\service\OpenAIService$ChatResponse.class
[INFO] Added file to source set: C:\Users\erabh\OneDrive\Desktop\learningNinjas\EduResolve_Backend\target\classes\com\forgeStackk\EduResolve\service\OpenAIService$QuizQuestion.class
[INFO] Added file to source set: C:\Users\erabh\OneDrive\Desktop\learningNinjas\EduResolve_Backend\target\classes\com\forgeStackk\EduResolve\service\OpenAIService$VisualizationData.class
[INFO] Added file to source set: C:\Users\erabh\OneDrive\Desktop\learningNinjas\EduResolve_Backend\target\classes\com\forgeStackk\EduResolve\service\OpenAIService.class
[INFO] Added file to source set: C:\Users\erabh\OneDrive\Desktop\learningNinjas\EduResolve_Backend\target\classes\com\forgeStackk\EduResolve\service\parent\ParentPortalService.class
[INFO] Added file to source set: C:\Users\erabh\OneDrive\Desktop\learningNinjas\EduResolve_Backend\target\classes\com\forgeStackk\EduResolve\service\PdfParsingService$PdfMetadata.class
[INFO] Added file to source set: C:\Users\erabh\OneDrive\Desktop\learningNinjas\EduResolve_Backend\target\classes\com\forgeStackk\EduResolve\service\PdfParsingService.class
[INFO] Added file to source set: C:\Users\erabh\OneDrive\Desktop\learningNinjas\EduResolve_Backend\target\classes\com\forgeStackk\EduResolve\service\student\StudentPortalService.class
[INFO] Added file to source set: C:\Users\erabh\OneDrive\Desktop\learningNinjas\EduResolve_Backend\target\classes\com\forgeStackk\EduResolve\service\teacher\AttendancePdfService$1.class
[INFO] Added file to source set: C:\Users\erabh\OneDrive\Desktop\learningNinjas\EduResolve_Backend\target\classes\com\forgeStackk\EduResolve\service\teacher\AttendancePdfService.class
[INFO] Added file to source set: C:\Users\erabh\OneDrive\Desktop\learningNinjas\EduResolve_Backend\target\classes\com\forgeStackk\EduResolve\service\teacher\AttendanceService.class
[INFO] Added file to source set: C:\Users\erabh\OneDrive\Desktop\learningNinjas\EduResolve_Backend\target\classes\com\forgeStackk\EduResolve\service\teacher\ClassLookupService.class
[INFO] Added file to source set: C:\Users\erabh\OneDrive\Desktop\learningNinjas\EduResolve_Backend\target\classes\com\forgeStackk\EduResolve\service\teacher\LocalReportStorageService.class
[INFO] Added file to source set: C:\Users\erabh\OneDrive\Desktop\learningNinjas\EduResolve_Backend\target\classes\com\forgeStackk\EduResolve\service\teacher\MessageService$1.class
[INFO] Added file to source set: C:\Users\erabh\OneDrive\Desktop\learningNinjas\EduResolve_Backend\target\classes\com\forgeStackk\EduResolve\service\teacher\MessageService.class
[INFO] Added file to source set: C:\Users\erabh\OneDrive\Desktop\learningNinjas\EduResolve_Backend\target\classes\com\forgeStackk\EduResolve\service\teacher\NotificationService.class
[INFO] Added file to source set: C:\Users\erabh\OneDrive\Desktop\learningNinjas\EduResolve_Backend\target\classes\com\forgeStackk\EduResolve\service\teacher\ReportStorageService.class
[INFO] Added file to source set: C:\Users\erabh\OneDrive\Desktop\learningNinjas\EduResolve_Backend\target\classes\com\forgeStackk\EduResolve\service\UserLoginService.class
[INFO] Added file to source set: C:\Users\erabh\OneDrive\Desktop\learningNinjas\EduResolve_Backend\target\classes\com\forgeStackk\EduResolve\startup\ClassroomSeeder.class
.\mvnw.cmd : May 21, 2026 6:55:19 PM 
org.hibernate.orm.tooling.maven.EnhancementContext 
doBiDirectionalAssociationManagement
At line:1 char:1
+ .\mvnw.cmd clean install 2>&1 | Tee-Object -FilePath build_output.txt ...
+ ~~~~~~~~~~~~~~~~~~~~~~~~~~~~~
    + CategoryInfo          : NotSpecified: (May 21, 2026 6:...ationManagement 
   :String) [], RemoteException
    + FullyQualifiedErrorId : NativeCommandError
 
WARN: HHH90000029: The [management of bidirectional persistent association 
attributes] configuration is deprecated and will be removed. Set the value to 
[false] to get rid of this warning
[INFO] Succesfully discovered types for classes in file: C:\Users\erabh\OneDrive\Desktop\learningNinjas\EduResolve_Backend\target\classes\com\forgeStackk\EduResolve\ai\controller\ChatController.class
[INFO] Succesfully discovered types for classes in file: C:\Users\erabh\OneDrive\Desktop\learningNinjas\EduResolve_Backend\target\classes\com\forgeStackk\EduResolve\ai\dto\ChatRequest.class
[INFO] Succesfully discovered types for classes in file: C:\Users\erabh\OneDrive\Desktop\learningNinjas\EduResolve_Backend\target\classes\com\forgeStackk\EduResolve\ai\dto\ChatResponse.class
[INFO] Succesfully discovered types for classes in file: C:\Users\erabh\OneDrive\Desktop\learningNinjas\EduResolve_Backend\target\classes\com\forgeStackk\EduResolve\ai\dto\StreamChunk.class
[INFO] Succesfully discovered types for classes in file: C:\Users\erabh\OneDrive\Desktop\learningNinjas\EduResolve_Backend\target\classes\com\forgeStackk\EduResolve\ai\entity\AiConversation.class
[INFO] Succesfully discovered types for classes in file: C:\Users\erabh\OneDrive\Desktop\learningNinjas\EduResolve_Backend\target\classes\com\forgeStackk\EduResolve\ai\entity\AiConversationMessage.class
[INFO] Succesfully discovered types for classes in file: C:\Users\erabh\OneDrive\Desktop\learningNinjas\EduResolve_Backend\target\classes\com\forgeStackk\EduResolve\ai\repository\AiConversationMessageRepository.class
[INFO] Succesfully discovered types for classes in file: C:\Users\erabh\OneDrive\Desktop\learningNinjas\EduResolve_Backend\target\classes\com\forgeStackk\EduResolve\ai\repository\AiConversationRepository.class
[INFO] Succesfully discovered types for classes in file: C:\Users\erabh\OneDrive\Desktop\learningNinjas\EduResolve_Backend\target\classes\com\forgeStackk\EduResolve\ai\service\ConversationService.class
[INFO] Succesfully discovered types for classes in file: C:\Users\erabh\OneDrive\Desktop\learningNinjas\EduResolve_Backend\target\classes\com\forgeStackk\EduResolve\ai\service\OpenAiChatService.class
[INFO] Succesfully discovered types for classes in file: C:\Users\erabh\OneDrive\Desktop\learningNinjas\EduResolve_Backend\target\classes\com\forgeStackk\EduResolve\ai\service\RateLimitService.class
[INFO] Succesfully discovered types for classes in file: C:\Users\erabh\OneDrive\Desktop\learningNinjas\EduResolve_Backend\target\classes\com\forgeStackk\EduResolve\config\NcertDataInitializer.class
[INFO] Succesfully discovered types for classes in file: C:\Users\erabh\OneDrive\Desktop\learningNinjas\EduResolve_Backend\target\classes\com\forgeStackk\EduResolve\config\SchedulingConfig.class
[INFO] Succesfully discovered types for classes in file: C:\Users\erabh\OneDrive\Desktop\learningNinjas\EduResolve_Backend\target\classes\com\forgeStackk\EduResolve\config\SecurityConfig.class
[INFO] Succesfully discovered types for classes in file: C:\Users\erabh\OneDrive\Desktop\learningNinjas\EduResolve_Backend\target\classes\com\forgeStackk\EduResolve\config\WebSecurityConfig.class
[INFO] Succesfully discovered types for classes in file: C:\Users\erabh\OneDrive\Desktop\learningNinjas\EduResolve_Backend\target\classes\com\forgeStackk\EduResolve\config\WebSocketConfig.class
[INFO] Succesfully discovered types for classes in file: C:\Users\erabh\OneDrive\Desktop\learningNinjas\EduResolve_Backend\target\classes\com\forgeStackk\EduResolve\controller\AdminDashboardController.class
[INFO] Succesfully discovered types for classes in file: C:\Users\erabh\OneDrive\Desktop\learningNinjas\EduResolve_Backend\target\classes\com\forgeStackk\EduResolve\controller\BookmarkController.class
[INFO] Succesfully discovered types for classes in file: C:\Users\erabh\OneDrive\Desktop\learningNinjas\EduResolve_Backend\target\classes\com\forgeStackk\EduResolve\controller\ChapterController.class
[INFO] Succesfully discovered types for classes in file: C:\Users\erabh\OneDrive\Desktop\learningNinjas\EduResolve_Backend\target\classes\com\forgeStackk\EduResolve\controller\ComplaintController.class
[INFO] Succesfully discovered types for classes in file: C:\Users\erabh\OneDrive\Desktop\learningNinjas\EduResolve_Backend\target\classes\com\forgeStackk\EduResolve\controller\ContentBlockController.class
[INFO] Succesfully discovered types for classes in file: C:\Users\erabh\OneDrive\Desktop\learningNinjas\EduResolve_Backend\target\classes\com\forgeStackk\EduResolve\controller\ContentChunkController.class
[INFO] Succesfully discovered types for classes in file: C:\Users\erabh\OneDrive\Desktop\learningNinjas\EduResolve_Backend\target\classes\com\forgeStackk\EduResolve\controller\CurriculumController$1.class
[INFO] Succesfully discovered types for classes in file: C:\Users\erabh\OneDrive\Desktop\learningNinjas\EduResolve_Backend\target\classes\com\forgeStackk\EduResolve\controller\CurriculumController$2.class
[INFO] Succesfully discovered types for classes in file: C:\Users\erabh\OneDrive\Desktop\learningNinjas\EduResolve_Backend\target\classes\com\forgeStackk\EduResolve\controller\CurriculumController.class
[INFO] Succesfully discovered types for classes in file: C:\Users\erabh\OneDrive\Desktop\learningNinjas\EduResolve_Backend\target\classes\com\forgeStackk\EduResolve\controller\DoubtController.class
[INFO] Succesfully discovered types for classes in file: C:\Users\erabh\OneDrive\Desktop\learningNinjas\EduResolve_Backend\target\classes\com\forgeStackk\EduResolve\controller\DoubtSolverController$DoubtAnswerResponse.class
[INFO] Succesfully discovered types for classes in file: C:\Users\erabh\OneDrive\Desktop\learningNinjas\EduResolve_Backend\target\classes\com\forgeStackk\EduResolve\controller\DoubtSolverController$DoubtSolverRequest.class
[INFO] Succesfully discovered types for classes in file: C:\Users\erabh\OneDrive\Desktop\learningNinjas\EduResolve_Backend\target\classes\com\forgeStackk\EduResolve\controller\DoubtSolverController.class
[INFO] Succesfully discovered types for classes in file: C:\Users\erabh\OneDrive\Desktop\learningNinjas\EduResolve_Backend\target\classes\com\forgeStackk\EduResolve\controller\FeeController.class
[INFO] Succesfully discovered types for classes in file: C:\Users\erabh\OneDrive\Desktop\learningNinjas\EduResolve_Backend\target\classes\com\forgeStackk\EduResolve\controller\HomeworkController.class
[INFO] Succesfully discovered types for classes in file: C:\Users\erabh\OneDrive\Desktop\learningNinjas\EduResolve_Backend\target\classes\com\forgeStackk\EduResolve\controller\LeaderboardController.class
[INFO] Succesfully discovered types for classes in file: C:\Users\erabh\OneDrive\Desktop\learningNinjas\EduResolve_Backend\target\classes\com\forgeStackk\EduResolve\controller\MessageAttachmentController.class
[INFO] Succesfully discovered types for classes in file: C:\Users\erabh\OneDrive\Desktop\learningNinjas\EduResolve_Backend\target\classes\com\forgeStackk\EduResolve\controller\NcertBookController.class
[INFO] Succesfully discovered types for classes in file: C:\Users\erabh\OneDrive\Desktop\learningNinjas\EduResolve_Backend\target\classes\com\forgeStackk\EduResolve\controller\NcertChapterController.class
[INFO] Succesfully discovered types for classes in file: C:\Users\erabh\OneDrive\Desktop\learningNinjas\EduResolve_Backend\target\classes\com\forgeStackk\EduResolve\controller\NcertController$QuestionRequest.class
[INFO] Succesfully discovered types for classes in file: C:\Users\erabh\OneDrive\Desktop\learningNinjas\EduResolve_Backend\target\classes\com\forgeStackk\EduResolve\controller\NcertController$QuizRequest.class
[INFO] Succesfully discovered types for classes in file: C:\Users\erabh\OneDrive\Desktop\learningNinjas\EduResolve_Backend\target\classes\com\forgeStackk\EduResolve\controller\NcertController.class
[INFO] Succesfully discovered types for classes in file: C:\Users\erabh\OneDrive\Desktop\learningNinjas\EduResolve_Backend\target\classes\com\forgeStackk\EduResolve\controller\NcertUploadController$UploadResponse.class
[INFO] Succesfully discovered types for classes in file: C:\Users\erabh\OneDrive\Desktop\learningNinjas\EduResolve_Backend\target\classes\com\forgeStackk\EduResolve\controller\NcertUploadController.class
[INFO] Succesfully discovered types for classes in file: C:\Users\erabh\OneDrive\Desktop\learningNinjas\EduResolve_Backend\target\classes\com\forgeStackk\EduResolve\controller\NoticeController.class
[INFO] Succesfully discovered types for classes in file: C:\Users\erabh\OneDrive\Desktop\learningNinjas\EduResolve_Backend\target\classes\com\forgeStackk\EduResolve\controller\parent\ParentInboxController.class
[INFO] Succesfully discovered types for classes in file: C:\Users\erabh\OneDrive\Desktop\learningNinjas\EduResolve_Backend\target\classes\com\forgeStackk\EduResolve\controller\PreviousYearQuestionController.class
[INFO] Succesfully discovered types for classes in file: C:\Users\erabh\OneDrive\Desktop\learningNinjas\EduResolve_Backend\target\classes\com\forgeStackk\EduResolve\controller\PublicStudentLookupController.class
[INFO] Succesfully discovered types for classes in file: C:\Users\erabh\OneDrive\Desktop\learningNinjas\EduResolve_Backend\target\classes\com\forgeStackk\EduResolve\controller\QuizController$QuizRequest.class
[INFO] Succesfully discovered types for classes in file: C:\Users\erabh\OneDrive\Desktop\learningNinjas\EduResolve_Backend\target\classes\com\forgeStackk\EduResolve\controller\QuizController.class
[INFO] Succesfully discovered types for classes in file: C:\Users\erabh\OneDrive\Desktop\learningNinjas\EduResolve_Backend\target\classes\com\forgeStackk\EduResolve\controller\QuizQuestionController.class
[INFO] Succesfully discovered types for classes in file: C:\Users\erabh\OneDrive\Desktop\learningNinjas\EduResolve_Backend\target\classes\com\forgeStackk\EduResolve\controller\QuizResultController.class
[INFO] Succesfully discovered types for classes in file: C:\Users\erabh\OneDrive\Desktop\learningNinjas\EduResolve_Backend\target\classes\com\forgeStackk\EduResolve\controller\ReadingProgressController.class
[INFO] Succesfully discovered types for classes in file: C:\Users\erabh\OneDrive\Desktop\learningNinjas\EduResolve_Backend\target\classes\com\forgeStackk\EduResolve\controller\SchoolController.class
[INFO] Succesfully discovered types for classes in file: C:\Users\erabh\OneDrive\Desktop\learningNinjas\EduResolve_Backend\target\classes\com\forgeStackk\EduResolve\controller\SchoolEventController.class
[INFO] Succesfully discovered types for classes in file: C:\Users\erabh\OneDrive\Desktop\learningNinjas\EduResolve_Backend\target\classes\com\forgeStackk\EduResolve\controller\SearchController.class
[INFO] Succesfully discovered types for classes in file: C:\Users\erabh\OneDrive\Desktop\learningNinjas\EduResolve_Backend\target\classes\com\forgeStackk\EduResolve\controller\StreakController.class
[INFO] Succesfully discovered types for classes in file: C:\Users\erabh\OneDrive\Desktop\learningNinjas\EduResolve_Backend\target\classes\com\forgeStackk\EduResolve\controller\student\StudentInboxController.class
[INFO] Succesfully discovered types for classes in file: C:\Users\erabh\OneDrive\Desktop\learningNinjas\EduResolve_Backend\target\classes\com\forgeStackk\EduResolve\controller\StudentDocumentController.class
[INFO] Succesfully discovered types for classes in file: C:\Users\erabh\OneDrive\Desktop\learningNinjas\EduResolve_Backend\target\classes\com\forgeStackk\EduResolve\controller\StudentPerformanceController.class
[INFO] Succesfully discovered types for classes in file: C:\Users\erabh\OneDrive\Desktop\learningNinjas\EduResolve_Backend\target\classes\com\forgeStackk\EduResolve\controller\StudentProfileController.class
[INFO] Succesfully discovered types for classes in file: C:\Users\erabh\OneDrive\Desktop\learningNinjas\EduResolve_Backend\target\classes\com\forgeStackk\EduResolve\controller\SubjectController.class
[INFO] Succesfully discovered types for classes in file: C:\Users\erabh\OneDrive\Desktop\learningNinjas\EduResolve_Backend\target\classes\com\forgeStackk\EduResolve\controller\teacher\TeacherAttendanceController.class
[INFO] Succesfully discovered types for classes in file: C:\Users\erabh\OneDrive\Desktop\learningNinjas\EduResolve_Backend\target\classes\com\forgeStackk\EduResolve\controller\teacher\TeacherClassLookupController.class
[INFO] Succesfully discovered types for classes in file: C:\Users\erabh\OneDrive\Desktop\learningNinjas\EduResolve_Backend\target\classes\com\forgeStackk\EduResolve\controller\teacher\TeacherHomeworkController.class
[INFO] Succesfully discovered types for classes in file: C:\Users\erabh\OneDrive\Desktop\learningNinjas\EduResolve_Backend\target\classes\com\forgeStackk\EduResolve\controller\teacher\TeacherMessagingController.class
[INFO] Succesfully discovered types for classes in file: C:\Users\erabh\OneDrive\Desktop\learningNinjas\EduResolve_Backend\target\classes\com\forgeStackk\EduResolve\controller\teacher\TeacherNotificationController.class
[INFO] Succesfully discovered types for classes in file: C:\Users\erabh\OneDrive\Desktop\learningNinjas\EduResolve_Backend\target\classes\com\forgeStackk\EduResolve\controller\TopicController.class
[INFO] Succesfully discovered types for classes in file: C:\Users\erabh\OneDrive\Desktop\learningNinjas\EduResolve_Backend\target\classes\com\forgeStackk\EduResolve\controller\UserLoginController.class
[INFO] Succesfully discovered types for classes in file: C:\Users\erabh\OneDrive\Desktop\learningNinjas\EduResolve_Backend\target\classes\com\forgeStackk\EduResolve\converter\JsonbConverter.class
[INFO] Succesfully discovered types for classes in file: C:\Users\erabh\OneDrive\Desktop\learningNinjas\EduResolve_Backend\target\classes\com\forgeStackk\EduResolve\dto\AskDoubtRequest.class
[INFO] Succesfully discovered types for classes in file: C:\Users\erabh\OneDrive\Desktop\learningNinjas\EduResolve_Backend\target\classes\com\forgeStackk\EduResolve\dto\ComplaintStatusUpdate.class
[INFO] Succesfully discovered types for classes in file: C:\Users\erabh\OneDrive\Desktop\learningNinjas\EduResolve_Backend\target\classes\com\forgeStackk\EduResolve\dto\CurriculumChapterDto.class
[INFO] Succesfully discovered types for classes in file: C:\Users\erabh\OneDrive\Desktop\learningNinjas\EduResolve_Backend\target\classes\com\forgeStackk\EduResolve\dto\CurriculumSubjectDto.class
[INFO] Succesfully discovered types for classes in file: C:\Users\erabh\OneDrive\Desktop\learningNinjas\EduResolve_Backend\target\classes\com\forgeStackk\EduResolve\dto\DoubtFeedbackRequest.class
[INFO] Succesfully discovered types for classes in file: C:\Users\erabh\OneDrive\Desktop\learningNinjas\EduResolve_Backend\target\classes\com\forgeStackk\EduResolve\dto\ForgotPasswordRequest.class
[INFO] Succesfully discovered types for classes in file: C:\Users\erabh\OneDrive\Desktop\learningNinjas\EduResolve_Backend\target\classes\com\forgeStackk\EduResolve\dto\ForgotPasswordResponse.class
[INFO] Succesfully discovered types for classes in file: C:\Users\erabh\OneDrive\Desktop\learningNinjas\EduResolve_Backend\target\classes\com\forgeStackk\EduResolve\dto\LoginRequest.class
[INFO] Succesfully discovered types for classes in file: C:\Users\erabh\OneDrive\Desktop\learningNinjas\EduResolve_Backend\target\classes\com\forgeStackk\EduResolve\dto\LoginResponse.class
[INFO] Succesfully discovered types for classes in file: C:\Users\erabh\OneDrive\Desktop\learningNinjas\EduResolve_Backend\target\classes\com\forgeStackk\EduResolve\dto\NoticeRequest.class
[INFO] Succesfully discovered types for classes in file: C:\Users\erabh\OneDrive\Desktop\learningNinjas\EduResolve_Backend\target\classes\com\forgeStackk\EduResolve\dto\RegisterRequest.class
[INFO] Succesfully discovered types for classes in file: C:\Users\erabh\OneDrive\Desktop\learningNinjas\EduResolve_Backend\target\classes\com\forgeStackk\EduResolve\dto\ResetPasswordRequest.class
[INFO] Succesfully discovered types for classes in file: C:\Users\erabh\OneDrive\Desktop\learningNinjas\EduResolve_Backend\target\classes\com\forgeStackk\EduResolve\dto\ResetPasswordResponse.class
[INFO] Succesfully discovered types for classes in file: C:\Users\erabh\OneDrive\Desktop\learningNinjas\EduResolve_Backend\target\classes\com\forgeStackk\EduResolve\dto\student\AttendanceDayDto.class
[INFO] Succesfully discovered types for classes in file: C:\Users\erabh\OneDrive\Desktop\learningNinjas\EduResolve_Backend\target\classes\com\forgeStackk\EduResolve\dto\student\StudentInboxItemDto$AttachmentInfo.class
[INFO] Succesfully discovered types for classes in file: C:\Users\erabh\OneDrive\Desktop\learningNinjas\EduResolve_Backend\target\classes\com\forgeStackk\EduResolve\dto\student\StudentInboxItemDto.class
[INFO] Succesfully discovered types for classes in file: C:\Users\erabh\OneDrive\Desktop\learningNinjas\EduResolve_Backend\target\classes\com\forgeStackk\EduResolve\dto\teacher\AttendanceRecordInput.class
[INFO] Succesfully discovered types for classes in file: C:\Users\erabh\OneDrive\Desktop\learningNinjas\EduResolve_Backend\target\classes\com\forgeStackk\EduResolve\dto\teacher\AttendanceRecordResponse.class
[INFO] Succesfully discovered types for classes in file: C:\Users\erabh\OneDrive\Desktop\learningNinjas\EduResolve_Backend\target\classes\com\forgeStackk\EduResolve\dto\teacher\AttendanceSummaryDto.class
[INFO] Succesfully discovered types for classes in file: C:\Users\erabh\OneDrive\Desktop\learningNinjas\EduResolve_Backend\target\classes\com\forgeStackk\EduResolve\dto\teacher\ClassResponse.class
[INFO] Succesfully discovered types for classes in file: C:\Users\erabh\OneDrive\Desktop\learningNinjas\EduResolve_Backend\target\classes\com\forgeStackk\EduResolve\dto\teacher\GenerateReportRequest.class
[INFO] Succesfully discovered types for classes in file: C:\Users\erabh\OneDrive\Desktop\learningNinjas\EduResolve_Backend\target\classes\com\forgeStackk\EduResolve\dto\teacher\GenerateReportResponse.class
[INFO] Succesfully discovered types for classes in file: C:\Users\erabh\OneDrive\Desktop\learningNinjas\EduResolve_Backend\target\classes\com\forgeStackk\EduResolve\dto\teacher\InboxNotificationPayload.class
[INFO] Succesfully discovered types for classes in file: C:\Users\erabh\OneDrive\Desktop\learningNinjas\EduResolve_Backend\target\classes\com\forgeStackk\EduResolve\dto\teacher\MarkAttendanceRequest.class
[INFO] Succesfully discovered types for classes in file: C:\Users\erabh\OneDrive\Desktop\learningNinjas\EduResolve_Backend\target\classes\com\forgeStackk\EduResolve\dto\teacher\MarkAttendanceResponse.class
[INFO] Succesfully discovered types for classes in file: C:\Users\erabh\OneDrive\Desktop\learningNinjas\EduResolve_Backend\target\classes\com\forgeStackk\EduResolve\dto\teacher\MessageSummaryResponse.class
[INFO] Succesfully discovered types for classes in file: C:\Users\erabh\OneDrive\Desktop\learningNinjas\EduResolve_Backend\target\classes\com\forgeStackk\EduResolve\dto\teacher\SendMessageResponse.class
[INFO] Succesfully discovered types for classes in file: C:\Users\erabh\OneDrive\Desktop\learningNinjas\EduResolve_Backend\target\classes\com\forgeStackk\EduResolve\dto\teacher\SendReportRequest.class
[INFO] Succesfully discovered types for classes in file: C:\Users\erabh\OneDrive\Desktop\learningNinjas\EduResolve_Backend\target\classes\com\forgeStackk\EduResolve\dto\teacher\StudentAttendanceSummary.class
[INFO] Succesfully discovered types for classes in file: C:\Users\erabh\OneDrive\Desktop\learningNinjas\EduResolve_Backend\target\classes\com\forgeStackk\EduResolve\dto\teacher\StudentOptionDto.class
[INFO] Succesfully discovered types for classes in file: C:\Users\erabh\OneDrive\Desktop\learningNinjas\EduResolve_Backend\target\classes\com\forgeStackk\EduResolve\dto\teacher\StudentWithParentResponse.class
[INFO] Succesfully discovered types for classes in file: C:\Users\erabh\OneDrive\Desktop\learningNinjas\EduResolve_Backend\target\classes\com\forgeStackk\EduResolve\dto\teacher\SubjectResponse.class
[INFO] Succesfully discovered types for classes in file: C:\Users\erabh\OneDrive\Desktop\learningNinjas\EduResolve_Backend\target\classes\com\forgeStackk\EduResolve\EduResolveApplication.class
[INFO] Succesfully discovered types for classes in file: C:\Users\erabh\OneDrive\Desktop\learningNinjas\EduResolve_Backend\target\classes\com\forgeStackk\EduResolve\entity\AdminProfile.class
[INFO] Succesfully discovered types for classes in file: C:\Users\erabh\OneDrive\Desktop\learningNinjas\EduResolve_Backend\target\classes\com\forgeStackk\EduResolve\entity\Bookmark$TargetType.class
[INFO] Succesfully discovered types for classes in file: C:\Users\erabh\OneDrive\Desktop\learningNinjas\EduResolve_Backend\target\classes\com\forgeStackk\EduResolve\entity\Bookmark.class
[INFO] Succesfully discovered types for classes in file: C:\Users\erabh\OneDrive\Desktop\learningNinjas\EduResolve_Backend\target\classes\com\forgeStackk\EduResolve\entity\Chapter.class
[INFO] Succesfully discovered types for classes in file: C:\Users\erabh\OneDrive\Desktop\learningNinjas\EduResolve_Backend\target\classes\com\forgeStackk\EduResolve\entity\Complaint$Status.class
[INFO] Succesfully discovered types for classes in file: C:\Users\erabh\OneDrive\Desktop\learningNinjas\EduResolve_Backend\target\classes\com\forgeStackk\EduResolve\entity\Complaint.class
[INFO] Succesfully discovered types for classes in file: C:\Users\erabh\OneDrive\Desktop\learningNinjas\EduResolve_Backend\target\classes\com\forgeStackk\EduResolve\entity\ContentBlock$BlockType.class
[INFO] Succesfully discovered types for classes in file: C:\Users\erabh\OneDrive\Desktop\learningNinjas\EduResolve_Backend\target\classes\com\forgeStackk\EduResolve\entity\ContentBlock.class
[INFO] Succesfully discovered types for classes in file: C:\Users\erabh\OneDrive\Desktop\learningNinjas\EduResolve_Backend\target\classes\com\forgeStackk\EduResolve\entity\ContentChunk$ChunkType.class
[INFO] Succesfully discovered types for classes in file: C:\Users\erabh\OneDrive\Desktop\learningNinjas\EduResolve_Backend\target\classes\com\forgeStackk\EduResolve\entity\ContentChunk.class
[INFO] Succesfully discovered types for classes in file: C:\Users\erabh\OneDrive\Desktop\learningNinjas\EduResolve_Backend\target\classes\com\forgeStackk\EduResolve\entity\Doubt.class
[INFO] Succesfully discovered types for classes in file: C:\Users\erabh\OneDrive\Desktop\learningNinjas\EduResolve_Backend\target\classes\com\forgeStackk\EduResolve\entity\DoubtCache.class
[INFO] Succesfully discovered types for classes in file: C:\Users\erabh\OneDrive\Desktop\learningNinjas\EduResolve_Backend\target\classes\com\forgeStackk\EduResolve\entity\Fee$Status.class
[INFO] Succesfully discovered types for classes in file: C:\Users\erabh\OneDrive\Desktop\learningNinjas\EduResolve_Backend\target\classes\com\forgeStackk\EduResolve\entity\Fee.class
[INFO] Succesfully discovered types for classes in file: C:\Users\erabh\OneDrive\Desktop\learningNinjas\EduResolve_Backend\target\classes\com\forgeStackk\EduResolve\entity\Homework.class
[INFO] Succesfully discovered types for classes in file: C:\Users\erabh\OneDrive\Desktop\learningNinjas\EduResolve_Backend\target\classes\com\forgeStackk\EduResolve\entity\NcertBook.class
[INFO] Succesfully discovered types for classes in file: C:\Users\erabh\OneDrive\Desktop\learningNinjas\EduResolve_Backend\target\classes\com\forgeStackk\EduResolve\entity\NcertChapter.class
[INFO] Succesfully discovered types for classes in file: C:\Users\erabh\OneDrive\Desktop\learningNinjas\EduResolve_Backend\target\classes\com\forgeStackk\EduResolve\entity\Notice.class
[INFO] Succesfully discovered types for classes in file: C:\Users\erabh\OneDrive\Desktop\learningNinjas\EduResolve_Backend\target\classes\com\forgeStackk\EduResolve\entity\ParentsProfile.class
[INFO] Succesfully discovered types for classes in file: C:\Users\erabh\OneDrive\Desktop\learningNinjas\EduResolve_Backend\target\classes\com\forgeStackk\EduResolve\entity\PreviousYearQuestion$Difficulty.class
[INFO] Succesfully discovered types for classes in file: C:\Users\erabh\OneDrive\Desktop\learningNinjas\EduResolve_Backend\target\classes\com\forgeStackk\EduResolve\entity\PreviousYearQuestion.class
[INFO] Succesfully discovered types for classes in file: C:\Users\erabh\OneDrive\Desktop\learningNinjas\EduResolve_Backend\target\classes\com\forgeStackk\EduResolve\entity\QuestionBank$Difficulty.class
[INFO] Succesfully discovered types for classes in file: C:\Users\erabh\OneDrive\Desktop\learningNinjas\EduResolve_Backend\target\classes\com\forgeStackk\EduResolve\entity\QuestionBank.class
[INFO] Succesfully discovered types for classes in file: C:\Users\erabh\OneDrive\Desktop\learningNinjas\EduResolve_Backend\target\classes\com\forgeStackk\EduResolve\entity\QuizQuestion$Difficulty.class
[INFO] Succesfully discovered types for classes in file: C:\Users\erabh\OneDrive\Desktop\learningNinjas\EduResolve_Backend\target\classes\com\forgeStackk\EduResolve\entity\QuizQuestion.class
[INFO] Succesfully discovered types for classes in file: C:\Users\erabh\OneDrive\Desktop\learningNinjas\EduResolve_Backend\target\classes\com\forgeStackk\EduResolve\entity\QuizResult.class
[INFO] Succesfully discovered types for classes in file: C:\Users\erabh\OneDrive\Desktop\learningNinjas\EduResolve_Backend\target\classes\com\forgeStackk\EduResolve\entity\ReadingProgress.class
[INFO] Succesfully discovered types for classes in file: C:\Users\erabh\OneDrive\Desktop\learningNinjas\EduResolve_Backend\target\classes\com\forgeStackk\EduResolve\entity\SchoolEvent.class
[INFO] Succesfully discovered types for classes in file: C:\Users\erabh\OneDrive\Desktop\learningNinjas\EduResolve_Backend\target\classes\com\forgeStackk\EduResolve\entity\StudentDocument.class
[INFO] Succesfully discovered types for classes in file: C:\Users\erabh\OneDrive\Desktop\learningNinjas\EduResolve_Backend\target\classes\com\forgeStackk\EduResolve\entity\StudentPerformance.class
[INFO] Succesfully discovered types for classes in file: C:\Users\erabh\OneDrive\Desktop\learningNinjas\EduResolve_Backend\target\classes\com\forgeStackk\EduResolve\entity\StudentProfile.class
[INFO] Succesfully discovered types for classes in file: C:\Users\erabh\OneDrive\Desktop\learningNinjas\EduResolve_Backend\target\classes\com\forgeStackk\EduResolve\entity\Subject.class
[INFO] Succesfully discovered types for classes in file: C:\Users\erabh\OneDrive\Desktop\learningNinjas\EduResolve_Backend\target\classes\com\forgeStackk\EduResolve\entity\teacher\Attendance.class
[INFO] Succesfully discovered types for classes in file: C:\Users\erabh\OneDrive\Desktop\learningNinjas\EduResolve_Backend\target\classes\com\forgeStackk\EduResolve\entity\teacher\AttendanceReport.class
[INFO] Succesfully discovered types for classes in file: C:\Users\erabh\OneDrive\Desktop\learningNinjas\EduResolve_Backend\target\classes\com\forgeStackk\EduResolve\entity\teacher\ClassRoom.class
[INFO] Succesfully discovered types for classes in file: C:\Users\erabh\OneDrive\Desktop\learningNinjas\EduResolve_Backend\target\classes\com\forgeStackk\EduResolve\entity\teacher\Message.class
[INFO] Succesfully discovered types for classes in file: C:\Users\erabh\OneDrive\Desktop\learningNinjas\EduResolve_Backend\target\classes\com\forgeStackk\EduResolve\entity\teacher\MessageAttachment.class
[INFO] Succesfully discovered types for classes in file: C:\Users\erabh\OneDrive\Desktop\learningNinjas\EduResolve_Backend\target\classes\com\forgeStackk\EduResolve\entity\teacher\Parent.class
[INFO] Succesfully discovered types for classes in file: C:\Users\erabh\OneDrive\Desktop\learningNinjas\EduResolve_Backend\target\classes\com\forgeStackk\EduResolve\entity\teacher\ParentInbox.class
[INFO] Succesfully discovered types for classes in file: C:\Users\erabh\OneDrive\Desktop\learningNinjas\EduResolve_Backend\target\classes\com\forgeStackk\EduResolve\entity\teacher\ReadReceipt.class
[INFO] Succesfully discovered types for classes in file: C:\Users\erabh\OneDrive\Desktop\learningNinjas\EduResolve_Backend\target\classes\com\forgeStackk\EduResolve\entity\teacher\Student.class
[INFO] Succesfully discovered types for classes in file: C:\Users\erabh\OneDrive\Desktop\learningNinjas\EduResolve_Backend\target\classes\com\forgeStackk\EduResolve\entity\teacher\StudentInbox.class
[INFO] Succesfully discovered types for classes in file: C:\Users\erabh\OneDrive\Desktop\learningNinjas\EduResolve_Backend\target\classes\com\forgeStackk\EduResolve\entity\teacher\Teacher.class
[INFO] Succesfully discovered types for classes in file: C:\Users\erabh\OneDrive\Desktop\learningNinjas\EduResolve_Backend\target\classes\com\forgeStackk\EduResolve\entity\teacher\TeacherNotification.class
[INFO] Succesfully discovered types for classes in file: C:\Users\erabh\OneDrive\Desktop\learningNinjas\EduResolve_Backend\target\classes\com\forgeStackk\EduResolve\entity\teacher\TeacherSubjectMapping.class
[INFO] Succesfully discovered types for classes in file: C:\Users\erabh\OneDrive\Desktop\learningNinjas\EduResolve_Backend\target\classes\com\forgeStackk\EduResolve\entity\TeacherProfile.class
[INFO] Succesfully discovered types for classes in file: C:\Users\erabh\OneDrive\Desktop\learningNinjas\EduResolve_Backend\target\classes\com\forgeStackk\EduResolve\entity\Topic.class
[INFO] Succesfully discovered types for classes in file: C:\Users\erabh\OneDrive\Desktop\learningNinjas\EduResolve_Backend\target\classes\com\forgeStackk\EduResolve\entity\UserLogin.class
[INFO] Succesfully discovered types for classes in file: C:\Users\erabh\OneDrive\Desktop\learningNinjas\EduResolve_Backend\target\classes\com\forgeStackk\EduResolve\enums\AttachmentFileType.class
[INFO] Succesfully discovered types for classes in file: C:\Users\erabh\OneDrive\Desktop\learningNinjas\EduResolve_Backend\target\classes\com\forgeStackk\EduResolve\enums\AttendanceStatus.class
[INFO] Succesfully discovered types for classes in file: C:\Users\erabh\OneDrive\Desktop\learningNinjas\EduResolve_Backend\target\classes\com\forgeStackk\EduResolve\enums\InboxReadStatus.class
[INFO] Succesfully discovered types for classes in file: C:\Users\erabh\OneDrive\Desktop\learningNinjas\EduResolve_Backend\target\classes\com\forgeStackk\EduResolve\enums\MessageCategory.class
[INFO] Succesfully discovered types for classes in file: C:\Users\erabh\OneDrive\Desktop\learningNinjas\EduResolve_Backend\target\classes\com\forgeStackk\EduResolve\enums\MessageContentType.class
[INFO] Succesfully discovered types for classes in file: C:\Users\erabh\OneDrive\Desktop\learningNinjas\EduResolve_Backend\target\classes\com\forgeStackk\EduResolve\enums\RecipientType.class
[INFO] Succesfully discovered types for classes in file: C:\Users\erabh\OneDrive\Desktop\learningNinjas\EduResolve_Backend\target\classes\com\forgeStackk\EduResolve\enums\ReportGeneratedBy.class
[INFO] Succesfully discovered types for classes in file: C:\Users\erabh\OneDrive\Desktop\learningNinjas\EduResolve_Backend\target\classes\com\forgeStackk\EduResolve\enums\ReportStatus.class
[INFO] Succesfully discovered types for classes in file: C:\Users\erabh\OneDrive\Desktop\learningNinjas\EduResolve_Backend\target\classes\com\forgeStackk\EduResolve\enums\StudentStatus.class
[INFO] Succesfully discovered types for classes in file: C:\Users\erabh\OneDrive\Desktop\learningNinjas\EduResolve_Backend\target\classes\com\forgeStackk\EduResolve\enums\TeacherStatus.class
[INFO] Succesfully discovered types for classes in file: C:\Users\erabh\OneDrive\Desktop\learningNinjas\EduResolve_Backend\target\classes\com\forgeStackk\EduResolve\repository\AdminProfileRepository.class
[INFO] Succesfully discovered types for classes in file: C:\Users\erabh\OneDrive\Desktop\learningNinjas\EduResolve_Backend\target\classes\com\forgeStackk\EduResolve\repository\BookmarkRepository.class
[INFO] Succesfully discovered types for classes in file: C:\Users\erabh\OneDrive\Desktop\learningNinjas\EduResolve_Backend\target\classes\com\forgeStackk\EduResolve\repository\ChapterRepository.class
[INFO] Succesfully discovered types for classes in file: C:\Users\erabh\OneDrive\Desktop\learningNinjas\EduResolve_Backend\target\classes\com\forgeStackk\EduResolve\repository\ComplaintRepository.class
[INFO] Succesfully discovered types for classes in file: C:\Users\erabh\OneDrive\Desktop\learningNinjas\EduResolve_Backend\target\classes\com\forgeStackk\EduResolve\repository\ContentBlockRepository.class
[INFO] Succesfully discovered types for classes in file: C:\Users\erabh\OneDrive\Desktop\learningNinjas\EduResolve_Backend\target\classes\com\forgeStackk\EduResolve\repository\ContentChunkRepository.class
[INFO] Succesfully discovered types for classes in file: C:\Users\erabh\OneDrive\Desktop\learningNinjas\EduResolve_Backend\target\classes\com\forgeStackk\EduResolve\repository\DoubtCacheRepository.class
[INFO] Succesfully discovered types for classes in file: C:\Users\erabh\OneDrive\Desktop\learningNinjas\EduResolve_Backend\target\classes\com\forgeStackk\EduResolve\repository\DoubtRepository.class
[INFO] Succesfully discovered types for classes in file: C:\Users\erabh\OneDrive\Desktop\learningNinjas\EduResolve_Backend\target\classes\com\forgeStackk\EduResolve\repository\FeeRepository.class
[INFO] Succesfully discovered types for classes in file: C:\Users\erabh\OneDrive\Desktop\learningNinjas\EduResolve_Backend\target\classes\com\forgeStackk\EduResolve\repository\HomeworkRepository.class
[INFO] Succesfully discovered types for classes in file: C:\Users\erabh\OneDrive\Desktop\learningNinjas\EduResolve_Backend\target\classes\com\forgeStackk\EduResolve\repository\NcertBookRepository.class
[INFO] Succesfully discovered types for classes in file: C:\Users\erabh\OneDrive\Desktop\learningNinjas\EduResolve_Backend\target\classes\com\forgeStackk\EduResolve\repository\NcertChapterRepository.class
[INFO] Succesfully discovered types for classes in file: C:\Users\erabh\OneDrive\Desktop\learningNinjas\EduResolve_Backend\target\classes\com\forgeStackk\EduResolve\repository\NoticeRepository.class
[INFO] Succesfully discovered types for classes in file: C:\Users\erabh\OneDrive\Desktop\learningNinjas\EduResolve_Backend\target\classes\com\forgeStackk\EduResolve\repository\ParentsProfileRepository.class
[INFO] Succesfully discovered types for classes in file: C:\Users\erabh\OneDrive\Desktop\learningNinjas\EduResolve_Backend\target\classes\com\forgeStackk\EduResolve\repository\PreviousYearQuestionRepository.class
[INFO] Succesfully discovered types for classes in file: C:\Users\erabh\OneDrive\Desktop\learningNinjas\EduResolve_Backend\target\classes\com\forgeStackk\EduResolve\repository\QuestionBankRepository.class
[INFO] Succesfully discovered types for classes in file: C:\Users\erabh\OneDrive\Desktop\learningNinjas\EduResolve_Backend\target\classes\com\forgeStackk\EduResolve\repository\QuizQuestionRepository.class
[INFO] Succesfully discovered types for classes in file: C:\Users\erabh\OneDrive\Desktop\learningNinjas\EduResolve_Backend\target\classes\com\forgeStackk\EduResolve\repository\QuizResultRepository.class
[INFO] Succesfully discovered types for classes in file: C:\Users\erabh\OneDrive\Desktop\learningNinjas\EduResolve_Backend\target\classes\com\forgeStackk\EduResolve\repository\ReadingProgressRepository.class
[INFO] Succesfully discovered types for classes in file: C:\Users\erabh\OneDrive\Desktop\learningNinjas\EduResolve_Backend\target\classes\com\forgeStackk\EduResolve\repository\SchoolEventRepository.class
[INFO] Succesfully discovered types for classes in file: C:\Users\erabh\OneDrive\Desktop\learningNinjas\EduResolve_Backend\target\classes\com\forgeStackk\EduResolve\repository\StudentDocumentRepository.class
[INFO] Succesfully discovered types for classes in file: C:\Users\erabh\OneDrive\Desktop\learningNinjas\EduResolve_Backend\target\classes\com\forgeStackk\EduResolve\repository\StudentPerformanceRepository.class
[INFO] Succesfully discovered types for classes in file: C:\Users\erabh\OneDrive\Desktop\learningNinjas\EduResolve_Backend\target\classes\com\forgeStackk\EduResolve\repository\StudentProfileRepository.class
[INFO] Succesfully discovered types for classes in file: C:\Users\erabh\OneDrive\Desktop\learningNinjas\EduResolve_Backend\target\classes\com\forgeStackk\EduResolve\repository\SubjectRepository.class
[INFO] Succesfully discovered types for classes in file: C:\Users\erabh\OneDrive\Desktop\learningNinjas\EduResolve_Backend\target\classes\com\forgeStackk\EduResolve\repository\teacher\AttendanceReportRepository.class
[INFO] Succesfully discovered types for classes in file: C:\Users\erabh\OneDrive\Desktop\learningNinjas\EduResolve_Backend\target\classes\com\forgeStackk\EduResolve\repository\teacher\AttendanceRepository.class
[INFO] Succesfully discovered types for classes in file: C:\Users\erabh\OneDrive\Desktop\learningNinjas\EduResolve_Backend\target\classes\com\forgeStackk\EduResolve\repository\teacher\ClassRoomRepository.class
[INFO] Succesfully discovered types for classes in file: C:\Users\erabh\OneDrive\Desktop\learningNinjas\EduResolve_Backend\target\classes\com\forgeStackk\EduResolve\repository\teacher\MessageAttachmentRepository.class
[INFO] Succesfully discovered types for classes in file: C:\Users\erabh\OneDrive\Desktop\learningNinjas\EduResolve_Backend\target\classes\com\forgeStackk\EduResolve\repository\teacher\MessageRepository.class
[INFO] Succesfully discovered types for classes in file: C:\Users\erabh\OneDrive\Desktop\learningNinjas\EduResolve_Backend\target\classes\com\forgeStackk\EduResolve\repository\teacher\ParentInboxRepository.class
[INFO] Succesfully discovered types for classes in file: C:\Users\erabh\OneDrive\Desktop\learningNinjas\EduResolve_Backend\target\classes\com\forgeStackk\EduResolve\repository\teacher\ParentRepository.class
[INFO] Succesfully discovered types for classes in file: C:\Users\erabh\OneDrive\Desktop\learningNinjas\EduResolve_Backend\target\classes\com\forgeStackk\EduResolve\repository\teacher\ReadReceiptRepository.class
[INFO] Succesfully discovered types for classes in file: C:\Users\erabh\OneDrive\Desktop\learningNinjas\EduResolve_Backend\target\classes\com\forgeStackk\EduResolve\repository\teacher\StudentInboxRepository.class
[INFO] Succesfully discovered types for classes in file: C:\Users\erabh\OneDrive\Desktop\learningNinjas\EduResolve_Backend\target\classes\com\forgeStackk\EduResolve\repository\teacher\StudentRepository.class
[INFO] Succesfully discovered types for classes in file: C:\Users\erabh\OneDrive\Desktop\learningNinjas\EduResolve_Backend\target\classes\com\forgeStackk\EduResolve\repository\teacher\TeacherNotificationRepository.class
[INFO] Succesfully discovered types for classes in file: C:\Users\erabh\OneDrive\Desktop\learningNinjas\EduResolve_Backend\target\classes\com\forgeStackk\EduResolve\repository\teacher\TeacherRepository.class
[INFO] Succesfully discovered types for classes in file: C:\Users\erabh\OneDrive\Desktop\learningNinjas\EduResolve_Backend\target\classes\com\forgeStackk\EduResolve\repository\teacher\TeacherSubjectMappingRepository.class
[INFO] Succesfully discovered types for classes in file: C:\Users\erabh\OneDrive\Desktop\learningNinjas\EduResolve_Backend\target\classes\com\forgeStackk\EduResolve\repository\TeacherProfileRepository.class
[INFO] Succesfully discovered types for classes in file: C:\Users\erabh\OneDrive\Desktop\learningNinjas\EduResolve_Backend\target\classes\com\forgeStackk\EduResolve\repository\TopicRepository.class
[INFO] Succesfully discovered types for classes in file: C:\Users\erabh\OneDrive\Desktop\learningNinjas\EduResolve_Backend\target\classes\com\forgeStackk\EduResolve\repository\UserLoginRepository.class
[INFO] Succesfully discovered types for classes in file: C:\Users\erabh\OneDrive\Desktop\learningNinjas\EduResolve_Backend\target\classes\com\forgeStackk\EduResolve\scheduler\AttendanceReportScheduler.class
[INFO] Succesfully discovered types for classes in file: C:\Users\erabh\OneDrive\Desktop\learningNinjas\EduResolve_Backend\target\classes\com\forgeStackk\EduResolve\security\JwtAuthenticationFilter.class
[INFO] Succesfully discovered types for classes in file: C:\Users\erabh\OneDrive\Desktop\learningNinjas\EduResolve_Backend\target\classes\com\forgeStackk\EduResolve\security\JwtUtil.class
[INFO] Succesfully discovered types for classes in file: C:\Users\erabh\OneDrive\Desktop\learningNinjas\EduResolve_Backend\target\classes\com\forgeStackk\EduResolve\security\ParentPortalAuthHelper.class
[INFO] Succesfully discovered types for classes in file: C:\Users\erabh\OneDrive\Desktop\learningNinjas\EduResolve_Backend\target\classes\com\forgeStackk\EduResolve\security\StudentPortalAuthHelper.class
[INFO] Succesfully discovered types for classes in file: C:\Users\erabh\OneDrive\Desktop\learningNinjas\EduResolve_Backend\target\classes\com\forgeStackk\EduResolve\security\TeacherPortalAuthHelper.class
[INFO] Succesfully discovered types for classes in file: C:\Users\erabh\OneDrive\Desktop\learningNinjas\EduResolve_Backend\target\classes\com\forgeStackk\EduResolve\service\AiService$1.class
[INFO] Succesfully discovered types for classes in file: C:\Users\erabh\OneDrive\Desktop\learningNinjas\EduResolve_Backend\target\classes\com\forgeStackk\EduResolve\service\AiService$ChatResponse$Choice.class
[INFO] Succesfully discovered types for classes in file: C:\Users\erabh\OneDrive\Desktop\learningNinjas\EduResolve_Backend\target\classes\com\forgeStackk\EduResolve\service\AiService$ChatResponse$Message.class
[INFO] Succesfully discovered types for classes in file: C:\Users\erabh\OneDrive\Desktop\learningNinjas\EduResolve_Backend\target\classes\com\forgeStackk\EduResolve\service\AiService$ChatResponse.class
[INFO] Succesfully discovered types for classes in file: C:\Users\erabh\OneDrive\Desktop\learningNinjas\EduResolve_Backend\target\classes\com\forgeStackk\EduResolve\service\AiService.class
[INFO] Succesfully discovered types for classes in file: C:\Users\erabh\OneDrive\Desktop\learningNinjas\EduResolve_Backend\target\classes\com\forgeStackk\EduResolve\service\ContentBlockService.class
[INFO] Succesfully discovered types for classes in file: C:\Users\erabh\OneDrive\Desktop\learningNinjas\EduResolve_Backend\target\classes\com\forgeStackk\EduResolve\service\GitHubApiService$GitHubBookInfo.class
[INFO] Succesfully discovered types for classes in file: C:\Users\erabh\OneDrive\Desktop\learningNinjas\EduResolve_Backend\target\classes\com\forgeStackk\EduResolve\service\GitHubApiService.class
[INFO] Succesfully discovered types for classes in file: C:\Users\erabh\OneDrive\Desktop\learningNinjas\EduResolve_Backend\target\classes\com\forgeStackk\EduResolve\service\ImageService.class
[INFO] Succesfully discovered types for classes in file: C:\Users\erabh\OneDrive\Desktop\learningNinjas\EduResolve_Backend\target\classes\com\forgeStackk\EduResolve\service\NcertBookService.class
[INFO] Succesfully discovered types for classes in file: C:\Users\erabh\OneDrive\Desktop\learningNinjas\EduResolve_Backend\target\classes\com\forgeStackk\EduResolve\service\NcertChapterService.class
[INFO] Succesfully discovered types for classes in file: C:\Users\erabh\OneDrive\Desktop\learningNinjas\EduResolve_Backend\target\classes\com\forgeStackk\EduResolve\service\OpenAIService$ChatResponse$Choice.class
[INFO] Succesfully discovered types for classes in file: C:\Users\erabh\OneDrive\Desktop\learningNinjas\EduResolve_Backend\target\classes\com\forgeStackk\EduResolve\service\OpenAIService$ChatResponse$Message.class
[INFO] Succesfully discovered types for classes in file: C:\Users\erabh\OneDrive\Desktop\learningNinjas\EduResolve_Backend\target\classes\com\forgeStackk\EduResolve\service\OpenAIService$ChatResponse.class
[INFO] Succesfully discovered types for classes in file: C:\Users\erabh\OneDrive\Desktop\learningNinjas\EduResolve_Backend\target\classes\com\forgeStackk\EduResolve\service\OpenAIService$QuizQuestion.class
[INFO] Succesfully discovered types for classes in file: C:\Users\erabh\OneDrive\Desktop\learningNinjas\EduResolve_Backend\target\classes\com\forgeStackk\EduResolve\service\OpenAIService$VisualizationData.class
[INFO] Succesfully discovered types for classes in file: C:\Users\erabh\OneDrive\Desktop\learningNinjas\EduResolve_Backend\target\classes\com\forgeStackk\EduResolve\service\OpenAIService.class
[INFO] Succesfully discovered types for classes in file: C:\Users\erabh\OneDrive\Desktop\learningNinjas\EduResolve_Backend\target\classes\com\forgeStackk\EduResolve\service\parent\ParentPortalService.class
[INFO] Succesfully discovered types for classes in file: C:\Users\erabh\OneDrive\Desktop\learningNinjas\EduResolve_Backend\target\classes\com\forgeStackk\EduResolve\service\PdfParsingService$PdfMetadata.class
[INFO] Succesfully discovered types for classes in file: C:\Users\erabh\OneDrive\Desktop\learningNinjas\EduResolve_Backend\target\classes\com\forgeStackk\EduResolve\service\PdfParsingService.class
[INFO] Succesfully discovered types for classes in file: C:\Users\erabh\OneDrive\Desktop\learningNinjas\EduResolve_Backend\target\classes\com\forgeStackk\EduResolve\service\student\StudentPortalService.class
[INFO] Succesfully discovered types for classes in file: C:\Users\erabh\OneDrive\Desktop\learningNinjas\EduResolve_Backend\target\classes\com\forgeStackk\EduResolve\service\teacher\AttendancePdfService$1.class
[INFO] Succesfully discovered types for classes in file: C:\Users\erabh\OneDrive\Desktop\learningNinjas\EduResolve_Backend\target\classes\com\forgeStackk\EduResolve\service\teacher\AttendancePdfService.class
[INFO] Succesfully discovered types for classes in file: C:\Users\erabh\OneDrive\Desktop\learningNinjas\EduResolve_Backend\target\classes\com\forgeStackk\EduResolve\service\teacher\AttendanceService.class
[INFO] Succesfully discovered types for classes in file: C:\Users\erabh\OneDrive\Desktop\learningNinjas\EduResolve_Backend\target\classes\com\forgeStackk\EduResolve\service\teacher\ClassLookupService.class
[INFO] Succesfully discovered types for classes in file: C:\Users\erabh\OneDrive\Desktop\learningNinjas\EduResolve_Backend\target\classes\com\forgeStackk\EduResolve\service\teacher\LocalReportStorageService.class
[INFO] Succesfully discovered types for classes in file: C:\Users\erabh\OneDrive\Desktop\learningNinjas\EduResolve_Backend\target\classes\com\forgeStackk\EduResolve\service\teacher\MessageService$1.class
[INFO] Succesfully discovered types for classes in file: C:\Users\erabh\OneDrive\Desktop\learningNinjas\EduResolve_Backend\target\classes\com\forgeStackk\EduResolve\service\teacher\MessageService.class
[INFO] Succesfully discovered types for classes in file: C:\Users\erabh\OneDrive\Desktop\learningNinjas\EduResolve_Backend\target\classes\com\forgeStackk\EduResolve\service\teacher\NotificationService.class
[INFO] Succesfully discovered types for classes in file: C:\Users\erabh\OneDrive\Desktop\learningNinjas\EduResolve_Backend\target\classes\com\forgeStackk\EduResolve\service\teacher\ReportStorageService.class
[INFO] Succesfully discovered types for classes in file: C:\Users\erabh\OneDrive\Desktop\learningNinjas\EduResolve_Backend\target\classes\com\forgeStackk\EduResolve\service\UserLoginService.class
[INFO] Succesfully discovered types for classes in file: C:\Users\erabh\OneDrive\Desktop\learningNinjas\EduResolve_Backend\target\classes\com\forgeStackk\EduResolve\startup\ClassroomSeeder.class
[INFO] Skipping file: C:\Users\erabh\OneDrive\Desktop\learningNinjas\EduResolve_Backend\target\classes\com\forgeStackk\EduResolve\ai\controller\ChatController.class
[INFO] Skipping file: C:\Users\erabh\OneDrive\Desktop\learningNinjas\EduResolve_Backend\target\classes\com\forgeStackk\EduResolve\ai\dto\ChatRequest.class
[INFO] Skipping file: C:\Users\erabh\OneDrive\Desktop\learningNinjas\EduResolve_Backend\target\classes\com\forgeStackk\EduResolve\ai\dto\ChatResponse.class
[INFO] Skipping file: C:\Users\erabh\OneDrive\Desktop\learningNinjas\EduResolve_Backend\target\classes\com\forgeStackk\EduResolve\ai\dto\StreamChunk.class
May 21, 2026 6:55:21 PM org.hibernate.orm.tooling.maven.EnhancementContext 
doBiDirectionalAssociationManagement
WARN: HHH90000029: The [management of bidirectional persistent association 
attributes] configuration is deprecated and will be removed. Set the value to 
[false] to get rid of this warning
May 21, 2026 6:55:21 PM org.hibernate.bytecode.enhance.internal.bytebuddy.BiDir
ectionalAssociationHandler getTargetEntityClass
INFO: HHH90009032: Bidirectional association not managed for field 
[com.forgeStackk.EduResolve.ai.entity.AiConversation.id]: Could not find 
target type
May 21, 2026 6:55:21 PM org.hibernate.orm.tooling.maven.EnhancementContext 
doBiDirectionalAssociationManagement
WARN: HHH90000029: The [management of bidirectional persistent association 
attributes] configuration is deprecated and will be removed. Set the value to 
[false] to get rid of this warning
May 21, 2026 6:55:21 PM org.hibernate.bytecode.enhance.internal.bytebuddy.BiDir
ectionalAssociationHandler getTargetEntityClass
INFO: HHH90009032: Bidirectional association not managed for field 
[com.forgeStackk.EduResolve.ai.entity.AiConversation.sessionId]: Could not 
find target type
May 21, 2026 6:55:21 PM org.hibernate.orm.tooling.maven.EnhancementContext 
doBiDirectionalAssociationManagement
WARN: HHH90000029: The [management of bidirectional persistent association 
attributes] configuration is deprecated and will be removed. Set the value to 
[false] to get rid of this warning
May 21, 2026 6:55:21 PM org.hibernate.bytecode.enhance.internal.bytebuddy.BiDir
ectionalAssociationHandler getTargetEntityClass
INFO: HHH90009032: Bidirectional association not managed for field 
[com.forgeStackk.EduResolve.ai.entity.AiConversation.userId]: Could not find 
target type
May 21, 2026 6:55:21 PM org.hibernate.orm.tooling.maven.EnhancementContext 
doBiDirectionalAssociationManagement
WARN: HHH90000029: The [management of bidirectional persistent association 
attributes] configuration is deprecated and will be removed. Set the value to 
[false] to get rid of this warning
May 21, 2026 6:55:21 PM org.hibernate.bytecode.enhance.internal.bytebuddy.BiDir
ectionalAssociationHandler getTargetEntityClass
INFO: HHH90009032: Bidirectional association not managed for field 
[com.forgeStackk.EduResolve.ai.entity.AiConversation.grade]: Could not find 
target type
May 21, 2026 6:55:21 PM org.hibernate.orm.tooling.maven.EnhancementContext 
doBiDirectionalAssociationManagement
WARN: HHH90000029: The [management of bidirectional persistent association 
attributes] configuration is deprecated and will be removed. Set the value to 
[false] to get rid of this warning
May 21, 2026 6:55:21 PM org.hibernate.bytecode.enhance.internal.bytebuddy.BiDir
ectionalAssociationHandler getTargetEntityClass
INFO: HHH90009032: Bidirectional association not managed for field 
[com.forgeStackk.EduResolve.ai.entity.AiConversation.subject]: Could not find 
target type
May 21, 2026 6:55:21 PM org.hibernate.orm.tooling.maven.EnhancementContext 
doBiDirectionalAssociationManagement
WARN: HHH90000029: The [management of bidirectional persistent association 
attributes] configuration is deprecated and will be removed. Set the value to 
[false] to get rid of this warning
May 21, 2026 6:55:21 PM org.hibernate.bytecode.enhance.internal.bytebuddy.BiDir
ectionalAssociationHandler getTargetEntityClass
INFO: HHH90009032: Bidirectional association not managed for field 
[com.forgeStackk.EduResolve.ai.entity.AiConversation.createdAt]: Could not 
find target type
May 21, 2026 6:55:21 PM org.hibernate.orm.tooling.maven.EnhancementContext 
doBiDirectionalAssociationManagement
WARN: HHH90000029: The [management of bidirectional persistent association 
attributes] configuration is deprecated and will be removed. Set the value to 
[false] to get rid of this warning
May 21, 2026 6:55:21 PM org.hibernate.bytecode.enhance.internal.bytebuddy.BiDir
ectionalAssociationHandler getTargetEntityClass
INFO: HHH90009032: Bidirectional association not managed for field 
[com.forgeStackk.EduResolve.ai.entity.AiConversation.updatedAt]: Could not 
find target type
May 21, 2026 6:55:21 PM org.hibernate.orm.tooling.maven.EnhancementContext 
doBiDirectionalAssociationManagement
WARN: HHH90000029: The [management of bidirectional persistent association 
attributes] configuration is deprecated and will be removed. Set the value to 
[false] to get rid of this warning
May 21, 2026 6:55:21 PM org.hibernate.bytecode.enhance.internal.bytebuddy.BiDir
ectionalAssociationHandler getTargetEntityClass
INFO: HHH90009032: Bidirectional association not managed for field 
[com.forgeStackk.EduResolve.ai.entity.AiConversation.totalTokens]: Could not 
find target type
May 21, 2026 6:55:21 PM org.hibernate.orm.tooling.maven.EnhancementContext 
doBiDirectionalAssociationManagement
WARN: HHH90000029: The [management of bidirectional persistent association 
attributes] configuration is deprecated and will be removed. Set the value to 
[false] to get rid of this warning
May 21, 2026 6:55:21 PM org.hibernate.bytecode.enhance.internal.bytebuddy.BiDir
ectionalAssociationHandler getTargetEntityClass
INFO: HHH90009032: Bidirectional association not managed for field 
[com.forgeStackk.EduResolve.ai.entity.AiConversation.messageCount]: Could not 
find target type
[INFO] Succesfully cleared the contents of file: C:\Users\erabh\OneDrive\Desktop\learningNinjas\EduResolve_Backend\target\classes\com\forgeStackk\EduResolve\ai\entity\AiConversation.class
[INFO] Succesfully enhanced class file: C:\Users\erabh\OneDrive\Desktop\learningNinjas\EduResolve_Backend\target\classes\com\forgeStackk\EduResolve\ai\entity\AiConversation.class
May 21, 2026 6:55:21 PM org.hibernate.orm.tooling.maven.EnhancementContext 
doBiDirectionalAssociationManagement
WARN: HHH90000029: The [management of bidirectional persistent association 
attributes] configuration is deprecated and will be removed. Set the value to 
[false] to get rid of this warning
May 21, 2026 6:55:21 PM org.hibernate.bytecode.enhance.internal.bytebuddy.BiDir
ectionalAssociationHandler getTargetEntityClass
INFO: HHH90009032: Bidirectional association not managed for field 
[com.forgeStackk.EduResolve.ai.entity.AiConversationMessage.id]: Could not 
find target type
May 21, 2026 6:55:21 PM org.hibernate.orm.tooling.maven.EnhancementContext 
doBiDirectionalAssociationManagement
WARN: HHH90000029: The [management of bidirectional persistent association 
attributes] configuration is deprecated and will be removed. Set the value to 
[false] to get rid of this warning
May 21, 2026 6:55:21 PM org.hibernate.bytecode.enhance.internal.bytebuddy.BiDir
ectionalAssociationHandler getTargetEntityClass
INFO: HHH90009032: Bidirectional association not managed for field 
[com.forgeStackk.EduResolve.ai.entity.AiConversationMessage.conversationId]: 
Could not find target type
May 21, 2026 6:55:21 PM org.hibernate.orm.tooling.maven.EnhancementContext 
doBiDirectionalAssociationManagement
WARN: HHH90000029: The [management of bidirectional persistent association 
attributes] configuration is deprecated and will be removed. Set the value to 
[false] to get rid of this warning
May 21, 2026 6:55:21 PM org.hibernate.bytecode.enhance.internal.bytebuddy.BiDir
ectionalAssociationHandler getTargetEntityClass
INFO: HHH90009032: Bidirectional association not managed for field 
[com.forgeStackk.EduResolve.ai.entity.AiConversationMessage.role]: Could not 
find target type
May 21, 2026 6:55:21 PM org.hibernate.orm.tooling.maven.EnhancementContext 
doBiDirectionalAssociationManagement
WARN: HHH90000029: The [management of bidirectional persistent association 
attributes] configuration is deprecated and will be removed. Set the value to 
[false] to get rid of this warning
May 21, 2026 6:55:21 PM org.hibernate.bytecode.enhance.internal.bytebuddy.BiDir
ectionalAssociationHandler getTargetEntityClass
INFO: HHH90009032: Bidirectional association not managed for field 
[com.forgeStackk.EduResolve.ai.entity.AiConversationMessage.content]: Could 
not find target type
May 21, 2026 6:55:21 PM org.hibernate.orm.tooling.maven.EnhancementContext 
doBiDirectionalAssociationManagement
WARN: HHH90000029: The [management of bidirectional persistent association 
attributes] configuration is deprecated and will be removed. Set the value to 
[false] to get rid of this warning
May 21, 2026 6:55:21 PM org.hibernate.bytecode.enhance.internal.bytebuddy.BiDir
ectionalAssociationHandler getTargetEntityClass
INFO: HHH90009032: Bidirectional association not managed for field 
[com.forgeStackk.EduResolve.ai.entity.AiConversationMessage.tokenCount]: Could 
not find target type
May 21, 2026 6:55:21 PM org.hibernate.orm.tooling.maven.EnhancementContext 
doBiDirectionalAssociationManagement
WARN: HHH90000029: The [management of bidirectional persistent association 
attributes] configuration is deprecated and will be removed. Set the value to 
[false] to get rid of this warning
May 21, 2026 6:55:21 PM org.hibernate.bytecode.enhance.internal.bytebuddy.BiDir
ectionalAssociationHandler getTargetEntityClass
INFO: HHH90009032: Bidirectional association not managed for field 
[com.forgeStackk.EduResolve.ai.entity.AiConversationMessage.createdAt]: Could 
not find target type
[INFO] Succesfully cleared the contents of file: C:\Users\erabh\OneDrive\Desktop\learningNinjas\EduResolve_Backend\target\classes\com\forgeStackk\EduResolve\ai\entity\AiConversationMessage.class
[INFO] Succesfully enhanced class file: C:\Users\erabh\OneDrive\Desktop\learningNinjas\EduResolve_Backend\target\classes\com\forgeStackk\EduResolve\ai\entity\AiConversationMessage.class
[INFO] Skipping file: C:\Users\erabh\OneDrive\Desktop\learningNinjas\EduResolve_Backend\target\classes\com\forgeStackk\EduResolve\ai\repository\AiConversationMessageRepository.class
[INFO] Skipping file: C:\Users\erabh\OneDrive\Desktop\learningNinjas\EduResolve_Backend\target\classes\com\forgeStackk\EduResolve\ai\repository\AiConversationRepository.class
[INFO] Skipping file: C:\Users\erabh\OneDrive\Desktop\learningNinjas\EduResolve_Backend\target\classes\com\forgeStackk\EduResolve\ai\service\ConversationService.class
[INFO] Skipping file: C:\Users\erabh\OneDrive\Desktop\learningNinjas\EduResolve_Backend\target\classes\com\forgeStackk\EduResolve\ai\service\OpenAiChatService.class
[INFO] Skipping file: C:\Users\erabh\OneDrive\Desktop\learningNinjas\EduResolve_Backend\target\classes\com\forgeStackk\EduResolve\ai\service\RateLimitService.class
[INFO] Skipping file: C:\Users\erabh\OneDrive\Desktop\learningNinjas\EduResolve_Backend\target\classes\com\forgeStackk\EduResolve\config\NcertDataInitializer.class
[INFO] Skipping file: C:\Users\erabh\OneDrive\Desktop\learningNinjas\EduResolve_Backend\target\classes\com\forgeStackk\EduResolve\config\SchedulingConfig.class
[INFO] Skipping file: C:\Users\erabh\OneDrive\Desktop\learningNinjas\EduResolve_Backend\target\classes\com\forgeStackk\EduResolve\config\SecurityConfig.class
[INFO] Skipping file: C:\Users\erabh\OneDrive\Desktop\learningNinjas\EduResolve_Backend\target\classes\com\forgeStackk\EduResolve\config\WebSecurityConfig.class
[INFO] Skipping file: C:\Users\erabh\OneDrive\Desktop\learningNinjas\EduResolve_Backend\target\classes\com\forgeStackk\EduResolve\config\WebSocketConfig.class
[INFO] Skipping file: C:\Users\erabh\OneDrive\Desktop\learningNinjas\EduResolve_Backend\target\classes\com\forgeStackk\EduResolve\controller\AdminDashboardController.class
[INFO] Skipping file: C:\Users\erabh\OneDrive\Desktop\learningNinjas\EduResolve_Backend\target\classes\com\forgeStackk\EduResolve\controller\BookmarkController.class
[INFO] Skipping file: C:\Users\erabh\OneDrive\Desktop\learningNinjas\EduResolve_Backend\target\classes\com\forgeStackk\EduResolve\controller\ChapterController.class
[INFO] Skipping file: C:\Users\erabh\OneDrive\Desktop\learningNinjas\EduResolve_Backend\target\classes\com\forgeStackk\EduResolve\controller\ComplaintController.class
[INFO] Skipping file: C:\Users\erabh\OneDrive\Desktop\learningNinjas\EduResolve_Backend\target\classes\com\forgeStackk\EduResolve\controller\ContentBlockController.class
[INFO] Skipping file: C:\Users\erabh\OneDrive\Desktop\learningNinjas\EduResolve_Backend\target\classes\com\forgeStackk\EduResolve\controller\ContentChunkController.class
[INFO] Skipping file: C:\Users\erabh\OneDrive\Desktop\learningNinjas\EduResolve_Backend\target\classes\com\forgeStackk\EduResolve\controller\CurriculumController$1.class
[INFO] Skipping file: C:\Users\erabh\OneDrive\Desktop\learningNinjas\EduResolve_Backend\target\classes\com\forgeStackk\EduResolve\controller\CurriculumController$2.class
[INFO] Skipping file: C:\Users\erabh\OneDrive\Desktop\learningNinjas\EduResolve_Backend\target\classes\com\forgeStackk\EduResolve\controller\CurriculumController.class
[INFO] Skipping file: C:\Users\erabh\OneDrive\Desktop\learningNinjas\EduResolve_Backend\target\classes\com\forgeStackk\EduResolve\controller\DoubtController.class
[INFO] Skipping file: C:\Users\erabh\OneDrive\Desktop\learningNinjas\EduResolve_Backend\target\classes\com\forgeStackk\EduResolve\controller\DoubtSolverController$DoubtAnswerResponse.class
[INFO] Skipping file: C:\Users\erabh\OneDrive\Desktop\learningNinjas\EduResolve_Backend\target\classes\com\forgeStackk\EduResolve\controller\DoubtSolverController$DoubtSolverRequest.class
[INFO] Skipping file: C:\Users\erabh\OneDrive\Desktop\learningNinjas\EduResolve_Backend\target\classes\com\forgeStackk\EduResolve\controller\DoubtSolverController.class
[INFO] Skipping file: C:\Users\erabh\OneDrive\Desktop\learningNinjas\EduResolve_Backend\target\classes\com\forgeStackk\EduResolve\controller\FeeController.class
[INFO] Skipping file: C:\Users\erabh\OneDrive\Desktop\learningNinjas\EduResolve_Backend\target\classes\com\forgeStackk\EduResolve\controller\HomeworkController.class
[INFO] Skipping file: C:\Users\erabh\OneDrive\Desktop\learningNinjas\EduResolve_Backend\target\classes\com\forgeStackk\EduResolve\controller\LeaderboardController.class
[INFO] Skipping file: C:\Users\erabh\OneDrive\Desktop\learningNinjas\EduResolve_Backend\target\classes\com\forgeStackk\EduResolve\controller\MessageAttachmentController.class
[INFO] Skipping file: C:\Users\erabh\OneDrive\Desktop\learningNinjas\EduResolve_Backend\target\classes\com\forgeStackk\EduResolve\controller\NcertBookController.class
[INFO] Skipping file: C:\Users\erabh\OneDrive\Desktop\learningNinjas\EduResolve_Backend\target\classes\com\forgeStackk\EduResolve\controller\NcertChapterController.class
[INFO] Skipping file: C:\Users\erabh\OneDrive\Desktop\learningNinjas\EduResolve_Backend\target\classes\com\forgeStackk\EduResolve\controller\NcertController$QuestionRequest.class
[INFO] Skipping file: C:\Users\erabh\OneDrive\Desktop\learningNinjas\EduResolve_Backend\target\classes\com\forgeStackk\EduResolve\controller\NcertController$QuizRequest.class
[INFO] Skipping file: C:\Users\erabh\OneDrive\Desktop\learningNinjas\EduResolve_Backend\target\classes\com\forgeStackk\EduResolve\controller\NcertController.class
[INFO] Skipping file: C:\Users\erabh\OneDrive\Desktop\learningNinjas\EduResolve_Backend\target\classes\com\forgeStackk\EduResolve\controller\NcertUploadController$UploadResponse.class
[INFO] Skipping file: C:\Users\erabh\OneDrive\Desktop\learningNinjas\EduResolve_Backend\target\classes\com\forgeStackk\EduResolve\controller\NcertUploadController.class
[INFO] Skipping file: C:\Users\erabh\OneDrive\Desktop\learningNinjas\EduResolve_Backend\target\classes\com\forgeStackk\EduResolve\controller\NoticeController.class
[INFO] Skipping file: C:\Users\erabh\OneDrive\Desktop\learningNinjas\EduResolve_Backend\target\classes\com\forgeStackk\EduResolve\controller\parent\ParentInboxController.class
[INFO] Skipping file: C:\Users\erabh\OneDrive\Desktop\learningNinjas\EduResolve_Backend\target\classes\com\forgeStackk\EduResolve\controller\PreviousYearQuestionController.class
[INFO] Skipping file: C:\Users\erabh\OneDrive\Desktop\learningNinjas\EduResolve_Backend\target\classes\com\forgeStackk\EduResolve\controller\PublicStudentLookupController.class
[INFO] Skipping file: C:\Users\erabh\OneDrive\Desktop\learningNinjas\EduResolve_Backend\target\classes\com\forgeStackk\EduResolve\controller\QuizController$QuizRequest.class
[INFO] Skipping file: C:\Users\erabh\OneDrive\Desktop\learningNinjas\EduResolve_Backend\target\classes\com\forgeStackk\EduResolve\controller\QuizController.class
[INFO] Skipping file: C:\Users\erabh\OneDrive\Desktop\learningNinjas\EduResolve_Backend\target\classes\com\forgeStackk\EduResolve\controller\QuizQuestionController.class
[INFO] Skipping file: C:\Users\erabh\OneDrive\Desktop\learningNinjas\EduResolve_Backend\target\classes\com\forgeStackk\EduResolve\controller\QuizResultController.class
[INFO] Skipping file: C:\Users\erabh\OneDrive\Desktop\learningNinjas\EduResolve_Backend\target\classes\com\forgeStackk\EduResolve\controller\ReadingProgressController.class
[INFO] Skipping file: C:\Users\erabh\OneDrive\Desktop\learningNinjas\EduResolve_Backend\target\classes\com\forgeStackk\EduResolve\controller\SchoolController.class
[INFO] Skipping file: C:\Users\erabh\OneDrive\Desktop\learningNinjas\EduResolve_Backend\target\classes\com\forgeStackk\EduResolve\controller\SchoolEventController.class
[INFO] Skipping file: C:\Users\erabh\OneDrive\Desktop\learningNinjas\EduResolve_Backend\target\classes\com\forgeStackk\EduResolve\controller\SearchController.class
[INFO] Skipping file: C:\Users\erabh\OneDrive\Desktop\learningNinjas\EduResolve_Backend\target\classes\com\forgeStackk\EduResolve\controller\StreakController.class
[INFO] Skipping file: C:\Users\erabh\OneDrive\Desktop\learningNinjas\EduResolve_Backend\target\classes\com\forgeStackk\EduResolve\controller\student\StudentInboxController.class
[INFO] Skipping file: C:\Users\erabh\OneDrive\Desktop\learningNinjas\EduResolve_Backend\target\classes\com\forgeStackk\EduResolve\controller\StudentDocumentController.class
[INFO] Skipping file: C:\Users\erabh\OneDrive\Desktop\learningNinjas\EduResolve_Backend\target\classes\com\forgeStackk\EduResolve\controller\StudentPerformanceController.class
[INFO] Skipping file: C:\Users\erabh\OneDrive\Desktop\learningNinjas\EduResolve_Backend\target\classes\com\forgeStackk\EduResolve\controller\StudentProfileController.class
[INFO] Skipping file: C:\Users\erabh\OneDrive\Desktop\learningNinjas\EduResolve_Backend\target\classes\com\forgeStackk\EduResolve\controller\SubjectController.class
[INFO] Skipping file: C:\Users\erabh\OneDrive\Desktop\learningNinjas\EduResolve_Backend\target\classes\com\forgeStackk\EduResolve\controller\teacher\TeacherAttendanceController.class
[INFO] Skipping file: C:\Users\erabh\OneDrive\Desktop\learningNinjas\EduResolve_Backend\target\classes\com\forgeStackk\EduResolve\controller\teacher\TeacherClassLookupController.class
[INFO] Skipping file: C:\Users\erabh\OneDrive\Desktop\learningNinjas\EduResolve_Backend\target\classes\com\forgeStackk\EduResolve\controller\teacher\TeacherHomeworkController.class
[INFO] Skipping file: C:\Users\erabh\OneDrive\Desktop\learningNinjas\EduResolve_Backend\target\classes\com\forgeStackk\EduResolve\controller\teacher\TeacherMessagingController.class
[INFO] Skipping file: C:\Users\erabh\OneDrive\Desktop\learningNinjas\EduResolve_Backend\target\classes\com\forgeStackk\EduResolve\controller\teacher\TeacherNotificationController.class
[INFO] Skipping file: C:\Users\erabh\OneDrive\Desktop\learningNinjas\EduResolve_Backend\target\classes\com\forgeStackk\EduResolve\controller\TopicController.class
[INFO] Skipping file: C:\Users\erabh\OneDrive\Desktop\learningNinjas\EduResolve_Backend\target\classes\com\forgeStackk\EduResolve\controller\UserLoginController.class
[INFO] Skipping file: C:\Users\erabh\OneDrive\Desktop\learningNinjas\EduResolve_Backend\target\classes\com\forgeStackk\EduResolve\converter\JsonbConverter.class
[INFO] Skipping file: C:\Users\erabh\OneDrive\Desktop\learningNinjas\EduResolve_Backend\target\classes\com\forgeStackk\EduResolve\dto\AskDoubtRequest.class
[INFO] Skipping file: C:\Users\erabh\OneDrive\Desktop\learningNinjas\EduResolve_Backend\target\classes\com\forgeStackk\EduResolve\dto\ComplaintStatusUpdate.class
[INFO] Skipping file: C:\Users\erabh\OneDrive\Desktop\learningNinjas\EduResolve_Backend\target\classes\com\forgeStackk\EduResolve\dto\CurriculumChapterDto.class
[INFO] Skipping file: C:\Users\erabh\OneDrive\Desktop\learningNinjas\EduResolve_Backend\target\classes\com\forgeStackk\EduResolve\dto\CurriculumSubjectDto.class
[INFO] Skipping file: C:\Users\erabh\OneDrive\Desktop\learningNinjas\EduResolve_Backend\target\classes\com\forgeStackk\EduResolve\dto\DoubtFeedbackRequest.class
[INFO] Skipping file: C:\Users\erabh\OneDrive\Desktop\learningNinjas\EduResolve_Backend\target\classes\com\forgeStackk\EduResolve\dto\ForgotPasswordRequest.class
[INFO] Skipping file: C:\Users\erabh\OneDrive\Desktop\learningNinjas\EduResolve_Backend\target\classes\com\forgeStackk\EduResolve\dto\ForgotPasswordResponse.class
[INFO] Skipping file: C:\Users\erabh\OneDrive\Desktop\learningNinjas\EduResolve_Backend\target\classes\com\forgeStackk\EduResolve\dto\LoginRequest.class
[INFO] Skipping file: C:\Users\erabh\OneDrive\Desktop\learningNinjas\EduResolve_Backend\target\classes\com\forgeStackk\EduResolve\dto\LoginResponse.class
[INFO] Skipping file: C:\Users\erabh\OneDrive\Desktop\learningNinjas\EduResolve_Backend\target\classes\com\forgeStackk\EduResolve\dto\NoticeRequest.class
[INFO] Skipping file: C:\Users\erabh\OneDrive\Desktop\learningNinjas\EduResolve_Backend\target\classes\com\forgeStackk\EduResolve\dto\RegisterRequest.class
[INFO] Skipping file: C:\Users\erabh\OneDrive\Desktop\learningNinjas\EduResolve_Backend\target\classes\com\forgeStackk\EduResolve\dto\ResetPasswordRequest.class
[INFO] Skipping file: C:\Users\erabh\OneDrive\Desktop\learningNinjas\EduResolve_Backend\target\classes\com\forgeStackk\EduResolve\dto\ResetPasswordResponse.class
[INFO] Skipping file: C:\Users\erabh\OneDrive\Desktop\learningNinjas\EduResolve_Backend\target\classes\com\forgeStackk\EduResolve\dto\student\AttendanceDayDto.class
[INFO] Skipping file: C:\Users\erabh\OneDrive\Desktop\learningNinjas\EduResolve_Backend\target\classes\com\forgeStackk\EduResolve\dto\student\StudentInboxItemDto$AttachmentInfo.class
[INFO] Skipping file: C:\Users\erabh\OneDrive\Desktop\learningNinjas\EduResolve_Backend\target\classes\com\forgeStackk\EduResolve\dto\student\StudentInboxItemDto.class
[INFO] Skipping file: C:\Users\erabh\OneDrive\Desktop\learningNinjas\EduResolve_Backend\target\classes\com\forgeStackk\EduResolve\dto\teacher\AttendanceRecordInput.class
[INFO] Skipping file: C:\Users\erabh\OneDrive\Desktop\learningNinjas\EduResolve_Backend\target\classes\com\forgeStackk\EduResolve\dto\teacher\AttendanceRecordResponse.class
[INFO] Skipping file: C:\Users\erabh\OneDrive\Desktop\learningNinjas\EduResolve_Backend\target\classes\com\forgeStackk\EduResolve\dto\teacher\AttendanceSummaryDto.class
[INFO] Skipping file: C:\Users\erabh\OneDrive\Desktop\learningNinjas\EduResolve_Backend\target\classes\com\forgeStackk\EduResolve\dto\teacher\ClassResponse.class
[INFO] Skipping file: C:\Users\erabh\OneDrive\Desktop\learningNinjas\EduResolve_Backend\target\classes\com\forgeStackk\EduResolve\dto\teacher\GenerateReportRequest.class
[INFO] Skipping file: C:\Users\erabh\OneDrive\Desktop\learningNinjas\EduResolve_Backend\target\classes\com\forgeStackk\EduResolve\dto\teacher\GenerateReportResponse.class
[INFO] Skipping file: C:\Users\erabh\OneDrive\Desktop\learningNinjas\EduResolve_Backend\target\classes\com\forgeStackk\EduResolve\dto\teacher\InboxNotificationPayload.class
[INFO] Skipping file: C:\Users\erabh\OneDrive\Desktop\learningNinjas\EduResolve_Backend\target\classes\com\forgeStackk\EduResolve\dto\teacher\MarkAttendanceRequest.class
[INFO] Skipping file: C:\Users\erabh\OneDrive\Desktop\learningNinjas\EduResolve_Backend\target\classes\com\forgeStackk\EduResolve\dto\teacher\MarkAttendanceResponse.class
[INFO] Skipping file: C:\Users\erabh\OneDrive\Desktop\learningNinjas\EduResolve_Backend\target\classes\com\forgeStackk\EduResolve\dto\teacher\MessageSummaryResponse.class
[INFO] Skipping file: C:\Users\erabh\OneDrive\Desktop\learningNinjas\EduResolve_Backend\target\classes\com\forgeStackk\EduResolve\dto\teacher\SendMessageResponse.class
[INFO] Skipping file: C:\Users\erabh\OneDrive\Desktop\learningNinjas\EduResolve_Backend\target\classes\com\forgeStackk\EduResolve\dto\teacher\SendReportRequest.class
[INFO] Skipping file: C:\Users\erabh\OneDrive\Desktop\learningNinjas\EduResolve_Backend\target\classes\com\forgeStackk\EduResolve\dto\teacher\StudentAttendanceSummary.class
[INFO] Skipping file: C:\Users\erabh\OneDrive\Desktop\learningNinjas\EduResolve_Backend\target\classes\com\forgeStackk\EduResolve\dto\teacher\StudentOptionDto.class
[INFO] Skipping file: C:\Users\erabh\OneDrive\Desktop\learningNinjas\EduResolve_Backend\target\classes\com\forgeStackk\EduResolve\dto\teacher\StudentWithParentResponse.class
[INFO] Skipping file: C:\Users\erabh\OneDrive\Desktop\learningNinjas\EduResolve_Backend\target\classes\com\forgeStackk\EduResolve\dto\teacher\SubjectResponse.class
[INFO] Skipping file: C:\Users\erabh\OneDrive\Desktop\learningNinjas\EduResolve_Backend\target\classes\com\forgeStackk\EduResolve\EduResolveApplication.class
May 21, 2026 6:55:21 PM org.hibernate.orm.tooling.maven.EnhancementContext 
doBiDirectionalAssociationManagement
WARN: HHH90000029: The [management of bidirectional persistent association 
attributes] configuration is deprecated and will be removed. Set the value to 
[false] to get rid of this warning
May 21, 2026 6:55:21 PM org.hibernate.bytecode.enhance.internal.bytebuddy.BiDir
ectionalAssociationHandler getTargetEntityClass
INFO: HHH90009032: Bidirectional association not managed for field 
[com.forgeStackk.EduResolve.entity.AdminProfile.id]: Could not find target type
May 21, 2026 6:55:21 PM org.hibernate.orm.tooling.maven.EnhancementContext 
doBiDirectionalAssociationManagement
WARN: HHH90000029: The [management of bidirectional persistent association 
attributes] configuration is deprecated and will be removed. Set the value to 
[false] to get rid of this warning
May 21, 2026 6:55:21 PM org.hibernate.bytecode.enhance.internal.bytebuddy.BiDir
ectionalAssociationHandler getTargetEntityClass
INFO: HHH90009032: Bidirectional association not managed for field 
[com.forgeStackk.EduResolve.entity.AdminProfile.userId]: Could not find target 
type
May 21, 2026 6:55:21 PM org.hibernate.orm.tooling.maven.EnhancementContext 
doBiDirectionalAssociationManagement
WARN: HHH90000029: The [management of bidirectional persistent association 
attributes] configuration is deprecated and will be removed. Set the value to 
[false] to get rid of this warning
May 21, 2026 6:55:21 PM org.hibernate.bytecode.enhance.internal.bytebuddy.BiDir
ectionalAssociationHandler getTargetEntityClass
INFO: HHH90009032: Bidirectional association not managed for field 
[com.forgeStackk.EduResolve.entity.AdminProfile.name]: Could not find target 
type
May 21, 2026 6:55:21 PM org.hibernate.orm.tooling.maven.EnhancementContext 
doBiDirectionalAssociationManagement
WARN: HHH90000029: The [management of bidirectional persistent association 
attributes] configuration is deprecated and will be removed. Set the value to 
[false] to get rid of this warning
May 21, 2026 6:55:21 PM org.hibernate.bytecode.enhance.internal.bytebuddy.BiDir
ectionalAssociationHandler getTargetEntityClass
INFO: HHH90009032: Bidirectional association not managed for field 
[com.forgeStackk.EduResolve.entity.AdminProfile.initials]: Could not find 
target type
May 21, 2026 6:55:21 PM org.hibernate.orm.tooling.maven.EnhancementContext 
doBiDirectionalAssociationManagement
WARN: HHH90000029: The [management of bidirectional persistent association 
attributes] configuration is deprecated and will be removed. Set the value to 
[false] to get rid of this warning
May 21, 2026 6:55:21 PM org.hibernate.bytecode.enhance.internal.bytebuddy.BiDir
ectionalAssociationHandler getTargetEntityClass
INFO: HHH90009032: Bidirectional association not managed for field 
[com.forgeStackk.EduResolve.entity.AdminProfile.color]: Could not find target 
type
May 21, 2026 6:55:21 PM org.hibernate.orm.tooling.maven.EnhancementContext 
doBiDirectionalAssociationManagement
WARN: HHH90000029: The [management of bidirectional persistent association 
attributes] configuration is deprecated and will be removed. Set the value to 
[false] to get rid of this warning
May 21, 2026 6:55:21 PM org.hibernate.bytecode.enhance.internal.bytebuddy.BiDir
ectionalAssociationHandler getTargetEntityClass
INFO: HHH90009032: Bidirectional association not managed for field 
[com.forgeStackk.EduResolve.entity.AdminProfile.employeeId]: Could not find 
target type
May 21, 2026 6:55:21 PM org.hibernate.orm.tooling.maven.EnhancementContext 
doBiDirectionalAssociationManagement
WARN: HHH90000029: The [management of bidirectional persistent association 
attributes] configuration is deprecated and will be removed. Set the value to 
[false] to get rid of this warning
May 21, 2026 6:55:21 PM org.hibernate.bytecode.enhance.internal.bytebuddy.BiDir
ectionalAssociationHandler getTargetEntityClass
INFO: HHH90009032: Bidirectional association not managed for field 
[com.forgeStackk.EduResolve.entity.AdminProfile.designation]: Could not find 
target type
May 21, 2026 6:55:21 PM org.hibernate.orm.tooling.maven.EnhancementContext 
doBiDirectionalAssociationManagement
WARN: HHH90000029: The [management of bidirectional persistent association 
attributes] configuration is deprecated and will be removed. Set the value to 
[false] to get rid of this warning
May 21, 2026 6:55:21 PM org.hibernate.bytecode.enhance.internal.bytebuddy.BiDir
ectionalAssociationHandler getTargetEntityClass
INFO: HHH90009032: Bidirectional association not managed for field 
[com.forgeStackk.EduResolve.entity.AdminProfile.department]: Could not find 
target type
May 21, 2026 6:55:21 PM org.hibernate.orm.tooling.maven.EnhancementContext 
doBiDirectionalAssociationManagement
WARN: HHH90000029: The [management of bidirectional persistent association 
attributes] configuration is deprecated and will be removed. Set the value to 
[false] to get rid of this warning
May 21, 2026 6:55:21 PM org.hibernate.bytecode.enhance.internal.bytebuddy.BiDir
ectionalAssociationHandler getTargetEntityClass
INFO: HHH90009032: Bidirectional association not managed for field 
[com.forgeStackk.EduResolve.entity.AdminProfile.joiningDate]: Could not find 
target type
May 21, 2026 6:55:21 PM org.hibernate.orm.tooling.maven.EnhancementContext 
doBiDirectionalAssociationManagement
WARN: HHH90000029: The [management of bidirectional persistent association 
attributes] configuration is deprecated and will be removed. Set the value to 
[false] to get rid of this warning
May 21, 2026 6:55:21 PM org.hibernate.bytecode.enhance.internal.bytebuddy.BiDir
ectionalAssociationHandler getTargetEntityClass
INFO: HHH90009032: Bidirectional association not managed for field 
[com.forgeStackk.EduResolve.entity.AdminProfile.accessLevel]: Could not find 
target type
May 21, 2026 6:55:21 PM org.hibernate.orm.tooling.maven.EnhancementContext 
doBiDirectionalAssociationManagement
WARN: HHH90000029: The [management of bidirectional persistent association 
attributes] configuration is deprecated and will be removed. Set the value to 
[false] to get rid of this warning
May 21, 2026 6:55:21 PM org.hibernate.bytecode.enhance.internal.bytebuddy.BiDir
ectionalAssociationHandler getTargetEntityClass
INFO: HHH90009032: Bidirectional association not managed for field 
[com.forgeStackk.EduResolve.entity.AdminProfile.status]: Could not find target 
type
[INFO] Succesfully cleared the contents of file: C:\Users\erabh\OneDrive\Desktop\learningNinjas\EduResolve_Backend\target\classes\com\forgeStackk\EduResolve\entity\AdminProfile.class
[INFO] Succesfully enhanced class file: C:\Users\erabh\OneDrive\Desktop\learningNinjas\EduResolve_Backend\target\classes\com\forgeStackk\EduResolve\entity\AdminProfile.class
[INFO] Skipping file: C:\Users\erabh\OneDrive\Desktop\learningNinjas\EduResolve_Backend\target\classes\com\forgeStackk\EduResolve\entity\Bookmark$TargetType.class
May 21, 2026 6:55:21 PM org.hibernate.orm.tooling.maven.EnhancementContext 
doBiDirectionalAssociationManagement
WARN: HHH90000029: The [management of bidirectional persistent association 
attributes] configuration is deprecated and will be removed. Set the value to 
[false] to get rid of this warning
May 21, 2026 6:55:21 PM org.hibernate.bytecode.enhance.internal.bytebuddy.BiDir
ectionalAssociationHandler getTargetEntityClass
INFO: HHH90009032: Bidirectional association not managed for field 
[com.forgeStackk.EduResolve.entity.Bookmark.id]: Could not find target type
May 21, 2026 6:55:21 PM org.hibernate.orm.tooling.maven.EnhancementContext 
doBiDirectionalAssociationManagement
WARN: HHH90000029: The [management of bidirectional persistent association 
attributes] configuration is deprecated and will be removed. Set the value to 
[false] to get rid of this warning
May 21, 2026 6:55:21 PM org.hibernate.bytecode.enhance.internal.bytebuddy.BiDir
ectionalAssociationHandler getTargetEntityClass
INFO: HHH90009032: Bidirectional association not managed for field 
[com.forgeStackk.EduResolve.entity.Bookmark.studentId]: Could not find target 
type
May 21, 2026 6:55:21 PM org.hibernate.orm.tooling.maven.EnhancementContext 
doBiDirectionalAssociationManagement
WARN: HHH90000029: The [management of bidirectional persistent association 
attributes] configuration is deprecated and will be removed. Set the value to 
[false] to get rid of this warning
May 21, 2026 6:55:21 PM org.hibernate.bytecode.enhance.internal.bytebuddy.BiDir
ectionalAssociationHandler getTargetEntityClass
INFO: HHH90009032: Bidirectional association not managed for field 
[com.forgeStackk.EduResolve.entity.Bookmark.targetType]: Could not find target 
type
May 21, 2026 6:55:21 PM org.hibernate.orm.tooling.maven.EnhancementContext 
doBiDirectionalAssociationManagement
WARN: HHH90000029: The [management of bidirectional persistent association 
attributes] configuration is deprecated and will be removed. Set the value to 
[false] to get rid of this warning
May 21, 2026 6:55:21 PM org.hibernate.bytecode.enhance.internal.bytebuddy.BiDir
ectionalAssociationHandler getTargetEntityClass
INFO: HHH90009032: Bidirectional association not managed for field 
[com.forgeStackk.EduResolve.entity.Bookmark.targetId]: Could not find target 
type
May 21, 2026 6:55:21 PM org.hibernate.orm.tooling.maven.EnhancementContext 
doBiDirectionalAssociationManagement
WARN: HHH90000029: The [management of bidirectional persistent association 
attributes] configuration is deprecated and will be removed. Set the value to 
[false] to get rid of this warning
May 21, 2026 6:55:21 PM org.hibernate.bytecode.enhance.internal.bytebuddy.BiDir
ectionalAssociationHandler getTargetEntityClass
INFO: HHH90009032: Bidirectional association not managed for field 
[com.forgeStackk.EduResolve.entity.Bookmark.label]: Could not find target type
May 21, 2026 6:55:21 PM org.hibernate.orm.tooling.maven.EnhancementContext 
doBiDirectionalAssociationManagement
WARN: HHH90000029: The [management of bidirectional persistent association 
attributes] configuration is deprecated and will be removed. Set the value to 
[false] to get rid of this warning
May 21, 2026 6:55:21 PM org.hibernate.bytecode.enhance.internal.bytebuddy.BiDir
ectionalAssociationHandler getTargetEntityClass
INFO: HHH90009032: Bidirectional association not managed for field 
[com.forgeStackk.EduResolve.entity.Bookmark.createdAt]: Could not find target 
type
[INFO] Succesfully cleared the contents of file: C:\Users\erabh\OneDrive\Desktop\learningNinjas\EduResolve_Backend\target\classes\com\forgeStackk\EduResolve\entity\Bookmark.class
[INFO] Succesfully enhanced class file: C:\Users\erabh\OneDrive\Desktop\learningNinjas\EduResolve_Backend\target\classes\com\forgeStackk\EduResolve\entity\Bookmark.class
May 21, 2026 6:55:21 PM org.hibernate.orm.tooling.maven.EnhancementContext 
doBiDirectionalAssociationManagement
WARN: HHH90000029: The [management of bidirectional persistent association 
attributes] configuration is deprecated and will be removed. Set the value to 
[false] to get rid of this warning
May 21, 2026 6:55:21 PM org.hibernate.bytecode.enhance.internal.bytebuddy.BiDir
ectionalAssociationHandler getTargetEntityClass
INFO: HHH90009032: Bidirectional association not managed for field 
[com.forgeStackk.EduResolve.entity.Chapter.id]: Could not find target type
May 21, 2026 6:55:21 PM org.hibernate.orm.tooling.maven.EnhancementContext 
doBiDirectionalAssociationManagement
WARN: HHH90000029: The [management of bidirectional persistent association 
attributes] configuration is deprecated and will be removed. Set the value to 
[false] to get rid of this warning
May 21, 2026 6:55:21 PM org.hibernate.bytecode.enhance.internal.bytebuddy.BiDir
ectionalAssociationHandler getTargetEntityClass
INFO: HHH90009032: Bidirectional association not managed for field 
[com.forgeStackk.EduResolve.entity.Chapter.subjectId]: Could not find target 
type
May 21, 2026 6:55:21 PM org.hibernate.orm.tooling.maven.EnhancementContext 
doBiDirectionalAssociationManagement
WARN: HHH90000029: The [management of bidirectional persistent association 
attributes] configuration is deprecated and will be removed. Set the value to 
[false] to get rid of this warning
May 21, 2026 6:55:21 PM org.hibernate.bytecode.enhance.internal.bytebuddy.BiDir
ectionalAssociationHandler getTargetEntityClass
INFO: HHH90009032: Bidirectional association not managed for field 
[com.forgeStackk.EduResolve.entity.Chapter.name]: Could not find target type
May 21, 2026 6:55:21 PM org.hibernate.orm.tooling.maven.EnhancementContext 
doBiDirectionalAssociationManagement
WARN: HHH90000029: The [management of bidirectional persistent association 
attributes] configuration is deprecated and will be removed. Set the value to 
[false] to get rid of this warning
May 21, 2026 6:55:21 PM org.hibernate.bytecode.enhance.internal.bytebuddy.BiDir
ectionalAssociationHandler getTargetEntityClass
INFO: HHH90009032: Bidirectional association not managed for field 
[com.forgeStackk.EduResolve.entity.Chapter.orderIndex]: Could not find target 
type
May 21, 2026 6:55:21 PM org.hibernate.orm.tooling.maven.EnhancementContext 
doBiDirectionalAssociationManagement
WARN: HHH90000029: The [management of bidirectional persistent association 
attributes] configuration is deprecated and will be removed. Set the value to 
[false] to get rid of this warning
May 21, 2026 6:55:21 PM org.hibernate.bytecode.enhance.internal.bytebuddy.BiDir
ectionalAssociationHandler getTargetEntityClass
INFO: HHH90009032: Bidirectional association not managed for field 
[com.forgeStackk.EduResolve.entity.Chapter.summary]: Could not find target type
May 21, 2026 6:55:21 PM org.hibernate.orm.tooling.maven.EnhancementContext 
doBiDirectionalAssociationManagement
WARN: HHH90000029: The [management of bidirectional persistent association 
attributes] configuration is deprecated and will be removed. Set the value to 
[false] to get rid of this warning
May 21, 2026 6:55:21 PM org.hibernate.bytecode.enhance.internal.bytebuddy.BiDir
ectionalAssociationHandler getTargetEntityClass
INFO: HHH90009032: Bidirectional association not managed for field 
[com.forgeStackk.EduResolve.entity.Chapter.estimatedMinutes]: Could not find 
target type
[INFO] Succesfully cleared the contents of file: C:\Users\erabh\OneDrive\Desktop\learningNinjas\EduResolve_Backend\target\classes\com\forgeStackk\EduResolve\entity\Chapter.class
[INFO] Succesfully enhanced class file: C:\Users\erabh\OneDrive\Desktop\learningNinjas\EduResolve_Backend\target\classes\com\forgeStackk\EduResolve\entity\Chapter.class
[INFO] Skipping file: C:\Users\erabh\OneDrive\Desktop\learningNinjas\EduResolve_Backend\target\classes\com\forgeStackk\EduResolve\entity\Complaint$Status.class
May 21, 2026 6:55:21 PM org.hibernate.orm.tooling.maven.EnhancementContext 
doBiDirectionalAssociationManagement
WARN: HHH90000029: The [management of bidirectional persistent association 
attributes] configuration is deprecated and will be removed. Set the value to 
[false] to get rid of this warning
May 21, 2026 6:55:21 PM org.hibernate.bytecode.enhance.internal.bytebuddy.BiDir
ectionalAssociationHandler getTargetEntityClass
INFO: HHH90009032: Bidirectional association not managed for field 
[com.forgeStackk.EduResolve.entity.Complaint.id]: Could not find target type
May 21, 2026 6:55:21 PM org.hibernate.orm.tooling.maven.EnhancementContext 
doBiDirectionalAssociationManagement
WARN: HHH90000029: The [management of bidirectional persistent association 
attributes] configuration is deprecated and will be removed. Set the value to 
[false] to get rid of this warning
May 21, 2026 6:55:21 PM org.hibernate.bytecode.enhance.internal.bytebuddy.BiDir
ectionalAssociationHandler getTargetEntityClass
INFO: HHH90009032: Bidirectional association not managed for field 
[com.forgeStackk.EduResolve.entity.Complaint.parentId]: Could not find target 
type
May 21, 2026 6:55:21 PM org.hibernate.orm.tooling.maven.EnhancementContext 
doBiDirectionalAssociationManagement
WARN: HHH90000029: The [management of bidirectional persistent association 
attributes] configuration is deprecated and will be removed. Set the value to 
[false] to get rid of this warning
May 21, 2026 6:55:21 PM org.hibernate.bytecode.enhance.internal.bytebuddy.BiDir
ectionalAssociationHandler getTargetEntityClass
INFO: HHH90009032: Bidirectional association not managed for field 
[com.forgeStackk.EduResolve.entity.Complaint.category]: Could not find target 
type
May 21, 2026 6:55:21 PM org.hibernate.orm.tooling.maven.EnhancementContext 
doBiDirectionalAssociationManagement
WARN: HHH90000029: The [management of bidirectional persistent association 
attributes] configuration is deprecated and will be removed. Set the value to 
[false] to get rid of this warning
May 21, 2026 6:55:21 PM org.hibernate.bytecode.enhance.internal.bytebuddy.BiDir
ectionalAssociationHandler getTargetEntityClass
INFO: HHH90009032: Bidirectional association not managed for field 
[com.forgeStackk.EduResolve.entity.Complaint.subject]: Could not find target 
type
May 21, 2026 6:55:21 PM org.hibernate.orm.tooling.maven.EnhancementContext 
doBiDirectionalAssociationManagement
WARN: HHH90000029: The [management of bidirectional persistent association 
attributes] configuration is deprecated and will be removed. Set the value to 
[false] to get rid of this warning
May 21, 2026 6:55:21 PM org.hibernate.bytecode.enhance.internal.bytebuddy.BiDir
ectionalAssociationHandler getTargetEntityClass
INFO: HHH90009032: Bidirectional association not managed for field 
[com.forgeStackk.EduResolve.entity.Complaint.description]: Could not find 
target type
May 21, 2026 6:55:21 PM org.hibernate.orm.tooling.maven.EnhancementContext 
doBiDirectionalAssociationManagement
WARN: HHH90000029: The [management of bidirectional persistent association 
attributes] configuration is deprecated and will be removed. Set the value to 
[false] to get rid of this warning
May 21, 2026 6:55:21 PM org.hibernate.bytecode.enhance.internal.bytebuddy.BiDir
ectionalAssociationHandler getTargetEntityClass
INFO: HHH90009032: Bidirectional association not managed for field 
[com.forgeStackk.EduResolve.entity.Complaint.status]: Could not find target 
type
May 21, 2026 6:55:21 PM org.hibernate.orm.tooling.maven.EnhancementContext 
doBiDirectionalAssociationManagement
WARN: HHH90000029: The [management of bidirectional persistent association 
attributes] configuration is deprecated and will be removed. Set the value to 
[false] to get rid of this warning
May 21, 2026 6:55:21 PM org.hibernate.bytecode.enhance.internal.bytebuddy.BiDir
ectionalAssociationHandler getTargetEntityClass
INFO: HHH90009032: Bidirectional association not managed for field 
[com.forgeStackk.EduResolve.entity.Complaint.createdAt]: Could not find target 
type
May 21, 2026 6:55:21 PM org.hibernate.orm.tooling.maven.EnhancementContext 
doBiDirectionalAssociationManagement
WARN: HHH90000029: The [management of bidirectional persistent association 
attributes] configuration is deprecated and will be removed. Set the value to 
[false] to get rid of this warning
May 21, 2026 6:55:21 PM org.hibernate.bytecode.enhance.internal.bytebuddy.BiDir
ectionalAssociationHandler getTargetEntityClass
INFO: HHH90009032: Bidirectional association not managed for field 
[com.forgeStackk.EduResolve.entity.Complaint.updatedAt]: Could not find target 
type
[INFO] Succesfully cleared the contents of file: C:\Users\erabh\OneDrive\Desktop\learningNinjas\EduResolve_Backend\target\classes\com\forgeStackk\EduResolve\entity\Complaint.class
[INFO] Succesfully enhanced class file: C:\Users\erabh\OneDrive\Desktop\learningNinjas\EduResolve_Backend\target\classes\com\forgeStackk\EduResolve\entity\Complaint.class
[INFO] Skipping file: C:\Users\erabh\OneDrive\Desktop\learningNinjas\EduResolve_Backend\target\classes\com\forgeStackk\EduResolve\entity\ContentBlock$BlockType.class
May 21, 2026 6:55:21 PM org.hibernate.orm.tooling.maven.EnhancementContext 
doBiDirectionalAssociationManagement
WARN: HHH90000029: The [management of bidirectional persistent association 
attributes] configuration is deprecated and will be removed. Set the value to 
[false] to get rid of this warning
May 21, 2026 6:55:21 PM org.hibernate.bytecode.enhance.internal.bytebuddy.BiDir
ectionalAssociationHandler getTargetEntityClass
INFO: HHH90009032: Bidirectional association not managed for field 
[com.forgeStackk.EduResolve.entity.ContentBlock.id]: Could not find target type
May 21, 2026 6:55:21 PM org.hibernate.orm.tooling.maven.EnhancementContext 
doBiDirectionalAssociationManagement
WARN: HHH90000029: The [management of bidirectional persistent association 
attributes] configuration is deprecated and will be removed. Set the value to 
[false] to get rid of this warning
May 21, 2026 6:55:21 PM org.hibernate.bytecode.enhance.internal.bytebuddy.BiDir
ectionalAssociationHandler getTargetEntityClass
INFO: HHH90009032: Bidirectional association not managed for field 
[com.forgeStackk.EduResolve.entity.ContentBlock.chapterId]: Could not find 
target type
May 21, 2026 6:55:21 PM org.hibernate.orm.tooling.maven.EnhancementContext 
doBiDirectionalAssociationManagement
WARN: HHH90000029: The [management of bidirectional persistent association 
attributes] configuration is deprecated and will be removed. Set the value to 
[false] to get rid of this warning
May 21, 2026 6:55:21 PM org.hibernate.bytecode.enhance.internal.bytebuddy.BiDir
ectionalAssociationHandler getTargetEntityClass
INFO: HHH90009032: Bidirectional association not managed for field 
[com.forgeStackk.EduResolve.entity.ContentBlock.blockType]: Could not find 
target type
May 21, 2026 6:55:21 PM org.hibernate.orm.tooling.maven.EnhancementContext 
doBiDirectionalAssociationManagement
WARN: HHH90000029: The [management of bidirectional persistent association 
attributes] configuration is deprecated and will be removed. Set the value to 
[false] to get rid of this warning
May 21, 2026 6:55:21 PM org.hibernate.bytecode.enhance.internal.bytebuddy.BiDir
ectionalAssociationHandler getTargetEntityClass
INFO: HHH90009032: Bidirectional association not managed for field 
[com.forgeStackk.EduResolve.entity.ContentBlock.contentText]: Could not find 
target type
May 21, 2026 6:55:21 PM org.hibernate.orm.tooling.maven.EnhancementContext 
doBiDirectionalAssociationManagement
WARN: HHH90000029: The [management of bidirectional persistent association 
attributes] configuration is deprecated and will be removed. Set the value to 
[false] to get rid of this warning
May 21, 2026 6:55:21 PM org.hibernate.bytecode.enhance.internal.bytebuddy.BiDir
ectionalAssociationHandler getTargetEntityClass
INFO: HHH90009032: Bidirectional association not managed for field 
[com.forgeStackk.EduResolve.entity.ContentBlock.imageUrl]: Could not find 
target type
May 21, 2026 6:55:21 PM org.hibernate.orm.tooling.maven.EnhancementContext 
doBiDirectionalAssociationManagement
WARN: HHH90000029: The [management of bidirectional persistent association 
attributes] configuration is deprecated and will be removed. Set the value to 
[false] to get rid of this warning
May 21, 2026 6:55:21 PM org.hibernate.bytecode.enhance.internal.bytebuddy.BiDir
ectionalAssociationHandler getTargetEntityClass
INFO: HHH90009032: Bidirectional association not managed for field 
[com.forgeStackk.EduResolve.entity.ContentBlock.imageFilename]: Could not find 
target type
May 21, 2026 6:55:21 PM org.hibernate.orm.tooling.maven.EnhancementContext 
doBiDirectionalAssociationManagement
WARN: HHH90000029: The [management of bidirectional persistent association 
attributes] configuration is deprecated and will be removed. Set the value to 
[false] to get rid of this warning
May 21, 2026 6:55:21 PM org.hibernate.bytecode.enhance.internal.bytebuddy.BiDir
ectionalAssociationHandler getTargetEntityClass
INFO: HHH90009032: Bidirectional association not managed for field 
[com.forgeStackk.EduResolve.entity.ContentBlock.orderIndex]: Could not find 
target type
May 21, 2026 6:55:21 PM org.hibernate.orm.tooling.maven.EnhancementContext 
doBiDirectionalAssociationManagement
WARN: HHH90000029: The [management of bidirectional persistent association 
attributes] configuration is deprecated and will be removed. Set the value to 
[false] to get rid of this warning
May 21, 2026 6:55:21 PM org.hibernate.bytecode.enhance.internal.bytebuddy.BiDir
ectionalAssociationHandler getTargetEntityClass
INFO: HHH90009032: Bidirectional association not managed for field 
[com.forgeStackk.EduResolve.entity.ContentBlock.heading]: Could not find 
target type
May 21, 2026 6:55:21 PM org.hibernate.orm.tooling.maven.EnhancementContext 
doBiDirectionalAssociationManagement
WARN: HHH90000029: The [management of bidirectional persistent association 
attributes] configuration is deprecated and will be removed. Set the value to 
[false] to get rid of this warning
May 21, 2026 6:55:21 PM org.hibernate.bytecode.enhance.internal.bytebuddy.BiDir
ectionalAssociationHandler getTargetEntityClass
INFO: HHH90009032: Bidirectional association not managed for field 
[com.forgeStackk.EduResolve.entity.ContentBlock.pageNumber]: Could not find 
target type
[INFO] Succesfully cleared the contents of file: C:\Users\erabh\OneDrive\Desktop\learningNinjas\EduResolve_Backend\target\classes\com\forgeStackk\EduResolve\entity\ContentBlock.class
[INFO] Succesfully enhanced class file: C:\Users\erabh\OneDrive\Desktop\learningNinjas\EduResolve_Backend\target\classes\com\forgeStackk\EduResolve\entity\ContentBlock.class
[INFO] Skipping file: C:\Users\erabh\OneDrive\Desktop\learningNinjas\EduResolve_Backend\target\classes\com\forgeStackk\EduResolve\entity\ContentChunk$ChunkType.class
May 21, 2026 6:55:21 PM org.hibernate.orm.tooling.maven.EnhancementContext 
doBiDirectionalAssociationManagement
WARN: HHH90000029: The [management of bidirectional persistent association 
attributes] configuration is deprecated and will be removed. Set the value to 
[false] to get rid of this warning
May 21, 2026 6:55:21 PM org.hibernate.bytecode.enhance.internal.bytebuddy.BiDir
ectionalAssociationHandler getTargetEntityClass
INFO: HHH90009032: Bidirectional association not managed for field 
[com.forgeStackk.EduResolve.entity.ContentChunk.id]: Could not find target type
May 21, 2026 6:55:21 PM org.hibernate.orm.tooling.maven.EnhancementContext 
doBiDirectionalAssociationManagement
WARN: HHH90000029: The [management of bidirectional persistent association 
attributes] configuration is deprecated and will be removed. Set the value to 
[false] to get rid of this warning
May 21, 2026 6:55:21 PM org.hibernate.bytecode.enhance.internal.bytebuddy.BiDir
ectionalAssociationHandler getTargetEntityClass
INFO: HHH90009032: Bidirectional association not managed for field 
[com.forgeStackk.EduResolve.entity.ContentChunk.topicId]: Could not find 
target type
May 21, 2026 6:55:21 PM org.hibernate.orm.tooling.maven.EnhancementContext 
doBiDirectionalAssociationManagement
WARN: HHH90000029: The [management of bidirectional persistent association 
attributes] configuration is deprecated and will be removed. Set the value to 
[false] to get rid of this warning
May 21, 2026 6:55:21 PM org.hibernate.bytecode.enhance.internal.bytebuddy.BiDir
ectionalAssociationHandler getTargetEntityClass
INFO: HHH90009032: Bidirectional association not managed for field 
[com.forgeStackk.EduResolve.entity.ContentChunk.chunkType]: Could not find 
target type
May 21, 2026 6:55:21 PM org.hibernate.orm.tooling.maven.EnhancementContext 
doBiDirectionalAssociationManagement
WARN: HHH90000029: The [management of bidirectional persistent association 
attributes] configuration is deprecated and will be removed. Set the value to 
[false] to get rid of this warning
May 21, 2026 6:55:21 PM org.hibernate.bytecode.enhance.internal.bytebuddy.BiDir
ectionalAssociationHandler getTargetEntityClass
INFO: HHH90009032: Bidirectional association not managed for field 
[com.forgeStackk.EduResolve.entity.ContentChunk.language]: Could not find 
target type
May 21, 2026 6:55:21 PM org.hibernate.orm.tooling.maven.EnhancementContext 
doBiDirectionalAssociationManagement
WARN: HHH90000029: The [management of bidirectional persistent association 
attributes] configuration is deprecated and will be removed. Set the value to 
[false] to get rid of this warning
May 21, 2026 6:55:21 PM org.hibernate.bytecode.enhance.internal.bytebuddy.BiDir
ectionalAssociationHandler getTargetEntityClass
INFO: HHH90009032: Bidirectional association not managed for field 
[com.forgeStackk.EduResolve.entity.ContentChunk.title]: Could not find target 
type
May 21, 2026 6:55:21 PM org.hibernate.orm.tooling.maven.EnhancementContext 
doBiDirectionalAssociationManagement
WARN: HHH90000029: The [management of bidirectional persistent association 
attributes] configuration is deprecated and will be removed. Set the value to 
[false] to get rid of this warning
May 21, 2026 6:55:21 PM org.hibernate.bytecode.enhance.internal.bytebuddy.BiDir
ectionalAssociationHandler getTargetEntityClass
INFO: HHH90009032: Bidirectional association not managed for field 
[com.forgeStackk.EduResolve.entity.ContentChunk.body]: Could not find target 
type
May 21, 2026 6:55:21 PM org.hibernate.orm.tooling.maven.EnhancementContext 
doBiDirectionalAssociationManagement
WARN: HHH90000029: The [management of bidirectional persistent association 
attributes] configuration is deprecated and will be removed. Set the value to 
[false] to get rid of this warning
May 21, 2026 6:55:21 PM org.hibernate.bytecode.enhance.internal.bytebuddy.BiDir
ectionalAssociationHandler getTargetEntityClass
INFO: HHH90009032: Bidirectional association not managed for field 
[com.forgeStackk.EduResolve.entity.ContentChunk.orderIndex]: Could not find 
target type
May 21, 2026 6:55:21 PM org.hibernate.orm.tooling.maven.EnhancementContext 
doBiDirectionalAssociationManagement
WARN: HHH90000029: The [management of bidirectional persistent association 
attributes] configuration is deprecated and will be removed. Set the value to 
[false] to get rid of this warning
May 21, 2026 6:55:21 PM org.hibernate.bytecode.enhance.internal.bytebuddy.BiDir
ectionalAssociationHandler getTargetEntityClass
INFO: HHH90009032: Bidirectional association not managed for field 
[com.forgeStackk.EduResolve.entity.ContentChunk.source]: Could not find target 
type
May 21, 2026 6:55:21 PM org.hibernate.orm.tooling.maven.EnhancementContext 
doBiDirectionalAssociationManagement
WARN: HHH90000029: The [management of bidirectional persistent association 
attributes] configuration is deprecated and will be removed. Set the value to 
[false] to get rid of this warning
May 21, 2026 6:55:21 PM org.hibernate.bytecode.enhance.internal.bytebuddy.BiDir
ectionalAssociationHandler getTargetEntityClass
INFO: HHH90009032: Bidirectional association not managed for field 
[com.forgeStackk.EduResolve.entity.ContentChunk.imageUrl]: Could not find 
target type
May 21, 2026 6:55:21 PM org.hibernate.orm.tooling.maven.EnhancementContext 
doBiDirectionalAssociationManagement
WARN: HHH90000029: The [management of bidirectional persistent association 
attributes] configuration is deprecated and will be removed. Set the value to 
[false] to get rid of this warning
May 21, 2026 6:55:21 PM org.hibernate.bytecode.enhance.internal.bytebuddy.BiDir
ectionalAssociationHandler getTargetEntityClass
INFO: HHH90009032: Bidirectional association not managed for field 
[com.forgeStackk.EduResolve.entity.ContentChunk.createdAt]: Could not find 
target type
[INFO] Succesfully cleared the contents of file: C:\Users\erabh\OneDrive\Desktop\learningNinjas\EduResolve_Backend\target\classes\com\forgeStackk\EduResolve\entity\ContentChunk.class
[INFO] Succesfully enhanced class file: C:\Users\erabh\OneDrive\Desktop\learningNinjas\EduResolve_Backend\target\classes\com\forgeStackk\EduResolve\entity\ContentChunk.class
May 21, 2026 6:55:21 PM org.hibernate.orm.tooling.maven.EnhancementContext 
doBiDirectionalAssociationManagement
WARN: HHH90000029: The [management of bidirectional persistent association 
attributes] configuration is deprecated and will be removed. Set the value to 
[false] to get rid of this warning
May 21, 2026 6:55:21 PM org.hibernate.bytecode.enhance.internal.bytebuddy.BiDir
ectionalAssociationHandler getTargetEntityClass
INFO: HHH90009032: Bidirectional association not managed for field 
[com.forgeStackk.EduResolve.entity.Doubt.id]: Could not find target type
May 21, 2026 6:55:21 PM org.hibernate.orm.tooling.maven.EnhancementContext 
doBiDirectionalAssociationManagement
WARN: HHH90000029: The [management of bidirectional persistent association 
attributes] configuration is deprecated and will be removed. Set the value to 
[false] to get rid of this warning
May 21, 2026 6:55:21 PM org.hibernate.bytecode.enhance.internal.bytebuddy.BiDir
ectionalAssociationHandler getTargetEntityClass
INFO: HHH90009032: Bidirectional association not managed for field 
[com.forgeStackk.EduResolve.entity.Doubt.studentId]: Could not find target type
May 21, 2026 6:55:21 PM org.hibernate.orm.tooling.maven.EnhancementContext 
doBiDirectionalAssociationManagement
WARN: HHH90000029: The [management of bidirectional persistent association 
attributes] configuration is deprecated and will be removed. Set the value to 
[false] to get rid of this warning
May 21, 2026 6:55:21 PM org.hibernate.bytecode.enhance.internal.bytebuddy.BiDir
ectionalAssociationHandler getTargetEntityClass
INFO: HHH90009032: Bidirectional association not managed for field 
[com.forgeStackk.EduResolve.entity.Doubt.query]: Could not find target type
May 21, 2026 6:55:21 PM org.hibernate.orm.tooling.maven.EnhancementContext 
doBiDirectionalAssociationManagement
WARN: HHH90000029: The [management of bidirectional persistent association 
attributes] configuration is deprecated and will be removed. Set the value to 
[false] to get rid of this warning
May 21, 2026 6:55:21 PM org.hibernate.bytecode.enhance.internal.bytebuddy.BiDir
ectionalAssociationHandler getTargetEntityClass
INFO: HHH90009032: Bidirectional association not managed for field 
[com.forgeStackk.EduResolve.entity.Doubt.answer]: Could not find target type
May 21, 2026 6:55:21 PM org.hibernate.orm.tooling.maven.EnhancementContext 
doBiDirectionalAssociationManagement
WARN: HHH90000029: The [management of bidirectional persistent association 
attributes] configuration is deprecated and will be removed. Set the value to 
[false] to get rid of this warning
May 21, 2026 6:55:21 PM org.hibernate.bytecode.enhance.internal.bytebuddy.BiDir
ectionalAssociationHandler getTargetEntityClass
INFO: HHH90009032: Bidirectional association not managed for field 
[com.forgeStackk.EduResolve.entity.Doubt.isHelpful]: Could not find target type
May 21, 2026 6:55:21 PM org.hibernate.orm.tooling.maven.EnhancementContext 
doBiDirectionalAssociationManagement
WARN: HHH90000029: The [management of bidirectional persistent association 
attributes] configuration is deprecated and will be removed. Set the value to 
[false] to get rid of this warning
May 21, 2026 6:55:21 PM org.hibernate.bytecode.enhance.internal.bytebuddy.BiDir
ectionalAssociationHandler getTargetEntityClass
INFO: HHH90009032: Bidirectional association not managed for field 
[com.forgeStackk.EduResolve.entity.Doubt.subject]: Could not find target type
May 21, 2026 6:55:21 PM org.hibernate.orm.tooling.maven.EnhancementContext 
doBiDirectionalAssociationManagement
WARN: HHH90000029: The [management of bidirectional persistent association 
attributes] configuration is deprecated and will be removed. Set the value to 
[false] to get rid of this warning
May 21, 2026 6:55:21 PM org.hibernate.bytecode.enhance.internal.bytebuddy.BiDir
ectionalAssociationHandler getTargetEntityClass
INFO: HHH90009032: Bidirectional association not managed for field 
[com.forgeStackk.EduResolve.entity.Doubt.createdAt]: Could not find target type
[INFO] Succesfully cleared the contents of file: C:\Users\erabh\OneDrive\Desktop\learningNinjas\EduResolve_Backend\target\classes\com\forgeStackk\EduResolve\entity\Doubt.class
[INFO] Succesfully enhanced class file: C:\Users\erabh\OneDrive\Desktop\learningNinjas\EduResolve_Backend\target\classes\com\forgeStackk\EduResolve\entity\Doubt.class
May 21, 2026 6:55:21 PM org.hibernate.orm.tooling.maven.EnhancementContext 
doBiDirectionalAssociationManagement
WARN: HHH90000029: The [management of bidirectional persistent association 
attributes] configuration is deprecated and will be removed. Set the value to 
[false] to get rid of this warning
May 21, 2026 6:55:21 PM org.hibernate.bytecode.enhance.internal.bytebuddy.BiDir
ectionalAssociationHandler getTargetEntityClass
INFO: HHH90009032: Bidirectional association not managed for field 
[com.forgeStackk.EduResolve.entity.DoubtCache.id]: Could not find target type
May 21, 2026 6:55:21 PM org.hibernate.orm.tooling.maven.EnhancementContext 
doBiDirectionalAssociationManagement
WARN: HHH90000029: The [management of bidirectional persistent association 
attributes] configuration is deprecated and will be removed. Set the value to 
[false] to get rid of this warning
May 21, 2026 6:55:21 PM org.hibernate.bytecode.enhance.internal.bytebuddy.BiDir
ectionalAssociationHandler getTargetEntityClass
INFO: HHH90009032: Bidirectional association not managed for field 
[com.forgeStackk.EduResolve.entity.DoubtCache.queryHash]: Could not find 
target type
May 21, 2026 6:55:21 PM org.hibernate.orm.tooling.maven.EnhancementContext 
doBiDirectionalAssociationManagement
WARN: HHH90000029: The [management of bidirectional persistent association 
attributes] configuration is deprecated and will be removed. Set the value to 
[false] to get rid of this warning
May 21, 2026 6:55:21 PM org.hibernate.bytecode.enhance.internal.bytebuddy.BiDir
ectionalAssociationHandler getTargetEntityClass
INFO: HHH90009032: Bidirectional association not managed for field 
[com.forgeStackk.EduResolve.entity.DoubtCache.normalizedQuery]: Could not find 
target type
May 21, 2026 6:55:21 PM org.hibernate.orm.tooling.maven.EnhancementContext 
doBiDirectionalAssociationManagement
WARN: HHH90000029: The [management of bidirectional persistent association 
attributes] configuration is deprecated and will be removed. Set the value to 
[false] to get rid of this warning
May 21, 2026 6:55:21 PM org.hibernate.bytecode.enhance.internal.bytebuddy.BiDir
ectionalAssociationHandler getTargetEntityClass
INFO: HHH90009032: Bidirectional association not managed for field 
[com.forgeStackk.EduResolve.entity.DoubtCache.answer]: Could not find target 
type
May 21, 2026 6:55:21 PM org.hibernate.orm.tooling.maven.EnhancementContext 
doBiDirectionalAssociationManagement
WARN: HHH90000029: The [management of bidirectional persistent association 
attributes] configuration is deprecated and will be removed. Set the value to 
[false] to get rid of this warning
May 21, 2026 6:55:21 PM org.hibernate.bytecode.enhance.internal.bytebuddy.BiDir
ectionalAssociationHandler getTargetEntityClass
INFO: HHH90009032: Bidirectional association not managed for field 
[com.forgeStackk.EduResolve.entity.DoubtCache.language]: Could not find target 
type
May 21, 2026 6:55:21 PM org.hibernate.orm.tooling.maven.EnhancementContext 
doBiDirectionalAssociationManagement
WARN: HHH90000029: The [management of bidirectional persistent association 
attributes] configuration is deprecated and will be removed. Set the value to 
[false] to get rid of this warning
May 21, 2026 6:55:21 PM org.hibernate.bytecode.enhance.internal.bytebuddy.BiDir
ectionalAssociationHandler getTargetEntityClass
INFO: HHH90009032: Bidirectional association not managed for field 
[com.forgeStackk.EduResolve.entity.DoubtCache.subject]: Could not find target 
type
May 21, 2026 6:55:21 PM org.hibernate.orm.tooling.maven.EnhancementContext 
doBiDirectionalAssociationManagement
WARN: HHH90000029: The [management of bidirectional persistent association 
attributes] configuration is deprecated and will be removed. Set the value to 
[false] to get rid of this warning
May 21, 2026 6:55:21 PM org.hibernate.bytecode.enhance.internal.bytebuddy.BiDir
ectionalAssociationHandler getTargetEntityClass
INFO: HHH90009032: Bidirectional association not managed for field 
[com.forgeStackk.EduResolve.entity.DoubtCache.source]: Could not find target 
type
May 21, 2026 6:55:21 PM org.hibernate.orm.tooling.maven.EnhancementContext 
doBiDirectionalAssociationManagement
WARN: HHH90000029: The [management of bidirectional persistent association 
attributes] configuration is deprecated and will be removed. Set the value to 
[false] to get rid of this warning
May 21, 2026 6:55:21 PM org.hibernate.bytecode.enhance.internal.bytebuddy.BiDir
ectionalAssociationHandler getTargetEntityClass
INFO: HHH90009032: Bidirectional association not managed for field 
[com.forgeStackk.EduResolve.entity.DoubtCache.hitCount]: Could not find target 
type
May 21, 2026 6:55:21 PM org.hibernate.orm.tooling.maven.EnhancementContext 
doBiDirectionalAssociationManagement
WARN: HHH90000029: The [management of bidirectional persistent association 
attributes] configuration is deprecated and will be removed. Set the value to 
[false] to get rid of this warning
May 21, 2026 6:55:21 PM org.hibernate.bytecode.enhance.internal.bytebuddy.BiDir
ectionalAssociationHandler getTargetEntityClass
INFO: HHH90009032: Bidirectional association not managed for field 
[com.forgeStackk.EduResolve.entity.DoubtCache.createdAt]: Could not find 
target type
May 21, 2026 6:55:21 PM org.hibernate.orm.tooling.maven.EnhancementContext 
doBiDirectionalAssociationManagement
WARN: HHH90000029: The [management of bidirectional persistent association 
attributes] configuration is deprecated and will be removed. Set the value to 
[false] to get rid of this warning
May 21, 2026 6:55:21 PM org.hibernate.bytecode.enhance.internal.bytebuddy.BiDir
ectionalAssociationHandler getTargetEntityClass
INFO: HHH90009032: Bidirectional association not managed for field 
[com.forgeStackk.EduResolve.entity.DoubtCache.lastHitAt]: Could not find 
target type
[INFO] Succesfully cleared the contents of file: C:\Users\erabh\OneDrive\Desktop\learningNinjas\EduResolve_Backend\target\classes\com\forgeStackk\EduResolve\entity\DoubtCache.class
[INFO] Succesfully enhanced class file: C:\Users\erabh\OneDrive\Desktop\learningNinjas\EduResolve_Backend\target\classes\com\forgeStackk\EduResolve\entity\DoubtCache.class
[INFO] Skipping file: C:\Users\erabh\OneDrive\Desktop\learningNinjas\EduResolve_Backend\target\classes\com\forgeStackk\EduResolve\entity\Fee$Status.class
May 21, 2026 6:55:21 PM org.hibernate.orm.tooling.maven.EnhancementContext 
doBiDirectionalAssociationManagement
WARN: HHH90000029: The [management of bidirectional persistent association 
attributes] configuration is deprecated and will be removed. Set the value to 
[false] to get rid of this warning
May 21, 2026 6:55:21 PM org.hibernate.bytecode.enhance.internal.bytebuddy.BiDir
ectionalAssociationHandler getTargetEntityClass
INFO: HHH90009032: Bidirectional association not managed for field 
[com.forgeStackk.EduResolve.entity.Fee.id]: Could not find target type
May 21, 2026 6:55:21 PM org.hibernate.orm.tooling.maven.EnhancementContext 
doBiDirectionalAssociationManagement
WARN: HHH90000029: The [management of bidirectional persistent association 
attributes] configuration is deprecated and will be removed. Set the value to 
[false] to get rid of this warning
May 21, 2026 6:55:21 PM org.hibernate.bytecode.enhance.internal.bytebuddy.BiDir
ectionalAssociationHandler getTargetEntityClass
INFO: HHH90009032: Bidirectional association not managed for field 
[com.forgeStackk.EduResolve.entity.Fee.studentId]: Could not find target type
May 21, 2026 6:55:21 PM org.hibernate.orm.tooling.maven.EnhancementContext 
doBiDirectionalAssociationManagement
WARN: HHH90000029: The [management of bidirectional persistent association 
attributes] configuration is deprecated and will be removed. Set the value to 
[false] to get rid of this warning
May 21, 2026 6:55:21 PM org.hibernate.bytecode.enhance.internal.bytebuddy.BiDir
ectionalAssociationHandler getTargetEntityClass
INFO: HHH90009032: Bidirectional association not managed for field 
[com.forgeStackk.EduResolve.entity.Fee.studentName]: Could not find target type
May 21, 2026 6:55:21 PM org.hibernate.orm.tooling.maven.EnhancementContext 
doBiDirectionalAssociationManagement
WARN: HHH90000029: The [management of bidirectional persistent association 
attributes] configuration is deprecated and will be removed. Set the value to 
[false] to get rid of this warning
May 21, 2026 6:55:21 PM org.hibernate.bytecode.enhance.internal.bytebuddy.BiDir
ectionalAssociationHandler getTargetEntityClass
INFO: HHH90009032: Bidirectional association not managed for field 
[com.forgeStackk.EduResolve.entity.Fee.className]: Could not find target type
May 21, 2026 6:55:21 PM org.hibernate.orm.tooling.maven.EnhancementContext 
doBiDirectionalAssociationManagement
WARN: HHH90000029: The [management of bidirectional persistent association 
attributes] configuration is deprecated and will be removed. Set the value to 
[false] to get rid of this warning
May 21, 2026 6:55:21 PM org.hibernate.bytecode.enhance.internal.bytebuddy.BiDir
ectionalAssociationHandler getTargetEntityClass
INFO: HHH90009032: Bidirectional association not managed for field 
[com.forgeStackk.EduResolve.entity.Fee.phone]: Could not find target type
May 21, 2026 6:55:21 PM org.hibernate.orm.tooling.maven.EnhancementContext 
doBiDirectionalAssociationManagement
WARN: HHH90000029: The [management of bidirectional persistent association 
attributes] configuration is deprecated and will be removed. Set the value to 
[false] to get rid of this warning
May 21, 2026 6:55:21 PM org.hibernate.bytecode.enhance.internal.bytebuddy.BiDir
ectionalAssociationHandler getTargetEntityClass
INFO: HHH90009032: Bidirectional association not managed for field 
[com.forgeStackk.EduResolve.entity.Fee.amount]: Could not find target type
May 21, 2026 6:55:21 PM org.hibernate.orm.tooling.maven.EnhancementContext 
doBiDirectionalAssociationManagement
WARN: HHH90000029: The [management of bidirectional persistent association 
attributes] configuration is deprecated and will be removed. Set the value to 
[false] to get rid of this warning
May 21, 2026 6:55:21 PM org.hibernate.bytecode.enhance.internal.bytebuddy.BiDir
ectionalAssociationHandler getTargetEntityClass
INFO: HHH90009032: Bidirectional association not managed for field 
[com.forgeStackk.EduResolve.entity.Fee.dueDate]: Could not find target type
May 21, 2026 6:55:21 PM org.hibernate.orm.tooling.maven.EnhancementContext 
doBiDirectionalAssociationManagement
WARN: HHH90000029: The [management of bidirectional persistent association 
attributes] configuration is deprecated and will be removed. Set the value to 
[false] to get rid of this warning
May 21, 2026 6:55:21 PM org.hibernate.bytecode.enhance.internal.bytebuddy.BiDir
ectionalAssociationHandler getTargetEntityClass
INFO: HHH90009032: Bidirectional association not managed for field 
[com.forgeStackk.EduResolve.entity.Fee.status]: Could not find target type
May 21, 2026 6:55:21 PM org.hibernate.orm.tooling.maven.EnhancementContext 
doBiDirectionalAssociationManagement
WARN: HHH90000029: The [management of bidirectional persistent association 
attributes] configuration is deprecated and will be removed. Set the value to 
[false] to get rid of this warning
May 21, 2026 6:55:21 PM org.hibernate.bytecode.enhance.internal.bytebuddy.BiDir
ectionalAssociationHandler getTargetEntityClass
INFO: HHH90009032: Bidirectional association not managed for field 
[com.forgeStackk.EduResolve.entity.Fee.lastReminderAt]: Could not find target 
type
[INFO] Succesfully cleared the contents of file: C:\Users\erabh\OneDrive\Desktop\learningNinjas\EduResolve_Backend\target\classes\com\forgeStackk\EduResolve\entity\Fee.class
[INFO] Succesfully enhanced class file: C:\Users\erabh\OneDrive\Desktop\learningNinjas\EduResolve_Backend\target\classes\com\forgeStackk\EduResolve\entity\Fee.class
May 21, 2026 6:55:21 PM org.hibernate.orm.tooling.maven.EnhancementContext 
doBiDirectionalAssociationManagement
WARN: HHH90000029: The [management of bidirectional persistent association 
attributes] configuration is deprecated and will be removed. Set the value to 
[false] to get rid of this warning
May 21, 2026 6:55:21 PM org.hibernate.bytecode.enhance.internal.bytebuddy.BiDir
ectionalAssociationHandler getTargetEntityClass
INFO: HHH90009032: Bidirectional association not managed for field 
[com.forgeStackk.EduResolve.entity.Homework.id]: Could not find target type
May 21, 2026 6:55:21 PM org.hibernate.orm.tooling.maven.EnhancementContext 
doBiDirectionalAssociationManagement
WARN: HHH90000029: The [management of bidirectional persistent association 
attributes] configuration is deprecated and will be removed. Set the value to 
[false] to get rid of this warning
May 21, 2026 6:55:21 PM org.hibernate.bytecode.enhance.internal.bytebuddy.BiDir
ectionalAssociationHandler getTargetEntityClass
INFO: HHH90009032: Bidirectional association not managed for field 
[com.forgeStackk.EduResolve.entity.Homework.title]: Could not find target type
May 21, 2026 6:55:21 PM org.hibernate.orm.tooling.maven.EnhancementContext 
doBiDirectionalAssociationManagement
WARN: HHH90000029: The [management of bidirectional persistent association 
attributes] configuration is deprecated and will be removed. Set the value to 
[false] to get rid of this warning
May 21, 2026 6:55:21 PM org.hibernate.bytecode.enhance.internal.bytebuddy.BiDir
ectionalAssociationHandler getTargetEntityClass
INFO: HHH90009032: Bidirectional association not managed for field 
[com.forgeStackk.EduResolve.entity.Homework.description]: Could not find 
target type
May 21, 2026 6:55:21 PM org.hibernate.orm.tooling.maven.EnhancementContext 
doBiDirectionalAssociationManagement
WARN: HHH90000029: The [management of bidirectional persistent association 
attributes] configuration is deprecated and will be removed. Set the value to 
[false] to get rid of this warning
May 21, 2026 6:55:21 PM org.hibernate.bytecode.enhance.internal.bytebuddy.BiDir
ectionalAssociationHandler getTargetEntityClass
INFO: HHH90009032: Bidirectional association not managed for field 
[com.forgeStackk.EduResolve.entity.Homework.dueDate]: Could not find target 
type
May 21, 2026 6:55:21 PM org.hibernate.orm.tooling.maven.EnhancementContext 
doBiDirectionalAssociationManagement
WARN: HHH90000029: The [management of bidirectional persistent association 
attributes] configuration is deprecated and will be removed. Set the value to 
[false] to get rid of this warning
May 21, 2026 6:55:21 PM org.hibernate.bytecode.enhance.internal.bytebuddy.BiDir
ectionalAssociationHandler getTargetEntityClass
INFO: HHH90009032: Bidirectional association not managed for field 
[com.forgeStackk.EduResolve.entity.Homework.hasAttachment]: Could not find 
target type
May 21, 2026 6:55:21 PM org.hibernate.orm.tooling.maven.EnhancementContext 
doBiDirectionalAssociationManagement
WARN: HHH90000029: The [management of bidirectional persistent association 
attributes] configuration is deprecated and will be removed. Set the value to 
[false] to get rid of this warning
May 21, 2026 6:55:21 PM org.hibernate.bytecode.enhance.internal.bytebuddy.BiDir
ectionalAssociationHandler getTargetEntityClass
INFO: HHH90009032: Bidirectional association not managed for field 
[com.forgeStackk.EduResolve.entity.Homework.teacherId]: Could not find target 
type
May 21, 2026 6:55:21 PM org.hibernate.orm.tooling.maven.EnhancementContext 
doBiDirectionalAssociationManagement
WARN: HHH90000029: The [management of bidirectional persistent association 
attributes] configuration is deprecated and will be removed. Set the value to 
[false] to get rid of this warning
May 21, 2026 6:55:21 PM org.hibernate.bytecode.enhance.internal.bytebuddy.BiDir
ectionalAssociationHandler getTargetEntityClass
INFO: HHH90009032: Bidirectional association not managed for field 
[com.forgeStackk.EduResolve.entity.Homework.className]: Could not find target 
type
May 21, 2026 6:55:21 PM org.hibernate.orm.tooling.maven.EnhancementContext 
doBiDirectionalAssociationManagement
WARN: HHH90000029: The [management of bidirectional persistent association 
attributes] configuration is deprecated and will be removed. Set the value to 
[false] to get rid of this warning
May 21, 2026 6:55:21 PM org.hibernate.bytecode.enhance.internal.bytebuddy.BiDir
ectionalAssociationHandler getTargetEntityClass
INFO: HHH90009032: Bidirectional association not managed for field 
[com.forgeStackk.EduResolve.entity.Homework.subject]: Could not find target 
type
May 21, 2026 6:55:21 PM org.hibernate.orm.tooling.maven.EnhancementContext 
doBiDirectionalAssociationManagement
WARN: HHH90000029: The [management of bidirectional persistent association 
attributes] configuration is deprecated and will be removed. Set the value to 
[false] to get rid of this warning
May 21, 2026 6:55:21 PM org.hibernate.bytecode.enhance.internal.bytebuddy.BiDir
ectionalAssociationHandler getTargetEntityClass
INFO: HHH90009032: Bidirectional association not managed for field 
[com.forgeStackk.EduResolve.entity.Homework.createdAt]: Could not find target 
type
[INFO] Succesfully cleared the contents of file: C:\Users\erabh\OneDrive\Desktop\learningNinjas\EduResolve_Backend\target\classes\com\forgeStackk\EduResolve\entity\Homework.class
[INFO] Succesfully enhanced class file: C:\Users\erabh\OneDrive\Desktop\learningNinjas\EduResolve_Backend\target\classes\com\forgeStackk\EduResolve\entity\Homework.class
May 21, 2026 6:55:21 PM org.hibernate.orm.tooling.maven.EnhancementContext 
doBiDirectionalAssociationManagement
WARN: HHH90000029: The [management of bidirectional persistent association 
attributes] configuration is deprecated and will be removed. Set the value to 
[false] to get rid of this warning
May 21, 2026 6:55:21 PM org.hibernate.bytecode.enhance.internal.bytebuddy.BiDir
ectionalAssociationHandler getTargetEntityClass
INFO: HHH90009032: Bidirectional association not managed for field 
[com.forgeStackk.EduResolve.entity.NcertBook.id]: Could not find target type
May 21, 2026 6:55:21 PM org.hibernate.orm.tooling.maven.EnhancementContext 
doBiDirectionalAssociationManagement
WARN: HHH90000029: The [management of bidirectional persistent association 
attributes] configuration is deprecated and will be removed. Set the value to 
[false] to get rid of this warning
May 21, 2026 6:55:21 PM org.hibernate.bytecode.enhance.internal.bytebuddy.BiDir
ectionalAssociationHandler getTargetEntityClass
INFO: HHH90009032: Bidirectional association not managed for field 
[com.forgeStackk.EduResolve.entity.NcertBook.classGrade]: Could not find 
target type
May 21, 2026 6:55:21 PM org.hibernate.orm.tooling.maven.EnhancementContext 
doBiDirectionalAssociationManagement
WARN: HHH90000029: The [management of bidirectional persistent association 
attributes] configuration is deprecated and will be removed. Set the value to 
[false] to get rid of this warning
May 21, 2026 6:55:21 PM org.hibernate.bytecode.enhance.internal.bytebuddy.BiDir
ectionalAssociationHandler getTargetEntityClass
INFO: HHH90009032: Bidirectional association not managed for field 
[com.forgeStackk.EduResolve.entity.NcertBook.subject]: Could not find target 
type
May 21, 2026 6:55:21 PM org.hibernate.orm.tooling.maven.EnhancementContext 
doBiDirectionalAssociationManagement
WARN: HHH90000029: The [management of bidirectional persistent association 
attributes] configuration is deprecated and will be removed. Set the value to 
[false] to get rid of this warning
May 21, 2026 6:55:21 PM org.hibernate.bytecode.enhance.internal.bytebuddy.BiDir
ectionalAssociationHandler getTargetEntityClass
INFO: HHH90009032: Bidirectional association not managed for field 
[com.forgeStackk.EduResolve.entity.NcertBook.title]: Could not find target type
May 21, 2026 6:55:21 PM org.hibernate.orm.tooling.maven.EnhancementContext 
doBiDirectionalAssociationManagement
WARN: HHH90000029: The [management of bidirectional persistent association 
attributes] configuration is deprecated and will be removed. Set the value to 
[false] to get rid of this warning
May 21, 2026 6:55:21 PM org.hibernate.bytecode.enhance.internal.bytebuddy.BiDir
ectionalAssociationHandler getTargetEntityClass
INFO: HHH90009032: Bidirectional association not managed for field 
[com.forgeStackk.EduResolve.entity.NcertBook.githubUrl]: Could not find target 
type
May 21, 2026 6:55:21 PM org.hibernate.orm.tooling.maven.EnhancementContext 
doBiDirectionalAssociationManagement
WARN: HHH90000029: The [management of bidirectional persistent association 
attributes] configuration is deprecated and will be removed. Set the value to 
[false] to get rid of this warning
May 21, 2026 6:55:21 PM org.hibernate.bytecode.enhance.internal.bytebuddy.BiDir
ectionalAssociationHandler getTargetEntityClass
INFO: HHH90009032: Bidirectional association not managed for field 
[com.forgeStackk.EduResolve.entity.NcertBook.githubRepo]: Could not find 
target type
May 21, 2026 6:55:21 PM org.hibernate.orm.tooling.maven.EnhancementContext 
doBiDirectionalAssociationManagement
WARN: HHH90000029: The [management of bidirectional persistent association 
attributes] configuration is deprecated and will be removed. Set the value to 
[false] to get rid of this warning
May 21, 2026 6:55:21 PM org.hibernate.bytecode.enhance.internal.bytebuddy.BiDir
ectionalAssociationHandler getTargetEntityClass
INFO: HHH90009032: Bidirectional association not managed for field 
[com.forgeStackk.EduResolve.entity.NcertBook.githubPath]: Could not find 
target type
May 21, 2026 6:55:21 PM org.hibernate.orm.tooling.maven.EnhancementContext 
doBiDirectionalAssociationManagement
WARN: HHH90000029: The [management of bidirectional persistent association 
attributes] configuration is deprecated and will be removed. Set the value to 
[false] to get rid of this warning
May 21, 2026 6:55:21 PM org.hibernate.bytecode.enhance.internal.bytebuddy.BiDir
ectionalAssociationHandler getTargetEntityClass
INFO: HHH90009032: Bidirectional association not managed for field 
[com.forgeStackk.EduResolve.entity.NcertBook.pdfFilename]: Could not find 
target type
May 21, 2026 6:55:21 PM org.hibernate.orm.tooling.maven.EnhancementContext 
doBiDirectionalAssociationManagement
WARN: HHH90000029: The [management of bidirectional persistent association 
attributes] configuration is deprecated and will be removed. Set the value to 
[false] to get rid of this warning
May 21, 2026 6:55:21 PM org.hibernate.bytecode.enhance.internal.bytebuddy.BiDir
ectionalAssociationHandler getTargetEntityClass
INFO: HHH90009032: Bidirectional association not managed for field 
[com.forgeStackk.EduResolve.entity.NcertBook.totalPages]: Could not find 
target type
May 21, 2026 6:55:21 PM org.hibernate.orm.tooling.maven.EnhancementContext 
doBiDirectionalAssociationManagement
WARN: HHH90000029: The [management of bidirectional persistent association 
attributes] configuration is deprecated and will be removed. Set the value to 
[false] to get rid of this warning
May 21, 2026 6:55:21 PM org.hibernate.bytecode.enhance.internal.bytebuddy.BiDir
ectionalAssociationHandler getTargetEntityClass
INFO: HHH90009032: Bidirectional association not managed for field 
[com.forgeStackk.EduResolve.entity.NcertBook.uploadedAt]: Could not find 
target type
May 21, 2026 6:55:21 PM org.hibernate.orm.tooling.maven.EnhancementContext 
doBiDirectionalAssociationManagement
WARN: HHH90000029: The [management of bidirectional persistent association 
attributes] configuration is deprecated and will be removed. Set the value to 
[false] to get rid of this warning
May 21, 2026 6:55:21 PM org.hibernate.bytecode.enhance.internal.bytebuddy.BiDir
ectionalAssociationHandler getTargetEntityClass
INFO: HHH90009032: Bidirectional association not managed for field 
[com.forgeStackk.EduResolve.entity.NcertBook.updatedAt]: Could not find target 
type
[INFO] Succesfully cleared the contents of file: C:\Users\erabh\OneDrive\Desktop\learningNinjas\EduResolve_Backend\target\classes\com\forgeStackk\EduResolve\entity\NcertBook.class
[INFO] Succesfully enhanced class file: C:\Users\erabh\OneDrive\Desktop\learningNinjas\EduResolve_Backend\target\classes\com\forgeStackk\EduResolve\entity\NcertBook.class
May 21, 2026 6:55:21 PM org.hibernate.orm.tooling.maven.EnhancementContext 
doBiDirectionalAssociationManagement
WARN: HHH90000029: The [management of bidirectional persistent association 
attributes] configuration is deprecated and will be removed. Set the value to 
[false] to get rid of this warning
May 21, 2026 6:55:21 PM org.hibernate.bytecode.enhance.internal.bytebuddy.BiDir
ectionalAssociationHandler getTargetEntityClass
INFO: HHH90009032: Bidirectional association not managed for field 
[com.forgeStackk.EduResolve.entity.NcertChapter.id]: Could not find target type
May 21, 2026 6:55:21 PM org.hibernate.orm.tooling.maven.EnhancementContext 
doBiDirectionalAssociationManagement
WARN: HHH90000029: The [management of bidirectional persistent association 
attributes] configuration is deprecated and will be removed. Set the value to 
[false] to get rid of this warning
May 21, 2026 6:55:21 PM org.hibernate.bytecode.enhance.internal.bytebuddy.BiDir
ectionalAssociationHandler getTargetEntityClass
INFO: HHH90009032: Bidirectional association not managed for field 
[com.forgeStackk.EduResolve.entity.NcertChapter.bookId]: Could not find target 
type
May 21, 2026 6:55:21 PM org.hibernate.orm.tooling.maven.EnhancementContext 
doBiDirectionalAssociationManagement
WARN: HHH90000029: The [management of bidirectional persistent association 
attributes] configuration is deprecated and will be removed. Set the value to 
[false] to get rid of this warning
May 21, 2026 6:55:21 PM org.hibernate.bytecode.enhance.internal.bytebuddy.BiDir
ectionalAssociationHandler getTargetEntityClass
INFO: HHH90009032: Bidirectional association not managed for field 
[com.forgeStackk.EduResolve.entity.NcertChapter.title]: Could not find target 
type
May 21, 2026 6:55:21 PM org.hibernate.orm.tooling.maven.EnhancementContext 
doBiDirectionalAssociationManagement
WARN: HHH90000029: The [management of bidirectional persistent association 
attributes] configuration is deprecated and will be removed. Set the value to 
[false] to get rid of this warning
May 21, 2026 6:55:21 PM org.hibernate.bytecode.enhance.internal.bytebuddy.BiDir
ectionalAssociationHandler getTargetEntityClass
INFO: HHH90009032: Bidirectional association not managed for field 
[com.forgeStackk.EduResolve.entity.NcertChapter.chapterNumber]: Could not find 
target type
May 21, 2026 6:55:21 PM org.hibernate.orm.tooling.maven.EnhancementContext 
doBiDirectionalAssociationManagement
WARN: HHH90000029: The [management of bidirectional persistent association 
attributes] configuration is deprecated and will be removed. Set the value to 
[false] to get rid of this warning
May 21, 2026 6:55:21 PM org.hibernate.bytecode.enhance.internal.bytebuddy.BiDir
ectionalAssociationHandler getTargetEntityClass
INFO: HHH90009032: Bidirectional association not managed for field 
[com.forgeStackk.EduResolve.entity.NcertChapter.orderIndex]: Could not find 
target type
May 21, 2026 6:55:21 PM org.hibernate.orm.tooling.maven.EnhancementContext 
doBiDirectionalAssociationManagement
WARN: HHH90000029: The [management of bidirectional persistent association 
attributes] configuration is deprecated and will be removed. Set the value to 
[false] to get rid of this warning
May 21, 2026 6:55:21 PM org.hibernate.bytecode.enhance.internal.bytebuddy.BiDir
ectionalAssociationHandler getTargetEntityClass
INFO: HHH90009032: Bidirectional association not managed for field 
[com.forgeStackk.EduResolve.entity.NcertChapter.summary]: Could not find 
target type
May 21, 2026 6:55:21 PM org.hibernate.orm.tooling.maven.EnhancementContext 
doBiDirectionalAssociationManagement
WARN: HHH90000029: The [management of bidirectional persistent association 
attributes] configuration is deprecated and will be removed. Set the value to 
[false] to get rid of this warning
May 21, 2026 6:55:21 PM org.hibernate.bytecode.enhance.internal.bytebuddy.BiDir
ectionalAssociationHandler getTargetEntityClass
INFO: HHH90009032: Bidirectional association not managed for field 
[com.forgeStackk.EduResolve.entity.NcertChapter.startPage]: Could not find 
target type
May 21, 2026 6:55:21 PM org.hibernate.orm.tooling.maven.EnhancementContext 
doBiDirectionalAssociationManagement
WARN: HHH90000029: The [management of bidirectional persistent association 
attributes] configuration is deprecated and will be removed. Set the value to 
[false] to get rid of this warning
May 21, 2026 6:55:21 PM org.hibernate.bytecode.enhance.internal.bytebuddy.BiDir
ectionalAssociationHandler getTargetEntityClass
INFO: HHH90009032: Bidirectional association not managed for field 
[com.forgeStackk.EduResolve.entity.NcertChapter.endPage]: Could not find 
target type
[INFO] Succesfully cleared the contents of file: C:\Users\erabh\OneDrive\Desktop\learningNinjas\EduResolve_Backend\target\classes\com\forgeStackk\EduResolve\entity\NcertChapter.class
[INFO] Succesfully enhanced class file: C:\Users\erabh\OneDrive\Desktop\learningNinjas\EduResolve_Backend\target\classes\com\forgeStackk\EduResolve\entity\NcertChapter.class
May 21, 2026 6:55:21 PM org.hibernate.orm.tooling.maven.EnhancementContext 
doBiDirectionalAssociationManagement
WARN: HHH90000029: The [management of bidirectional persistent association 
attributes] configuration is deprecated and will be removed. Set the value to 
[false] to get rid of this warning
May 21, 2026 6:55:21 PM org.hibernate.bytecode.enhance.internal.bytebuddy.BiDir
ectionalAssociationHandler getTargetEntityClass
INFO: HHH90009032: Bidirectional association not managed for field 
[com.forgeStackk.EduResolve.entity.Notice.id]: Could not find target type
May 21, 2026 6:55:21 PM org.hibernate.orm.tooling.maven.EnhancementContext 
doBiDirectionalAssociationManagement
WARN: HHH90000029: The [management of bidirectional persistent association 
attributes] configuration is deprecated and will be removed. Set the value to 
[false] to get rid of this warning
May 21, 2026 6:55:21 PM org.hibernate.bytecode.enhance.internal.bytebuddy.BiDir
ectionalAssociationHandler getTargetEntityClass
INFO: HHH90009032: Bidirectional association not managed for field 
[com.forgeStackk.EduResolve.entity.Notice.targetAudience]: Could not find 
target type
May 21, 2026 6:55:21 PM org.hibernate.orm.tooling.maven.EnhancementContext 
doBiDirectionalAssociationManagement
WARN: HHH90000029: The [management of bidirectional persistent association 
attributes] configuration is deprecated and will be removed. Set the value to 
[false] to get rid of this warning
May 21, 2026 6:55:21 PM org.hibernate.bytecode.enhance.internal.bytebuddy.BiDir
ectionalAssociationHandler getTargetEntityClass
INFO: HHH90009032: Bidirectional association not managed for field 
[com.forgeStackk.EduResolve.entity.Notice.message]: Could not find target type
May 21, 2026 6:55:21 PM org.hibernate.orm.tooling.maven.EnhancementContext 
doBiDirectionalAssociationManagement
WARN: HHH90000029: The [management of bidirectional persistent association 
attributes] configuration is deprecated and will be removed. Set the value to 
[false] to get rid of this warning
May 21, 2026 6:55:21 PM org.hibernate.bytecode.enhance.internal.bytebuddy.BiDir
ectionalAssociationHandler getTargetEntityClass
INFO: HHH90009032: Bidirectional association not managed for field 
[com.forgeStackk.EduResolve.entity.Notice.channels]: Could not find target type
May 21, 2026 6:55:21 PM org.hibernate.orm.tooling.maven.EnhancementContext 
doBiDirectionalAssociationManagement
WARN: HHH90000029: The [management of bidirectional persistent association 
attributes] configuration is deprecated and will be removed. Set the value to 
[false] to get rid of this warning
May 21, 2026 6:55:21 PM org.hibernate.bytecode.enhance.internal.bytebuddy.BiDir
ectionalAssociationHandler getTargetEntityClass
INFO: HHH90009032: Bidirectional association not managed for field 
[com.forgeStackk.EduResolve.entity.Notice.sentAt]: Could not find target type
[INFO] Succesfully cleared the contents of file: C:\Users\erabh\OneDrive\Desktop\learningNinjas\EduResolve_Backend\target\classes\com\forgeStackk\EduResolve\entity\Notice.class
[INFO] Succesfully enhanced class file: C:\Users\erabh\OneDrive\Desktop\learningNinjas\EduResolve_Backend\target\classes\com\forgeStackk\EduResolve\entity\Notice.class
May 21, 2026 6:55:21 PM org.hibernate.orm.tooling.maven.EnhancementContext 
doBiDirectionalAssociationManagement
WARN: HHH90000029: The [management of bidirectional persistent association 
attributes] configuration is deprecated and will be removed. Set the value to 
[false] to get rid of this warning
May 21, 2026 6:55:21 PM org.hibernate.bytecode.enhance.internal.bytebuddy.BiDir
ectionalAssociationHandler getTargetEntityClass
INFO: HHH90009032: Bidirectional association not managed for field 
[com.forgeStackk.EduResolve.entity.ParentsProfile.id]: Could not find target 
type
May 21, 2026 6:55:21 PM org.hibernate.orm.tooling.maven.EnhancementContext 
doBiDirectionalAssociationManagement
WARN: HHH90000029: The [management of bidirectional persistent association 
attributes] configuration is deprecated and will be removed. Set the value to 
[false] to get rid of this warning
May 21, 2026 6:55:21 PM org.hibernate.bytecode.enhance.internal.bytebuddy.BiDir
ectionalAssociationHandler getTargetEntityClass
INFO: HHH90009032: Bidirectional association not managed for field 
[com.forgeStackk.EduResolve.entity.ParentsProfile.userId]: Could not find 
target type
May 21, 2026 6:55:21 PM org.hibernate.orm.tooling.maven.EnhancementContext 
doBiDirectionalAssociationManagement
WARN: HHH90000029: The [management of bidirectional persistent association 
attributes] configuration is deprecated and will be removed. Set the value to 
[false] to get rid of this warning
May 21, 2026 6:55:21 PM org.hibernate.bytecode.enhance.internal.bytebuddy.BiDir
ectionalAssociationHandler getTargetEntityClass
INFO: HHH90009032: Bidirectional association not managed for field 
[com.forgeStackk.EduResolve.entity.ParentsProfile.name]: Could not find target 
type
May 21, 2026 6:55:21 PM org.hibernate.orm.tooling.maven.EnhancementContext 
doBiDirectionalAssociationManagement
WARN: HHH90000029: The [management of bidirectional persistent association 
attributes] configuration is deprecated and will be removed. Set the value to 
[false] to get rid of this warning
May 21, 2026 6:55:21 PM org.hibernate.bytecode.enhance.internal.bytebuddy.BiDir
ectionalAssociationHandler getTargetEntityClass
INFO: HHH90009032: Bidirectional association not managed for field 
[com.forgeStackk.EduResolve.entity.ParentsProfile.initials]: Could not find 
target type
May 21, 2026 6:55:21 PM org.hibernate.orm.tooling.maven.EnhancementContext 
doBiDirectionalAssociationManagement
WARN: HHH90000029: The [management of bidirectional persistent association 
attributes] configuration is deprecated and will be removed. Set the value to 
[false] to get rid of this warning
May 21, 2026 6:55:21 PM org.hibernate.bytecode.enhance.internal.bytebuddy.BiDir
ectionalAssociationHandler getTargetEntityClass
INFO: HHH90009032: Bidirectional association not managed for field 
[com.forgeStackk.EduResolve.entity.ParentsProfile.color]: Could not find 
target type
May 21, 2026 6:55:21 PM org.hibernate.orm.tooling.maven.EnhancementContext 
doBiDirectionalAssociationManagement
WARN: HHH90000029: The [management of bidirectional persistent association 
attributes] configuration is deprecated and will be removed. Set the value to 
[false] to get rid of this warning
May 21, 2026 6:55:21 PM org.hibernate.bytecode.enhance.internal.bytebuddy.BiDir
ectionalAssociationHandler getTargetEntityClass
INFO: HHH90009032: Bidirectional association not managed for field 
[com.forgeStackk.EduResolve.entity.ParentsProfile.studentId]: Could not find 
target type
May 21, 2026 6:55:21 PM org.hibernate.orm.tooling.maven.EnhancementContext 
doBiDirectionalAssociationManagement
WARN: HHH90000029: The [management of bidirectional persistent association 
attributes] configuration is deprecated and will be removed. Set the value to 
[false] to get rid of this warning
May 21, 2026 6:55:21 PM org.hibernate.bytecode.enhance.internal.bytebuddy.BiDir
ectionalAssociationHandler getTargetEntityClass
INFO: HHH90009032: Bidirectional association not managed for field 
[com.forgeStackk.EduResolve.entity.ParentsProfile.studentName]: Could not find 
target type
May 21, 2026 6:55:21 PM org.hibernate.orm.tooling.maven.EnhancementContext 
doBiDirectionalAssociationManagement
WARN: HHH90000029: The [management of bidirectional persistent association 
attributes] configuration is deprecated and will be removed. Set the value to 
[false] to get rid of this warning
May 21, 2026 6:55:21 PM org.hibernate.bytecode.enhance.internal.bytebuddy.BiDir
ectionalAssociationHandler getTargetEntityClass
INFO: HHH90009032: Bidirectional association not managed for field 
[com.forgeStackk.EduResolve.entity.ParentsProfile.className]: Could not find 
target type
May 21, 2026 6:55:21 PM org.hibernate.orm.tooling.maven.EnhancementContext 
doBiDirectionalAssociationManagement
WARN: HHH90000029: The [management of bidirectional persistent association 
attributes] configuration is deprecated and will be removed. Set the value to 
[false] to get rid of this warning
May 21, 2026 6:55:21 PM org.hibernate.bytecode.enhance.internal.bytebuddy.BiDir
ectionalAssociationHandler getTargetEntityClass
INFO: HHH90009032: Bidirectional association not managed for field 
[com.forgeStackk.EduResolve.entity.ParentsProfile.relation]: Could not find 
target type
May 21, 2026 6:55:21 PM org.hibernate.orm.tooling.maven.EnhancementContext 
doBiDirectionalAssociationManagement
WARN: HHH90000029: The [management of bidirectional persistent association 
attributes] configuration is deprecated and will be removed. Set the value to 
[false] to get rid of this warning
May 21, 2026 6:55:21 PM org.hibernate.bytecode.enhance.internal.bytebuddy.BiDir
ectionalAssociationHandler getTargetEntityClass
INFO: HHH90009032: Bidirectional association not managed for field 
[com.forgeStackk.EduResolve.entity.ParentsProfile.occupation]: Could not find 
target type
May 21, 2026 6:55:21 PM org.hibernate.orm.tooling.maven.EnhancementContext 
doBiDirectionalAssociationManagement
WARN: HHH90000029: The [management of bidirectional persistent association 
attributes] configuration is deprecated and will be removed. Set the value to 
[false] to get rid of this warning
May 21, 2026 6:55:21 PM org.hibernate.bytecode.enhance.internal.bytebuddy.BiDir
ectionalAssociationHandler getTargetEntityClass
INFO: HHH90009032: Bidirectional association not managed for field 
[com.forgeStackk.EduResolve.entity.ParentsProfile.status]: Could not find 
target type
[INFO] Succesfully cleared the contents of file: C:\Users\erabh\OneDrive\Desktop\learningNinjas\EduResolve_Backend\target\classes\com\forgeStackk\EduResolve\entity\ParentsProfile.class
[INFO] Succesfully enhanced class file: C:\Users\erabh\OneDrive\Desktop\learningNinjas\EduResolve_Backend\target\classes\com\forgeStackk\EduResolve\entity\ParentsProfile.class
[INFO] Skipping file: C:\Users\erabh\OneDrive\Desktop\learningNinjas\EduResolve_Backend\target\classes\com\forgeStackk\EduResolve\entity\PreviousYearQuestion$Difficulty.class
May 21, 2026 6:55:21 PM org.hibernate.orm.tooling.maven.EnhancementContext 
doBiDirectionalAssociationManagement
WARN: HHH90000029: The [management of bidirectional persistent association 
attributes] configuration is deprecated and will be removed. Set the value to 
[false] to get rid of this warning
May 21, 2026 6:55:21 PM org.hibernate.bytecode.enhance.internal.bytebuddy.BiDir
ectionalAssociationHandler getTargetEntityClass
INFO: HHH90009032: Bidirectional association not managed for field 
[com.forgeStackk.EduResolve.entity.PreviousYearQuestion.id]: Could not find 
target type
May 21, 2026 6:55:21 PM org.hibernate.orm.tooling.maven.EnhancementContext 
doBiDirectionalAssociationManagement
WARN: HHH90000029: The [management of bidirectional persistent association 
attributes] configuration is deprecated and will be removed. Set the value to 
[false] to get rid of this warning
May 21, 2026 6:55:21 PM org.hibernate.bytecode.enhance.internal.bytebuddy.BiDir
ectionalAssociationHandler getTargetEntityClass
INFO: HHH90009032: Bidirectional association not managed for field 
[com.forgeStackk.EduResolve.entity.PreviousYearQuestion.chapterId]: Could not 
find target type
May 21, 2026 6:55:21 PM org.hibernate.orm.tooling.maven.EnhancementContext 
doBiDirectionalAssociationManagement
WARN: HHH90000029: The [management of bidirectional persistent association 
attributes] configuration is deprecated and will be removed. Set the value to 
[false] to get rid of this warning
May 21, 2026 6:55:21 PM org.hibernate.bytecode.enhance.internal.bytebuddy.BiDir
ectionalAssociationHandler getTargetEntityClass
INFO: HHH90009032: Bidirectional association not managed for field 
[com.forgeStackk.EduResolve.entity.PreviousYearQuestion.topicId]: Could not 
find target type
May 21, 2026 6:55:21 PM org.hibernate.orm.tooling.maven.EnhancementContext 
doBiDirectionalAssociationManagement
WARN: HHH90000029: The [management of bidirectional persistent association 
attributes] configuration is deprecated and will be removed. Set the value to 
[false] to get rid of this warning
May 21, 2026 6:55:21 PM org.hibernate.bytecode.enhance.internal.bytebuddy.BiDir
ectionalAssociationHandler getTargetEntityClass
INFO: HHH90009032: Bidirectional association not managed for field 
[com.forgeStackk.EduResolve.entity.PreviousYearQuestion.year]: Could not find 
target type
May 21, 2026 6:55:21 PM org.hibernate.orm.tooling.maven.EnhancementContext 
doBiDirectionalAssociationManagement
WARN: HHH90000029: The [management of bidirectional persistent association 
attributes] configuration is deprecated and will be removed. Set the value to 
[false] to get rid of this warning
May 21, 2026 6:55:21 PM org.hibernate.bytecode.enhance.internal.bytebuddy.BiDir
ectionalAssociationHandler getTargetEntityClass
INFO: HHH90009032: Bidirectional association not managed for field 
[com.forgeStackk.EduResolve.entity.PreviousYearQuestion.board]: Could not find 
target type
May 21, 2026 6:55:21 PM org.hibernate.orm.tooling.maven.EnhancementContext 
doBiDirectionalAssociationManagement
WARN: HHH90000029: The [management of bidirectional persistent association 
attributes] configuration is deprecated and will be removed. Set the value to 
[false] to get rid of this warning
May 21, 2026 6:55:21 PM org.hibernate.bytecode.enhance.internal.bytebuddy.BiDir
ectionalAssociationHandler getTargetEntityClass
INFO: HHH90009032: Bidirectional association not managed for field 
[com.forgeStackk.EduResolve.entity.PreviousYearQuestion.difficulty]: Could not 
find target type
May 21, 2026 6:55:21 PM org.hibernate.orm.tooling.maven.EnhancementContext 
doBiDirectionalAssociationManagement
WARN: HHH90000029: The [management of bidirectional persistent association 
attributes] configuration is deprecated and will be removed. Set the value to 
[false] to get rid of this warning
May 21, 2026 6:55:21 PM org.hibernate.bytecode.enhance.internal.bytebuddy.BiDir
ectionalAssociationHandler getTargetEntityClass
INFO: HHH90009032: Bidirectional association not managed for field 
[com.forgeStackk.EduResolve.entity.PreviousYearQuestion.language]: Could not 
find target type
May 21, 2026 6:55:21 PM org.hibernate.orm.tooling.maven.EnhancementContext 
doBiDirectionalAssociationManagement
WARN: HHH90000029: The [management of bidirectional persistent association 
attributes] configuration is deprecated and will be removed. Set the value to 
[false] to get rid of this warning
May 21, 2026 6:55:21 PM org.hibernate.bytecode.enhance.internal.bytebuddy.BiDir
ectionalAssociationHandler getTargetEntityClass
INFO: HHH90009032: Bidirectional association not managed for field 
[com.forgeStackk.EduResolve.entity.PreviousYearQuestion.questionType]: Could 
not find target type
May 21, 2026 6:55:21 PM org.hibernate.orm.tooling.maven.EnhancementContext 
doBiDirectionalAssociationManagement
WARN: HHH90000029: The [management of bidirectional persistent association 
attributes] configuration is deprecated and will be removed. Set the value to 
[false] to get rid of this warning
May 21, 2026 6:55:21 PM org.hibernate.bytecode.enhance.internal.bytebuddy.BiDir
ectionalAssociationHandler getTargetEntityClass
INFO: HHH90009032: Bidirectional association not managed for field 
[com.forgeStackk.EduResolve.entity.PreviousYearQuestion.marks]: Could not find 
target type
May 21, 2026 6:55:21 PM org.hibernate.orm.tooling.maven.EnhancementContext 
doBiDirectionalAssociationManagement
WARN: HHH90000029: The [management of bidirectional persistent association 
attributes] configuration is deprecated and will be removed. Set the value to 
[false] to get rid of this warning
May 21, 2026 6:55:21 PM org.hibernate.bytecode.enhance.internal.bytebuddy.BiDir
ectionalAssociationHandler getTargetEntityClass
INFO: HHH90009032: Bidirectional association not managed for field 
[com.forgeStackk.EduResolve.entity.PreviousYearQuestion.text]: Could not find 
target type
May 21, 2026 6:55:21 PM org.hibernate.orm.tooling.maven.EnhancementContext 
doBiDirectionalAssociationManagement
WARN: HHH90000029: The [management of bidirectional persistent association 
attributes] configuration is deprecated and will be removed. Set the value to 
[false] to get rid of this warning
May 21, 2026 6:55:21 PM org.hibernate.bytecode.enhance.internal.bytebuddy.BiDir
ectionalAssociationHandler getTargetEntityClass
INFO: HHH90009032: Bidirectional association not managed for field 
[com.forgeStackk.EduResolve.entity.PreviousYearQuestion.modelAnswer]: Could 
not find target type
[INFO] Succesfully cleared the contents of file: C:\Users\erabh\OneDrive\Desktop\learningNinjas\EduResolve_Backend\target\classes\com\forgeStackk\EduResolve\entity\PreviousYearQuestion.class
[INFO] Succesfully enhanced class file: C:\Users\erabh\OneDrive\Desktop\learningNinjas\EduResolve_Backend\target\classes\com\forgeStackk\EduResolve\entity\PreviousYearQuestion.class
[INFO] Skipping file: C:\Users\erabh\OneDrive\Desktop\learningNinjas\EduResolve_Backend\target\classes\com\forgeStackk\EduResolve\entity\QuestionBank$Difficulty.class
May 21, 2026 6:55:21 PM org.hibernate.orm.tooling.maven.EnhancementContext 
doBiDirectionalAssociationManagement
WARN: HHH90000029: The [management of bidirectional persistent association 
attributes] configuration is deprecated and will be removed. Set the value to 
[false] to get rid of this warning
May 21, 2026 6:55:21 PM org.hibernate.bytecode.enhance.internal.bytebuddy.BiDir
ectionalAssociationHandler getTargetEntityClass
INFO: HHH90009032: Bidirectional association not managed for field 
[com.forgeStackk.EduResolve.entity.QuestionBank.id]: Could not find target type
May 21, 2026 6:55:21 PM org.hibernate.orm.tooling.maven.EnhancementContext 
doBiDirectionalAssociationManagement
WARN: HHH90000029: The [management of bidirectional persistent association 
attributes] configuration is deprecated and will be removed. Set the value to 
[false] to get rid of this warning
May 21, 2026 6:55:21 PM org.hibernate.bytecode.enhance.internal.bytebuddy.BiDir
ectionalAssociationHandler getTargetEntityClass
INFO: HHH90009032: Bidirectional association not managed for field 
[com.forgeStackk.EduResolve.entity.QuestionBank.chapterId]: Could not find 
target type
May 21, 2026 6:55:21 PM org.hibernate.orm.tooling.maven.EnhancementContext 
doBiDirectionalAssociationManagement
WARN: HHH90000029: The [management of bidirectional persistent association 
attributes] configuration is deprecated and will be removed. Set the value to 
[false] to get rid of this warning
May 21, 2026 6:55:21 PM org.hibernate.bytecode.enhance.internal.bytebuddy.BiDir
ectionalAssociationHandler getTargetEntityClass
INFO: HHH90009032: Bidirectional association not managed for field 
[com.forgeStackk.EduResolve.entity.QuestionBank.questionText]: Could not find 
target type
May 21, 2026 6:55:21 PM org.hibernate.orm.tooling.maven.EnhancementContext 
doBiDirectionalAssociationManagement
WARN: HHH90000029: The [management of bidirectional persistent association 
attributes] configuration is deprecated and will be removed. Set the value to 
[false] to get rid of this warning
May 21, 2026 6:55:21 PM org.hibernate.bytecode.enhance.internal.bytebuddy.BiDir
ectionalAssociationHandler getTargetEntityClass
INFO: HHH90009032: Bidirectional association not managed for field 
[com.forgeStackk.EduResolve.entity.QuestionBank.optionA]: Could not find 
target type
May 21, 2026 6:55:21 PM org.hibernate.orm.tooling.maven.EnhancementContext 
doBiDirectionalAssociationManagement
WARN: HHH90000029: The [management of bidirectional persistent association 
attributes] configuration is deprecated and will be removed. Set the value to 
[false] to get rid of this warning
May 21, 2026 6:55:21 PM org.hibernate.bytecode.enhance.internal.bytebuddy.BiDir
ectionalAssociationHandler getTargetEntityClass
INFO: HHH90009032: Bidirectional association not managed for field 
[com.forgeStackk.EduResolve.entity.QuestionBank.optionB]: Could not find 
target type
May 21, 2026 6:55:21 PM org.hibernate.orm.tooling.maven.EnhancementContext 
doBiDirectionalAssociationManagement
WARN: HHH90000029: The [management of bidirectional persistent association 
attributes] configuration is deprecated and will be removed. Set the value to 
[false] to get rid of this warning
May 21, 2026 6:55:21 PM org.hibernate.bytecode.enhance.internal.bytebuddy.BiDir
ectionalAssociationHandler getTargetEntityClass
INFO: HHH90009032: Bidirectional association not managed for field 
[com.forgeStackk.EduResolve.entity.QuestionBank.optionC]: Could not find 
target type
May 21, 2026 6:55:21 PM org.hibernate.orm.tooling.maven.EnhancementContext 
doBiDirectionalAssociationManagement
WARN: HHH90000029: The [management of bidirectional persistent association 
attributes] configuration is deprecated and will be removed. Set the value to 
[false] to get rid of this warning
May 21, 2026 6:55:21 PM org.hibernate.bytecode.enhance.internal.bytebuddy.BiDir
ectionalAssociationHandler getTargetEntityClass
INFO: HHH90009032: Bidirectional association not managed for field 
[com.forgeStackk.EduResolve.entity.QuestionBank.optionD]: Could not find 
target type
May 21, 2026 6:55:21 PM org.hibernate.orm.tooling.maven.EnhancementContext 
doBiDirectionalAssociationManagement
WARN: HHH90000029: The [management of bidirectional persistent association 
attributes] configuration is deprecated and will be removed. Set the value to 
[false] to get rid of this warning
May 21, 2026 6:55:21 PM org.hibernate.bytecode.enhance.internal.bytebuddy.BiDir
ectionalAssociationHandler getTargetEntityClass
INFO: HHH90009032: Bidirectional association not managed for field 
[com.forgeStackk.EduResolve.entity.QuestionBank.correctOption]: Could not find 
target type
May 21, 2026 6:55:21 PM org.hibernate.orm.tooling.maven.EnhancementContext 
doBiDirectionalAssociationManagement
WARN: HHH90000029: The [management of bidirectional persistent association 
attributes] configuration is deprecated and will be removed. Set the value to 
[false] to get rid of this warning
May 21, 2026 6:55:21 PM org.hibernate.bytecode.enhance.internal.bytebuddy.BiDir
ectionalAssociationHandler getTargetEntityClass
INFO: HHH90009032: Bidirectional association not managed for field 
[com.forgeStackk.EduResolve.entity.QuestionBank.explanation]: Could not find 
target type
May 21, 2026 6:55:21 PM org.hibernate.orm.tooling.maven.EnhancementContext 
doBiDirectionalAssociationManagement
WARN: HHH90000029: The [management of bidirectional persistent association 
attributes] configuration is deprecated and will be removed. Set the value to 
[false] to get rid of this warning
May 21, 2026 6:55:21 PM org.hibernate.bytecode.enhance.internal.bytebuddy.BiDir
ectionalAssociationHandler getTargetEntityClass
INFO: HHH90009032: Bidirectional association not managed for field 
[com.forgeStackk.EduResolve.entity.QuestionBank.difficulty]: Could not find 
target type
May 21, 2026 6:55:21 PM org.hibernate.orm.tooling.maven.EnhancementContext 
doBiDirectionalAssociationManagement
WARN: HHH90000029: The [management of bidirectional persistent association 
attributes] configuration is deprecated and will be removed. Set the value to 
[false] to get rid of this warning
May 21, 2026 6:55:21 PM org.hibernate.bytecode.enhance.internal.bytebuddy.BiDir
ectionalAssociationHandler getTargetEntityClass
INFO: HHH90009032: Bidirectional association not managed for field 
[com.forgeStackk.EduResolve.entity.QuestionBank.topic]: Could not find target 
type
May 21, 2026 6:55:21 PM org.hibernate.orm.tooling.maven.EnhancementContext 
doBiDirectionalAssociationManagement
WARN: HHH90000029: The [management of bidirectional persistent association 
attributes] configuration is deprecated and will be removed. Set the value to 
[false] to get rid of this warning
May 21, 2026 6:55:21 PM org.hibernate.bytecode.enhance.internal.bytebuddy.BiDir
ectionalAssociationHandler getTargetEntityClass
INFO: HHH90009032: Bidirectional association not managed for field 
[com.forgeStackk.EduResolve.entity.QuestionBank.sourceType]: Could not find 
target type
May 21, 2026 6:55:21 PM org.hibernate.orm.tooling.maven.EnhancementContext 
doBiDirectionalAssociationManagement
WARN: HHH90000029: The [management of bidirectional persistent association 
attributes] configuration is deprecated and will be removed. Set the value to 
[false] to get rid of this warning
May 21, 2026 6:55:21 PM org.hibernate.bytecode.enhance.internal.bytebuddy.BiDir
ectionalAssociationHandler getTargetEntityClass
INFO: HHH90009032: Bidirectional association not managed for field 
[com.forgeStackk.EduResolve.entity.QuestionBank.createdAt]: Could not find 
target type
[INFO] Succesfully cleared the contents of file: C:\Users\erabh\OneDrive\Desktop\learningNinjas\EduResolve_Backend\target\classes\com\forgeStackk\EduResolve\entity\QuestionBank.class
[INFO] Succesfully enhanced class file: C:\Users\erabh\OneDrive\Desktop\learningNinjas\EduResolve_Backend\target\classes\com\forgeStackk\EduResolve\entity\QuestionBank.class
[INFO] Skipping file: C:\Users\erabh\OneDrive\Desktop\learningNinjas\EduResolve_Backend\target\classes\com\forgeStackk\EduResolve\entity\QuizQuestion$Difficulty.class
May 21, 2026 6:55:21 PM org.hibernate.orm.tooling.maven.EnhancementContext 
doBiDirectionalAssociationManagement
WARN: HHH90000029: The [management of bidirectional persistent association 
attributes] configuration is deprecated and will be removed. Set the value to 
[false] to get rid of this warning
May 21, 2026 6:55:21 PM org.hibernate.bytecode.enhance.internal.bytebuddy.BiDir
ectionalAssociationHandler getTargetEntityClass
INFO: HHH90009032: Bidirectional association not managed for field 
[com.forgeStackk.EduResolve.entity.QuizQuestion.id]: Could not find target type
May 21, 2026 6:55:21 PM org.hibernate.orm.tooling.maven.EnhancementContext 
doBiDirectionalAssociationManagement
WARN: HHH90000029: The [management of bidirectional persistent association 
attributes] configuration is deprecated and will be removed. Set the value to 
[false] to get rid of this warning
May 21, 2026 6:55:21 PM org.hibernate.bytecode.enhance.internal.bytebuddy.BiDir
ectionalAssociationHandler getTargetEntityClass
INFO: HHH90009032: Bidirectional association not managed for field 
[com.forgeStackk.EduResolve.entity.QuizQuestion.subject]: Could not find 
target type
May 21, 2026 6:55:21 PM org.hibernate.orm.tooling.maven.EnhancementContext 
doBiDirectionalAssociationManagement
WARN: HHH90000029: The [management of bidirectional persistent association 
attributes] configuration is deprecated and will be removed. Set the value to 
[false] to get rid of this warning
May 21, 2026 6:55:21 PM org.hibernate.bytecode.enhance.internal.bytebuddy.BiDir
ectionalAssociationHandler getTargetEntityClass
INFO: HHH90009032: Bidirectional association not managed for field 
[com.forgeStackk.EduResolve.entity.QuizQuestion.chapter]: Could not find 
target type
May 21, 2026 6:55:21 PM org.hibernate.orm.tooling.maven.EnhancementContext 
doBiDirectionalAssociationManagement
WARN: HHH90000029: The [management of bidirectional persistent association 
attributes] configuration is deprecated and will be removed. Set the value to 
[false] to get rid of this warning
May 21, 2026 6:55:21 PM org.hibernate.bytecode.enhance.internal.bytebuddy.BiDir
ectionalAssociationHandler getTargetEntityClass
INFO: HHH90009032: Bidirectional association not managed for field 
[com.forgeStackk.EduResolve.entity.QuizQuestion.chapterId]: Could not find 
target type
May 21, 2026 6:55:21 PM org.hibernate.orm.tooling.maven.EnhancementContext 
doBiDirectionalAssociationManagement
WARN: HHH90000029: The [management of bidirectional persistent association 
attributes] configuration is deprecated and will be removed. Set the value to 
[false] to get rid of this warning
May 21, 2026 6:55:21 PM org.hibernate.bytecode.enhance.internal.bytebuddy.BiDir
ectionalAssociationHandler getTargetEntityClass
INFO: HHH90009032: Bidirectional association not managed for field 
[com.forgeStackk.EduResolve.entity.QuizQuestion.topicId]: Could not find 
target type
May 21, 2026 6:55:21 PM org.hibernate.orm.tooling.maven.EnhancementContext 
doBiDirectionalAssociationManagement
WARN: HHH90000029: The [management of bidirectional persistent association 
attributes] configuration is deprecated and will be removed. Set the value to 
[false] to get rid of this warning
May 21, 2026 6:55:21 PM org.hibernate.bytecode.enhance.internal.bytebuddy.BiDir
ectionalAssociationHandler getTargetEntityClass
INFO: HHH90009032: Bidirectional association not managed for field 
[com.forgeStackk.EduResolve.entity.QuizQuestion.difficulty]: Could not find 
target type
May 21, 2026 6:55:21 PM org.hibernate.orm.tooling.maven.EnhancementContext 
doBiDirectionalAssociationManagement
WARN: HHH90000029: The [management of bidirectional persistent association 
attributes] configuration is deprecated and will be removed. Set the value to 
[false] to get rid of this warning
May 21, 2026 6:55:21 PM org.hibernate.bytecode.enhance.internal.bytebuddy.BiDir
ectionalAssociationHandler getTargetEntityClass
INFO: HHH90009032: Bidirectional association not managed for field 
[com.forgeStackk.EduResolve.entity.QuizQuestion.language]: Could not find 
target type
May 21, 2026 6:55:21 PM org.hibernate.orm.tooling.maven.EnhancementContext 
doBiDirectionalAssociationManagement
WARN: HHH90000029: The [management of bidirectional persistent association 
attributes] configuration is deprecated and will be removed. Set the value to 
[false] to get rid of this warning
May 21, 2026 6:55:21 PM org.hibernate.bytecode.enhance.internal.bytebuddy.BiDir
ectionalAssociationHandler getTargetEntityClass
INFO: HHH90009032: Bidirectional association not managed for field 
[com.forgeStackk.EduResolve.entity.QuizQuestion.text]: Could not find target 
type
May 21, 2026 6:55:21 PM org.hibernate.orm.tooling.maven.EnhancementContext 
doBiDirectionalAssociationManagement
WARN: HHH90000029: The [management of bidirectional persistent association 
attributes] configuration is deprecated and will be removed. Set the value to 
[false] to get rid of this warning
May 21, 2026 6:55:21 PM org.hibernate.bytecode.enhance.internal.bytebuddy.BiDir
ectionalAssociationHandler getTargetEntityClass
INFO: HHH90009032: Bidirectional association not managed for field 
[com.forgeStackk.EduResolve.entity.QuizQuestion.optionsJson]: Could not find 
target type
May 21, 2026 6:55:21 PM org.hibernate.orm.tooling.maven.EnhancementContext 
doBiDirectionalAssociationManagement
WARN: HHH90000029: The [management of bidirectional persistent association 
attributes] configuration is deprecated and will be removed. Set the value to 
[false] to get rid of this warning
May 21, 2026 6:55:21 PM org.hibernate.bytecode.enhance.internal.bytebuddy.BiDir
ectionalAssociationHandler getTargetEntityClass
INFO: HHH90009032: Bidirectional association not managed for field 
[com.forgeStackk.EduResolve.entity.QuizQuestion.correctOptionId]: Could not 
find target type
May 21, 2026 6:55:21 PM org.hibernate.orm.tooling.maven.EnhancementContext 
doBiDirectionalAssociationManagement
WARN: HHH90000029: The [management of bidirectional persistent association 
attributes] configuration is deprecated and will be removed. Set the value to 
[false] to get rid of this warning
May 21, 2026 6:55:21 PM org.hibernate.bytecode.enhance.internal.bytebuddy.BiDir
ectionalAssociationHandler getTargetEntityClass
INFO: HHH90009032: Bidirectional association not managed for field 
[com.forgeStackk.EduResolve.entity.QuizQuestion.explanation]: Could not find 
target type
[INFO] Succesfully cleared the contents of file: C:\Users\erabh\OneDrive\Desktop\learningNinjas\EduResolve_Backend\target\classes\com\forgeStackk\EduResolve\entity\QuizQuestion.class
[INFO] Succesfully enhanced class file: C:\Users\erabh\OneDrive\Desktop\learningNinjas\EduResolve_Backend\target\classes\com\forgeStackk\EduResolve\entity\QuizQuestion.class
May 21, 2026 6:55:21 PM org.hibernate.orm.tooling.maven.EnhancementContext 
doBiDirectionalAssociationManagement
WARN: HHH90000029: The [management of bidirectional persistent association 
attributes] configuration is deprecated and will be removed. Set the value to 
[false] to get rid of this warning
May 21, 2026 6:55:21 PM org.hibernate.bytecode.enhance.internal.bytebuddy.BiDir
ectionalAssociationHandler getTargetEntityClass
INFO: HHH90009032: Bidirectional association not managed for field 
[com.forgeStackk.EduResolve.entity.QuizResult.id]: Could not find target type
May 21, 2026 6:55:21 PM org.hibernate.orm.tooling.maven.EnhancementContext 
doBiDirectionalAssociationManagement
WARN: HHH90000029: The [management of bidirectional persistent association 
attributes] configuration is deprecated and will be removed. Set the value to 
[false] to get rid of this warning
May 21, 2026 6:55:21 PM org.hibernate.bytecode.enhance.internal.bytebuddy.BiDir
ectionalAssociationHandler getTargetEntityClass
INFO: HHH90009032: Bidirectional association not managed for field 
[com.forgeStackk.EduResolve.entity.QuizResult.studentId]: Could not find 
target type
May 21, 2026 6:55:21 PM org.hibernate.orm.tooling.maven.EnhancementContext 
doBiDirectionalAssociationManagement
WARN: HHH90000029: The [management of bidirectional persistent association 
attributes] configuration is deprecated and will be removed. Set the value to 
[false] to get rid of this warning
May 21, 2026 6:55:21 PM org.hibernate.bytecode.enhance.internal.bytebuddy.BiDir
ectionalAssociationHandler getTargetEntityClass
INFO: HHH90009032: Bidirectional association not managed for field 
[com.forgeStackk.EduResolve.entity.QuizResult.chapterId]: Could not find 
target type
May 21, 2026 6:55:21 PM org.hibernate.orm.tooling.maven.EnhancementContext 
doBiDirectionalAssociationManagement
WARN: HHH90000029: The [management of bidirectional persistent association 
attributes] configuration is deprecated and will be removed. Set the value to 
[false] to get rid of this warning
May 21, 2026 6:55:21 PM org.hibernate.bytecode.enhance.internal.bytebuddy.BiDir
ectionalAssociationHandler getTargetEntityClass
INFO: HHH90009032: Bidirectional association not managed for field 
[com.forgeStackk.EduResolve.entity.QuizResult.totalQuestions]: Could not find 
target type
May 21, 2026 6:55:21 PM org.hibernate.orm.tooling.maven.EnhancementContext 
doBiDirectionalAssociationManagement
WARN: HHH90000029: The [management of bidirectional persistent association 
attributes] configuration is deprecated and will be removed. Set the value to 
[false] to get rid of this warning
May 21, 2026 6:55:21 PM org.hibernate.bytecode.enhance.internal.bytebuddy.BiDir
ectionalAssociationHandler getTargetEntityClass
INFO: HHH90009032: Bidirectional association not managed for field 
[com.forgeStackk.EduResolve.entity.QuizResult.correctAnswers]: Could not find 
target type
May 21, 2026 6:55:21 PM org.hibernate.orm.tooling.maven.EnhancementContext 
doBiDirectionalAssociationManagement
WARN: HHH90000029: The [management of bidirectional persistent association 
attributes] configuration is deprecated and will be removed. Set the value to 
[false] to get rid of this warning
May 21, 2026 6:55:21 PM org.hibernate.bytecode.enhance.internal.bytebuddy.BiDir
ectionalAssociationHandler getTargetEntityClass
INFO: HHH90009032: Bidirectional association not managed for field 
[com.forgeStackk.EduResolve.entity.QuizResult.rewardPoints]: Could not find 
target type
May 21, 2026 6:55:21 PM org.hibernate.orm.tooling.maven.EnhancementContext 
doBiDirectionalAssociationManagement
WARN: HHH90000029: The [management of bidirectional persistent association 
attributes] configuration is deprecated and will be removed. Set the value to 
[false] to get rid of this warning
May 21, 2026 6:55:21 PM org.hibernate.bytecode.enhance.internal.bytebuddy.BiDir
ectionalAssociationHandler getTargetEntityClass
INFO: HHH90009032: Bidirectional association not managed for field 
[com.forgeStackk.EduResolve.entity.QuizResult.completedAt]: Could not find 
target type
[INFO] Succesfully cleared the contents of file: C:\Users\erabh\OneDrive\Desktop\learningNinjas\EduResolve_Backend\target\classes\com\forgeStackk\EduResolve\entity\QuizResult.class
[INFO] Succesfully enhanced class file: C:\Users\erabh\OneDrive\Desktop\learningNinjas\EduResolve_Backend\target\classes\com\forgeStackk\EduResolve\entity\QuizResult.class
May 21, 2026 6:55:21 PM org.hibernate.orm.tooling.maven.EnhancementContext 
doBiDirectionalAssociationManagement
WARN: HHH90000029: The [management of bidirectional persistent association 
attributes] configuration is deprecated and will be removed. Set the value to 
[false] to get rid of this warning
May 21, 2026 6:55:21 PM org.hibernate.bytecode.enhance.internal.bytebuddy.BiDir
ectionalAssociationHandler getTargetEntityClass
INFO: HHH90009032: Bidirectional association not managed for field 
[com.forgeStackk.EduResolve.entity.ReadingProgress.id]: Could not find target 
type
May 21, 2026 6:55:21 PM org.hibernate.orm.tooling.maven.EnhancementContext 
doBiDirectionalAssociationManagement
WARN: HHH90000029: The [management of bidirectional persistent association 
attributes] configuration is deprecated and will be removed. Set the value to 
[false] to get rid of this warning
May 21, 2026 6:55:21 PM org.hibernate.bytecode.enhance.internal.bytebuddy.BiDir
ectionalAssociationHandler getTargetEntityClass
INFO: HHH90009032: Bidirectional association not managed for field 
[com.forgeStackk.EduResolve.entity.ReadingProgress.studentId]: Could not find 
target type
May 21, 2026 6:55:21 PM org.hibernate.orm.tooling.maven.EnhancementContext 
doBiDirectionalAssociationManagement
WARN: HHH90000029: The [management of bidirectional persistent association 
attributes] configuration is deprecated and will be removed. Set the value to 
[false] to get rid of this warning
May 21, 2026 6:55:21 PM org.hibernate.bytecode.enhance.internal.bytebuddy.BiDir
ectionalAssociationHandler getTargetEntityClass
INFO: HHH90009032: Bidirectional association not managed for field 
[com.forgeStackk.EduResolve.entity.ReadingProgress.subjectId]: Could not find 
target type
May 21, 2026 6:55:21 PM org.hibernate.orm.tooling.maven.EnhancementContext 
doBiDirectionalAssociationManagement
WARN: HHH90000029: The [management of bidirectional persistent association 
attributes] configuration is deprecated and will be removed. Set the value to 
[false] to get rid of this warning
May 21, 2026 6:55:21 PM org.hibernate.bytecode.enhance.internal.bytebuddy.BiDir
ectionalAssociationHandler getTargetEntityClass
INFO: HHH90009032: Bidirectional association not managed for field 
[com.forgeStackk.EduResolve.entity.ReadingProgress.chapterId]: Could not find 
target type
May 21, 2026 6:55:21 PM org.hibernate.orm.tooling.maven.EnhancementContext 
doBiDirectionalAssociationManagement
WARN: HHH90000029: The [management of bidirectional persistent association 
attributes] configuration is deprecated and will be removed. Set the value to 
[false] to get rid of this warning
May 21, 2026 6:55:21 PM org.hibernate.bytecode.enhance.internal.bytebuddy.BiDir
ectionalAssociationHandler getTargetEntityClass
INFO: HHH90009032: Bidirectional association not managed for field 
[com.forgeStackk.EduResolve.entity.ReadingProgress.bookId]: Could not find 
target type
May 21, 2026 6:55:21 PM org.hibernate.orm.tooling.maven.EnhancementContext 
doBiDirectionalAssociationManagement
WARN: HHH90000029: The [management of bidirectional persistent association 
attributes] configuration is deprecated and will be removed. Set the value to 
[false] to get rid of this warning
May 21, 2026 6:55:21 PM org.hibernate.bytecode.enhance.internal.bytebuddy.BiDir
ectionalAssociationHandler getTargetEntityClass
INFO: HHH90009032: Bidirectional association not managed for field 
[com.forgeStackk.EduResolve.entity.ReadingProgress.lastReadAt]: Could not find 
target type
[INFO] Succesfully cleared the contents of file: C:\Users\erabh\OneDrive\Desktop\learningNinjas\EduResolve_Backend\target\classes\com\forgeStackk\EduResolve\entity\ReadingProgress.class
[INFO] Succesfully enhanced class file: C:\Users\erabh\OneDrive\Desktop\learningNinjas\EduResolve_Backend\target\classes\com\forgeStackk\EduResolve\entity\ReadingProgress.class
May 21, 2026 6:55:21 PM org.hibernate.orm.tooling.maven.EnhancementContext 
doBiDirectionalAssociationManagement
WARN: HHH90000029: The [management of bidirectional persistent association 
attributes] configuration is deprecated and will be removed. Set the value to 
[false] to get rid of this warning
May 21, 2026 6:55:21 PM org.hibernate.bytecode.enhance.internal.bytebuddy.BiDir
ectionalAssociationHandler getTargetEntityClass
INFO: HHH90009032: Bidirectional association not managed for field 
[com.forgeStackk.EduResolve.entity.SchoolEvent.id]: Could not find target type
May 21, 2026 6:55:21 PM org.hibernate.orm.tooling.maven.EnhancementContext 
doBiDirectionalAssociationManagement
WARN: HHH90000029: The [management of bidirectional persistent association 
attributes] configuration is deprecated and will be removed. Set the value to 
[false] to get rid of this warning
May 21, 2026 6:55:21 PM org.hibernate.bytecode.enhance.internal.bytebuddy.BiDir
ectionalAssociationHandler getTargetEntityClass
INFO: HHH90009032: Bidirectional association not managed for field 
[com.forgeStackk.EduResolve.entity.SchoolEvent.title]: Could not find target 
type
May 21, 2026 6:55:21 PM org.hibernate.orm.tooling.maven.EnhancementContext 
doBiDirectionalAssociationManagement
WARN: HHH90000029: The [management of bidirectional persistent association 
attributes] configuration is deprecated and will be removed. Set the value to 
[false] to get rid of this warning
May 21, 2026 6:55:21 PM org.hibernate.bytecode.enhance.internal.bytebuddy.BiDir
ectionalAssociationHandler getTargetEntityClass
INFO: HHH90009032: Bidirectional association not managed for field 
[com.forgeStackk.EduResolve.entity.SchoolEvent.location]: Could not find 
target type
May 21, 2026 6:55:21 PM org.hibernate.orm.tooling.maven.EnhancementContext 
doBiDirectionalAssociationManagement
WARN: HHH90000029: The [management of bidirectional persistent association 
attributes] configuration is deprecated and will be removed. Set the value to 
[false] to get rid of this warning
May 21, 2026 6:55:21 PM org.hibernate.bytecode.enhance.internal.bytebuddy.BiDir
ectionalAssociationHandler getTargetEntityClass
INFO: HHH90009032: Bidirectional association not managed for field 
[com.forgeStackk.EduResolve.entity.SchoolEvent.eventDate]: Could not find 
target type
May 21, 2026 6:55:21 PM org.hibernate.orm.tooling.maven.EnhancementContext 
doBiDirectionalAssociationManagement
WARN: HHH90000029: The [management of bidirectional persistent association 
attributes] configuration is deprecated and will be removed. Set the value to 
[false] to get rid of this warning
May 21, 2026 6:55:21 PM org.hibernate.bytecode.enhance.internal.bytebuddy.BiDir
ectionalAssociationHandler getTargetEntityClass
INFO: HHH90009032: Bidirectional association not managed for field 
[com.forgeStackk.EduResolve.entity.SchoolEvent.eventTime]: Could not find 
target type
May 21, 2026 6:55:21 PM org.hibernate.orm.tooling.maven.EnhancementContext 
doBiDirectionalAssociationManagement
WARN: HHH90000029: The [management of bidirectional persistent association 
attributes] configuration is deprecated and will be removed. Set the value to 
[false] to get rid of this warning
May 21, 2026 6:55:21 PM org.hibernate.bytecode.enhance.internal.bytebuddy.BiDir
ectionalAssociationHandler getTargetEntityClass
INFO: HHH90009032: Bidirectional association not managed for field 
[com.forgeStackk.EduResolve.entity.SchoolEvent.attendeesCount]: Could not find 
target type
[INFO] Succesfully cleared the contents of file: C:\Users\erabh\OneDrive\Desktop\learningNinjas\EduResolve_Backend\target\classes\com\forgeStackk\EduResolve\entity\SchoolEvent.class
[INFO] Succesfully enhanced class file: C:\Users\erabh\OneDrive\Desktop\learningNinjas\EduResolve_Backend\target\classes\com\forgeStackk\EduResolve\entity\SchoolEvent.class
May 21, 2026 6:55:21 PM org.hibernate.orm.tooling.maven.EnhancementContext 
doBiDirectionalAssociationManagement
WARN: HHH90000029: The [management of bidirectional persistent association 
attributes] configuration is deprecated and will be removed. Set the value to 
[false] to get rid of this warning
May 21, 2026 6:55:21 PM org.hibernate.bytecode.enhance.internal.bytebuddy.BiDir
ectionalAssociationHandler getTargetEntityClass
INFO: HHH90009032: Bidirectional association not managed for field 
[com.forgeStackk.EduResolve.entity.StudentDocument.id]: Could not find target 
type
May 21, 2026 6:55:21 PM org.hibernate.orm.tooling.maven.EnhancementContext 
doBiDirectionalAssociationManagement
WARN: HHH90000029: The [management of bidirectional persistent association 
attributes] configuration is deprecated and will be removed. Set the value to 
[false] to get rid of this warning
May 21, 2026 6:55:21 PM org.hibernate.bytecode.enhance.internal.bytebuddy.BiDir
ectionalAssociationHandler getTargetEntityClass
INFO: HHH90009032: Bidirectional association not managed for field 
[com.forgeStackk.EduResolve.entity.StudentDocument.studentId]: Could not find 
target type
May 21, 2026 6:55:21 PM org.hibernate.orm.tooling.maven.EnhancementContext 
doBiDirectionalAssociationManagement
WARN: HHH90000029: The [management of bidirectional persistent association 
attributes] configuration is deprecated and will be removed. Set the value to 
[false] to get rid of this warning
May 21, 2026 6:55:21 PM org.hibernate.bytecode.enhance.internal.bytebuddy.BiDir
ectionalAssociationHandler getTargetEntityClass
INFO: HHH90009032: Bidirectional association not managed for field 
[com.forgeStackk.EduResolve.entity.StudentDocument.originalName]: Could not 
find target type
May 21, 2026 6:55:21 PM org.hibernate.orm.tooling.maven.EnhancementContext 
doBiDirectionalAssociationManagement
WARN: HHH90000029: The [management of bidirectional persistent association 
attributes] configuration is deprecated and will be removed. Set the value to 
[false] to get rid of this warning
May 21, 2026 6:55:21 PM org.hibernate.bytecode.enhance.internal.bytebuddy.BiDir
ectionalAssociationHandler getTargetEntityClass
INFO: HHH90009032: Bidirectional association not managed for field 
[com.forgeStackk.EduResolve.entity.StudentDocument.filePath]: Could not find 
target type
May 21, 2026 6:55:21 PM org.hibernate.orm.tooling.maven.EnhancementContext 
doBiDirectionalAssociationManagement
WARN: HHH90000029: The [management of bidirectional persistent association 
attributes] configuration is deprecated and will be removed. Set the value to 
[false] to get rid of this warning
May 21, 2026 6:55:21 PM org.hibernate.bytecode.enhance.internal.bytebuddy.BiDir
ectionalAssociationHandler getTargetEntityClass
INFO: HHH90009032: Bidirectional association not managed for field 
[com.forgeStackk.EduResolve.entity.StudentDocument.fileSize]: Could not find 
target type
May 21, 2026 6:55:21 PM org.hibernate.orm.tooling.maven.EnhancementContext 
doBiDirectionalAssociationManagement
WARN: HHH90000029: The [management of bidirectional persistent association 
attributes] configuration is deprecated and will be removed. Set the value to 
[false] to get rid of this warning
May 21, 2026 6:55:21 PM org.hibernate.bytecode.enhance.internal.bytebuddy.BiDir
ectionalAssociationHandler getTargetEntityClass
INFO: HHH90009032: Bidirectional association not managed for field 
[com.forgeStackk.EduResolve.entity.StudentDocument.contentType]: Could not 
find target type
May 21, 2026 6:55:21 PM org.hibernate.orm.tooling.maven.EnhancementContext 
doBiDirectionalAssociationManagement
WARN: HHH90000029: The [management of bidirectional persistent association 
attributes] configuration is deprecated and will be removed. Set the value to 
[false] to get rid of this warning
May 21, 2026 6:55:21 PM org.hibernate.bytecode.enhance.internal.bytebuddy.BiDir
ectionalAssociationHandler getTargetEntityClass
INFO: HHH90009032: Bidirectional association not managed for field 
[com.forgeStackk.EduResolve.entity.StudentDocument.uploadedAt]: Could not find 
target type
[INFO] Succesfully cleared the contents of file: C:\Users\erabh\OneDrive\Desktop\learningNinjas\EduResolve_Backend\target\classes\com\forgeStackk\EduResolve\entity\StudentDocument.class
[INFO] Succesfully enhanced class file: C:\Users\erabh\OneDrive\Desktop\learningNinjas\EduResolve_Backend\target\classes\com\forgeStackk\EduResolve\entity\StudentDocument.class
May 21, 2026 6:55:21 PM org.hibernate.orm.tooling.maven.EnhancementContext 
doBiDirectionalAssociationManagement
WARN: HHH90000029: The [management of bidirectional persistent association 
attributes] configuration is deprecated and will be removed. Set the value to 
[false] to get rid of this warning
May 21, 2026 6:55:21 PM org.hibernate.bytecode.enhance.internal.bytebuddy.BiDir
ectionalAssociationHandler getTargetEntityClass
INFO: HHH90009032: Bidirectional association not managed for field 
[com.forgeStackk.EduResolve.entity.StudentPerformance.id]: Could not find 
target type
May 21, 2026 6:55:21 PM org.hibernate.orm.tooling.maven.EnhancementContext 
doBiDirectionalAssociationManagement
WARN: HHH90000029: The [management of bidirectional persistent association 
attributes] configuration is deprecated and will be removed. Set the value to 
[false] to get rid of this warning
May 21, 2026 6:55:21 PM org.hibernate.bytecode.enhance.internal.bytebuddy.BiDir
ectionalAssociationHandler getTargetEntityClass
INFO: HHH90009032: Bidirectional association not managed for field 
[com.forgeStackk.EduResolve.entity.StudentPerformance.studentId]: Could not 
find target type
May 21, 2026 6:55:21 PM org.hibernate.orm.tooling.maven.EnhancementContext 
doBiDirectionalAssociationManagement
WARN: HHH90000029: The [management of bidirectional persistent association 
attributes] configuration is deprecated and will be removed. Set the value to 
[false] to get rid of this warning
May 21, 2026 6:55:21 PM org.hibernate.bytecode.enhance.internal.bytebuddy.BiDir
ectionalAssociationHandler getTargetEntityClass
INFO: HHH90009032: Bidirectional association not managed for field 
[com.forgeStackk.EduResolve.entity.StudentPerformance.topicId]: Could not find 
target type
May 21, 2026 6:55:21 PM org.hibernate.orm.tooling.maven.EnhancementContext 
doBiDirectionalAssociationManagement
WARN: HHH90000029: The [management of bidirectional persistent association 
attributes] configuration is deprecated and will be removed. Set the value to 
[false] to get rid of this warning
May 21, 2026 6:55:21 PM org.hibernate.bytecode.enhance.internal.bytebuddy.BiDir
ectionalAssociationHandler getTargetEntityClass
INFO: HHH90009032: Bidirectional association not managed for field 
[com.forgeStackk.EduResolve.entity.StudentPerformance.questionsAttempted]: 
Could not find target type
May 21, 2026 6:55:21 PM org.hibernate.orm.tooling.maven.EnhancementContext 
doBiDirectionalAssociationManagement
WARN: HHH90000029: The [management of bidirectional persistent association 
attributes] configuration is deprecated and will be removed. Set the value to 
[false] to get rid of this warning
May 21, 2026 6:55:21 PM org.hibernate.bytecode.enhance.internal.bytebuddy.BiDir
ectionalAssociationHandler getTargetEntityClass
INFO: HHH90009032: Bidirectional association not managed for field 
[com.forgeStackk.EduResolve.entity.StudentPerformance.questionsCorrect]: Could 
not find target type
May 21, 2026 6:55:21 PM org.hibernate.orm.tooling.maven.EnhancementContext 
doBiDirectionalAssociationManagement
WARN: HHH90000029: The [management of bidirectional persistent association 
attributes] configuration is deprecated and will be removed. Set the value to 
[false] to get rid of this warning
May 21, 2026 6:55:21 PM org.hibernate.bytecode.enhance.internal.bytebuddy.BiDir
ectionalAssociationHandler getTargetEntityClass
INFO: HHH90009032: Bidirectional association not managed for field 
[com.forgeStackk.EduResolve.entity.StudentPerformance.accuracy]: Could not 
find target type
May 21, 2026 6:55:21 PM org.hibernate.orm.tooling.maven.EnhancementContext 
doBiDirectionalAssociationManagement
WARN: HHH90000029: The [management of bidirectional persistent association 
attributes] configuration is deprecated and will be removed. Set the value to 
[false] to get rid of this warning
May 21, 2026 6:55:21 PM org.hibernate.bytecode.enhance.internal.bytebuddy.BiDir
ectionalAssociationHandler getTargetEntityClass
INFO: HHH90009032: Bidirectional association not managed for field 
[com.forgeStackk.EduResolve.entity.StudentPerformance.timeSpentSeconds]: Could 
not find target type
May 21, 2026 6:55:21 PM org.hibernate.orm.tooling.maven.EnhancementContext 
doBiDirectionalAssociationManagement
WARN: HHH90000029: The [management of bidirectional persistent association 
attributes] configuration is deprecated and will be removed. Set the value to 
[false] to get rid of this warning
May 21, 2026 6:55:21 PM org.hibernate.bytecode.enhance.internal.bytebuddy.BiDir
ectionalAssociationHandler getTargetEntityClass
INFO: HHH90009032: Bidirectional association not managed for field 
[com.forgeStackk.EduResolve.entity.StudentPerformance.lastAttemptAt]: Could 
not find target type
[INFO] Succesfully cleared the contents of file: C:\Users\erabh\OneDrive\Desktop\learningNinjas\EduResolve_Backend\target\classes\com\forgeStackk\EduResolve\entity\StudentPerformance.class
[INFO] Succesfully enhanced class file: C:\Users\erabh\OneDrive\Desktop\learningNinjas\EduResolve_Backend\target\classes\com\forgeStackk\EduResolve\entity\StudentPerformance.class
May 21, 2026 6:55:21 PM org.hibernate.orm.tooling.maven.EnhancementContext 
doBiDirectionalAssociationManagement
WARN: HHH90000029: The [management of bidirectional persistent association 
attributes] configuration is deprecated and will be removed. Set the value to 
[false] to get rid of this warning
May 21, 2026 6:55:21 PM org.hibernate.bytecode.enhance.internal.bytebuddy.BiDir
ectionalAssociationHandler getTargetEntityClass
INFO: HHH90009032: Bidirectional association not managed for field 
[com.forgeStackk.EduResolve.entity.StudentProfile.id]: Could not find target 
type
May 21, 2026 6:55:21 PM org.hibernate.orm.tooling.maven.EnhancementContext 
doBiDirectionalAssociationManagement
WARN: HHH90000029: The [management of bidirectional persistent association 
attributes] configuration is deprecated and will be removed. Set the value to 
[false] to get rid of this warning
May 21, 2026 6:55:21 PM org.hibernate.bytecode.enhance.internal.bytebuddy.BiDir
ectionalAssociationHandler getTargetEntityClass
INFO: HHH90009032: Bidirectional association not managed for field 
[com.forgeStackk.EduResolve.entity.StudentProfile.userId]: Could not find 
target type
May 21, 2026 6:55:21 PM org.hibernate.orm.tooling.maven.EnhancementContext 
doBiDirectionalAssociationManagement
WARN: HHH90000029: The [management of bidirectional persistent association 
attributes] configuration is deprecated and will be removed. Set the value to 
[false] to get rid of this warning
May 21, 2026 6:55:21 PM org.hibernate.bytecode.enhance.internal.bytebuddy.BiDir
ectionalAssociationHandler getTargetEntityClass
INFO: HHH90009032: Bidirectional association not managed for field 
[com.forgeStackk.EduResolve.entity.StudentProfile.name]: Could not find target 
type
May 21, 2026 6:55:21 PM org.hibernate.orm.tooling.maven.EnhancementContext 
doBiDirectionalAssociationManagement
WARN: HHH90000029: The [management of bidirectional persistent association 
attributes] configuration is deprecated and will be removed. Set the value to 
[false] to get rid of this warning
May 21, 2026 6:55:21 PM org.hibernate.bytecode.enhance.internal.bytebuddy.BiDir
ectionalAssociationHandler getTargetEntityClass
INFO: HHH90009032: Bidirectional association not managed for field 
[com.forgeStackk.EduResolve.entity.StudentProfile.initials]: Could not find 
target type
May 21, 2026 6:55:21 PM org.hibernate.orm.tooling.maven.EnhancementContext 
doBiDirectionalAssociationManagement
WARN: HHH90000029: The [management of bidirectional persistent association 
attributes] configuration is deprecated and will be removed. Set the value to 
[false] to get rid of this warning
May 21, 2026 6:55:21 PM org.hibernate.bytecode.enhance.internal.bytebuddy.BiDir
ectionalAssociationHandler getTargetEntityClass
INFO: HHH90009032: Bidirectional association not managed for field 
[com.forgeStackk.EduResolve.entity.StudentProfile.color]: Could not find 
target type
May 21, 2026 6:55:21 PM org.hibernate.orm.tooling.maven.EnhancementContext 
doBiDirectionalAssociationManagement
WARN: HHH90000029: The [management of bidirectional persistent association 
attributes] configuration is deprecated and will be removed. Set the value to 
[false] to get rid of this warning
May 21, 2026 6:55:21 PM org.hibernate.bytecode.enhance.internal.bytebuddy.BiDir
ectionalAssociationHandler getTargetEntityClass
INFO: HHH90009032: Bidirectional association not managed for field 
[com.forgeStackk.EduResolve.entity.StudentProfile.engagement]: Could not find 
target type
May 21, 2026 6:55:21 PM org.hibernate.orm.tooling.maven.EnhancementContext 
doBiDirectionalAssociationManagement
WARN: HHH90000029: The [management of bidirectional persistent association 
attributes] configuration is deprecated and will be removed. Set the value to 
[false] to get rid of this warning
May 21, 2026 6:55:21 PM org.hibernate.bytecode.enhance.internal.bytebuddy.BiDir
ectionalAssociationHandler getTargetEntityClass
INFO: HHH90009032: Bidirectional association not managed for field 
[com.forgeStackk.EduResolve.entity.StudentProfile.grade]: Could not find 
target type
May 21, 2026 6:55:21 PM org.hibernate.orm.tooling.maven.EnhancementContext 
doBiDirectionalAssociationManagement
WARN: HHH90000029: The [management of bidirectional persistent association 
attributes] configuration is deprecated and will be removed. Set the value to 
[false] to get rid of this warning
May 21, 2026 6:55:21 PM org.hibernate.bytecode.enhance.internal.bytebuddy.BiDir
ectionalAssociationHandler getTargetEntityClass
INFO: HHH90009032: Bidirectional association not managed for field 
[com.forgeStackk.EduResolve.entity.StudentProfile.status]: Could not find 
target type
May 21, 2026 6:55:21 PM org.hibernate.orm.tooling.maven.EnhancementContext 
doBiDirectionalAssociationManagement
WARN: HHH90000029: The [management of bidirectional persistent association 
attributes] configuration is deprecated and will be removed. Set the value to 
[false] to get rid of this warning
May 21, 2026 6:55:21 PM org.hibernate.bytecode.enhance.internal.bytebuddy.BiDir
ectionalAssociationHandler getTargetEntityClass
INFO: HHH90009032: Bidirectional association not managed for field 
[com.forgeStackk.EduResolve.entity.StudentProfile.className]: Could not find 
target type
May 21, 2026 6:55:21 PM org.hibernate.orm.tooling.maven.EnhancementContext 
doBiDirectionalAssociationManagement
WARN: HHH90000029: The [management of bidirectional persistent association 
attributes] configuration is deprecated and will be removed. Set the value to 
[false] to get rid of this warning
May 21, 2026 6:55:21 PM org.hibernate.bytecode.enhance.internal.bytebuddy.BiDir
ectionalAssociationHandler getTargetEntityClass
INFO: HHH90009032: Bidirectional association not managed for field 
[com.forgeStackk.EduResolve.entity.StudentProfile.streakDays]: Could not find 
target type
May 21, 2026 6:55:21 PM org.hibernate.orm.tooling.maven.EnhancementContext 
doBiDirectionalAssociationManagement
WARN: HHH90000029: The [management of bidirectional persistent association 
attributes] configuration is deprecated and will be removed. Set the value to 
[false] to get rid of this warning
May 21, 2026 6:55:21 PM org.hibernate.bytecode.enhance.internal.bytebuddy.BiDir
ectionalAssociationHandler getTargetEntityClass
INFO: HHH90009032: Bidirectional association not managed for field 
[com.forgeStackk.EduResolve.entity.StudentProfile.experiencePoints]: Could not 
find target type
May 21, 2026 6:55:21 PM org.hibernate.orm.tooling.maven.EnhancementContext 
doBiDirectionalAssociationManagement
WARN: HHH90000029: The [management of bidirectional persistent association 
attributes] configuration is deprecated and will be removed. Set the value to 
[false] to get rid of this warning
May 21, 2026 6:55:21 PM org.hibernate.bytecode.enhance.internal.bytebuddy.BiDir
ectionalAssociationHandler getTargetEntityClass
INFO: HHH90009032: Bidirectional association not managed for field 
[com.forgeStackk.EduResolve.entity.StudentProfile.topPercentage]: Could not 
find target type
May 21, 2026 6:55:21 PM org.hibernate.orm.tooling.maven.EnhancementContext 
doBiDirectionalAssociationManagement
WARN: HHH90000029: The [management of bidirectional persistent association 
attributes] configuration is deprecated and will be removed. Set the value to 
[false] to get rid of this warning
May 21, 2026 6:55:21 PM org.hibernate.bytecode.enhance.internal.bytebuddy.BiDir
ectionalAssociationHandler getTargetEntityClass
INFO: HHH90009032: Bidirectional association not managed for field 
[com.forgeStackk.EduResolve.entity.StudentProfile.loginDays]: Could not find 
target type
May 21, 2026 6:55:21 PM org.hibernate.orm.tooling.maven.EnhancementContext 
doBiDirectionalAssociationManagement
WARN: HHH90000029: The [management of bidirectional persistent association 
attributes] configuration is deprecated and will be removed. Set the value to 
[false] to get rid of this warning
May 21, 2026 6:55:21 PM org.hibernate.bytecode.enhance.internal.bytebuddy.BiDir
ectionalAssociationHandler getTargetEntityClass
INFO: HHH90009032: Bidirectional association not managed for field 
[com.forgeStackk.EduResolve.entity.StudentProfile.lastLoginDate]: Could not 
find target type
[INFO] Succesfully cleared the contents of file: C:\Users\erabh\OneDrive\Desktop\learningNinjas\EduResolve_Backend\target\classes\com\forgeStackk\EduResolve\entity\StudentProfile.class
[INFO] Succesfully enhanced class file: C:\Users\erabh\OneDrive\Desktop\learningNinjas\EduResolve_Backend\target\classes\com\forgeStackk\EduResolve\entity\StudentProfile.class
May 21, 2026 6:55:21 PM org.hibernate.orm.tooling.maven.EnhancementContext 
doBiDirectionalAssociationManagement
WARN: HHH90000029: The [management of bidirectional persistent association 
attributes] configuration is deprecated and will be removed. Set the value to 
[false] to get rid of this warning
May 21, 2026 6:55:21 PM org.hibernate.bytecode.enhance.internal.bytebuddy.BiDir
ectionalAssociationHandler getTargetEntityClass
INFO: HHH90009032: Bidirectional association not managed for field 
[com.forgeStackk.EduResolve.entity.Subject.id]: Could not find target type
May 21, 2026 6:55:21 PM org.hibernate.orm.tooling.maven.EnhancementContext 
doBiDirectionalAssociationManagement
WARN: HHH90000029: The [management of bidirectional persistent association 
attributes] configuration is deprecated and will be removed. Set the value to 
[false] to get rid of this warning
May 21, 2026 6:55:21 PM org.hibernate.bytecode.enhance.internal.bytebuddy.BiDir
ectionalAssociationHandler getTargetEntityClass
INFO: HHH90009032: Bidirectional association not managed for field 
[com.forgeStackk.EduResolve.entity.Subject.name]: Could not find target type
May 21, 2026 6:55:21 PM org.hibernate.orm.tooling.maven.EnhancementContext 
doBiDirectionalAssociationManagement
WARN: HHH90000029: The [management of bidirectional persistent association 
attributes] configuration is deprecated and will be removed. Set the value to 
[false] to get rid of this warning
May 21, 2026 6:55:21 PM org.hibernate.bytecode.enhance.internal.bytebuddy.BiDir
ectionalAssociationHandler getTargetEntityClass
INFO: HHH90009032: Bidirectional association not managed for field 
[com.forgeStackk.EduResolve.entity.Subject.grade]: Could not find target type
May 21, 2026 6:55:21 PM org.hibernate.orm.tooling.maven.EnhancementContext 
doBiDirectionalAssociationManagement
WARN: HHH90000029: The [management of bidirectional persistent association 
attributes] configuration is deprecated and will be removed. Set the value to 
[false] to get rid of this warning
May 21, 2026 6:55:21 PM org.hibernate.bytecode.enhance.internal.bytebuddy.BiDir
ectionalAssociationHandler getTargetEntityClass
INFO: HHH90009032: Bidirectional association not managed for field 
[com.forgeStackk.EduResolve.entity.Subject.icon]: Could not find target type
May 21, 2026 6:55:21 PM org.hibernate.orm.tooling.maven.EnhancementContext 
doBiDirectionalAssociationManagement
WARN: HHH90000029: The [management of bidirectional persistent association 
attributes] configuration is deprecated and will be removed. Set the value to 
[false] to get rid of this warning
May 21, 2026 6:55:21 PM org.hibernate.bytecode.enhance.internal.bytebuddy.BiDir
ectionalAssociationHandler getTargetEntityClass
INFO: HHH90009032: Bidirectional association not managed for field 
[com.forgeStackk.EduResolve.entity.Subject.colorHex]: Could not find target 
type
[INFO] Succesfully cleared the contents of file: C:\Users\erabh\OneDrive\Desktop\learningNinjas\EduResolve_Backend\target\classes\com\forgeStackk\EduResolve\entity\Subject.class
[INFO] Succesfully enhanced class file: C:\Users\erabh\OneDrive\Desktop\learningNinjas\EduResolve_Backend\target\classes\com\forgeStackk\EduResolve\entity\Subject.class
May 21, 2026 6:55:21 PM org.hibernate.orm.tooling.maven.EnhancementContext 
doBiDirectionalAssociationManagement
WARN: HHH90000029: The [management of bidirectional persistent association 
attributes] configuration is deprecated and will be removed. Set the value to 
[false] to get rid of this warning
May 21, 2026 6:55:21 PM org.hibernate.bytecode.enhance.internal.bytebuddy.BiDir
ectionalAssociationHandler getTargetEntityClass
INFO: HHH90009032: Bidirectional association not managed for field 
[com.forgeStackk.EduResolve.entity.teacher.Attendance.attendanceId]: Could not 
find target type
May 21, 2026 6:55:21 PM org.hibernate.orm.tooling.maven.EnhancementContext 
doBiDirectionalAssociationManagement
WARN: HHH90000029: The [management of bidirectional persistent association 
attributes] configuration is deprecated and will be removed. Set the value to 
[false] to get rid of this warning
May 21, 2026 6:55:21 PM org.hibernate.bytecode.enhance.internal.bytebuddy.BiDir
ectionalAssociationHandler getTargetEntityClass
INFO: HHH90009032: Bidirectional association not managed for field 
[com.forgeStackk.EduResolve.entity.teacher.Attendance.classId]: Could not find 
target type
May 21, 2026 6:55:21 PM org.hibernate.orm.tooling.maven.EnhancementContext 
doBiDirectionalAssociationManagement
WARN: HHH90000029: The [management of bidirectional persistent association 
attributes] configuration is deprecated and will be removed. Set the value to 
[false] to get rid of this warning
May 21, 2026 6:55:21 PM org.hibernate.bytecode.enhance.internal.bytebuddy.BiDir
ectionalAssociationHandler getTargetEntityClass
INFO: HHH90009032: Bidirectional association not managed for field 
[com.forgeStackk.EduResolve.entity.teacher.Attendance.studentId]: Could not 
find target type
May 21, 2026 6:55:21 PM org.hibernate.orm.tooling.maven.EnhancementContext 
doBiDirectionalAssociationManagement
WARN: HHH90000029: The [management of bidirectional persistent association 
attributes] configuration is deprecated and will be removed. Set the value to 
[false] to get rid of this warning
May 21, 2026 6:55:21 PM org.hibernate.bytecode.enhance.internal.bytebuddy.BiDir
ectionalAssociationHandler getTargetEntityClass
INFO: HHH90009032: Bidirectional association not managed for field 
[com.forgeStackk.EduResolve.entity.teacher.Attendance.date]: Could not find 
target type
May 21, 2026 6:55:21 PM org.hibernate.orm.tooling.maven.EnhancementContext 
doBiDirectionalAssociationManagement
WARN: HHH90000029: The [management of bidirectional persistent association 
attributes] configuration is deprecated and will be removed. Set the value to 
[false] to get rid of this warning
May 21, 2026 6:55:21 PM org.hibernate.bytecode.enhance.internal.bytebuddy.BiDir
ectionalAssociationHandler getTargetEntityClass
INFO: HHH90009032: Bidirectional association not managed for field 
[com.forgeStackk.EduResolve.entity.teacher.Attendance.status]: Could not find 
target type
May 21, 2026 6:55:21 PM org.hibernate.orm.tooling.maven.EnhancementContext 
doBiDirectionalAssociationManagement
WARN: HHH90000029: The [management of bidirectional persistent association 
attributes] configuration is deprecated and will be removed. Set the value to 
[false] to get rid of this warning
May 21, 2026 6:55:21 PM org.hibernate.bytecode.enhance.internal.bytebuddy.BiDir
ectionalAssociationHandler getTargetEntityClass
INFO: HHH90009032: Bidirectional association not managed for field 
[com.forgeStackk.EduResolve.entity.teacher.Attendance.markedBy]: Could not 
find target type
May 21, 2026 6:55:21 PM org.hibernate.orm.tooling.maven.EnhancementContext 
doBiDirectionalAssociationManagement
WARN: HHH90000029: The [management of bidirectional persistent association 
attributes] configuration is deprecated and will be removed. Set the value to 
[false] to get rid of this warning
May 21, 2026 6:55:21 PM org.hibernate.bytecode.enhance.internal.bytebuddy.BiDir
ectionalAssociationHandler getTargetEntityClass
INFO: HHH90009032: Bidirectional association not managed for field 
[com.forgeStackk.EduResolve.entity.teacher.Attendance.markedAt]: Could not 
find target type
May 21, 2026 6:55:21 PM org.hibernate.orm.tooling.maven.EnhancementContext 
doBiDirectionalAssociationManagement
WARN: HHH90000029: The [management of bidirectional persistent association 
attributes] configuration is deprecated and will be removed. Set the value to 
[false] to get rid of this warning
May 21, 2026 6:55:21 PM org.hibernate.bytecode.enhance.internal.bytebuddy.BiDir
ectionalAssociationHandler getTargetEntityClass
INFO: HHH90009032: Bidirectional association not managed for field 
[com.forgeStackk.EduResolve.entity.teacher.Attendance.remarks]: Could not find 
target type
May 21, 2026 6:55:21 PM org.hibernate.orm.tooling.maven.EnhancementContext 
doBiDirectionalAssociationManagement
WARN: HHH90000029: The [management of bidirectional persistent association 
attributes] configuration is deprecated and will be removed. Set the value to 
[false] to get rid of this warning
May 21, 2026 6:55:21 PM org.hibernate.bytecode.enhance.internal.bytebuddy.BiDir
ectionalAssociationHandler getTargetEntityClass
INFO: HHH90009032: Bidirectional association not managed for field 
[com.forgeStackk.EduResolve.entity.teacher.Attendance.version]: Could not find 
target type
[INFO] Succesfully cleared the contents of file: C:\Users\erabh\OneDrive\Desktop\learningNinjas\EduResolve_Backend\target\classes\com\forgeStackk\EduResolve\entity\teacher\Attendance.class
[INFO] Succesfully enhanced class file: C:\Users\erabh\OneDrive\Desktop\learningNinjas\EduResolve_Backend\target\classes\com\forgeStackk\EduResolve\entity\teacher\Attendance.class
May 21, 2026 6:55:21 PM org.hibernate.orm.tooling.maven.EnhancementContext 
doBiDirectionalAssociationManagement
WARN: HHH90000029: The [management of bidirectional persistent association 
attributes] configuration is deprecated and will be removed. Set the value to 
[false] to get rid of this warning
May 21, 2026 6:55:21 PM org.hibernate.bytecode.enhance.internal.bytebuddy.BiDir
ectionalAssociationHandler getTargetEntityClass
INFO: HHH90009032: Bidirectional association not managed for field 
[com.forgeStackk.EduResolve.entity.teacher.AttendanceReport.reportId]: Could 
not find target type
May 21, 2026 6:55:21 PM org.hibernate.orm.tooling.maven.EnhancementContext 
doBiDirectionalAssociationManagement
WARN: HHH90000029: The [management of bidirectional persistent association 
attributes] configuration is deprecated and will be removed. Set the value to 
[false] to get rid of this warning
May 21, 2026 6:55:21 PM org.hibernate.bytecode.enhance.internal.bytebuddy.BiDir
ectionalAssociationHandler getTargetEntityClass
INFO: HHH90009032: Bidirectional association not managed for field 
[com.forgeStackk.EduResolve.entity.teacher.AttendanceReport.classId]: Could 
not find target type
May 21, 2026 6:55:21 PM org.hibernate.orm.tooling.maven.EnhancementContext 
doBiDirectionalAssociationManagement
WARN: HHH90000029: The [management of bidirectional persistent association 
attributes] configuration is deprecated and will be removed. Set the value to 
[false] to get rid of this warning
May 21, 2026 6:55:21 PM org.hibernate.bytecode.enhance.internal.bytebuddy.BiDir
ectionalAssociationHandler getTargetEntityClass
INFO: HHH90009032: Bidirectional association not managed for field 
[com.forgeStackk.EduResolve.entity.teacher.AttendanceReport.month]: Could not 
find target type
May 21, 2026 6:55:21 PM org.hibernate.orm.tooling.maven.EnhancementContext 
doBiDirectionalAssociationManagement
WARN: HHH90000029: The [management of bidirectional persistent association 
attributes] configuration is deprecated and will be removed. Set the value to 
[false] to get rid of this warning
May 21, 2026 6:55:21 PM org.hibernate.bytecode.enhance.internal.bytebuddy.BiDir
ectionalAssociationHandler getTargetEntityClass
INFO: HHH90009032: Bidirectional association not managed for field 
[com.forgeStackk.EduResolve.entity.teacher.AttendanceReport.year]: Could not 
find target type
May 21, 2026 6:55:21 PM org.hibernate.orm.tooling.maven.EnhancementContext 
doBiDirectionalAssociationManagement
WARN: HHH90000029: The [management of bidirectional persistent association 
attributes] configuration is deprecated and will be removed. Set the value to 
[false] to get rid of this warning
May 21, 2026 6:55:21 PM org.hibernate.bytecode.enhance.internal.bytebuddy.BiDir
ectionalAssociationHandler getTargetEntityClass
INFO: HHH90009032: Bidirectional association not managed for field 
[com.forgeStackk.EduResolve.entity.teacher.AttendanceReport.generatedAt]: 
Could not find target type
May 21, 2026 6:55:21 PM org.hibernate.orm.tooling.maven.EnhancementContext 
doBiDirectionalAssociationManagement
WARN: HHH90000029: The [management of bidirectional persistent association 
attributes] configuration is deprecated and will be removed. Set the value to 
[false] to get rid of this warning
May 21, 2026 6:55:21 PM org.hibernate.bytecode.enhance.internal.bytebuddy.BiDir
ectionalAssociationHandler getTargetEntityClass
INFO: HHH90009032: Bidirectional association not managed for field 
[com.forgeStackk.EduResolve.entity.teacher.AttendanceReport.generatedBy]: 
Could not find target type
May 21, 2026 6:55:21 PM org.hibernate.orm.tooling.maven.EnhancementContext 
doBiDirectionalAssociationManagement
WARN: HHH90000029: The [management of bidirectional persistent association 
attributes] configuration is deprecated and will be removed. Set the value to 
[false] to get rid of this warning
May 21, 2026 6:55:21 PM org.hibernate.bytecode.enhance.internal.bytebuddy.BiDir
ectionalAssociationHandler getTargetEntityClass
INFO: HHH90009032: Bidirectional association not managed for field 
[com.forgeStackk.EduResolve.entity.teacher.AttendanceReport.reportFileUrl]: 
Could not find target type
May 21, 2026 6:55:21 PM org.hibernate.orm.tooling.maven.EnhancementContext 
doBiDirectionalAssociationManagement
WARN: HHH90000029: The [management of bidirectional persistent association 
attributes] configuration is deprecated and will be removed. Set the value to 
[false] to get rid of this warning
May 21, 2026 6:55:21 PM org.hibernate.bytecode.enhance.internal.bytebuddy.BiDir
ectionalAssociationHandler getTargetEntityClass
INFO: HHH90009032: Bidirectional association not managed for field 
[com.forgeStackk.EduResolve.entity.teacher.AttendanceReport.status]: Could not 
find target type
May 21, 2026 6:55:21 PM org.hibernate.orm.tooling.maven.EnhancementContext 
doBiDirectionalAssociationManagement
WARN: HHH90000029: The [management of bidirectional persistent association 
attributes] configuration is deprecated and will be removed. Set the value to 
[false] to get rid of this warning
May 21, 2026 6:55:21 PM org.hibernate.bytecode.enhance.internal.bytebuddy.BiDir
ectionalAssociationHandler getTargetEntityClass
INFO: HHH90009032: Bidirectional association not managed for field 
[com.forgeStackk.EduResolve.entity.teacher.AttendanceReport.summary]: Could 
not find target type
[INFO] Succesfully cleared the contents of file: C:\Users\erabh\OneDrive\Desktop\learningNinjas\EduResolve_Backend\target\classes\com\forgeStackk\EduResolve\entity\teacher\AttendanceReport.class
[INFO] Succesfully enhanced class file: C:\Users\erabh\OneDrive\Desktop\learningNinjas\EduResolve_Backend\target\classes\com\forgeStackk\EduResolve\entity\teacher\AttendanceReport.class
May 21, 2026 6:55:21 PM org.hibernate.orm.tooling.maven.EnhancementContext 
doBiDirectionalAssociationManagement
WARN: HHH90000029: The [management of bidirectional persistent association 
attributes] configuration is deprecated and will be removed. Set the value to 
[false] to get rid of this warning
May 21, 2026 6:55:21 PM org.hibernate.bytecode.enhance.internal.bytebuddy.BiDir
ectionalAssociationHandler getTargetEntityClass
INFO: HHH90009032: Bidirectional association not managed for field 
[com.forgeStackk.EduResolve.entity.teacher.ClassRoom.classId]: Could not find 
target type
May 21, 2026 6:55:21 PM org.hibernate.orm.tooling.maven.EnhancementContext 
doBiDirectionalAssociationManagement
WARN: HHH90000029: The [management of bidirectional persistent association 
attributes] configuration is deprecated and will be removed. Set the value to 
[false] to get rid of this warning
May 21, 2026 6:55:21 PM org.hibernate.bytecode.enhance.internal.bytebuddy.BiDir
ectionalAssociationHandler getTargetEntityClass
INFO: HHH90009032: Bidirectional association not managed for field 
[com.forgeStackk.EduResolve.entity.teacher.ClassRoom.className]: Could not 
find target type
May 21, 2026 6:55:21 PM org.hibernate.orm.tooling.maven.EnhancementContext 
doBiDirectionalAssociationManagement
WARN: HHH90000029: The [management of bidirectional persistent association 
attributes] configuration is deprecated and will be removed. Set the value to 
[false] to get rid of this warning
May 21, 2026 6:55:21 PM org.hibernate.bytecode.enhance.internal.bytebuddy.BiDir
ectionalAssociationHandler getTargetEntityClass
INFO: HHH90009032: Bidirectional association not managed for field 
[com.forgeStackk.EduResolve.entity.teacher.ClassRoom.section]: Could not find 
target type
May 21, 2026 6:55:21 PM org.hibernate.orm.tooling.maven.EnhancementContext 
doBiDirectionalAssociationManagement
WARN: HHH90000029: The [management of bidirectional persistent association 
attributes] configuration is deprecated and will be removed. Set the value to 
[false] to get rid of this warning
May 21, 2026 6:55:21 PM org.hibernate.bytecode.enhance.internal.bytebuddy.BiDir
ectionalAssociationHandler getTargetEntityClass
INFO: HHH90009032: Bidirectional association not managed for field 
[com.forgeStackk.EduResolve.entity.teacher.ClassRoom.academicYear]: Could not 
find target type
May 21, 2026 6:55:21 PM org.hibernate.orm.tooling.maven.EnhancementContext 
doBiDirectionalAssociationManagement
WARN: HHH90000029: The [management of bidirectional persistent association 
attributes] configuration is deprecated and will be removed. Set the value to 
[false] to get rid of this warning
May 21, 2026 6:55:21 PM org.hibernate.bytecode.enhance.internal.bytebuddy.BiDir
ectionalAssociationHandler getTargetEntityClass
INFO: HHH90009032: Bidirectional association not managed for field 
[com.forgeStackk.EduResolve.entity.teacher.ClassRoom.classTeacherId]: Could 
not find target type
[INFO] Succesfully cleared the contents of file: C:\Users\erabh\OneDrive\Desktop\learningNinjas\EduResolve_Backend\target\classes\com\forgeStackk\EduResolve\entity\teacher\ClassRoom.class
[INFO] Succesfully enhanced class file: C:\Users\erabh\OneDrive\Desktop\learningNinjas\EduResolve_Backend\target\classes\com\forgeStackk\EduResolve\entity\teacher\ClassRoom.class
May 21, 2026 6:55:21 PM org.hibernate.orm.tooling.maven.EnhancementContext 
doBiDirectionalAssociationManagement
WARN: HHH90000029: The [management of bidirectional persistent association 
attributes] configuration is deprecated and will be removed. Set the value to 
[false] to get rid of this warning
May 21, 2026 6:55:21 PM org.hibernate.bytecode.enhance.internal.bytebuddy.BiDir
ectionalAssociationHandler getTargetEntityClass
INFO: HHH90009032: Bidirectional association not managed for field 
[com.forgeStackk.EduResolve.entity.teacher.Message.messageId]: Could not find 
target type
May 21, 2026 6:55:21 PM org.hibernate.orm.tooling.maven.EnhancementContext 
doBiDirectionalAssociationManagement
WARN: HHH90000029: The [management of bidirectional persistent association 
attributes] configuration is deprecated and will be removed. Set the value to 
[false] to get rid of this warning
May 21, 2026 6:55:21 PM org.hibernate.bytecode.enhance.internal.bytebuddy.BiDir
ectionalAssociationHandler getTargetEntityClass
INFO: HHH90009032: Bidirectional association not managed for field 
[com.forgeStackk.EduResolve.entity.teacher.Message.senderId]: Could not find 
target type
May 21, 2026 6:55:21 PM org.hibernate.orm.tooling.maven.EnhancementContext 
doBiDirectionalAssociationManagement
WARN: HHH90000029: The [management of bidirectional persistent association 
attributes] configuration is deprecated and will be removed. Set the value to 
[false] to get rid of this warning
May 21, 2026 6:55:21 PM org.hibernate.bytecode.enhance.internal.bytebuddy.BiDir
ectionalAssociationHandler getTargetEntityClass
INFO: HHH90009032: Bidirectional association not managed for field 
[com.forgeStackk.EduResolve.entity.teacher.Message.senderRole]: Could not find 
target type
May 21, 2026 6:55:21 PM org.hibernate.orm.tooling.maven.EnhancementContext 
doBiDirectionalAssociationManagement
WARN: HHH90000029: The [management of bidirectional persistent association 
attributes] configuration is deprecated and will be removed. Set the value to 
[false] to get rid of this warning
May 21, 2026 6:55:21 PM org.hibernate.bytecode.enhance.internal.bytebuddy.BiDir
ectionalAssociationHandler getTargetEntityClass
INFO: HHH90009032: Bidirectional association not managed for field 
[com.forgeStackk.EduResolve.entity.teacher.Message.recipientType]: Could not 
find target type
May 21, 2026 6:55:21 PM org.hibernate.orm.tooling.maven.EnhancementContext 
doBiDirectionalAssociationManagement
WARN: HHH90000029: The [management of bidirectional persistent association 
attributes] configuration is deprecated and will be removed. Set the value to 
[false] to get rid of this warning
May 21, 2026 6:55:21 PM org.hibernate.bytecode.enhance.internal.bytebuddy.BiDir
ectionalAssociationHandler getTargetEntityClass
INFO: HHH90009032: Bidirectional association not managed for field 
[com.forgeStackk.EduResolve.entity.teacher.Message.targetClassId]: Could not 
find target type
May 21, 2026 6:55:21 PM org.hibernate.orm.tooling.maven.EnhancementContext 
doBiDirectionalAssociationManagement
WARN: HHH90000029: The [management of bidirectional persistent association 
attributes] configuration is deprecated and will be removed. Set the value to 
[false] to get rid of this warning
May 21, 2026 6:55:21 PM org.hibernate.bytecode.enhance.internal.bytebuddy.BiDir
ectionalAssociationHandler getTargetEntityClass
INFO: HHH90009032: Bidirectional association not managed for field 
[com.forgeStackk.EduResolve.entity.teacher.Message.targetSubjectId]: Could not 
find target type
May 21, 2026 6:55:21 PM org.hibernate.orm.tooling.maven.EnhancementContext 
doBiDirectionalAssociationManagement
WARN: HHH90000029: The [management of bidirectional persistent association 
attributes] configuration is deprecated and will be removed. Set the value to 
[false] to get rid of this warning
May 21, 2026 6:55:21 PM org.hibernate.bytecode.enhance.internal.bytebuddy.BiDir
ectionalAssociationHandler getTargetEntityClass
INFO: HHH90009032: Bidirectional association not managed for field 
[com.forgeStackk.EduResolve.entity.teacher.Message.contentType]: Could not 
find target type
May 21, 2026 6:55:21 PM org.hibernate.orm.tooling.maven.EnhancementContext 
doBiDirectionalAssociationManagement
WARN: HHH90000029: The [management of bidirectional persistent association 
attributes] configuration is deprecated and will be removed. Set the value to 
[false] to get rid of this warning
May 21, 2026 6:55:21 PM org.hibernate.bytecode.enhance.internal.bytebuddy.BiDir
ectionalAssociationHandler getTargetEntityClass
INFO: HHH90009032: Bidirectional association not managed for field 
[com.forgeStackk.EduResolve.entity.teacher.Message.textBody]: Could not find 
target type
May 21, 2026 6:55:21 PM org.hibernate.orm.tooling.maven.EnhancementContext 
doBiDirectionalAssociationManagement
WARN: HHH90000029: The [management of bidirectional persistent association 
attributes] configuration is deprecated and will be removed. Set the value to 
[false] to get rid of this warning
May 21, 2026 6:55:21 PM org.hibernate.bytecode.enhance.internal.bytebuddy.BiDir
ectionalAssociationHandler wrap
INFO: HHH90009030: Bidirectional association not managed for field 
[com.forgeStackk.EduResolve.entity.teacher.Message.attachments]: Could not 
find target field in 
[com.forgeStackk.EduResolve.entity.teacher.MessageAttachment]
May 21, 2026 6:55:21 PM org.hibernate.orm.tooling.maven.EnhancementContext 
doBiDirectionalAssociationManagement
WARN: HHH90000029: The [management of bidirectional persistent association 
attributes] configuration is deprecated and will be removed. Set the value to 
[false] to get rid of this warning
May 21, 2026 6:55:21 PM org.hibernate.bytecode.enhance.internal.bytebuddy.BiDir
ectionalAssociationHandler getTargetEntityClass
INFO: HHH90009032: Bidirectional association not managed for field 
[com.forgeStackk.EduResolve.entity.teacher.Message.sentAt]: Could not find 
target type
May 21, 2026 6:55:21 PM org.hibernate.orm.tooling.maven.EnhancementContext 
doBiDirectionalAssociationManagement
WARN: HHH90000029: The [management of bidirectional persistent association 
attributes] configuration is deprecated and will be removed. Set the value to 
[false] to get rid of this warning
May 21, 2026 6:55:21 PM org.hibernate.bytecode.enhance.internal.bytebuddy.BiDir
ectionalAssociationHandler getTargetEntityClass
INFO: HHH90009032: Bidirectional association not managed for field 
[com.forgeStackk.EduResolve.entity.teacher.Message.isHomework]: Could not find 
target type
May 21, 2026 6:55:21 PM org.hibernate.orm.tooling.maven.EnhancementContext 
doBiDirectionalAssociationManagement
WARN: HHH90000029: The [management of bidirectional persistent association 
attributes] configuration is deprecated and will be removed. Set the value to 
[false] to get rid of this warning
May 21, 2026 6:55:21 PM org.hibernate.bytecode.enhance.internal.bytebuddy.BiDir
ectionalAssociationHandler getTargetEntityClass
INFO: HHH90009032: Bidirectional association not managed for field 
[com.forgeStackk.EduResolve.entity.teacher.Message.homeworkDueDate]: Could not 
find target type
May 21, 2026 6:55:21 PM org.hibernate.orm.tooling.maven.EnhancementContext 
doBiDirectionalAssociationManagement
WARN: HHH90000029: The [management of bidirectional persistent association 
attributes] configuration is deprecated and will be removed. Set the value to 
[false] to get rid of this warning
May 21, 2026 6:55:21 PM org.hibernate.bytecode.enhance.internal.bytebuddy.BiDir
ectionalAssociationHandler wrap
INFO: HHH90009030: Bidirectional association not managed for field 
[com.forgeStackk.EduResolve.entity.teacher.Message.readReceipts]: Could not 
find target field in [com.forgeStackk.EduResolve.entity.teacher.ReadReceipt]
[INFO] Succesfully cleared the contents of file: C:\Users\erabh\OneDrive\Desktop\learningNinjas\EduResolve_Backend\target\classes\com\forgeStackk\EduResolve\entity\teacher\Message.class
[INFO] Succesfully enhanced class file: C:\Users\erabh\OneDrive\Desktop\learningNinjas\EduResolve_Backend\target\classes\com\forgeStackk\EduResolve\entity\teacher\Message.class
May 21, 2026 6:55:21 PM org.hibernate.orm.tooling.maven.EnhancementContext 
doBiDirectionalAssociationManagement
WARN: HHH90000029: The [management of bidirectional persistent association 
attributes] configuration is deprecated and will be removed. Set the value to 
[false] to get rid of this warning
May 21, 2026 6:55:21 PM org.hibernate.bytecode.enhance.internal.bytebuddy.BiDir
ectionalAssociationHandler getTargetEntityClass
INFO: HHH90009032: Bidirectional association not managed for field 
[com.forgeStackk.EduResolve.entity.teacher.MessageAttachment.attachmentId]: 
Could not find target type
May 21, 2026 6:55:21 PM org.hibernate.orm.tooling.maven.EnhancementContext 
doBiDirectionalAssociationManagement
WARN: HHH90000029: The [management of bidirectional persistent association 
attributes] configuration is deprecated and will be removed. Set the value to 
[false] to get rid of this warning
May 21, 2026 6:55:21 PM org.hibernate.bytecode.enhance.internal.bytebuddy.BiDir
ectionalAssociationHandler getTargetEntityClass
INFO: HHH90009032: Bidirectional association not managed for field 
[com.forgeStackk.EduResolve.entity.teacher.MessageAttachment.messageId]: Could 
not find target type
May 21, 2026 6:55:21 PM org.hibernate.orm.tooling.maven.EnhancementContext 
doBiDirectionalAssociationManagement
WARN: HHH90000029: The [management of bidirectional persistent association 
attributes] configuration is deprecated and will be removed. Set the value to 
[false] to get rid of this warning
May 21, 2026 6:55:21 PM org.hibernate.bytecode.enhance.internal.bytebuddy.BiDir
ectionalAssociationHandler getTargetEntityClass
INFO: HHH90009032: Bidirectional association not managed for field 
[com.forgeStackk.EduResolve.entity.teacher.MessageAttachment.fileType]: Could 
not find target type
May 21, 2026 6:55:21 PM org.hibernate.orm.tooling.maven.EnhancementContext 
doBiDirectionalAssociationManagement
WARN: HHH90000029: The [management of bidirectional persistent association 
attributes] configuration is deprecated and will be removed. Set the value to 
[false] to get rid of this warning
May 21, 2026 6:55:21 PM org.hibernate.bytecode.enhance.internal.bytebuddy.BiDir
ectionalAssociationHandler getTargetEntityClass
INFO: HHH90009032: Bidirectional association not managed for field 
[com.forgeStackk.EduResolve.entity.teacher.MessageAttachment.fileUrl]: Could 
not find target type
May 21, 2026 6:55:21 PM org.hibernate.orm.tooling.maven.EnhancementContext 
doBiDirectionalAssociationManagement
WARN: HHH90000029: The [management of bidirectional persistent association 
attributes] configuration is deprecated and will be removed. Set the value to 
[false] to get rid of this warning
May 21, 2026 6:55:21 PM org.hibernate.bytecode.enhance.internal.bytebuddy.BiDir
ectionalAssociationHandler getTargetEntityClass
INFO: HHH90009032: Bidirectional association not managed for field 
[com.forgeStackk.EduResolve.entity.teacher.MessageAttachment.fileName]: Could 
not find target type
May 21, 2026 6:55:21 PM org.hibernate.orm.tooling.maven.EnhancementContext 
doBiDirectionalAssociationManagement
WARN: HHH90000029: The [management of bidirectional persistent association 
attributes] configuration is deprecated and will be removed. Set the value to 
[false] to get rid of this warning
May 21, 2026 6:55:21 PM org.hibernate.bytecode.enhance.internal.bytebuddy.BiDir
ectionalAssociationHandler getTargetEntityClass
INFO: HHH90009032: Bidirectional association not managed for field 
[com.forgeStackk.EduResolve.entity.teacher.MessageAttachment.fileSizeBytes]: 
Could not find target type
May 21, 2026 6:55:21 PM org.hibernate.orm.tooling.maven.EnhancementContext 
doBiDirectionalAssociationManagement
WARN: HHH90000029: The [management of bidirectional persistent association 
attributes] configuration is deprecated and will be removed. Set the value to 
[false] to get rid of this warning
May 21, 2026 6:55:21 PM org.hibernate.bytecode.enhance.internal.bytebuddy.BiDir
ectionalAssociationHandler getTargetEntityClass
INFO: HHH90009032: Bidirectional association not managed for field 
[com.forgeStackk.EduResolve.entity.teacher.MessageAttachment.mimeType]: Could 
not find target type
[INFO] Succesfully cleared the contents of file: C:\Users\erabh\OneDrive\Desktop\learningNinjas\EduResolve_Backend\target\classes\com\forgeStackk\EduResolve\entity\teacher\MessageAttachment.class
[INFO] Succesfully enhanced class file: C:\Users\erabh\OneDrive\Desktop\learningNinjas\EduResolve_Backend\target\classes\com\forgeStackk\EduResolve\entity\teacher\MessageAttachment.class
May 21, 2026 6:55:21 PM org.hibernate.orm.tooling.maven.EnhancementContext 
doBiDirectionalAssociationManagement
WARN: HHH90000029: The [management of bidirectional persistent association 
attributes] configuration is deprecated and will be removed. Set the value to 
[false] to get rid of this warning
May 21, 2026 6:55:21 PM org.hibernate.bytecode.enhance.internal.bytebuddy.BiDir
ectionalAssociationHandler getTargetEntityClass
INFO: HHH90009032: Bidirectional association not managed for field 
[com.forgeStackk.EduResolve.entity.teacher.Parent.parentId]: Could not find 
target type
May 21, 2026 6:55:21 PM org.hibernate.orm.tooling.maven.EnhancementContext 
doBiDirectionalAssociationManagement
WARN: HHH90000029: The [management of bidirectional persistent association 
attributes] configuration is deprecated and will be removed. Set the value to 
[false] to get rid of this warning
May 21, 2026 6:55:21 PM org.hibernate.bytecode.enhance.internal.bytebuddy.BiDir
ectionalAssociationHandler getTargetEntityClass
INFO: HHH90009032: Bidirectional association not managed for field 
[com.forgeStackk.EduResolve.entity.teacher.Parent.fullName]: Could not find 
target type
May 21, 2026 6:55:21 PM org.hibernate.orm.tooling.maven.EnhancementContext 
doBiDirectionalAssociationManagement
WARN: HHH90000029: The [management of bidirectional persistent association 
attributes] configuration is deprecated and will be removed. Set the value to 
[false] to get rid of this warning
May 21, 2026 6:55:21 PM org.hibernate.bytecode.enhance.internal.bytebuddy.BiDir
ectionalAssociationHandler getTargetEntityClass
INFO: HHH90009032: Bidirectional association not managed for field 
[com.forgeStackk.EduResolve.entity.teacher.Parent.email]: Could not find 
target type
May 21, 2026 6:55:21 PM org.hibernate.orm.tooling.maven.EnhancementContext 
doBiDirectionalAssociationManagement
WARN: HHH90000029: The [management of bidirectional persistent association 
attributes] configuration is deprecated and will be removed. Set the value to 
[false] to get rid of this warning
May 21, 2026 6:55:21 PM org.hibernate.bytecode.enhance.internal.bytebuddy.BiDir
ectionalAssociationHandler getTargetEntityClass
INFO: HHH90009032: Bidirectional association not managed for field 
[com.forgeStackk.EduResolve.entity.teacher.Parent.phone]: Could not find 
target type
May 21, 2026 6:55:21 PM org.hibernate.orm.tooling.maven.EnhancementContext 
doBiDirectionalAssociationManagement
WARN: HHH90000029: The [management of bidirectional persistent association 
attributes] configuration is deprecated and will be removed. Set the value to 
[false] to get rid of this warning
May 21, 2026 6:55:21 PM org.hibernate.bytecode.enhance.internal.bytebuddy.BiDir
ectionalAssociationHandler getTargetEntityClass
INFO: HHH90009032: Bidirectional association not managed for field 
[com.forgeStackk.EduResolve.entity.teacher.Parent.userId]: Could not find 
target type
May 21, 2026 6:55:21 PM org.hibernate.orm.tooling.maven.EnhancementContext 
doBiDirectionalAssociationManagement
WARN: HHH90000029: The [management of bidirectional persistent association 
attributes] configuration is deprecated and will be removed. Set the value to 
[false] to get rid of this warning
May 21, 2026 6:55:21 PM org.hibernate.bytecode.enhance.internal.bytebuddy.BiDir
ectionalAssociationHandler wrap
INFO: HHH90009030: Bidirectional association not managed for field 
[com.forgeStackk.EduResolve.entity.teacher.Parent.students]: Could not find 
target field in [com.forgeStackk.EduResolve.entity.teacher.Student]
[INFO] Succesfully cleared the contents of file: C:\Users\erabh\OneDrive\Desktop\learningNinjas\EduResolve_Backend\target\classes\com\forgeStackk\EduResolve\entity\teacher\Parent.class
[INFO] Succesfully enhanced class file: C:\Users\erabh\OneDrive\Desktop\learningNinjas\EduResolve_Backend\target\classes\com\forgeStackk\EduResolve\entity\teacher\Parent.class
May 21, 2026 6:55:21 PM org.hibernate.orm.tooling.maven.EnhancementContext 
doBiDirectionalAssociationManagement
WARN: HHH90000029: The [management of bidirectional persistent association 
attributes] configuration is deprecated and will be removed. Set the value to 
[false] to get rid of this warning
May 21, 2026 6:55:21 PM org.hibernate.bytecode.enhance.internal.bytebuddy.BiDir
ectionalAssociationHandler getTargetEntityClass
INFO: HHH90009032: Bidirectional association not managed for field 
[com.forgeStackk.EduResolve.entity.teacher.ParentInbox.inboxId]: Could not 
find target type
May 21, 2026 6:55:21 PM org.hibernate.orm.tooling.maven.EnhancementContext 
doBiDirectionalAssociationManagement
WARN: HHH90000029: The [management of bidirectional persistent association 
attributes] configuration is deprecated and will be removed. Set the value to 
[false] to get rid of this warning
May 21, 2026 6:55:21 PM org.hibernate.bytecode.enhance.internal.bytebuddy.BiDir
ectionalAssociationHandler getTargetEntityClass
INFO: HHH90009032: Bidirectional association not managed for field 
[com.forgeStackk.EduResolve.entity.teacher.ParentInbox.parentId]: Could not 
find target type
May 21, 2026 6:55:21 PM org.hibernate.orm.tooling.maven.EnhancementContext 
doBiDirectionalAssociationManagement
WARN: HHH90000029: The [management of bidirectional persistent association 
attributes] configuration is deprecated and will be removed. Set the value to 
[false] to get rid of this warning
May 21, 2026 6:55:21 PM org.hibernate.bytecode.enhance.internal.bytebuddy.BiDir
ectionalAssociationHandler getTargetEntityClass
INFO: HHH90009032: Bidirectional association not managed for field 
[com.forgeStackk.EduResolve.entity.teacher.ParentInbox.messageId]: Could not 
find target type
May 21, 2026 6:55:21 PM org.hibernate.orm.tooling.maven.EnhancementContext 
doBiDirectionalAssociationManagement
WARN: HHH90000029: The [management of bidirectional persistent association 
attributes] configuration is deprecated and will be removed. Set the value to 
[false] to get rid of this warning
May 21, 2026 6:55:21 PM org.hibernate.bytecode.enhance.internal.bytebuddy.BiDir
ectionalAssociationHandler getTargetEntityClass
INFO: HHH90009032: Bidirectional association not managed for field 
[com.forgeStackk.EduResolve.entity.teacher.ParentInbox.readStatus]: Could not 
find target type
May 21, 2026 6:55:21 PM org.hibernate.orm.tooling.maven.EnhancementContext 
doBiDirectionalAssociationManagement
WARN: HHH90000029: The [management of bidirectional persistent association 
attributes] configuration is deprecated and will be removed. Set the value to 
[false] to get rid of this warning
May 21, 2026 6:55:21 PM org.hibernate.bytecode.enhance.internal.bytebuddy.BiDir
ectionalAssociationHandler getTargetEntityClass
INFO: HHH90009032: Bidirectional association not managed for field 
[com.forgeStackk.EduResolve.entity.teacher.ParentInbox.receivedAt]: Could not 
find target type
[INFO] Succesfully cleared the contents of file: C:\Users\erabh\OneDrive\Desktop\learningNinjas\EduResolve_Backend\target\classes\com\forgeStackk\EduResolve\entity\teacher\ParentInbox.class
[INFO] Succesfully enhanced class file: C:\Users\erabh\OneDrive\Desktop\learningNinjas\EduResolve_Backend\target\classes\com\forgeStackk\EduResolve\entity\teacher\ParentInbox.class
May 21, 2026 6:55:21 PM org.hibernate.orm.tooling.maven.EnhancementContext 
doBiDirectionalAssociationManagement
WARN: HHH90000029: The [management of bidirectional persistent association 
attributes] configuration is deprecated and will be removed. Set the value to 
[false] to get rid of this warning
May 21, 2026 6:55:21 PM org.hibernate.bytecode.enhance.internal.bytebuddy.BiDir
ectionalAssociationHandler getTargetEntityClass
INFO: HHH90009032: Bidirectional association not managed for field 
[com.forgeStackk.EduResolve.entity.teacher.ReadReceipt.receiptId]: Could not 
find target type
May 21, 2026 6:55:21 PM org.hibernate.orm.tooling.maven.EnhancementContext 
doBiDirectionalAssociationManagement
WARN: HHH90000029: The [management of bidirectional persistent association 
attributes] configuration is deprecated and will be removed. Set the value to 
[false] to get rid of this warning
May 21, 2026 6:55:21 PM org.hibernate.bytecode.enhance.internal.bytebuddy.BiDir
ectionalAssociationHandler getTargetEntityClass
INFO: HHH90009032: Bidirectional association not managed for field 
[com.forgeStackk.EduResolve.entity.teacher.ReadReceipt.messageId]: Could not 
find target type
May 21, 2026 6:55:21 PM org.hibernate.orm.tooling.maven.EnhancementContext 
doBiDirectionalAssociationManagement
WARN: HHH90000029: The [management of bidirectional persistent association 
attributes] configuration is deprecated and will be removed. Set the value to 
[false] to get rid of this warning
May 21, 2026 6:55:21 PM org.hibernate.bytecode.enhance.internal.bytebuddy.BiDir
ectionalAssociationHandler getTargetEntityClass
INFO: HHH90009032: Bidirectional association not managed for field 
[com.forgeStackk.EduResolve.entity.teacher.ReadReceipt.recipientId]: Could not 
find target type
May 21, 2026 6:55:21 PM org.hibernate.orm.tooling.maven.EnhancementContext 
doBiDirectionalAssociationManagement
WARN: HHH90000029: The [management of bidirectional persistent association 
attributes] configuration is deprecated and will be removed. Set the value to 
[false] to get rid of this warning
May 21, 2026 6:55:21 PM org.hibernate.bytecode.enhance.internal.bytebuddy.BiDir
ectionalAssociationHandler getTargetEntityClass
INFO: HHH90009032: Bidirectional association not managed for field 
[com.forgeStackk.EduResolve.entity.teacher.ReadReceipt.readAt]: Could not find 
target type
[INFO] Succesfully cleared the contents of file: C:\Users\erabh\OneDrive\Desktop\learningNinjas\EduResolve_Backend\target\classes\com\forgeStackk\EduResolve\entity\teacher\ReadReceipt.class
[INFO] Succesfully enhanced class file: C:\Users\erabh\OneDrive\Desktop\learningNinjas\EduResolve_Backend\target\classes\com\forgeStackk\EduResolve\entity\teacher\ReadReceipt.class
May 21, 2026 6:55:21 PM org.hibernate.orm.tooling.maven.EnhancementContext 
doBiDirectionalAssociationManagement
WARN: HHH90000029: The [management of bidirectional persistent association 
attributes] configuration is deprecated and will be removed. Set the value to 
[false] to get rid of this warning
May 21, 2026 6:55:21 PM org.hibernate.bytecode.enhance.internal.bytebuddy.BiDir
ectionalAssociationHandler getTargetEntityClass
INFO: HHH90009032: Bidirectional association not managed for field 
[com.forgeStackk.EduResolve.entity.teacher.Student.studentId]: Could not find 
target type
May 21, 2026 6:55:21 PM org.hibernate.orm.tooling.maven.EnhancementContext 
doBiDirectionalAssociationManagement
WARN: HHH90000029: The [management of bidirectional persistent association 
attributes] configuration is deprecated and will be removed. Set the value to 
[false] to get rid of this warning
May 21, 2026 6:55:21 PM org.hibernate.bytecode.enhance.internal.bytebuddy.BiDir
ectionalAssociationHandler getTargetEntityClass
INFO: HHH90009032: Bidirectional association not managed for field 
[com.forgeStackk.EduResolve.entity.teacher.Student.fullName]: Could not find 
target type
May 21, 2026 6:55:21 PM org.hibernate.orm.tooling.maven.EnhancementContext 
doBiDirectionalAssociationManagement
WARN: HHH90000029: The [management of bidirectional persistent association 
attributes] configuration is deprecated and will be removed. Set the value to 
[false] to get rid of this warning
May 21, 2026 6:55:21 PM org.hibernate.bytecode.enhance.internal.bytebuddy.BiDir
ectionalAssociationHandler getTargetEntityClass
INFO: HHH90009032: Bidirectional association not managed for field 
[com.forgeStackk.EduResolve.entity.teacher.Student.rollNumber]: Could not find 
target type
May 21, 2026 6:55:21 PM org.hibernate.orm.tooling.maven.EnhancementContext 
doBiDirectionalAssociationManagement
WARN: HHH90000029: The [management of bidirectional persistent association 
attributes] configuration is deprecated and will be removed. Set the value to 
[false] to get rid of this warning
May 21, 2026 6:55:21 PM org.hibernate.bytecode.enhance.internal.bytebuddy.BiDir
ectionalAssociationHandler getTargetEntityClass
INFO: HHH90009032: Bidirectional association not managed for field 
[com.forgeStackk.EduResolve.entity.teacher.Student.classId]: Could not find 
target type
May 21, 2026 6:55:21 PM org.hibernate.orm.tooling.maven.EnhancementContext 
doBiDirectionalAssociationManagement
WARN: HHH90000029: The [management of bidirectional persistent association 
attributes] configuration is deprecated and will be removed. Set the value to 
[false] to get rid of this warning
May 21, 2026 6:55:21 PM org.hibernate.bytecode.enhance.internal.bytebuddy.BiDir
ectionalAssociationHandler getTargetEntityClass
INFO: HHH90009032: Bidirectional association not managed for field 
[com.forgeStackk.EduResolve.entity.teacher.Student.parentId]: Could not find 
target type
May 21, 2026 6:55:21 PM org.hibernate.orm.tooling.maven.EnhancementContext 
doBiDirectionalAssociationManagement
WARN: HHH90000029: The [management of bidirectional persistent association 
attributes] configuration is deprecated and will be removed. Set the value to 
[false] to get rid of this warning
May 21, 2026 6:55:21 PM org.hibernate.bytecode.enhance.internal.bytebuddy.BiDir
ectionalAssociationHandler getTargetEntityClass
INFO: HHH90009032: Bidirectional association not managed for field 
[com.forgeStackk.EduResolve.entity.teacher.Student.status]: Could not find 
target type
May 21, 2026 6:55:21 PM org.hibernate.orm.tooling.maven.EnhancementContext 
doBiDirectionalAssociationManagement
WARN: HHH90000029: The [management of bidirectional persistent association 
attributes] configuration is deprecated and will be removed. Set the value to 
[false] to get rid of this warning
May 21, 2026 6:55:21 PM org.hibernate.bytecode.enhance.internal.bytebuddy.BiDir
ectionalAssociationHandler getTargetEntityClass
INFO: HHH90009032: Bidirectional association not managed for field 
[com.forgeStackk.EduResolve.entity.teacher.Student.userId]: Could not find 
target type
[INFO] Succesfully cleared the contents of file: C:\Users\erabh\OneDrive\Desktop\learningNinjas\EduResolve_Backend\target\classes\com\forgeStackk\EduResolve\entity\teacher\Student.class
[INFO] Succesfully enhanced class file: C:\Users\erabh\OneDrive\Desktop\learningNinjas\EduResolve_Backend\target\classes\com\forgeStackk\EduResolve\entity\teacher\Student.class
May 21, 2026 6:55:21 PM org.hibernate.orm.tooling.maven.EnhancementContext 
doBiDirectionalAssociationManagement
WARN: HHH90000029: The [management of bidirectional persistent association 
attributes] configuration is deprecated and will be removed. Set the value to 
[false] to get rid of this warning
May 21, 2026 6:55:21 PM org.hibernate.bytecode.enhance.internal.bytebuddy.BiDir
ectionalAssociationHandler getTargetEntityClass
INFO: HHH90009032: Bidirectional association not managed for field 
[com.forgeStackk.EduResolve.entity.teacher.StudentInbox.inboxId]: Could not 
find target type
May 21, 2026 6:55:21 PM org.hibernate.orm.tooling.maven.EnhancementContext 
doBiDirectionalAssociationManagement
WARN: HHH90000029: The [management of bidirectional persistent association 
attributes] configuration is deprecated and will be removed. Set the value to 
[false] to get rid of this warning
May 21, 2026 6:55:21 PM org.hibernate.bytecode.enhance.internal.bytebuddy.BiDir
ectionalAssociationHandler getTargetEntityClass
INFO: HHH90009032: Bidirectional association not managed for field 
[com.forgeStackk.EduResolve.entity.teacher.StudentInbox.studentId]: Could not 
find target type
May 21, 2026 6:55:21 PM org.hibernate.orm.tooling.maven.EnhancementContext 
doBiDirectionalAssociationManagement
WARN: HHH90000029: The [management of bidirectional persistent association 
attributes] configuration is deprecated and will be removed. Set the value to 
[false] to get rid of this warning
May 21, 2026 6:55:21 PM org.hibernate.bytecode.enhance.internal.bytebuddy.BiDir
ectionalAssociationHandler getTargetEntityClass
INFO: HHH90009032: Bidirectional association not managed for field 
[com.forgeStackk.EduResolve.entity.teacher.StudentInbox.messageId]: Could not 
find target type
May 21, 2026 6:55:21 PM org.hibernate.orm.tooling.maven.EnhancementContext 
doBiDirectionalAssociationManagement
WARN: HHH90000029: The [management of bidirectional persistent association 
attributes] configuration is deprecated and will be removed. Set the value to 
[false] to get rid of this warning
May 21, 2026 6:55:21 PM org.hibernate.bytecode.enhance.internal.bytebuddy.BiDir
ectionalAssociationHandler getTargetEntityClass
INFO: HHH90009032: Bidirectional association not managed for field 
[com.forgeStackk.EduResolve.entity.teacher.StudentInbox.readStatus]: Could not 
find target type
May 21, 2026 6:55:21 PM org.hibernate.orm.tooling.maven.EnhancementContext 
doBiDirectionalAssociationManagement
WARN: HHH90000029: The [management of bidirectional persistent association 
attributes] configuration is deprecated and will be removed. Set the value to 
[false] to get rid of this warning
May 21, 2026 6:55:21 PM org.hibernate.bytecode.enhance.internal.bytebuddy.BiDir
ectionalAssociationHandler getTargetEntityClass
INFO: HHH90009032: Bidirectional association not managed for field 
[com.forgeStackk.EduResolve.entity.teacher.StudentInbox.receivedAt]: Could not 
find target type
[INFO] Succesfully cleared the contents of file: C:\Users\erabh\OneDrive\Desktop\learningNinjas\EduResolve_Backend\target\classes\com\forgeStackk\EduResolve\entity\teacher\StudentInbox.class
[INFO] Succesfully enhanced class file: C:\Users\erabh\OneDrive\Desktop\learningNinjas\EduResolve_Backend\target\classes\com\forgeStackk\EduResolve\entity\teacher\StudentInbox.class
May 21, 2026 6:55:21 PM org.hibernate.orm.tooling.maven.EnhancementContext 
doBiDirectionalAssociationManagement
WARN: HHH90000029: The [management of bidirectional persistent association 
attributes] configuration is deprecated and will be removed. Set the value to 
[false] to get rid of this warning
May 21, 2026 6:55:21 PM org.hibernate.bytecode.enhance.internal.bytebuddy.BiDir
ectionalAssociationHandler getTargetEntityClass
INFO: HHH90009032: Bidirectional association not managed for field 
[com.forgeStackk.EduResolve.entity.teacher.Teacher.teacherId]: Could not find 
target type
May 21, 2026 6:55:21 PM org.hibernate.orm.tooling.maven.EnhancementContext 
doBiDirectionalAssociationManagement
WARN: HHH90000029: The [management of bidirectional persistent association 
attributes] configuration is deprecated and will be removed. Set the value to 
[false] to get rid of this warning
May 21, 2026 6:55:21 PM org.hibernate.bytecode.enhance.internal.bytebuddy.BiDir
ectionalAssociationHandler getTargetEntityClass
INFO: HHH90009032: Bidirectional association not managed for field 
[com.forgeStackk.EduResolve.entity.teacher.Teacher.fullName]: Could not find 
target type
May 21, 2026 6:55:21 PM org.hibernate.orm.tooling.maven.EnhancementContext 
doBiDirectionalAssociationManagement
WARN: HHH90000029: The [management of bidirectional persistent association 
attributes] configuration is deprecated and will be removed. Set the value to 
[false] to get rid of this warning
May 21, 2026 6:55:21 PM org.hibernate.bytecode.enhance.internal.bytebuddy.BiDir
ectionalAssociationHandler getTargetEntityClass
INFO: HHH90009032: Bidirectional association not managed for field 
[com.forgeStackk.EduResolve.entity.teacher.Teacher.email]: Could not find 
target type
May 21, 2026 6:55:21 PM org.hibernate.orm.tooling.maven.EnhancementContext 
doBiDirectionalAssociationManagement
WARN: HHH90000029: The [management of bidirectional persistent association 
attributes] configuration is deprecated and will be removed. Set the value to 
[false] to get rid of this warning
May 21, 2026 6:55:21 PM org.hibernate.bytecode.enhance.internal.bytebuddy.BiDir
ectionalAssociationHandler getTargetEntityClass
INFO: HHH90009032: Bidirectional association not managed for field 
[com.forgeStackk.EduResolve.entity.teacher.Teacher.phone]: Could not find 
target type
May 21, 2026 6:55:21 PM org.hibernate.orm.tooling.maven.EnhancementContext 
doBiDirectionalAssociationManagement
WARN: HHH90000029: The [management of bidirectional persistent association 
attributes] configuration is deprecated and will be removed. Set the value to 
[false] to get rid of this warning
May 21, 2026 6:55:21 PM org.hibernate.bytecode.enhance.internal.bytebuddy.BiDir
ectionalAssociationHandler getTargetEntityClass
INFO: HHH90009032: Bidirectional association not managed for field 
[com.forgeStackk.EduResolve.entity.teacher.Teacher.userId]: Could not find 
target type
May 21, 2026 6:55:21 PM org.hibernate.orm.tooling.maven.EnhancementContext 
doBiDirectionalAssociationManagement
WARN: HHH90000029: The [management of bidirectional persistent association 
attributes] configuration is deprecated and will be removed. Set the value to 
[false] to get rid of this warning
May 21, 2026 6:55:21 PM org.hibernate.bytecode.enhance.internal.bytebuddy.BiDir
ectionalAssociationHandler getTargetEntityClass
INFO: HHH90009032: Bidirectional association not managed for field 
[com.forgeStackk.EduResolve.entity.teacher.Teacher.classTeacherOf]: Could not 
find target type
May 21, 2026 6:55:21 PM org.hibernate.orm.tooling.maven.EnhancementContext 
doBiDirectionalAssociationManagement
WARN: HHH90000029: The [management of bidirectional persistent association 
attributes] configuration is deprecated and will be removed. Set the value to 
[false] to get rid of this warning
May 21, 2026 6:55:21 PM org.hibernate.bytecode.enhance.internal.bytebuddy.BiDir
ectionalAssociationHandler wrap
INFO: HHH90009030: Bidirectional association not managed for field 
[com.forgeStackk.EduResolve.entity.teacher.Teacher.assignedSubjects]: Could 
not find target field in 
[com.forgeStackk.EduResolve.entity.teacher.TeacherSubjectMapping]
May 21, 2026 6:55:21 PM org.hibernate.orm.tooling.maven.EnhancementContext 
doBiDirectionalAssociationManagement
WARN: HHH90000029: The [management of bidirectional persistent association 
attributes] configuration is deprecated and will be removed. Set the value to 
[false] to get rid of this warning
May 21, 2026 6:55:21 PM org.hibernate.bytecode.enhance.internal.bytebuddy.BiDir
ectionalAssociationHandler getTargetEntityClass
INFO: HHH90009032: Bidirectional association not managed for field 
[com.forgeStackk.EduResolve.entity.teacher.Teacher.status]: Could not find 
target type
[INFO] Succesfully cleared the contents of file: C:\Users\erabh\OneDrive\Desktop\learningNinjas\EduResolve_Backend\target\classes\com\forgeStackk\EduResolve\entity\teacher\Teacher.class
[INFO] Succesfully enhanced class file: C:\Users\erabh\OneDrive\Desktop\learningNinjas\EduResolve_Backend\target\classes\com\forgeStackk\EduResolve\entity\teacher\Teacher.class
May 21, 2026 6:55:22 PM org.hibernate.orm.tooling.maven.EnhancementContext 
doBiDirectionalAssociationManagement
WARN: HHH90000029: The [management of bidirectional persistent association 
attributes] configuration is deprecated and will be removed. Set the value to 
[false] to get rid of this warning
May 21, 2026 6:55:22 PM org.hibernate.bytecode.enhance.internal.bytebuddy.BiDir
ectionalAssociationHandler getTargetEntityClass
INFO: HHH90009032: Bidirectional association not managed for field [com.forgeSt
ackk.EduResolve.entity.teacher.TeacherNotification.notificationId]: Could not 
find target type
May 21, 2026 6:55:22 PM org.hibernate.orm.tooling.maven.EnhancementContext 
doBiDirectionalAssociationManagement
WARN: HHH90000029: The [management of bidirectional persistent association 
attributes] configuration is deprecated and will be removed. Set the value to 
[false] to get rid of this warning
May 21, 2026 6:55:22 PM org.hibernate.bytecode.enhance.internal.bytebuddy.BiDir
ectionalAssociationHandler getTargetEntityClass
INFO: HHH90009032: Bidirectional association not managed for field 
[com.forgeStackk.EduResolve.entity.teacher.TeacherNotification.teacherId]: 
Could not find target type
May 21, 2026 6:55:22 PM org.hibernate.orm.tooling.maven.EnhancementContext 
doBiDirectionalAssociationManagement
WARN: HHH90000029: The [management of bidirectional persistent association 
attributes] configuration is deprecated and will be removed. Set the value to 
[false] to get rid of this warning
May 21, 2026 6:55:22 PM org.hibernate.bytecode.enhance.internal.bytebuddy.BiDir
ectionalAssociationHandler getTargetEntityClass
INFO: HHH90009032: Bidirectional association not managed for field 
[com.forgeStackk.EduResolve.entity.teacher.TeacherNotification.message]: Could 
not find target type
May 21, 2026 6:55:22 PM org.hibernate.orm.tooling.maven.EnhancementContext 
doBiDirectionalAssociationManagement
WARN: HHH90000029: The [management of bidirectional persistent association 
attributes] configuration is deprecated and will be removed. Set the value to 
[false] to get rid of this warning
May 21, 2026 6:55:22 PM org.hibernate.bytecode.enhance.internal.bytebuddy.BiDir
ectionalAssociationHandler getTargetEntityClass
INFO: HHH90009032: Bidirectional association not managed for field 
[com.forgeStackk.EduResolve.entity.teacher.TeacherNotification.isRead]: Could 
not find target type
May 21, 2026 6:55:22 PM org.hibernate.orm.tooling.maven.EnhancementContext 
doBiDirectionalAssociationManagement
WARN: HHH90000029: The [management of bidirectional persistent association 
attributes] configuration is deprecated and will be removed. Set the value to 
[false] to get rid of this warning
May 21, 2026 6:55:22 PM org.hibernate.bytecode.enhance.internal.bytebuddy.BiDir
ectionalAssociationHandler getTargetEntityClass
INFO: HHH90009032: Bidirectional association not managed for field 
[com.forgeStackk.EduResolve.entity.teacher.TeacherNotification.createdAt]: 
Could not find target type
[INFO] Succesfully cleared the contents of file: C:\Users\erabh\OneDrive\Desktop\learningNinjas\EduResolve_Backend\target\classes\com\forgeStackk\EduResolve\entity\teacher\TeacherNotification.class
[INFO] Succesfully enhanced class file: C:\Users\erabh\OneDrive\Desktop\learningNinjas\EduResolve_Backend\target\classes\com\forgeStackk\EduResolve\entity\teacher\TeacherNotification.class
May 21, 2026 6:55:22 PM org.hibernate.orm.tooling.maven.EnhancementContext 
doBiDirectionalAssociationManagement
WARN: HHH90000029: The [management of bidirectional persistent association 
attributes] configuration is deprecated and will be removed. Set the value to 
[false] to get rid of this warning
May 21, 2026 6:55:22 PM org.hibernate.bytecode.enhance.internal.bytebuddy.BiDir
ectionalAssociationHandler getTargetEntityClass
INFO: HHH90009032: Bidirectional association not managed for field 
[com.forgeStackk.EduResolve.entity.teacher.TeacherSubjectMapping.id]: Could 
not find target type
May 21, 2026 6:55:22 PM org.hibernate.orm.tooling.maven.EnhancementContext 
doBiDirectionalAssociationManagement
WARN: HHH90000029: The [management of bidirectional persistent association 
attributes] configuration is deprecated and will be removed. Set the value to 
[false] to get rid of this warning
May 21, 2026 6:55:22 PM org.hibernate.bytecode.enhance.internal.bytebuddy.BiDir
ectionalAssociationHandler getTargetEntityClass
INFO: HHH90009032: Bidirectional association not managed for field 
[com.forgeStackk.EduResolve.entity.teacher.TeacherSubjectMapping.teacherId]: 
Could not find target type
May 21, 2026 6:55:22 PM org.hibernate.orm.tooling.maven.EnhancementContext 
doBiDirectionalAssociationManagement
WARN: HHH90000029: The [management of bidirectional persistent association 
attributes] configuration is deprecated and will be removed. Set the value to 
[false] to get rid of this warning
May 21, 2026 6:55:22 PM org.hibernate.bytecode.enhance.internal.bytebuddy.BiDir
ectionalAssociationHandler getTargetEntityClass
INFO: HHH90009032: Bidirectional association not managed for field 
[com.forgeStackk.EduResolve.entity.teacher.TeacherSubjectMapping.classId]: 
Could not find target type
May 21, 2026 6:55:22 PM org.hibernate.orm.tooling.maven.EnhancementContext 
doBiDirectionalAssociationManagement
WARN: HHH90000029: The [management of bidirectional persistent association 
attributes] configuration is deprecated and will be removed. Set the value to 
[false] to get rid of this warning
May 21, 2026 6:55:22 PM org.hibernate.bytecode.enhance.internal.bytebuddy.BiDir
ectionalAssociationHandler getTargetEntityClass
INFO: HHH90009032: Bidirectional association not managed for field 
[com.forgeStackk.EduResolve.entity.teacher.TeacherSubjectMapping.subjectId]: 
Could not find target type
[INFO] Succesfully cleared the contents of file: C:\Users\erabh\OneDrive\Desktop\learningNinjas\EduResolve_Backend\target\classes\com\forgeStackk\EduResolve\entity\teacher\TeacherSubjectMapping.class
[INFO] Succesfully enhanced class file: C:\Users\erabh\OneDrive\Desktop\learningNinjas\EduResolve_Backend\target\classes\com\forgeStackk\EduResolve\entity\teacher\TeacherSubjectMapping.class
May 21, 2026 6:55:22 PM org.hibernate.orm.tooling.maven.EnhancementContext 
doBiDirectionalAssociationManagement
WARN: HHH90000029: The [management of bidirectional persistent association 
attributes] configuration is deprecated and will be removed. Set the value to 
[false] to get rid of this warning
May 21, 2026 6:55:22 PM org.hibernate.bytecode.enhance.internal.bytebuddy.BiDir
ectionalAssociationHandler getTargetEntityClass
INFO: HHH90009032: Bidirectional association not managed for field 
[com.forgeStackk.EduResolve.entity.TeacherProfile.id]: Could not find target 
type
May 21, 2026 6:55:22 PM org.hibernate.orm.tooling.maven.EnhancementContext 
doBiDirectionalAssociationManagement
WARN: HHH90000029: The [management of bidirectional persistent association 
attributes] configuration is deprecated and will be removed. Set the value to 
[false] to get rid of this warning
May 21, 2026 6:55:22 PM org.hibernate.bytecode.enhance.internal.bytebuddy.BiDir
ectionalAssociationHandler getTargetEntityClass
INFO: HHH90009032: Bidirectional association not managed for field 
[com.forgeStackk.EduResolve.entity.TeacherProfile.userId]: Could not find 
target type
May 21, 2026 6:55:22 PM org.hibernate.orm.tooling.maven.EnhancementContext 
doBiDirectionalAssociationManagement
WARN: HHH90000029: The [management of bidirectional persistent association 
attributes] configuration is deprecated and will be removed. Set the value to 
[false] to get rid of this warning
May 21, 2026 6:55:22 PM org.hibernate.bytecode.enhance.internal.bytebuddy.BiDir
ectionalAssociationHandler getTargetEntityClass
INFO: HHH90009032: Bidirectional association not managed for field 
[com.forgeStackk.EduResolve.entity.TeacherProfile.name]: Could not find target 
type
May 21, 2026 6:55:22 PM org.hibernate.orm.tooling.maven.EnhancementContext 
doBiDirectionalAssociationManagement
WARN: HHH90000029: The [management of bidirectional persistent association 
attributes] configuration is deprecated and will be removed. Set the value to 
[false] to get rid of this warning
May 21, 2026 6:55:22 PM org.hibernate.bytecode.enhance.internal.bytebuddy.BiDir
ectionalAssociationHandler getTargetEntityClass
INFO: HHH90009032: Bidirectional association not managed for field 
[com.forgeStackk.EduResolve.entity.TeacherProfile.initials]: Could not find 
target type
May 21, 2026 6:55:22 PM org.hibernate.orm.tooling.maven.EnhancementContext 
doBiDirectionalAssociationManagement
WARN: HHH90000029: The [management of bidirectional persistent association 
attributes] configuration is deprecated and will be removed. Set the value to 
[false] to get rid of this warning
May 21, 2026 6:55:22 PM org.hibernate.bytecode.enhance.internal.bytebuddy.BiDir
ectionalAssociationHandler getTargetEntityClass
INFO: HHH90009032: Bidirectional association not managed for field 
[com.forgeStackk.EduResolve.entity.TeacherProfile.color]: Could not find 
target type
May 21, 2026 6:55:22 PM org.hibernate.orm.tooling.maven.EnhancementContext 
doBiDirectionalAssociationManagement
WARN: HHH90000029: The [management of bidirectional persistent association 
attributes] configuration is deprecated and will be removed. Set the value to 
[false] to get rid of this warning
May 21, 2026 6:55:22 PM org.hibernate.bytecode.enhance.internal.bytebuddy.BiDir
ectionalAssociationHandler getTargetEntityClass
INFO: HHH90009032: Bidirectional association not managed for field 
[com.forgeStackk.EduResolve.entity.TeacherProfile.employeeId]: Could not find 
target type
May 21, 2026 6:55:22 PM org.hibernate.orm.tooling.maven.EnhancementContext 
doBiDirectionalAssociationManagement
WARN: HHH90000029: The [management of bidirectional persistent association 
attributes] configuration is deprecated and will be removed. Set the value to 
[false] to get rid of this warning
May 21, 2026 6:55:22 PM org.hibernate.bytecode.enhance.internal.bytebuddy.BiDir
ectionalAssociationHandler getTargetEntityClass
INFO: HHH90009032: Bidirectional association not managed for field 
[com.forgeStackk.EduResolve.entity.TeacherProfile.subject]: Could not find 
target type
May 21, 2026 6:55:22 PM org.hibernate.orm.tooling.maven.EnhancementContext 
doBiDirectionalAssociationManagement
WARN: HHH90000029: The [management of bidirectional persistent association 
attributes] configuration is deprecated and will be removed. Set the value to 
[false] to get rid of this warning
May 21, 2026 6:55:22 PM org.hibernate.bytecode.enhance.internal.bytebuddy.BiDir
ectionalAssociationHandler getTargetEntityClass
INFO: HHH90009032: Bidirectional association not managed for field 
[com.forgeStackk.EduResolve.entity.TeacherProfile.department]: Could not find 
target type
May 21, 2026 6:55:22 PM org.hibernate.orm.tooling.maven.EnhancementContext 
doBiDirectionalAssociationManagement
WARN: HHH90000029: The [management of bidirectional persistent association 
attributes] configuration is deprecated and will be removed. Set the value to 
[false] to get rid of this warning
May 21, 2026 6:55:22 PM org.hibernate.bytecode.enhance.internal.bytebuddy.BiDir
ectionalAssociationHandler getTargetEntityClass
INFO: HHH90009032: Bidirectional association not managed for field 
[com.forgeStackk.EduResolve.entity.TeacherProfile.qualification]: Could not 
find target type
May 21, 2026 6:55:22 PM org.hibernate.orm.tooling.maven.EnhancementContext 
doBiDirectionalAssociationManagement
WARN: HHH90000029: The [management of bidirectional persistent association 
attributes] configuration is deprecated and will be removed. Set the value to 
[false] to get rid of this warning
May 21, 2026 6:55:22 PM org.hibernate.bytecode.enhance.internal.bytebuddy.BiDir
ectionalAssociationHandler getTargetEntityClass
INFO: HHH90009032: Bidirectional association not managed for field 
[com.forgeStackk.EduResolve.entity.TeacherProfile.experienceYears]: Could not 
find target type
May 21, 2026 6:55:22 PM org.hibernate.orm.tooling.maven.EnhancementContext 
doBiDirectionalAssociationManagement
WARN: HHH90000029: The [management of bidirectional persistent association 
attributes] configuration is deprecated and will be removed. Set the value to 
[false] to get rid of this warning
May 21, 2026 6:55:22 PM org.hibernate.bytecode.enhance.internal.bytebuddy.BiDir
ectionalAssociationHandler getTargetEntityClass
INFO: HHH90009032: Bidirectional association not managed for field 
[com.forgeStackk.EduResolve.entity.TeacherProfile.className]: Could not find 
target type
May 21, 2026 6:55:22 PM org.hibernate.orm.tooling.maven.EnhancementContext 
doBiDirectionalAssociationManagement
WARN: HHH90000029: The [management of bidirectional persistent association 
attributes] configuration is deprecated and will be removed. Set the value to 
[false] to get rid of this warning
May 21, 2026 6:55:22 PM org.hibernate.bytecode.enhance.internal.bytebuddy.BiDir
ectionalAssociationHandler getTargetEntityClass
INFO: HHH90009032: Bidirectional association not managed for field 
[com.forgeStackk.EduResolve.entity.TeacherProfile.joiningDate]: Could not find 
target type
May 21, 2026 6:55:22 PM org.hibernate.orm.tooling.maven.EnhancementContext 
doBiDirectionalAssociationManagement
WARN: HHH90000029: The [management of bidirectional persistent association 
attributes] configuration is deprecated and will be removed. Set the value to 
[false] to get rid of this warning
May 21, 2026 6:55:22 PM org.hibernate.bytecode.enhance.internal.bytebuddy.BiDir
ectionalAssociationHandler getTargetEntityClass
INFO: HHH90009032: Bidirectional association not managed for field 
[com.forgeStackk.EduResolve.entity.TeacherProfile.status]: Could not find 
target type
[INFO] Succesfully cleared the contents of file: C:\Users\erabh\OneDrive\Desktop\learningNinjas\EduResolve_Backend\target\classes\com\forgeStackk\EduResolve\entity\TeacherProfile.class
[INFO] Succesfully enhanced class file: C:\Users\erabh\OneDrive\Desktop\learningNinjas\EduResolve_Backend\target\classes\com\forgeStackk\EduResolve\entity\TeacherProfile.class
May 21, 2026 6:55:22 PM org.hibernate.orm.tooling.maven.EnhancementContext 
doBiDirectionalAssociationManagement
WARN: HHH90000029: The [management of bidirectional persistent association 
attributes] configuration is deprecated and will be removed. Set the value to 
[false] to get rid of this warning
May 21, 2026 6:55:22 PM org.hibernate.bytecode.enhance.internal.bytebuddy.BiDir
ectionalAssociationHandler getTargetEntityClass
INFO: HHH90009032: Bidirectional association not managed for field 
[com.forgeStackk.EduResolve.entity.Topic.id]: Could not find target type
May 21, 2026 6:55:22 PM org.hibernate.orm.tooling.maven.EnhancementContext 
doBiDirectionalAssociationManagement
WARN: HHH90000029: The [management of bidirectional persistent association 
attributes] configuration is deprecated and will be removed. Set the value to 
[false] to get rid of this warning
May 21, 2026 6:55:22 PM org.hibernate.bytecode.enhance.internal.bytebuddy.BiDir
ectionalAssociationHandler getTargetEntityClass
INFO: HHH90009032: Bidirectional association not managed for field 
[com.forgeStackk.EduResolve.entity.Topic.chapterId]: Could not find target type
May 21, 2026 6:55:22 PM org.hibernate.orm.tooling.maven.EnhancementContext 
doBiDirectionalAssociationManagement
WARN: HHH90000029: The [management of bidirectional persistent association 
attributes] configuration is deprecated and will be removed. Set the value to 
[false] to get rid of this warning
May 21, 2026 6:55:22 PM org.hibernate.bytecode.enhance.internal.bytebuddy.BiDir
ectionalAssociationHandler getTargetEntityClass
INFO: HHH90009032: Bidirectional association not managed for field 
[com.forgeStackk.EduResolve.entity.Topic.name]: Could not find target type
May 21, 2026 6:55:22 PM org.hibernate.orm.tooling.maven.EnhancementContext 
doBiDirectionalAssociationManagement
WARN: HHH90000029: The [management of bidirectional persistent association 
attributes] configuration is deprecated and will be removed. Set the value to 
[false] to get rid of this warning
May 21, 2026 6:55:22 PM org.hibernate.bytecode.enhance.internal.bytebuddy.BiDir
ectionalAssociationHandler getTargetEntityClass
INFO: HHH90009032: Bidirectional association not managed for field 
[com.forgeStackk.EduResolve.entity.Topic.orderIndex]: Could not find target 
type
May 21, 2026 6:55:22 PM org.hibernate.orm.tooling.maven.EnhancementContext 
doBiDirectionalAssociationManagement
WARN: HHH90000029: The [management of bidirectional persistent association 
attributes] configuration is deprecated and will be removed. Set the value to 
[false] to get rid of this warning
May 21, 2026 6:55:22 PM org.hibernate.bytecode.enhance.internal.bytebuddy.BiDir
ectionalAssociationHandler getTargetEntityClass
INFO: HHH90009032: Bidirectional association not managed for field 
[com.forgeStackk.EduResolve.entity.Topic.summary]: Could not find target type
[INFO] Succesfully cleared the contents of file: C:\Users\erabh\OneDrive\Desktop\learningNinjas\EduResolve_Backend\target\classes\com\forgeStackk\EduResolve\entity\Topic.class
[INFO] Succesfully enhanced class file: C:\Users\erabh\OneDrive\Desktop\learningNinjas\EduResolve_Backend\target\classes\com\forgeStackk\EduResolve\entity\Topic.class
May 21, 2026 6:55:22 PM org.hibernate.orm.tooling.maven.EnhancementContext 
doBiDirectionalAssociationManagement
WARN: HHH90000029: The [management of bidirectional persistent association 
attributes] configuration is deprecated and will be removed. Set the value to 
[false] to get rid of this warning
May 21, 2026 6:55:22 PM org.hibernate.bytecode.enhance.internal.bytebuddy.BiDir
ectionalAssociationHandler getTargetEntityClass
INFO: HHH90009032: Bidirectional association not managed for field 
[com.forgeStackk.EduResolve.entity.UserLogin.id]: Could not find target type
May 21, 2026 6:55:22 PM org.hibernate.orm.tooling.maven.EnhancementContext 
doBiDirectionalAssociationManagement
WARN: HHH90000029: The [management of bidirectional persistent association 
attributes] configuration is deprecated and will be removed. Set the value to 
[false] to get rid of this warning
May 21, 2026 6:55:22 PM org.hibernate.bytecode.enhance.internal.bytebuddy.BiDir
ectionalAssociationHandler getTargetEntityClass
INFO: HHH90009032: Bidirectional association not managed for field 
[com.forgeStackk.EduResolve.entity.UserLogin.firstName]: Could not find target 
type
May 21, 2026 6:55:22 PM org.hibernate.orm.tooling.maven.EnhancementContext 
doBiDirectionalAssociationManagement
WARN: HHH90000029: The [management of bidirectional persistent association 
attributes] configuration is deprecated and will be removed. Set the value to 
[false] to get rid of this warning
May 21, 2026 6:55:22 PM org.hibernate.bytecode.enhance.internal.bytebuddy.BiDir
ectionalAssociationHandler getTargetEntityClass
INFO: HHH90009032: Bidirectional association not managed for field 
[com.forgeStackk.EduResolve.entity.UserLogin.lastName]: Could not find target 
type
May 21, 2026 6:55:22 PM org.hibernate.orm.tooling.maven.EnhancementContext 
doBiDirectionalAssociationManagement
WARN: HHH90000029: The [management of bidirectional persistent association 
attributes] configuration is deprecated and will be removed. Set the value to 
[false] to get rid of this warning
May 21, 2026 6:55:22 PM org.hibernate.bytecode.enhance.internal.bytebuddy.BiDir
ectionalAssociationHandler getTargetEntityClass
INFO: HHH90009032: Bidirectional association not managed for field 
[com.forgeStackk.EduResolve.entity.UserLogin.username]: Could not find target 
type
May 21, 2026 6:55:22 PM org.hibernate.orm.tooling.maven.EnhancementContext 
doBiDirectionalAssociationManagement
WARN: HHH90000029: The [management of bidirectional persistent association 
attributes] configuration is deprecated and will be removed. Set the value to 
[false] to get rid of this warning
May 21, 2026 6:55:22 PM org.hibernate.bytecode.enhance.internal.bytebuddy.BiDir
ectionalAssociationHandler getTargetEntityClass
INFO: HHH90009032: Bidirectional association not managed for field 
[com.forgeStackk.EduResolve.entity.UserLogin.className]: Could not find target 
type
May 21, 2026 6:55:22 PM org.hibernate.orm.tooling.maven.EnhancementContext 
doBiDirectionalAssociationManagement
WARN: HHH90000029: The [management of bidirectional persistent association 
attributes] configuration is deprecated and will be removed. Set the value to 
[false] to get rid of this warning
May 21, 2026 6:55:22 PM org.hibernate.bytecode.enhance.internal.bytebuddy.BiDir
ectionalAssociationHandler getTargetEntityClass
INFO: HHH90009032: Bidirectional association not managed for field 
[com.forgeStackk.EduResolve.entity.UserLogin.email]: Could not find target type
May 21, 2026 6:55:22 PM org.hibernate.orm.tooling.maven.EnhancementContext 
doBiDirectionalAssociationManagement
WARN: HHH90000029: The [management of bidirectional persistent association 
attributes] configuration is deprecated and will be removed. Set the value to 
[false] to get rid of this warning
May 21, 2026 6:55:22 PM org.hibernate.bytecode.enhance.internal.bytebuddy.BiDir
ectionalAssociationHandler getTargetEntityClass
INFO: HHH90009032: Bidirectional association not managed for field 
[com.forgeStackk.EduResolve.entity.UserLogin.password]: Could not find target 
type
May 21, 2026 6:55:22 PM org.hibernate.orm.tooling.maven.EnhancementContext 
doBiDirectionalAssociationManagement
WARN: HHH90000029: The [management of bidirectional persistent association 
attributes] configuration is deprecated and will be removed. Set the value to 
[false] to get rid of this warning
May 21, 2026 6:55:22 PM org.hibernate.bytecode.enhance.internal.bytebuddy.BiDir
ectionalAssociationHandler getTargetEntityClass
INFO: HHH90009032: Bidirectional association not managed for field 
[com.forgeStackk.EduResolve.entity.UserLogin.role]: Could not find target type
May 21, 2026 6:55:22 PM org.hibernate.orm.tooling.maven.EnhancementContext 
doBiDirectionalAssociationManagement
WARN: HHH90000029: The [management of bidirectional persistent association 
attributes] configuration is deprecated and will be removed. Set the value to 
[false] to get rid of this warning
May 21, 2026 6:55:22 PM org.hibernate.bytecode.enhance.internal.bytebuddy.BiDir
ectionalAssociationHandler getTargetEntityClass
INFO: HHH90009032: Bidirectional association not managed for field 
[com.forgeStackk.EduResolve.entity.UserLogin.phoneNumber]: Could not find 
target type
May 21, 2026 6:55:22 PM org.hibernate.orm.tooling.maven.EnhancementContext 
doBiDirectionalAssociationManagement
WARN: HHH90000029: The [management of bidirectional persistent association 
attributes] configuration is deprecated and will be removed. Set the value to 
[false] to get rid of this warning
May 21, 2026 6:55:22 PM org.hibernate.bytecode.enhance.internal.bytebuddy.BiDir
ectionalAssociationHandler getTargetEntityClass
INFO: HHH90009032: Bidirectional association not managed for field 
[com.forgeStackk.EduResolve.entity.UserLogin.schoolName]: Could not find 
target type
[INFO] Succesfully cleared the contents of file: C:\Users\erabh\OneDrive\Desktop\learningNinjas\EduResolve_Backend\target\classes\com\forgeStackk\EduResolve\entity\UserLogin.class
[INFO] Succesfully enhanced class file: C:\Users\erabh\OneDrive\Desktop\learningNinjas\EduResolve_Backend\target\classes\com\forgeStackk\EduResolve\entity\UserLogin.class
[INFO] Skipping file: C:\Users\erabh\OneDrive\Desktop\learningNinjas\EduResolve_Backend\target\classes\com\forgeStackk\EduResolve\enums\AttachmentFileType.class
[INFO] Skipping file: C:\Users\erabh\OneDrive\Desktop\learningNinjas\EduResolve_Backend\target\classes\com\forgeStackk\EduResolve\enums\AttendanceStatus.class
[INFO] Skipping file: C:\Users\erabh\OneDrive\Desktop\learningNinjas\EduResolve_Backend\target\classes\com\forgeStackk\EduResolve\enums\InboxReadStatus.class
[INFO] Skipping file: C:\Users\erabh\OneDrive\Desktop\learningNinjas\EduResolve_Backend\target\classes\com\forgeStackk\EduResolve\enums\MessageCategory.class
[INFO] Skipping file: C:\Users\erabh\OneDrive\Desktop\learningNinjas\EduResolve_Backend\target\classes\com\forgeStackk\EduResolve\enums\MessageContentType.class
[INFO] Skipping file: C:\Users\erabh\OneDrive\Desktop\learningNinjas\EduResolve_Backend\target\classes\com\forgeStackk\EduResolve\enums\RecipientType.class
[INFO] Skipping file: C:\Users\erabh\OneDrive\Desktop\learningNinjas\EduResolve_Backend\target\classes\com\forgeStackk\EduResolve\enums\ReportGeneratedBy.class
[INFO] Skipping file: C:\Users\erabh\OneDrive\Desktop\learningNinjas\EduResolve_Backend\target\classes\com\forgeStackk\EduResolve\enums\ReportStatus.class
[INFO] Skipping file: C:\Users\erabh\OneDrive\Desktop\learningNinjas\EduResolve_Backend\target\classes\com\forgeStackk\EduResolve\enums\StudentStatus.class
[INFO] Skipping file: C:\Users\erabh\OneDrive\Desktop\learningNinjas\EduResolve_Backend\target\classes\com\forgeStackk\EduResolve\enums\TeacherStatus.class
[INFO] Skipping file: C:\Users\erabh\OneDrive\Desktop\learningNinjas\EduResolve_Backend\target\classes\com\forgeStackk\EduResolve\repository\AdminProfileRepository.class
[INFO] Skipping file: C:\Users\erabh\OneDrive\Desktop\learningNinjas\EduResolve_Backend\target\classes\com\forgeStackk\EduResolve\repository\BookmarkRepository.class
[INFO] Skipping file: C:\Users\erabh\OneDrive\Desktop\learningNinjas\EduResolve_Backend\target\classes\com\forgeStackk\EduResolve\repository\ChapterRepository.class
[INFO] Skipping file: C:\Users\erabh\OneDrive\Desktop\learningNinjas\EduResolve_Backend\target\classes\com\forgeStackk\EduResolve\repository\ComplaintRepository.class
[INFO] Skipping file: C:\Users\erabh\OneDrive\Desktop\learningNinjas\EduResolve_Backend\target\classes\com\forgeStackk\EduResolve\repository\ContentBlockRepository.class
[INFO] Skipping file: C:\Users\erabh\OneDrive\Desktop\learningNinjas\EduResolve_Backend\target\classes\com\forgeStackk\EduResolve\repository\ContentChunkRepository.class
[INFO] Skipping file: C:\Users\erabh\OneDrive\Desktop\learningNinjas\EduResolve_Backend\target\classes\com\forgeStackk\EduResolve\repository\DoubtCacheRepository.class
[INFO] Skipping file: C:\Users\erabh\OneDrive\Desktop\learningNinjas\EduResolve_Backend\target\classes\com\forgeStackk\EduResolve\repository\DoubtRepository.class
[INFO] Skipping file: C:\Users\erabh\OneDrive\Desktop\learningNinjas\EduResolve_Backend\target\classes\com\forgeStackk\EduResolve\repository\FeeRepository.class
[INFO] Skipping file: C:\Users\erabh\OneDrive\Desktop\learningNinjas\EduResolve_Backend\target\classes\com\forgeStackk\EduResolve\repository\HomeworkRepository.class
[INFO] Skipping file: C:\Users\erabh\OneDrive\Desktop\learningNinjas\EduResolve_Backend\target\classes\com\forgeStackk\EduResolve\repository\NcertBookRepository.class
[INFO] Skipping file: C:\Users\erabh\OneDrive\Desktop\learningNinjas\EduResolve_Backend\target\classes\com\forgeStackk\EduResolve\repository\NcertChapterRepository.class
[INFO] Skipping file: C:\Users\erabh\OneDrive\Desktop\learningNinjas\EduResolve_Backend\target\classes\com\forgeStackk\EduResolve\repository\NoticeRepository.class
[INFO] Skipping file: C:\Users\erabh\OneDrive\Desktop\learningNinjas\EduResolve_Backend\target\classes\com\forgeStackk\EduResolve\repository\ParentsProfileRepository.class
[INFO] Skipping file: C:\Users\erabh\OneDrive\Desktop\learningNinjas\EduResolve_Backend\target\classes\com\forgeStackk\EduResolve\repository\PreviousYearQuestionRepository.class
[INFO] Skipping file: C:\Users\erabh\OneDrive\Desktop\learningNinjas\EduResolve_Backend\target\classes\com\forgeStackk\EduResolve\repository\QuestionBankRepository.class
[INFO] Skipping file: C:\Users\erabh\OneDrive\Desktop\learningNinjas\EduResolve_Backend\target\classes\com\forgeStackk\EduResolve\repository\QuizQuestionRepository.class
[INFO] Skipping file: C:\Users\erabh\OneDrive\Desktop\learningNinjas\EduResolve_Backend\target\classes\com\forgeStackk\EduResolve\repository\QuizResultRepository.class
[INFO] Skipping file: C:\Users\erabh\OneDrive\Desktop\learningNinjas\EduResolve_Backend\target\classes\com\forgeStackk\EduResolve\repository\ReadingProgressRepository.class
[INFO] Skipping file: C:\Users\erabh\OneDrive\Desktop\learningNinjas\EduResolve_Backend\target\classes\com\forgeStackk\EduResolve\repository\SchoolEventRepository.class
[INFO] Skipping file: C:\Users\erabh\OneDrive\Desktop\learningNinjas\EduResolve_Backend\target\classes\com\forgeStackk\EduResolve\repository\StudentDocumentRepository.class
[INFO] Skipping file: C:\Users\erabh\OneDrive\Desktop\learningNinjas\EduResolve_Backend\target\classes\com\forgeStackk\EduResolve\repository\StudentPerformanceRepository.class
[INFO] Skipping file: C:\Users\erabh\OneDrive\Desktop\learningNinjas\EduResolve_Backend\target\classes\com\forgeStackk\EduResolve\repository\StudentProfileRepository.class
[INFO] Skipping file: C:\Users\erabh\OneDrive\Desktop\learningNinjas\EduResolve_Backend\target\classes\com\forgeStackk\EduResolve\repository\SubjectRepository.class
[INFO] Skipping file: C:\Users\erabh\OneDrive\Desktop\learningNinjas\EduResolve_Backend\target\classes\com\forgeStackk\EduResolve\repository\teacher\AttendanceReportRepository.class
[INFO] Skipping file: C:\Users\erabh\OneDrive\Desktop\learningNinjas\EduResolve_Backend\target\classes\com\forgeStackk\EduResolve\repository\teacher\AttendanceRepository.class
[INFO] Skipping file: C:\Users\erabh\OneDrive\Desktop\learningNinjas\EduResolve_Backend\target\classes\com\forgeStackk\EduResolve\repository\teacher\ClassRoomRepository.class
[INFO] Skipping file: C:\Users\erabh\OneDrive\Desktop\learningNinjas\EduResolve_Backend\target\classes\com\forgeStackk\EduResolve\repository\teacher\MessageAttachmentRepository.class
[INFO] Skipping file: C:\Users\erabh\OneDrive\Desktop\learningNinjas\EduResolve_Backend\target\classes\com\forgeStackk\EduResolve\repository\teacher\MessageRepository.class
[INFO] Skipping file: C:\Users\erabh\OneDrive\Desktop\learningNinjas\EduResolve_Backend\target\classes\com\forgeStackk\EduResolve\repository\teacher\ParentInboxRepository.class
[INFO] Skipping file: C:\Users\erabh\OneDrive\Desktop\learningNinjas\EduResolve_Backend\target\classes\com\forgeStackk\EduResolve\repository\teacher\ParentRepository.class
[INFO] Skipping file: C:\Users\erabh\OneDrive\Desktop\learningNinjas\EduResolve_Backend\target\classes\com\forgeStackk\EduResolve\repository\teacher\ReadReceiptRepository.class
[INFO] Skipping file: C:\Users\erabh\OneDrive\Desktop\learningNinjas\EduResolve_Backend\target\classes\com\forgeStackk\EduResolve\repository\teacher\StudentInboxRepository.class
[INFO] Skipping file: C:\Users\erabh\OneDrive\Desktop\learningNinjas\EduResolve_Backend\target\classes\com\forgeStackk\EduResolve\repository\teacher\StudentRepository.class
[INFO] Skipping file: C:\Users\erabh\OneDrive\Desktop\learningNinjas\EduResolve_Backend\target\classes\com\forgeStackk\EduResolve\repository\teacher\TeacherNotificationRepository.class
[INFO] Skipping file: C:\Users\erabh\OneDrive\Desktop\learningNinjas\EduResolve_Backend\target\classes\com\forgeStackk\EduResolve\repository\teacher\TeacherRepository.class
[INFO] Skipping file: C:\Users\erabh\OneDrive\Desktop\learningNinjas\EduResolve_Backend\target\classes\com\forgeStackk\EduResolve\repository\teacher\TeacherSubjectMappingRepository.class
[INFO] Skipping file: C:\Users\erabh\OneDrive\Desktop\learningNinjas\EduResolve_Backend\target\classes\com\forgeStackk\EduResolve\repository\TeacherProfileRepository.class
[INFO] Skipping file: C:\Users\erabh\OneDrive\Desktop\learningNinjas\EduResolve_Backend\target\classes\com\forgeStackk\EduResolve\repository\TopicRepository.class
[INFO] Skipping file: C:\Users\erabh\OneDrive\Desktop\learningNinjas\EduResolve_Backend\target\classes\com\forgeStackk\EduResolve\repository\UserLoginRepository.class
[INFO] Skipping file: C:\Users\erabh\OneDrive\Desktop\learningNinjas\EduResolve_Backend\target\classes\com\forgeStackk\EduResolve\scheduler\AttendanceReportScheduler.class
[INFO] Skipping file: C:\Users\erabh\OneDrive\Desktop\learningNinjas\EduResolve_Backend\target\classes\com\forgeStackk\EduResolve\security\JwtAuthenticationFilter.class
[INFO] Skipping file: C:\Users\erabh\OneDrive\Desktop\learningNinjas\EduResolve_Backend\target\classes\com\forgeStackk\EduResolve\security\JwtUtil.class
[INFO] Skipping file: C:\Users\erabh\OneDrive\Desktop\learningNinjas\EduResolve_Backend\target\classes\com\forgeStackk\EduResolve\security\ParentPortalAuthHelper.class
[INFO] Skipping file: C:\Users\erabh\OneDrive\Desktop\learningNinjas\EduResolve_Backend\target\classes\com\forgeStackk\EduResolve\security\StudentPortalAuthHelper.class
[INFO] Skipping file: C:\Users\erabh\OneDrive\Desktop\learningNinjas\EduResolve_Backend\target\classes\com\forgeStackk\EduResolve\security\TeacherPortalAuthHelper.class
[INFO] Skipping file: C:\Users\erabh\OneDrive\Desktop\learningNinjas\EduResolve_Backend\target\classes\com\forgeStackk\EduResolve\service\AiService$1.class
[INFO] Skipping file: C:\Users\erabh\OneDrive\Desktop\learningNinjas\EduResolve_Backend\target\classes\com\forgeStackk\EduResolve\service\AiService$ChatResponse$Choice.class
[INFO] Skipping file: C:\Users\erabh\OneDrive\Desktop\learningNinjas\EduResolve_Backend\target\classes\com\forgeStackk\EduResolve\service\AiService$ChatResponse$Message.class
[INFO] Skipping file: C:\Users\erabh\OneDrive\Desktop\learningNinjas\EduResolve_Backend\target\classes\com\forgeStackk\EduResolve\service\AiService$ChatResponse.class
[INFO] Skipping file: C:\Users\erabh\OneDrive\Desktop\learningNinjas\EduResolve_Backend\target\classes\com\forgeStackk\EduResolve\service\AiService.class
[INFO] Skipping file: C:\Users\erabh\OneDrive\Desktop\learningNinjas\EduResolve_Backend\target\classes\com\forgeStackk\EduResolve\service\ContentBlockService.class
[INFO] Skipping file: C:\Users\erabh\OneDrive\Desktop\learningNinjas\EduResolve_Backend\target\classes\com\forgeStackk\EduResolve\service\GitHubApiService$GitHubBookInfo.class
[INFO] Skipping file: C:\Users\erabh\OneDrive\Desktop\learningNinjas\EduResolve_Backend\target\classes\com\forgeStackk\EduResolve\service\GitHubApiService.class
[INFO] Skipping file: C:\Users\erabh\OneDrive\Desktop\learningNinjas\EduResolve_Backend\target\classes\com\forgeStackk\EduResolve\service\ImageService.class
[INFO] Skipping file: C:\Users\erabh\OneDrive\Desktop\learningNinjas\EduResolve_Backend\target\classes\com\forgeStackk\EduResolve\service\NcertBookService.class
[INFO] Skipping file: C:\Users\erabh\OneDrive\Desktop\learningNinjas\EduResolve_Backend\target\classes\com\forgeStackk\EduResolve\service\NcertChapterService.class
[INFO] Skipping file: C:\Users\erabh\OneDrive\Desktop\learningNinjas\EduResolve_Backend\target\classes\com\forgeStackk\EduResolve\service\OpenAIService$ChatResponse$Choice.class
[INFO] Skipping file: C:\Users\erabh\OneDrive\Desktop\learningNinjas\EduResolve_Backend\target\classes\com\forgeStackk\EduResolve\service\OpenAIService$ChatResponse$Message.class
[INFO] Skipping file: C:\Users\erabh\OneDrive\Desktop\learningNinjas\EduResolve_Backend\target\classes\com\forgeStackk\EduResolve\service\OpenAIService$ChatResponse.class
[INFO] Skipping file: C:\Users\erabh\OneDrive\Desktop\learningNinjas\EduResolve_Backend\target\classes\com\forgeStackk\EduResolve\service\OpenAIService$QuizQuestion.class
[INFO] Skipping file: C:\Users\erabh\OneDrive\Desktop\learningNinjas\EduResolve_Backend\target\classes\com\forgeStackk\EduResolve\service\OpenAIService$VisualizationData.class
[INFO] Skipping file: C:\Users\erabh\OneDrive\Desktop\learningNinjas\EduResolve_Backend\target\classes\com\forgeStackk\EduResolve\service\OpenAIService.class
[INFO] Skipping file: C:\Users\erabh\OneDrive\Desktop\learningNinjas\EduResolve_Backend\target\classes\com\forgeStackk\EduResolve\service\parent\ParentPortalService.class
[INFO] Skipping file: C:\Users\erabh\OneDrive\Desktop\learningNinjas\EduResolve_Backend\target\classes\com\forgeStackk\EduResolve\service\PdfParsingService$PdfMetadata.class
[INFO] Skipping file: C:\Users\erabh\OneDrive\Desktop\learningNinjas\EduResolve_Backend\target\classes\com\forgeStackk\EduResolve\service\PdfParsingService.class
[INFO] Skipping file: C:\Users\erabh\OneDrive\Desktop\learningNinjas\EduResolve_Backend\target\classes\com\forgeStackk\EduResolve\service\student\StudentPortalService.class
[INFO] Skipping file: C:\Users\erabh\OneDrive\Desktop\learningNinjas\EduResolve_Backend\target\classes\com\forgeStackk\EduResolve\service\teacher\AttendancePdfService$1.class
[INFO] Skipping file: C:\Users\erabh\OneDrive\Desktop\learningNinjas\EduResolve_Backend\target\classes\com\forgeStackk\EduResolve\service\teacher\AttendancePdfService.class
[INFO] Skipping file: C:\Users\erabh\OneDrive\Desktop\learningNinjas\EduResolve_Backend\target\classes\com\forgeStackk\EduResolve\service\teacher\AttendanceService.class
[INFO] Skipping file: C:\Users\erabh\OneDrive\Desktop\learningNinjas\EduResolve_Backend\target\classes\com\forgeStackk\EduResolve\service\teacher\ClassLookupService.class
[INFO] Skipping file: C:\Users\erabh\OneDrive\Desktop\learningNinjas\EduResolve_Backend\target\classes\com\forgeStackk\EduResolve\service\teacher\LocalReportStorageService.class
[INFO] Skipping file: C:\Users\erabh\OneDrive\Desktop\learningNinjas\EduResolve_Backend\target\classes\com\forgeStackk\EduResolve\service\teacher\MessageService$1.class
[INFO] Skipping file: C:\Users\erabh\OneDrive\Desktop\learningNinjas\EduResolve_Backend\target\classes\com\forgeStackk\EduResolve\service\teacher\MessageService.class
[INFO] Skipping file: C:\Users\erabh\OneDrive\Desktop\learningNinjas\EduResolve_Backend\target\classes\com\forgeStackk\EduResolve\service\teacher\NotificationService.class
[INFO] Skipping file: C:\Users\erabh\OneDrive\Desktop\learningNinjas\EduResolve_Backend\target\classes\com\forgeStackk\EduResolve\service\teacher\ReportStorageService.class
[INFO] Skipping file: C:\Users\erabh\OneDrive\Desktop\learningNinjas\EduResolve_Backend\target\classes\com\forgeStackk\EduResolve\service\UserLoginService.class
[INFO] Skipping file: C:\Users\erabh\OneDrive\Desktop\learningNinjas\EduResolve_Backend\target\classes\com\forgeStackk\EduResolve\startup\ClassroomSeeder.class
[INFO] 
[INFO] --- resources:3.3.1:testResources (default-testResources) @ EduResolve ---
[INFO] Copying 1 resource from src\test\resources to target\test-classes
[INFO] 
[INFO] --- compiler:3.14.1:testCompile (default-testCompile) @ EduResolve ---
[INFO] Recompiling the module because of changed dependency.
[INFO] Compiling 1 source file with javac [debug parameters release 21] to target\test-classes
[INFO] 
[INFO] --- surefire:3.5.5:test (default-test) @ EduResolve ---
[WARNING]  Parameter 'systemProperties' is deprecated: Use systemPropertyVariables instead.
[INFO] Using auto detected provider org.apache.maven.surefire.junitplatform.JUnitPlatformProvider
[INFO] 
[INFO] -------------------------------------------------------
[INFO]  T E S T S
[INFO] -------------------------------------------------------
[INFO] Running com.forgeStackk.EduResolve.EduResolveApplicationTests
18:55:25.383 [main] INFO org.springframework.test.context.support.AnnotationConfigContextLoaderUtils -- Could not detect default configuration classes for test class [com.forgeStackk.EduResolve.EduResolveApplicationTests]: EduResolveApplicationTests does not declare any static, non-private, non-final, nested classes annotated with @Configuration.
18:55:25.518 [main] INFO org.springframework.boot.test.context.SpringBootTestContextBootstrapper -- Found @SpringBootConfiguration com.forgeStackk.EduResolve.EduResolveApplication for test class com.forgeStackk.EduResolve.EduResolveApplicationTests
18:55:25.631 [main] INFO org.springframework.test.context.support.AnnotationConfigContextLoaderUtils -- Could not detect default configuration classes for test class [com.forgeStackk.EduResolve.EduResolveApplicationTests]: EduResolveApplicationTests does not declare any static, non-private, non-final, nested classes annotated with @Configuration.
18:55:25.633 [main] INFO org.springframework.boot.test.context.SpringBootTestContextBootstrapper -- Found @SpringBootConfiguration com.forgeStackk.EduResolve.EduResolveApplication for test class com.forgeStackk.EduResolve.EduResolveApplicationTests

  .   ____          _            __ _ _
 /\\ / ___'_ __ _ _(_)_ __  __ _ \ \ \ \
( ( )\___ | '_ | '_| | '_ \/ _` | \ \ \ \
 \\/  ___)| |_)| | | | | || (_| |  ) ) ) )
  '  |____| .__|_| |_|_| |_\__, | / / / /
 =========|_|==============|___/=/_/_/_/

 :: Spring Boot ::                (v4.0.5)

2026-05-21T18:55:26.100+05:30  INFO 15124 --- [EduResolve] [           main] c.f.E.EduResolveApplicationTests         : Starting EduResolveApplicationTests using Java 21.0.10 with PID 15124 (started by erabh in C:\Users\erabh\OneDrive\Desktop\learningNinjas\EduResolve_Backend)
2026-05-21T18:55:26.100+05:30 DEBUG 15124 --- [EduResolve] [           main] c.f.E.EduResolveApplicationTests         : Running with Spring Boot v4.0.5, Spring v7.0.6
2026-05-21T18:55:26.100+05:30  INFO 15124 --- [EduResolve] [           main] c.f.E.EduResolveApplicationTests         : The following 1 profile is active: "test"
Mockito is currently self-attaching to enable the inline-mock-maker. This will 
no longer work in future releases of the JDK. Please add Mockito as an agent 
to your build as described in Mockito's documentation: https://javadoc.io/doc/o
rg.mockito/mockito-core/latest/org.mockito/org/mockito/Mockito.html#0.3
WARNING: A Java agent has been loaded dynamically (C:\Users\erabh\.m2\repositor
y\net\bytebuddy\byte-buddy-agent\1.17.8\byte-buddy-agent-1.17.8.jar)
WARNING: If a serviceability tool is in use, please run with 
-XX:+EnableDynamicAgentLoading to hide this warning
WARNING: If a serviceability tool is not in use, please run with 
-Djdk.instrument.traceUsage for more information
WARNING: Dynamic loading of agents will be disallowed by default in a future 
release
OpenJDK 64-Bit Server VM warning: Sharing is only supported for boot loader 
classes because bootstrap classpath has been appended
2026-05-21T18:55:31.972+05:30  WARN 15124 --- [EduResolve] [           main] org.hibernate.orm.core                   : HHH000511: The 2.4.240 version for [org.hibernate.dialect.PostgreSQLDialect] is no longer supported, hence certain features may not work properly.The minimum supported version is 13.0.0. Check the community dialects project for available legacy versions.
2026-05-21T18:55:31.983+05:30  WARN 15124 --- [EduResolve] [           main] org.hibernate.orm.deprecation            : HHH90000025: PostgreSQLDialect does not need to be specified explicitly using 'hibernate.dialect' (remove the property setting and it will be selected by default)
2026-05-21T18:55:34.083+05:30  WARN 15124 --- [EduResolve] [           main] o.h.t.s.i.ExceptionHandlerLoggedImpl     : GenerationTarget encountered exception accepting command : Error executing DDL "set client_min_messages = WARNING" via JDBC [Syntax error in SQL statement "set [*]client_min_messages = WARNING"; expected "@, AUTOCOMMIT, EXCLUSIVE, IGNORECASE, PASSWORD, SALT, MODE, DATABASE, COLLATION, CLUSTER, DATABASE_EVENT_LISTENER, ALLOW_LITERALS, DEFAULT_TABLE_TYPE, SCHEMA, CATALOG, SCHEMA_SEARCH_PATH, JAVA_OBJECT_SERIALIZER, IGNORE_CATALOGS, SESSION, TRANSACTION, TIME, NON_KEYWORDS, DEFAULT_NULL_ORDERING";]

org.hibernate.tool.schema.spi.CommandAcceptanceException: Error executing DDL "set client_min_messages = WARNING" via JDBC [Syntax error in SQL statement "set [*]client_min_messages = WARNING"; expected "@, AUTOCOMMIT, EXCLUSIVE, IGNORECASE, PASSWORD, SALT, MODE, DATABASE, COLLATION, CLUSTER, DATABASE_EVENT_LISTENER, ALLOW_LITERALS, DEFAULT_TABLE_TYPE, SCHEMA, CATALOG, SCHEMA_SEARCH_PATH, JAVA_OBJECT_SERIALIZER, IGNORE_CATALOGS, SESSION, TRANSACTION, TIME, NON_KEYWORDS, DEFAULT_NULL_ORDERING";]
	at org.hibernate.tool.schema.internal.exec.GenerationTargetToDatabase.accept(GenerationTargetToDatabase.java:81) ~[hibernate-core-7.2.7.Final.jar:7.2.7.Final]
	at org.hibernate.tool.schema.internal.Helper.applySqlString(Helper.java:218) ~[hibernate-core-7.2.7.Final.jar:7.2.7.Final]
	at org.hibernate.tool.schema.internal.SchemaDropperImpl.dropFromMetadata(SchemaDropperImpl.java:205) ~[hibernate-core-7.2.7.Final.jar:7.2.7.Final]
	at org.hibernate.tool.schema.internal.SchemaDropperImpl.performDrop(SchemaDropperImpl.java:182) ~[hibernate-core-7.2.7.Final.jar:7.2.7.Final]
	at org.hibernate.tool.schema.internal.SchemaDropperImpl.doDrop(SchemaDropperImpl.java:152) ~[hibernate-core-7.2.7.Final.jar:7.2.7.Final]
	at org.hibernate.tool.schema.internal.SchemaDropperImpl.doDrop(SchemaDropperImpl.java:112) ~[hibernate-core-7.2.7.Final.jar:7.2.7.Final]
	at org.hibernate.tool.schema.spi.SchemaManagementToolCoordinator.performDatabaseAction(SchemaManagementToolCoordinator.java:227) ~[hibernate-core-7.2.7.Final.jar:7.2.7.Final]
	at org.hibernate.tool.schema.spi.SchemaManagementToolCoordinator.lambda$process$1(SchemaManagementToolCoordinator.java:101) ~[hibernate-core-7.2.7.Final.jar:7.2.7.Final]
	at java.base/java.util.HashMap.forEach(HashMap.java:1429) ~[na:na]
	at org.hibernate.tool.schema.spi.SchemaManagementToolCoordinator.process(SchemaManagementToolCoordinator.java:100) ~[hibernate-core-7.2.7.Final.jar:7.2.7.Final]
	at org.hibernate.boot.internal.SessionFactoryObserverForSchemaExport.sessionFactoryCreated(SessionFactoryObserverForSchemaExport.java:35) ~[hibernate-core-7.2.7.Final.jar:7.2.7.Final]
	at org.hibernate.internal.SessionFactoryObserverChain.sessionFactoryCreated(SessionFactoryObserverChain.java:33) ~[hibernate-core-7.2.7.Final.jar:7.2.7.Final]
	at org.hibernate.internal.SessionFactoryImpl.<init>(SessionFactoryImpl.java:323) ~[hibernate-core-7.2.7.Final.jar:7.2.7.Final]
	at org.hibernate.internal.SessionFactoryRegistry.instantiateSessionFactory(SessionFactoryRegistry.java:64) ~[hibernate-core-7.2.7.Final.jar:7.2.7.Final]
	at org.hibernate.boot.internal.SessionFactoryBuilderImpl.build(SessionFactoryBuilderImpl.java:437) ~[hibernate-core-7.2.7.Final.jar:7.2.7.Final]
	at org.hibernate.jpa.boot.internal.EntityManagerFactoryBuilderImpl.build(EntityManagerFactoryBuilderImpl.java:1456) ~[hibernate-core-7.2.7.Final.jar:7.2.7.Final]
	at org.springframework.orm.jpa.vendor.SpringHibernateJpaPersistenceProvider.createContainerEntityManagerFactory(SpringHibernateJpaPersistenceProvider.java:93) ~[spring-orm-7.0.6.jar:7.0.6]
	at org.springframework.orm.jpa.LocalContainerEntityManagerFactoryBean.createNativeEntityManagerFactory(LocalContainerEntityManagerFactoryBean.java:443) ~[spring-orm-7.0.6.jar:7.0.6]
	at org.springframework.orm.jpa.AbstractEntityManagerFactoryBean.buildNativeEntityManagerFactory(AbstractEntityManagerFactoryBean.java:436) ~[spring-orm-7.0.6.jar:7.0.6]
	at org.springframework.orm.jpa.AbstractEntityManagerFactoryBean.afterPropertiesSet(AbstractEntityManagerFactoryBean.java:411) ~[spring-orm-7.0.6.jar:7.0.6]
	at org.springframework.orm.jpa.LocalContainerEntityManagerFactoryBean.afterPropertiesSet(LocalContainerEntityManagerFactoryBean.java:419) ~[spring-orm-7.0.6.jar:7.0.6]
	at org.springframework.beans.factory.support.AbstractAutowireCapableBeanFactory.invokeInitMethods(AbstractAutowireCapableBeanFactory.java:1864) ~[spring-beans-7.0.6.jar:7.0.6]
	at org.springframework.beans.factory.support.AbstractAutowireCapableBeanFactory.initializeBean(AbstractAutowireCapableBeanFactory.java:1813) ~[spring-beans-7.0.6.jar:7.0.6]
	at org.springframework.beans.factory.support.AbstractAutowireCapableBeanFactory.doCreateBean(AbstractAutowireCapableBeanFactory.java:603) ~[spring-beans-7.0.6.jar:7.0.6]
	at org.springframework.beans.factory.support.AbstractAutowireCapableBeanFactory.createBean(AbstractAutowireCapableBeanFactory.java:525) ~[spring-beans-7.0.6.jar:7.0.6]
	at org.springframework.beans.factory.support.AbstractBeanFactory.lambda$doGetBean$0(AbstractBeanFactory.java:333) ~[spring-beans-7.0.6.jar:7.0.6]
	at org.springframework.beans.factory.support.DefaultSingletonBeanRegistry.getSingleton(DefaultSingletonBeanRegistry.java:371) ~[spring-beans-7.0.6.jar:7.0.6]
	at org.springframework.beans.factory.support.AbstractBeanFactory.doGetBean(AbstractBeanFactory.java:331) ~[spring-beans-7.0.6.jar:7.0.6]
	at org.springframework.beans.factory.support.AbstractBeanFactory.getBean(AbstractBeanFactory.java:201) ~[spring-beans-7.0.6.jar:7.0.6]
	at org.springframework.context.support.AbstractApplicationContext.finishBeanFactoryInitialization(AbstractApplicationContext.java:977) ~[spring-context-7.0.6.jar:7.0.6]
	at org.springframework.context.support.AbstractApplicationContext.refresh(AbstractApplicationContext.java:621) ~[spring-context-7.0.6.jar:7.0.6]
	at org.springframework.boot.SpringApplication.refresh(SpringApplication.java:756) ~[spring-boot-4.0.5.jar:4.0.5]
	at org.springframework.boot.SpringApplication.refreshContext(SpringApplication.java:445) ~[spring-boot-4.0.5.jar:4.0.5]
	at org.springframework.boot.SpringApplication.run(SpringApplication.java:321) ~[spring-boot-4.0.5.jar:4.0.5]
	at org.springframework.boot.test.context.SpringBootContextLoader.lambda$loadContext$2(SpringBootContextLoader.java:155) ~[spring-boot-test-4.0.5.jar:4.0.5]
	at org.springframework.util.function.ThrowingSupplier.get(ThrowingSupplier.java:58) ~[spring-core-7.0.6.jar:7.0.6]
	at org.springframework.util.function.ThrowingSupplier.get(ThrowingSupplier.java:46) ~[spring-core-7.0.6.jar:7.0.6]
	at org.springframework.boot.SpringApplication.withHook(SpringApplication.java:1465) ~[spring-boot-4.0.5.jar:4.0.5]
	at org.springframework.boot.test.context.SpringBootContextLoader$ContextLoaderHook.run(SpringBootContextLoader.java:600) ~[spring-boot-test-4.0.5.jar:4.0.5]
	at org.springframework.boot.test.context.SpringBootContextLoader.loadContext(SpringBootContextLoader.java:155) ~[spring-boot-test-4.0.5.jar:4.0.5]
	at org.springframework.boot.test.context.SpringBootContextLoader.loadContext(SpringBootContextLoader.java:114) ~[spring-boot-test-4.0.5.jar:4.0.5]
	at org.springframework.test.context.cache.DefaultCacheAwareContextLoaderDelegate.loadContextInternal(DefaultCacheAwareContextLoaderDelegate.java:247) ~[spring-test-7.0.6.jar:7.0.6]
	at org.springframework.test.context.cache.DefaultCacheAwareContextLoaderDelegate.lambda$loadContext$0(DefaultCacheAwareContextLoaderDelegate.java:167) ~[spring-test-7.0.6.jar:7.0.6]
	at org.springframework.test.context.cache.DefaultContextCache.put(DefaultContextCache.java:214) ~[spring-test-7.0.6.jar:7.0.6]
	at org.springframework.test.context.cache.DefaultCacheAwareContextLoaderDelegate.loadContext(DefaultCacheAwareContextLoaderDelegate.java:160) ~[spring-test-7.0.6.jar:7.0.6]
	at org.springframework.test.context.support.DefaultTestContext.getApplicationContext(DefaultTestContext.java:128) ~[spring-test-7.0.6.jar:7.0.6]
	at org.springframework.test.context.web.ServletTestExecutionListener.setUpRequestContextIfNecessary(ServletTestExecutionListener.java:200) ~[spring-test-7.0.6.jar:7.0.6]
	at org.springframework.test.context.web.ServletTestExecutionListener.prepareTestInstance(ServletTestExecutionListener.java:139) ~[spring-test-7.0.6.jar:7.0.6]
	at org.springframework.test.context.TestContextManager.prepareTestInstance(TestContextManager.java:260) ~[spring-test-7.0.6.jar:7.0.6]
	at org.springframework.test.context.junit.jupiter.SpringExtension.postProcessTestInstance(SpringExtension.java:210) ~[spring-test-7.0.6.jar:7.0.6]
	at org.junit.jupiter.engine.descriptor.ClassBasedTestDescriptor.lambda$invokeTestInstancePostProcessors$1(ClassBasedTestDescriptor.java:423) ~[junit-jupiter-engine-6.0.3.jar:6.0.3]
	at org.junit.jupiter.engine.descriptor.ClassBasedTestDescriptor.executeAndMaskThrowable(ClassBasedTestDescriptor.java:428) ~[junit-jupiter-engine-6.0.3.jar:6.0.3]
	at org.junit.jupiter.engine.descriptor.ClassBasedTestDescriptor.lambda$invokeTestInstancePostProcessors$0(ClassBasedTestDescriptor.java:422) ~[junit-jupiter-engine-6.0.3.jar:6.0.3]
	at java.base/java.util.stream.ForEachOps$ForEachOp$OfRef.accept(ForEachOps.java:184) ~[na:na]
	at java.base/java.util.stream.ReferencePipeline$3$1.accept(ReferencePipeline.java:197) ~[na:na]
	at java.base/java.util.stream.ReferencePipeline$2$1.accept(ReferencePipeline.java:179) ~[na:na]
	at java.base/java.util.stream.ReferencePipeline$3$1.accept(ReferencePipeline.java:197) ~[na:na]
	at java.base/java.util.ArrayList$ArrayListSpliterator.forEachRemaining(ArrayList.java:1708) ~[na:na]
	at java.base/java.util.stream.AbstractPipeline.copyInto(AbstractPipeline.java:509) ~[na:na]
	at java.base/java.util.stream.AbstractPipeline.wrapAndCopyInto(AbstractPipeline.java:499) ~[na:na]
	at java.base/java.util.stream.ForEachOps$ForEachOp.evaluateSequential(ForEachOps.java:151) ~[na:na]
	at java.base/java.util.stream.ForEachOps$ForEachOp$OfRef.evaluateSequential(ForEachOps.java:174) ~[na:na]
	at java.base/java.util.stream.AbstractPipeline.evaluate(AbstractPipeline.java:234) ~[na:na]
	at java.base/java.util.stream.ReferencePipeline.forEach(ReferencePipeline.java:596) ~[na:na]
	at org.junit.jupiter.engine.descriptor.ClassBasedTestDescriptor.invokeTestInstancePostProcessors(ClassBasedTestDescriptor.java:422) ~[junit-jupiter-engine-6.0.3.jar:6.0.3]
	at org.junit.jupiter.engine.descriptor.ClassBasedTestDescriptor.lambda$instantiateAndPostProcessTestInstance$0(ClassBasedTestDescriptor.java:334) ~[junit-jupiter-engine-6.0.3.jar:6.0.3]
	at org.junit.platform.engine.support.hierarchical.ThrowableCollector.execute(ThrowableCollector.java:74) ~[junit-platform-engine-6.0.3.jar:6.0.3]
	at org.junit.jupiter.engine.descriptor.ClassBasedTestDescriptor.instantiateAndPostProcessTestInstance(ClassBasedTestDescriptor.java:333) ~[junit-jupiter-engine-6.0.3.jar:6.0.3]
	at org.junit.jupiter.engine.descriptor.ClassBasedTestDescriptor.lambda$testInstancesProvider$1(ClassBasedTestDescriptor.java:322) ~[junit-jupiter-engine-6.0.3.jar:6.0.3]
	at java.base/java.util.Optional.orElseGet(Optional.java:364) ~[na:na]
	at org.junit.jupiter.engine.descriptor.ClassBasedTestDescriptor.lambda$testInstancesProvider$0(ClassBasedTestDescriptor.java:321) ~[junit-jupiter-engine-6.0.3.jar:6.0.3]
	at org.junit.jupiter.engine.execution.TestInstancesProvider.getTestInstances(TestInstancesProvider.java:27) ~[junit-jupiter-engine-6.0.3.jar:6.0.3]
	at org.junit.jupiter.engine.descriptor.TestMethodTestDescriptor.lambda$prepare$0(TestMethodTestDescriptor.java:127) ~[junit-jupiter-engine-6.0.3.jar:6.0.3]
	at org.junit.platform.engine.support.hierarchical.ThrowableCollector.execute(ThrowableCollector.java:74) ~[junit-platform-engine-6.0.3.jar:6.0.3]
	at org.junit.jupiter.engine.descriptor.TestMethodTestDescriptor.prepare(TestMethodTestDescriptor.java:126) ~[junit-jupiter-engine-6.0.3.jar:6.0.3]
	at org.junit.jupiter.engine.descriptor.TestMethodTestDescriptor.prepare(TestMethodTestDescriptor.java:70) ~[junit-jupiter-engine-6.0.3.jar:6.0.3]
	at org.junit.platform.engine.support.hierarchical.NodeTestTask.lambda$prepare$0(NodeTestTask.java:144) ~[junit-platform-engine-6.0.3.jar:6.0.3]
	at org.junit.platform.engine.support.hierarchical.ThrowableCollector.execute(ThrowableCollector.java:74) ~[junit-platform-engine-6.0.3.jar:6.0.3]
	at org.junit.platform.engine.support.hierarchical.NodeTestTask.prepare(NodeTestTask.java:144) ~[junit-platform-engine-6.0.3.jar:6.0.3]
	at org.junit.platform.engine.support.hierarchical.NodeTestTask.execute(NodeTestTask.java:110) ~[junit-platform-engine-6.0.3.jar:6.0.3]
	at java.base/java.util.ArrayList.forEach(ArrayList.java:1596) ~[na:na]
	at org.junit.platform.engine.support.hierarchical.SameThreadHierarchicalTestExecutorService.invokeAll(SameThreadHierarchicalTestExecutorService.java:42) ~[junit-platform-engine-6.0.3.jar:6.0.3]
	at org.junit.platform.engine.support.hierarchical.NodeTestTask.lambda$executeRecursively$2(NodeTestTask.java:180) ~[junit-platform-engine-6.0.3.jar:6.0.3]
	at org.junit.platform.engine.support.hierarchical.ThrowableCollector.execute(ThrowableCollector.java:74) ~[junit-platform-engine-6.0.3.jar:6.0.3]
	at org.junit.platform.engine.support.hierarchical.NodeTestTask.lambda$executeRecursively$1(NodeTestTask.java:166) ~[junit-platform-engine-6.0.3.jar:6.0.3]
	at org.junit.platform.engine.support.hierarchical.Node.around(Node.java:138) ~[junit-platform-engine-6.0.3.jar:6.0.3]
	at org.junit.platform.engine.support.hierarchical.NodeTestTask.lambda$executeRecursively$0(NodeTestTask.java:164) ~[junit-platform-engine-6.0.3.jar:6.0.3]
	at org.junit.platform.engine.support.hierarchical.ThrowableCollector.execute(ThrowableCollector.java:74) ~[junit-platform-engine-6.0.3.jar:6.0.3]
	at org.junit.platform.engine.support.hierarchical.NodeTestTask.executeRecursively(NodeTestTask.java:163) ~[junit-platform-engine-6.0.3.jar:6.0.3]
	at org.junit.platform.engine.support.hierarchical.NodeTestTask.execute(NodeTestTask.java:116) ~[junit-platform-engine-6.0.3.jar:6.0.3]
	at java.base/java.util.ArrayList.forEach(ArrayList.java:1596) ~[na:na]
	at org.junit.platform.engine.support.hierarchical.SameThreadHierarchicalTestExecutorService.invokeAll(SameThreadHierarchicalTestExecutorService.java:42) ~[junit-platform-engine-6.0.3.jar:6.0.3]
	at org.junit.platform.engine.support.hierarchical.NodeTestTask.lambda$executeRecursively$2(NodeTestTask.java:180) ~[junit-platform-engine-6.0.3.jar:6.0.3]
	at org.junit.platform.engine.support.hierarchical.ThrowableCollector.execute(ThrowableCollector.java:74) ~[junit-platform-engine-6.0.3.jar:6.0.3]
	at org.junit.platform.engine.support.hierarchical.NodeTestTask.lambda$executeRecursively$1(NodeTestTask.java:166) ~[junit-platform-engine-6.0.3.jar:6.0.3]
	at org.junit.platform.engine.support.hierarchical.Node.around(Node.java:138) ~[junit-platform-engine-6.0.3.jar:6.0.3]
	at org.junit.platform.engine.support.hierarchical.NodeTestTask.lambda$executeRecursively$0(NodeTestTask.java:164) ~[junit-platform-engine-6.0.3.jar:6.0.3]
	at org.junit.platform.engine.support.hierarchical.ThrowableCollector.execute(ThrowableCollector.java:74) ~[junit-platform-engine-6.0.3.jar:6.0.3]
	at org.junit.platform.engine.support.hierarchical.NodeTestTask.executeRecursively(NodeTestTask.java:163) ~[junit-platform-engine-6.0.3.jar:6.0.3]
	at org.junit.platform.engine.support.hierarchical.NodeTestTask.execute(NodeTestTask.java:116) ~[junit-platform-engine-6.0.3.jar:6.0.3]
	at org.junit.platform.engine.support.hierarchical.SameThreadHierarchicalTestExecutorService.submit(SameThreadHierarchicalTestExecutorService.java:36) ~[junit-platform-engine-6.0.3.jar:6.0.3]
	at org.junit.platform.engine.support.hierarchical.HierarchicalTestExecutor.execute(HierarchicalTestExecutor.java:52) ~[junit-platform-engine-6.0.3.jar:6.0.3]
	at org.junit.platform.engine.support.hierarchical.HierarchicalTestEngine.execute(HierarchicalTestEngine.java:58) ~[junit-platform-engine-6.0.3.jar:6.0.3]
	at org.junit.platform.launcher.core.EngineExecutionOrchestrator.executeEngine(EngineExecutionOrchestrator.java:246) ~[junit-platform-launcher-6.0.3.jar:6.0.3]
	at org.junit.platform.launcher.core.EngineExecutionOrchestrator.failOrExecuteEngine(EngineExecutionOrchestrator.java:218) ~[junit-platform-launcher-6.0.3.jar:6.0.3]
	at org.junit.platform.launcher.core.EngineExecutionOrchestrator.execute(EngineExecutionOrchestrator.java:179) ~[junit-platform-launcher-6.0.3.jar:6.0.3]
	at org.junit.platform.launcher.core.EngineExecutionOrchestrator.execute(EngineExecutionOrchestrator.java:108) ~[junit-platform-launcher-6.0.3.jar:6.0.3]
	at org.junit.platform.launcher.core.EngineExecutionOrchestrator.lambda$execute$0(EngineExecutionOrchestrator.java:66) ~[junit-platform-launcher-6.0.3.jar:6.0.3]
	at org.junit.platform.launcher.core.EngineExecutionOrchestrator.withInterceptedStreams(EngineExecutionOrchestrator.java:157) ~[junit-platform-launcher-6.0.3.jar:6.0.3]
	at org.junit.platform.launcher.core.EngineExecutionOrchestrator.execute(EngineExecutionOrchestrator.java:65) ~[junit-platform-launcher-6.0.3.jar:6.0.3]
	at org.junit.platform.launcher.core.DefaultLauncher.execute(DefaultLauncher.java:125) ~[junit-platform-launcher-6.0.3.jar:6.0.3]
	at org.junit.platform.launcher.core.DefaultLauncher.execute(DefaultLauncher.java:114) ~[junit-platform-launcher-6.0.3.jar:6.0.3]
	at org.junit.platform.launcher.core.DelegatingLauncher.execute(DelegatingLauncher.java:58) ~[junit-platform-launcher-6.0.3.jar:6.0.3]
	at org.junit.platform.launcher.core.InterceptingLauncher.lambda$execute$2(InterceptingLauncher.java:57) ~[junit-platform-launcher-6.0.3.jar:6.0.3]
	at org.junit.platform.launcher.core.ClasspathAlignmentCheckingLauncherInterceptor.intercept(ClasspathAlignmentCheckingLauncherInterceptor.java:25) ~[junit-platform-launcher-6.0.3.jar:6.0.3]
	at org.junit.platform.launcher.core.InterceptingLauncher.execute(InterceptingLauncher.java:56) ~[junit-platform-launcher-6.0.3.jar:6.0.3]
	at org.junit.platform.launcher.core.DelegatingLauncher.execute(DelegatingLauncher.java:58) ~[junit-platform-launcher-6.0.3.jar:6.0.3]
	at java.base/jdk.internal.reflect.DirectMethodHandleAccessor.invoke(DirectMethodHandleAccessor.java:103) ~[na:na]
	at java.base/java.lang.reflect.Method.invoke(Method.java:580) ~[na:na]
	at org.apache.maven.surefire.api.util.ReflectionUtils.invokeMethodWithArray(ReflectionUtils.java:125) ~[surefire-api-3.5.5.jar:3.5.5]
	at org.apache.maven.surefire.junitplatform.LauncherAdapter.executeWithCancellationToken(LauncherAdapter.java:68) ~[surefire-junit-platform-3.5.5.jar:3.5.5]
	at org.apache.maven.surefire.junitplatform.LauncherAdapter.execute(LauncherAdapter.java:54) ~[surefire-junit-platform-3.5.5.jar:3.5.5]
	at org.apache.maven.surefire.junitplatform.JUnitPlatformProvider.execute(JUnitPlatformProvider.java:203) ~[surefire-junit-platform-3.5.5.jar:3.5.5]
	at org.apache.maven.surefire.junitplatform.JUnitPlatformProvider.invokeAllTests(JUnitPlatformProvider.java:168) ~[surefire-junit-platform-3.5.5.jar:3.5.5]
	at org.apache.maven.surefire.junitplatform.JUnitPlatformProvider.invoke(JUnitPlatformProvider.java:136) ~[surefire-junit-platform-3.5.5.jar:3.5.5]
	at org.apache.maven.surefire.booter.ForkedBooter.runSuitesInProcess(ForkedBooter.java:385) ~[surefire-booter-3.5.5.jar:3.5.5]
	at org.apache.maven.surefire.booter.ForkedBooter.execute(ForkedBooter.java:162) ~[surefire-booter-3.5.5.jar:3.5.5]
	at org.apache.maven.surefire.booter.ForkedBooter.run(ForkedBooter.java:507) ~[surefire-booter-3.5.5.jar:3.5.5]
	at org.apache.maven.surefire.booter.ForkedBooter.main(ForkedBooter.java:495) ~[surefire-booter-3.5.5.jar:3.5.5]
Caused by: org.h2.jdbc.JdbcSQLSyntaxErrorException: Syntax error in SQL statement "set [*]client_min_messages = WARNING"; expected "@, AUTOCOMMIT, EXCLUSIVE, IGNORECASE, PASSWORD, SALT, MODE, DATABASE, COLLATION, CLUSTER, DATABASE_EVENT_LISTENER, ALLOW_LITERALS, DEFAULT_TABLE_TYPE, SCHEMA, CATALOG, SCHEMA_SEARCH_PATH, JAVA_OBJECT_SERIALIZER, IGNORE_CATALOGS, SESSION, TRANSACTION, TIME, NON_KEYWORDS, DEFAULT_NULL_ORDERING"; SQL statement:
set client_min_messages = WARNING [42001-240]
	at org.h2.message.DbException.getJdbcSQLException(DbException.java:514) ~[h2-2.4.240.jar:2.4.240]
	at org.h2.message.DbException.getJdbcSQLException(DbException.java:489) ~[h2-2.4.240.jar:2.4.240]
	at org.h2.message.DbException.getSyntaxError(DbException.java:261) ~[h2-2.4.240.jar:2.4.240]
	at org.h2.command.ParserBase.getSyntaxError(ParserBase.java:762) ~[h2-2.4.240.jar:2.4.240]
	at org.h2.command.Parser.parseSet(Parser.java:7696) ~[h2-2.4.240.jar:2.4.240]
	at org.h2.command.Parser.parsePrepared(Parser.java:617) ~[h2-2.4.240.jar:2.4.240]
	at org.h2.command.Parser.parse(Parser.java:584) ~[h2-2.4.240.jar:2.4.240]
	at org.h2.command.Parser.parse(Parser.java:564) ~[h2-2.4.240.jar:2.4.240]
	at org.h2.command.Parser.prepareCommand(Parser.java:487) ~[h2-2.4.240.jar:2.4.240]
	at org.h2.engine.SessionLocal.prepareLocal(SessionLocal.java:647) ~[h2-2.4.240.jar:2.4.240]
	at org.h2.engine.SessionLocal.prepareCommand(SessionLocal.java:563) ~[h2-2.4.240.jar:2.4.240]
	at org.h2.jdbc.JdbcConnection.prepareCommand(JdbcConnection.java:1160) ~[h2-2.4.240.jar:2.4.240]
	at org.h2.jdbc.JdbcStatement.executeInternal(JdbcStatement.java:245) ~[h2-2.4.240.jar:2.4.240]
	at org.h2.jdbc.JdbcStatement.execute(JdbcStatement.java:231) ~[h2-2.4.240.jar:2.4.240]
	at com.zaxxer.hikari.pool.ProxyStatement.execute(ProxyStatement.java:95) ~[HikariCP-7.0.2.jar:na]
	at com.zaxxer.hikari.pool.HikariProxyStatement.execute(HikariProxyStatement.java) ~[HikariCP-7.0.2.jar:na]
	at org.hibernate.tool.schema.internal.exec.GenerationTargetToDatabase.accept(GenerationTargetToDatabase.java:76) ~[hibernate-core-7.2.7.Final.jar:7.2.7.Final]
	... 128 common frames omitted

2026-05-21T18:55:34.116+05:30  WARN 15124 --- [EduResolve] [           main] o.h.t.s.i.ExceptionHandlerLoggedImpl     : GenerationTarget encountered exception accepting command : Error executing DDL "create table attendance_report (month integer not null, year integer not null, generated_at timestamp(6) with time zone, report_id uuid not null, class_id varchar(20) not null, generated_by varchar(20) not null check ((generated_by in ('SYSTEM','TEACHER'))), status varchar(30) not null check ((status in ('GENERATED','SENT_TO_PARENTS','SENT_TO_STUDENTS'))), report_file_url TEXT, summary TEXT, primary key (report_id))" via JDBC [Syntax error in SQL statement "create table attendance_report ([*]month integer not null, year integer not null, generated_at timestamp(6) with time zone, report_id uuid not null, class_id varchar(20) not null, generated_by varchar(20) not null check ((generated_by in ('SYSTEM','TEACHER'))), status varchar(30) not null check ((status in ('GENERATED','SENT_TO_PARENTS','SENT_TO_STUDENTS'))), report_file_url TEXT, summary TEXT, primary key (report_id))"; expected "identifier";]

org.hibernate.tool.schema.spi.CommandAcceptanceException: Error executing DDL "create table attendance_report (month integer not null, year integer not null, generated_at timestamp(6) with time zone, report_id uuid not null, class_id varchar(20) not null, generated_by varchar(20) not null check ((generated_by in ('SYSTEM','TEACHER'))), status varchar(30) not null check ((status in ('GENERATED','SENT_TO_PARENTS','SENT_TO_STUDENTS'))), report_file_url TEXT, summary TEXT, primary key (report_id))" via JDBC [Syntax error in SQL statement "create table attendance_report ([*]month integer not null, year integer not null, generated_at timestamp(6) with time zone, report_id uuid not null, class_id varchar(20) not null, generated_by varchar(20) not null check ((generated_by in ('SYSTEM','TEACHER'))), status varchar(30) not null check ((status in ('GENERATED','SENT_TO_PARENTS','SENT_TO_STUDENTS'))), report_file_url TEXT, summary TEXT, primary key (report_id))"; expected "identifier";]
	at org.hibernate.tool.schema.internal.exec.GenerationTargetToDatabase.accept(GenerationTargetToDatabase.java:81) ~[hibernate-core-7.2.7.Final.jar:7.2.7.Final]
	at org.hibernate.tool.schema.internal.Helper.applySqlString(Helper.java:218) ~[hibernate-core-7.2.7.Final.jar:7.2.7.Final]
	at org.hibernate.tool.schema.internal.Helper.applySqlStrings(Helper.java:204) ~[hibernate-core-7.2.7.Final.jar:7.2.7.Final]
	at org.hibernate.tool.schema.internal.SchemaCreatorImpl.createTables(SchemaCreatorImpl.java:404) ~[hibernate-core-7.2.7.Final.jar:7.2.7.Final]
	at org.hibernate.tool.schema.internal.SchemaCreatorImpl.createSequencesTablesConstraints(SchemaCreatorImpl.java:320) ~[hibernate-core-7.2.7.Final.jar:7.2.7.Final]
	at org.hibernate.tool.schema.internal.SchemaCreatorImpl.createFromMetadata(SchemaCreatorImpl.java:215) ~[hibernate-core-7.2.7.Final.jar:7.2.7.Final]
	at org.hibernate.tool.schema.internal.SchemaCreatorImpl.performCreation(SchemaCreatorImpl.java:151) ~[hibernate-core-7.2.7.Final.jar:7.2.7.Final]
	at org.hibernate.tool.schema.internal.SchemaCreatorImpl.doCreation(SchemaCreatorImpl.java:121) ~[hibernate-core-7.2.7.Final.jar:7.2.7.Final]
	at org.hibernate.tool.schema.internal.SchemaCreatorImpl.doCreation(SchemaCreatorImpl.java:97) ~[hibernate-core-7.2.7.Final.jar:7.2.7.Final]
	at org.hibernate.tool.schema.spi.SchemaManagementToolCoordinator.performDatabaseAction(SchemaManagementToolCoordinator.java:239) ~[hibernate-core-7.2.7.Final.jar:7.2.7.Final]
	at org.hibernate.tool.schema.spi.SchemaManagementToolCoordinator.lambda$process$1(SchemaManagementToolCoordinator.java:101) ~[hibernate-core-7.2.7.Final.jar:7.2.7.Final]
	at java.base/java.util.HashMap.forEach(HashMap.java:1429) ~[na:na]
	at org.hibernate.tool.schema.spi.SchemaManagementToolCoordinator.process(SchemaManagementToolCoordinator.java:100) ~[hibernate-core-7.2.7.Final.jar:7.2.7.Final]
	at org.hibernate.boot.internal.SessionFactoryObserverForSchemaExport.sessionFactoryCreated(SessionFactoryObserverForSchemaExport.java:35) ~[hibernate-core-7.2.7.Final.jar:7.2.7.Final]
	at org.hibernate.internal.SessionFactoryObserverChain.sessionFactoryCreated(SessionFactoryObserverChain.java:33) ~[hibernate-core-7.2.7.Final.jar:7.2.7.Final]
	at org.hibernate.internal.SessionFactoryImpl.<init>(SessionFactoryImpl.java:323) ~[hibernate-core-7.2.7.Final.jar:7.2.7.Final]
	at org.hibernate.internal.SessionFactoryRegistry.instantiateSessionFactory(SessionFactoryRegistry.java:64) ~[hibernate-core-7.2.7.Final.jar:7.2.7.Final]
	at org.hibernate.boot.internal.SessionFactoryBuilderImpl.build(SessionFactoryBuilderImpl.java:437) ~[hibernate-core-7.2.7.Final.jar:7.2.7.Final]
	at org.hibernate.jpa.boot.internal.EntityManagerFactoryBuilderImpl.build(EntityManagerFactoryBuilderImpl.java:1456) ~[hibernate-core-7.2.7.Final.jar:7.2.7.Final]
	at org.springframework.orm.jpa.vendor.SpringHibernateJpaPersistenceProvider.createContainerEntityManagerFactory(SpringHibernateJpaPersistenceProvider.java:93) ~[spring-orm-7.0.6.jar:7.0.6]
	at org.springframework.orm.jpa.LocalContainerEntityManagerFactoryBean.createNativeEntityManagerFactory(LocalContainerEntityManagerFactoryBean.java:443) ~[spring-orm-7.0.6.jar:7.0.6]
	at org.springframework.orm.jpa.AbstractEntityManagerFactoryBean.buildNativeEntityManagerFactory(AbstractEntityManagerFactoryBean.java:436) ~[spring-orm-7.0.6.jar:7.0.6]
	at org.springframework.orm.jpa.AbstractEntityManagerFactoryBean.afterPropertiesSet(AbstractEntityManagerFactoryBean.java:411) ~[spring-orm-7.0.6.jar:7.0.6]
	at org.springframework.orm.jpa.LocalContainerEntityManagerFactoryBean.afterPropertiesSet(LocalContainerEntityManagerFactoryBean.java:419) ~[spring-orm-7.0.6.jar:7.0.6]
	at org.springframework.beans.factory.support.AbstractAutowireCapableBeanFactory.invokeInitMethods(AbstractAutowireCapableBeanFactory.java:1864) ~[spring-beans-7.0.6.jar:7.0.6]
	at org.springframework.beans.factory.support.AbstractAutowireCapableBeanFactory.initializeBean(AbstractAutowireCapableBeanFactory.java:1813) ~[spring-beans-7.0.6.jar:7.0.6]
	at org.springframework.beans.factory.support.AbstractAutowireCapableBeanFactory.doCreateBean(AbstractAutowireCapableBeanFactory.java:603) ~[spring-beans-7.0.6.jar:7.0.6]
	at org.springframework.beans.factory.support.AbstractAutowireCapableBeanFactory.createBean(AbstractAutowireCapableBeanFactory.java:525) ~[spring-beans-7.0.6.jar:7.0.6]
	at org.springframework.beans.factory.support.AbstractBeanFactory.lambda$doGetBean$0(AbstractBeanFactory.java:333) ~[spring-beans-7.0.6.jar:7.0.6]
	at org.springframework.beans.factory.support.DefaultSingletonBeanRegistry.getSingleton(DefaultSingletonBeanRegistry.java:371) ~[spring-beans-7.0.6.jar:7.0.6]
	at org.springframework.beans.factory.support.AbstractBeanFactory.doGetBean(AbstractBeanFactory.java:331) ~[spring-beans-7.0.6.jar:7.0.6]
	at org.springframework.beans.factory.support.AbstractBeanFactory.getBean(AbstractBeanFactory.java:201) ~[spring-beans-7.0.6.jar:7.0.6]
	at org.springframework.context.support.AbstractApplicationContext.finishBeanFactoryInitialization(AbstractApplicationContext.java:977) ~[spring-context-7.0.6.jar:7.0.6]
	at org.springframework.context.support.AbstractApplicationContext.refresh(AbstractApplicationContext.java:621) ~[spring-context-7.0.6.jar:7.0.6]
	at org.springframework.boot.SpringApplication.refresh(SpringApplication.java:756) ~[spring-boot-4.0.5.jar:4.0.5]
	at org.springframework.boot.SpringApplication.refreshContext(SpringApplication.java:445) ~[spring-boot-4.0.5.jar:4.0.5]
	at org.springframework.boot.SpringApplication.run(SpringApplication.java:321) ~[spring-boot-4.0.5.jar:4.0.5]
	at org.springframework.boot.test.context.SpringBootContextLoader.lambda$loadContext$2(SpringBootContextLoader.java:155) ~[spring-boot-test-4.0.5.jar:4.0.5]
	at org.springframework.util.function.ThrowingSupplier.get(ThrowingSupplier.java:58) ~[spring-core-7.0.6.jar:7.0.6]
	at org.springframework.util.function.ThrowingSupplier.get(ThrowingSupplier.java:46) ~[spring-core-7.0.6.jar:7.0.6]
	at org.springframework.boot.SpringApplication.withHook(SpringApplication.java:1465) ~[spring-boot-4.0.5.jar:4.0.5]
	at org.springframework.boot.test.context.SpringBootContextLoader$ContextLoaderHook.run(SpringBootContextLoader.java:600) ~[spring-boot-test-4.0.5.jar:4.0.5]
	at org.springframework.boot.test.context.SpringBootContextLoader.loadContext(SpringBootContextLoader.java:155) ~[spring-boot-test-4.0.5.jar:4.0.5]
	at org.springframework.boot.test.context.SpringBootContextLoader.loadContext(SpringBootContextLoader.java:114) ~[spring-boot-test-4.0.5.jar:4.0.5]
	at org.springframework.test.context.cache.DefaultCacheAwareContextLoaderDelegate.loadContextInternal(DefaultCacheAwareContextLoaderDelegate.java:247) ~[spring-test-7.0.6.jar:7.0.6]
	at org.springframework.test.context.cache.DefaultCacheAwareContextLoaderDelegate.lambda$loadContext$0(DefaultCacheAwareContextLoaderDelegate.java:167) ~[spring-test-7.0.6.jar:7.0.6]
	at org.springframework.test.context.cache.DefaultContextCache.put(DefaultContextCache.java:214) ~[spring-test-7.0.6.jar:7.0.6]
	at org.springframework.test.context.cache.DefaultCacheAwareContextLoaderDelegate.loadContext(DefaultCacheAwareContextLoaderDelegate.java:160) ~[spring-test-7.0.6.jar:7.0.6]
	at org.springframework.test.context.support.DefaultTestContext.getApplicationContext(DefaultTestContext.java:128) ~[spring-test-7.0.6.jar:7.0.6]
	at org.springframework.test.context.web.ServletTestExecutionListener.setUpRequestContextIfNecessary(ServletTestExecutionListener.java:200) ~[spring-test-7.0.6.jar:7.0.6]
	at org.springframework.test.context.web.ServletTestExecutionListener.prepareTestInstance(ServletTestExecutionListener.java:139) ~[spring-test-7.0.6.jar:7.0.6]
	at org.springframework.test.context.TestContextManager.prepareTestInstance(TestContextManager.java:260) ~[spring-test-7.0.6.jar:7.0.6]
	at org.springframework.test.context.junit.jupiter.SpringExtension.postProcessTestInstance(SpringExtension.java:210) ~[spring-test-7.0.6.jar:7.0.6]
	at org.junit.jupiter.engine.descriptor.ClassBasedTestDescriptor.lambda$invokeTestInstancePostProcessors$1(ClassBasedTestDescriptor.java:423) ~[junit-jupiter-engine-6.0.3.jar:6.0.3]
	at org.junit.jupiter.engine.descriptor.ClassBasedTestDescriptor.executeAndMaskThrowable(ClassBasedTestDescriptor.java:428) ~[junit-jupiter-engine-6.0.3.jar:6.0.3]
	at org.junit.jupiter.engine.descriptor.ClassBasedTestDescriptor.lambda$invokeTestInstancePostProcessors$0(ClassBasedTestDescriptor.java:422) ~[junit-jupiter-engine-6.0.3.jar:6.0.3]
	at java.base/java.util.stream.ForEachOps$ForEachOp$OfRef.accept(ForEachOps.java:184) ~[na:na]
	at java.base/java.util.stream.ReferencePipeline$3$1.accept(ReferencePipeline.java:197) ~[na:na]
	at java.base/java.util.stream.ReferencePipeline$2$1.accept(ReferencePipeline.java:179) ~[na:na]
	at java.base/java.util.stream.ReferencePipeline$3$1.accept(ReferencePipeline.java:197) ~[na:na]
	at java.base/java.util.ArrayList$ArrayListSpliterator.forEachRemaining(ArrayList.java:1708) ~[na:na]
	at java.base/java.util.stream.AbstractPipeline.copyInto(AbstractPipeline.java:509) ~[na:na]
	at java.base/java.util.stream.AbstractPipeline.wrapAndCopyInto(AbstractPipeline.java:499) ~[na:na]
	at java.base/java.util.stream.ForEachOps$ForEachOp.evaluateSequential(ForEachOps.java:151) ~[na:na]
	at java.base/java.util.stream.ForEachOps$ForEachOp$OfRef.evaluateSequential(ForEachOps.java:174) ~[na:na]
	at java.base/java.util.stream.AbstractPipeline.evaluate(AbstractPipeline.java:234) ~[na:na]
	at java.base/java.util.stream.ReferencePipeline.forEach(ReferencePipeline.java:596) ~[na:na]
	at org.junit.jupiter.engine.descriptor.ClassBasedTestDescriptor.invokeTestInstancePostProcessors(ClassBasedTestDescriptor.java:422) ~[junit-jupiter-engine-6.0.3.jar:6.0.3]
	at org.junit.jupiter.engine.descriptor.ClassBasedTestDescriptor.lambda$instantiateAndPostProcessTestInstance$0(ClassBasedTestDescriptor.java:334) ~[junit-jupiter-engine-6.0.3.jar:6.0.3]
	at org.junit.platform.engine.support.hierarchical.ThrowableCollector.execute(ThrowableCollector.java:74) ~[junit-platform-engine-6.0.3.jar:6.0.3]
	at org.junit.jupiter.engine.descriptor.ClassBasedTestDescriptor.instantiateAndPostProcessTestInstance(ClassBasedTestDescriptor.java:333) ~[junit-jupiter-engine-6.0.3.jar:6.0.3]
	at org.junit.jupiter.engine.descriptor.ClassBasedTestDescriptor.lambda$testInstancesProvider$1(ClassBasedTestDescriptor.java:322) ~[junit-jupiter-engine-6.0.3.jar:6.0.3]
	at java.base/java.util.Optional.orElseGet(Optional.java:364) ~[na:na]
	at org.junit.jupiter.engine.descriptor.ClassBasedTestDescriptor.lambda$testInstancesProvider$0(ClassBasedTestDescriptor.java:321) ~[junit-jupiter-engine-6.0.3.jar:6.0.3]
	at org.junit.jupiter.engine.execution.TestInstancesProvider.getTestInstances(TestInstancesProvider.java:27) ~[junit-jupiter-engine-6.0.3.jar:6.0.3]
	at org.junit.jupiter.engine.descriptor.TestMethodTestDescriptor.lambda$prepare$0(TestMethodTestDescriptor.java:127) ~[junit-jupiter-engine-6.0.3.jar:6.0.3]
	at org.junit.platform.engine.support.hierarchical.ThrowableCollector.execute(ThrowableCollector.java:74) ~[junit-platform-engine-6.0.3.jar:6.0.3]
	at org.junit.jupiter.engine.descriptor.TestMethodTestDescriptor.prepare(TestMethodTestDescriptor.java:126) ~[junit-jupiter-engine-6.0.3.jar:6.0.3]
	at org.junit.jupiter.engine.descriptor.TestMethodTestDescriptor.prepare(TestMethodTestDescriptor.java:70) ~[junit-jupiter-engine-6.0.3.jar:6.0.3]
	at org.junit.platform.engine.support.hierarchical.NodeTestTask.lambda$prepare$0(NodeTestTask.java:144) ~[junit-platform-engine-6.0.3.jar:6.0.3]
	at org.junit.platform.engine.support.hierarchical.ThrowableCollector.execute(ThrowableCollector.java:74) ~[junit-platform-engine-6.0.3.jar:6.0.3]
	at org.junit.platform.engine.support.hierarchical.NodeTestTask.prepare(NodeTestTask.java:144) ~[junit-platform-engine-6.0.3.jar:6.0.3]
	at org.junit.platform.engine.support.hierarchical.NodeTestTask.execute(NodeTestTask.java:110) ~[junit-platform-engine-6.0.3.jar:6.0.3]
	at java.base/java.util.ArrayList.forEach(ArrayList.java:1596) ~[na:na]
	at org.junit.platform.engine.support.hierarchical.SameThreadHierarchicalTestExecutorService.invokeAll(SameThreadHierarchicalTestExecutorService.java:42) ~[junit-platform-engine-6.0.3.jar:6.0.3]
	at org.junit.platform.engine.support.hierarchical.NodeTestTask.lambda$executeRecursively$2(NodeTestTask.java:180) ~[junit-platform-engine-6.0.3.jar:6.0.3]
	at org.junit.platform.engine.support.hierarchical.ThrowableCollector.execute(ThrowableCollector.java:74) ~[junit-platform-engine-6.0.3.jar:6.0.3]
	at org.junit.platform.engine.support.hierarchical.NodeTestTask.lambda$executeRecursively$1(NodeTestTask.java:166) ~[junit-platform-engine-6.0.3.jar:6.0.3]
	at org.junit.platform.engine.support.hierarchical.Node.around(Node.java:138) ~[junit-platform-engine-6.0.3.jar:6.0.3]
	at org.junit.platform.engine.support.hierarchical.NodeTestTask.lambda$executeRecursively$0(NodeTestTask.java:164) ~[junit-platform-engine-6.0.3.jar:6.0.3]
	at org.junit.platform.engine.support.hierarchical.ThrowableCollector.execute(ThrowableCollector.java:74) ~[junit-platform-engine-6.0.3.jar:6.0.3]
	at org.junit.platform.engine.support.hierarchical.NodeTestTask.executeRecursively(NodeTestTask.java:163) ~[junit-platform-engine-6.0.3.jar:6.0.3]
	at org.junit.platform.engine.support.hierarchical.NodeTestTask.execute(NodeTestTask.java:116) ~[junit-platform-engine-6.0.3.jar:6.0.3]
	at java.base/java.util.ArrayList.forEach(ArrayList.java:1596) ~[na:na]
	at org.junit.platform.engine.support.hierarchical.SameThreadHierarchicalTestExecutorService.invokeAll(SameThreadHierarchicalTestExecutorService.java:42) ~[junit-platform-engine-6.0.3.jar:6.0.3]
	at org.junit.platform.engine.support.hierarchical.NodeTestTask.lambda$executeRecursively$2(NodeTestTask.java:180) ~[junit-platform-engine-6.0.3.jar:6.0.3]
	at org.junit.platform.engine.support.hierarchical.ThrowableCollector.execute(ThrowableCollector.java:74) ~[junit-platform-engine-6.0.3.jar:6.0.3]
	at org.junit.platform.engine.support.hierarchical.NodeTestTask.lambda$executeRecursively$1(NodeTestTask.java:166) ~[junit-platform-engine-6.0.3.jar:6.0.3]
	at org.junit.platform.engine.support.hierarchical.Node.around(Node.java:138) ~[junit-platform-engine-6.0.3.jar:6.0.3]
	at org.junit.platform.engine.support.hierarchical.NodeTestTask.lambda$executeRecursively$0(NodeTestTask.java:164) ~[junit-platform-engine-6.0.3.jar:6.0.3]
	at org.junit.platform.engine.support.hierarchical.ThrowableCollector.execute(ThrowableCollector.java:74) ~[junit-platform-engine-6.0.3.jar:6.0.3]
	at org.junit.platform.engine.support.hierarchical.NodeTestTask.executeRecursively(NodeTestTask.java:163) ~[junit-platform-engine-6.0.3.jar:6.0.3]
	at org.junit.platform.engine.support.hierarchical.NodeTestTask.execute(NodeTestTask.java:116) ~[junit-platform-engine-6.0.3.jar:6.0.3]
	at org.junit.platform.engine.support.hierarchical.SameThreadHierarchicalTestExecutorService.submit(SameThreadHierarchicalTestExecutorService.java:36) ~[junit-platform-engine-6.0.3.jar:6.0.3]
	at org.junit.platform.engine.support.hierarchical.HierarchicalTestExecutor.execute(HierarchicalTestExecutor.java:52) ~[junit-platform-engine-6.0.3.jar:6.0.3]
	at org.junit.platform.engine.support.hierarchical.HierarchicalTestEngine.execute(HierarchicalTestEngine.java:58) ~[junit-platform-engine-6.0.3.jar:6.0.3]
	at org.junit.platform.launcher.core.EngineExecutionOrchestrator.executeEngine(EngineExecutionOrchestrator.java:246) ~[junit-platform-launcher-6.0.3.jar:6.0.3]
	at org.junit.platform.launcher.core.EngineExecutionOrchestrator.failOrExecuteEngine(EngineExecutionOrchestrator.java:218) ~[junit-platform-launcher-6.0.3.jar:6.0.3]
	at org.junit.platform.launcher.core.EngineExecutionOrchestrator.execute(EngineExecutionOrchestrator.java:179) ~[junit-platform-launcher-6.0.3.jar:6.0.3]
	at org.junit.platform.launcher.core.EngineExecutionOrchestrator.execute(EngineExecutionOrchestrator.java:108) ~[junit-platform-launcher-6.0.3.jar:6.0.3]
	at org.junit.platform.launcher.core.EngineExecutionOrchestrator.lambda$execute$0(EngineExecutionOrchestrator.java:66) ~[junit-platform-launcher-6.0.3.jar:6.0.3]
	at org.junit.platform.launcher.core.EngineExecutionOrchestrator.withInterceptedStreams(EngineExecutionOrchestrator.java:157) ~[junit-platform-launcher-6.0.3.jar:6.0.3]
	at org.junit.platform.launcher.core.EngineExecutionOrchestrator.execute(EngineExecutionOrchestrator.java:65) ~[junit-platform-launcher-6.0.3.jar:6.0.3]
	at org.junit.platform.launcher.core.DefaultLauncher.execute(DefaultLauncher.java:125) ~[junit-platform-launcher-6.0.3.jar:6.0.3]
	at org.junit.platform.launcher.core.DefaultLauncher.execute(DefaultLauncher.java:114) ~[junit-platform-launcher-6.0.3.jar:6.0.3]
	at org.junit.platform.launcher.core.DelegatingLauncher.execute(DelegatingLauncher.java:58) ~[junit-platform-launcher-6.0.3.jar:6.0.3]
	at org.junit.platform.launcher.core.InterceptingLauncher.lambda$execute$2(InterceptingLauncher.java:57) ~[junit-platform-launcher-6.0.3.jar:6.0.3]
	at org.junit.platform.launcher.core.ClasspathAlignmentCheckingLauncherInterceptor.intercept(ClasspathAlignmentCheckingLauncherInterceptor.java:25) ~[junit-platform-launcher-6.0.3.jar:6.0.3]
	at org.junit.platform.launcher.core.InterceptingLauncher.execute(InterceptingLauncher.java:56) ~[junit-platform-launcher-6.0.3.jar:6.0.3]
	at org.junit.platform.launcher.core.DelegatingLauncher.execute(DelegatingLauncher.java:58) ~[junit-platform-launcher-6.0.3.jar:6.0.3]
	at java.base/jdk.internal.reflect.DirectMethodHandleAccessor.invoke(DirectMethodHandleAccessor.java:103) ~[na:na]
	at java.base/java.lang.reflect.Method.invoke(Method.java:580) ~[na:na]
	at org.apache.maven.surefire.api.util.ReflectionUtils.invokeMethodWithArray(ReflectionUtils.java:125) ~[surefire-api-3.5.5.jar:3.5.5]
	at org.apache.maven.surefire.junitplatform.LauncherAdapter.executeWithCancellationToken(LauncherAdapter.java:68) ~[surefire-junit-platform-3.5.5.jar:3.5.5]
	at org.apache.maven.surefire.junitplatform.LauncherAdapter.execute(LauncherAdapter.java:54) ~[surefire-junit-platform-3.5.5.jar:3.5.5]
	at org.apache.maven.surefire.junitplatform.JUnitPlatformProvider.execute(JUnitPlatformProvider.java:203) ~[surefire-junit-platform-3.5.5.jar:3.5.5]
	at org.apache.maven.surefire.junitplatform.JUnitPlatformProvider.invokeAllTests(JUnitPlatformProvider.java:168) ~[surefire-junit-platform-3.5.5.jar:3.5.5]
	at org.apache.maven.surefire.junitplatform.JUnitPlatformProvider.invoke(JUnitPlatformProvider.java:136) ~[surefire-junit-platform-3.5.5.jar:3.5.5]
	at org.apache.maven.surefire.booter.ForkedBooter.runSuitesInProcess(ForkedBooter.java:385) ~[surefire-booter-3.5.5.jar:3.5.5]
	at org.apache.maven.surefire.booter.ForkedBooter.execute(ForkedBooter.java:162) ~[surefire-booter-3.5.5.jar:3.5.5]
	at org.apache.maven.surefire.booter.ForkedBooter.run(ForkedBooter.java:507) ~[surefire-booter-3.5.5.jar:3.5.5]
	at org.apache.maven.surefire.booter.ForkedBooter.main(ForkedBooter.java:495) ~[surefire-booter-3.5.5.jar:3.5.5]
Caused by: org.h2.jdbc.JdbcSQLSyntaxErrorException: Syntax error in SQL statement "create table attendance_report ([*]month integer not null, year integer not null, generated_at timestamp(6) with time zone, report_id uuid not null, class_id varchar(20) not null, generated_by varchar(20) not null check ((generated_by in ('SYSTEM','TEACHER'))), status varchar(30) not null check ((status in ('GENERATED','SENT_TO_PARENTS','SENT_TO_STUDENTS'))), report_file_url TEXT, summary TEXT, primary key (report_id))"; expected "identifier"; SQL statement:
create table attendance_report (month integer not null, year integer not null, generated_at timestamp(6) with time zone, report_id uuid not null, class_id varchar(20) not null, generated_by varchar(20) not null check ((generated_by in ('SYSTEM','TEACHER'))), status varchar(30) not null check ((status in ('GENERATED','SENT_TO_PARENTS','SENT_TO_STUDENTS'))), report_file_url TEXT, summary TEXT, primary key (report_id)) [42001-240]
	at org.h2.message.DbException.getJdbcSQLException(DbException.java:514) ~[h2-2.4.240.jar:2.4.240]
	at org.h2.message.DbException.getJdbcSQLException(DbException.java:489) ~[h2-2.4.240.jar:2.4.240]
	at org.h2.message.DbException.getSyntaxError(DbException.java:261) ~[h2-2.4.240.jar:2.4.240]
	at org.h2.command.Parser.readIdentifier(Parser.java:5568) ~[h2-2.4.240.jar:2.4.240]
	at org.h2.command.Parser.parseTableColumnDefinition(Parser.java:8978) ~[h2-2.4.240.jar:2.4.240]
	at org.h2.command.Parser.parseCreateTable(Parser.java:8926) ~[h2-2.4.240.jar:2.4.240]
	at org.h2.command.Parser.parseCreate(Parser.java:6483) ~[h2-2.4.240.jar:2.4.240]
	at org.h2.command.Parser.parsePrepared(Parser.java:648) ~[h2-2.4.240.jar:2.4.240]
	at org.h2.command.Parser.parse(Parser.java:584) ~[h2-2.4.240.jar:2.4.240]
	at org.h2.command.Parser.parse(Parser.java:559) ~[h2-2.4.240.jar:2.4.240]
	at org.h2.command.Parser.prepareCommand(Parser.java:487) ~[h2-2.4.240.jar:2.4.240]
	at org.h2.engine.SessionLocal.prepareLocal(SessionLocal.java:647) ~[h2-2.4.240.jar:2.4.240]
	at org.h2.engine.SessionLocal.prepareCommand(SessionLocal.java:563) ~[h2-2.4.240.jar:2.4.240]
	at org.h2.jdbc.JdbcConnection.prepareCommand(JdbcConnection.java:1160) ~[h2-2.4.240.jar:2.4.240]
	at org.h2.jdbc.JdbcStatement.executeInternal(JdbcStatement.java:245) ~[h2-2.4.240.jar:2.4.240]
	at org.h2.jdbc.JdbcStatement.execute(JdbcStatement.java:231) ~[h2-2.4.240.jar:2.4.240]
	at com.zaxxer.hikari.pool.ProxyStatement.execute(ProxyStatement.java:95) ~[HikariCP-7.0.2.jar:na]
	at com.zaxxer.hikari.pool.HikariProxyStatement.execute(HikariProxyStatement.java) ~[HikariCP-7.0.2.jar:na]
	at org.hibernate.tool.schema.internal.exec.GenerationTargetToDatabase.accept(GenerationTargetToDatabase.java:76) ~[hibernate-core-7.2.7.Final.jar:7.2.7.Final]
	... 131 common frames omitted

2026-05-21T18:55:34.134+05:30  WARN 15124 --- [EduResolve] [           main] o.h.t.s.i.ExceptionHandlerLoggedImpl     : GenerationTarget encountered exception accepting command : Error executing DDL "create table previous_year_question (marks integer, year integer not null, language varchar(5) not null, chapter_id bigint not null, id bigint generated by default as identity, topic_id bigint, difficulty varchar(10) check ((difficulty in ('EASY','MEDIUM','HARD'))), question_type varchar(20), board varchar(100), model_answer TEXT, text TEXT not null, primary key (id))" via JDBC [Syntax error in SQL statement "create table previous_year_question (marks integer, [*]year integer not null, language varchar(5) not null, chapter_id bigint not null, id bigint generated by default as identity, topic_id bigint, difficulty varchar(10) check ((difficulty in ('EASY','MEDIUM','HARD'))), question_type varchar(20), board varchar(100), model_answer TEXT, text TEXT not null, primary key (id))"; expected "identifier";]

org.hibernate.tool.schema.spi.CommandAcceptanceException: Error executing DDL "create table previous_year_question (marks integer, year integer not null, language varchar(5) not null, chapter_id bigint not null, id bigint generated by default as identity, topic_id bigint, difficulty varchar(10) check ((difficulty in ('EASY','MEDIUM','HARD'))), question_type varchar(20), board varchar(100), model_answer TEXT, text TEXT not null, primary key (id))" via JDBC [Syntax error in SQL statement "create table previous_year_question (marks integer, [*]year integer not null, language varchar(5) not null, chapter_id bigint not null, id bigint generated by default as identity, topic_id bigint, difficulty varchar(10) check ((difficulty in ('EASY','MEDIUM','HARD'))), question_type varchar(20), board varchar(100), model_answer TEXT, text TEXT not null, primary key (id))"; expected "identifier";]
	at org.hibernate.tool.schema.internal.exec.GenerationTargetToDatabase.accept(GenerationTargetToDatabase.java:81) ~[hibernate-core-7.2.7.Final.jar:7.2.7.Final]
	at org.hibernate.tool.schema.internal.Helper.applySqlString(Helper.java:218) ~[hibernate-core-7.2.7.Final.jar:7.2.7.Final]
	at org.hibernate.tool.schema.internal.Helper.applySqlStrings(Helper.java:204) ~[hibernate-core-7.2.7.Final.jar:7.2.7.Final]
	at org.hibernate.tool.schema.internal.SchemaCreatorImpl.createTables(SchemaCreatorImpl.java:404) ~[hibernate-core-7.2.7.Final.jar:7.2.7.Final]
	at org.hibernate.tool.schema.internal.SchemaCreatorImpl.createSequencesTablesConstraints(SchemaCreatorImpl.java:320) ~[hibernate-core-7.2.7.Final.jar:7.2.7.Final]
	at org.hibernate.tool.schema.internal.SchemaCreatorImpl.createFromMetadata(SchemaCreatorImpl.java:215) ~[hibernate-core-7.2.7.Final.jar:7.2.7.Final]
	at org.hibernate.tool.schema.internal.SchemaCreatorImpl.performCreation(SchemaCreatorImpl.java:151) ~[hibernate-core-7.2.7.Final.jar:7.2.7.Final]
	at org.hibernate.tool.schema.internal.SchemaCreatorImpl.doCreation(SchemaCreatorImpl.java:121) ~[hibernate-core-7.2.7.Final.jar:7.2.7.Final]
	at org.hibernate.tool.schema.internal.SchemaCreatorImpl.doCreation(SchemaCreatorImpl.java:97) ~[hibernate-core-7.2.7.Final.jar:7.2.7.Final]
	at org.hibernate.tool.schema.spi.SchemaManagementToolCoordinator.performDatabaseAction(SchemaManagementToolCoordinator.java:239) ~[hibernate-core-7.2.7.Final.jar:7.2.7.Final]
	at org.hibernate.tool.schema.spi.SchemaManagementToolCoordinator.lambda$process$1(SchemaManagementToolCoordinator.java:101) ~[hibernate-core-7.2.7.Final.jar:7.2.7.Final]
	at java.base/java.util.HashMap.forEach(HashMap.java:1429) ~[na:na]
	at org.hibernate.tool.schema.spi.SchemaManagementToolCoordinator.process(SchemaManagementToolCoordinator.java:100) ~[hibernate-core-7.2.7.Final.jar:7.2.7.Final]
	at org.hibernate.boot.internal.SessionFactoryObserverForSchemaExport.sessionFactoryCreated(SessionFactoryObserverForSchemaExport.java:35) ~[hibernate-core-7.2.7.Final.jar:7.2.7.Final]
	at org.hibernate.internal.SessionFactoryObserverChain.sessionFactoryCreated(SessionFactoryObserverChain.java:33) ~[hibernate-core-7.2.7.Final.jar:7.2.7.Final]
	at org.hibernate.internal.SessionFactoryImpl.<init>(SessionFactoryImpl.java:323) ~[hibernate-core-7.2.7.Final.jar:7.2.7.Final]
	at org.hibernate.internal.SessionFactoryRegistry.instantiateSessionFactory(SessionFactoryRegistry.java:64) ~[hibernate-core-7.2.7.Final.jar:7.2.7.Final]
	at org.hibernate.boot.internal.SessionFactoryBuilderImpl.build(SessionFactoryBuilderImpl.java:437) ~[hibernate-core-7.2.7.Final.jar:7.2.7.Final]
	at org.hibernate.jpa.boot.internal.EntityManagerFactoryBuilderImpl.build(EntityManagerFactoryBuilderImpl.java:1456) ~[hibernate-core-7.2.7.Final.jar:7.2.7.Final]
	at org.springframework.orm.jpa.vendor.SpringHibernateJpaPersistenceProvider.createContainerEntityManagerFactory(SpringHibernateJpaPersistenceProvider.java:93) ~[spring-orm-7.0.6.jar:7.0.6]
	at org.springframework.orm.jpa.LocalContainerEntityManagerFactoryBean.createNativeEntityManagerFactory(LocalContainerEntityManagerFactoryBean.java:443) ~[spring-orm-7.0.6.jar:7.0.6]
	at org.springframework.orm.jpa.AbstractEntityManagerFactoryBean.buildNativeEntityManagerFactory(AbstractEntityManagerFactoryBean.java:436) ~[spring-orm-7.0.6.jar:7.0.6]
	at org.springframework.orm.jpa.AbstractEntityManagerFactoryBean.afterPropertiesSet(AbstractEntityManagerFactoryBean.java:411) ~[spring-orm-7.0.6.jar:7.0.6]
	at org.springframework.orm.jpa.LocalContainerEntityManagerFactoryBean.afterPropertiesSet(LocalContainerEntityManagerFactoryBean.java:419) ~[spring-orm-7.0.6.jar:7.0.6]
	at org.springframework.beans.factory.support.AbstractAutowireCapableBeanFactory.invokeInitMethods(AbstractAutowireCapableBeanFactory.java:1864) ~[spring-beans-7.0.6.jar:7.0.6]
	at org.springframework.beans.factory.support.AbstractAutowireCapableBeanFactory.initializeBean(AbstractAutowireCapableBeanFactory.java:1813) ~[spring-beans-7.0.6.jar:7.0.6]
	at org.springframework.beans.factory.support.AbstractAutowireCapableBeanFactory.doCreateBean(AbstractAutowireCapableBeanFactory.java:603) ~[spring-beans-7.0.6.jar:7.0.6]
	at org.springframework.beans.factory.support.AbstractAutowireCapableBeanFactory.createBean(AbstractAutowireCapableBeanFactory.java:525) ~[spring-beans-7.0.6.jar:7.0.6]
	at org.springframework.beans.factory.support.AbstractBeanFactory.lambda$doGetBean$0(AbstractBeanFactory.java:333) ~[spring-beans-7.0.6.jar:7.0.6]
	at org.springframework.beans.factory.support.DefaultSingletonBeanRegistry.getSingleton(DefaultSingletonBeanRegistry.java:371) ~[spring-beans-7.0.6.jar:7.0.6]
	at org.springframework.beans.factory.support.AbstractBeanFactory.doGetBean(AbstractBeanFactory.java:331) ~[spring-beans-7.0.6.jar:7.0.6]
	at org.springframework.beans.factory.support.AbstractBeanFactory.getBean(AbstractBeanFactory.java:201) ~[spring-beans-7.0.6.jar:7.0.6]
	at org.springframework.context.support.AbstractApplicationContext.finishBeanFactoryInitialization(AbstractApplicationContext.java:977) ~[spring-context-7.0.6.jar:7.0.6]
	at org.springframework.context.support.AbstractApplicationContext.refresh(AbstractApplicationContext.java:621) ~[spring-context-7.0.6.jar:7.0.6]
	at org.springframework.boot.SpringApplication.refresh(SpringApplication.java:756) ~[spring-boot-4.0.5.jar:4.0.5]
	at org.springframework.boot.SpringApplication.refreshContext(SpringApplication.java:445) ~[spring-boot-4.0.5.jar:4.0.5]
	at org.springframework.boot.SpringApplication.run(SpringApplication.java:321) ~[spring-boot-4.0.5.jar:4.0.5]
	at org.springframework.boot.test.context.SpringBootContextLoader.lambda$loadContext$2(SpringBootContextLoader.java:155) ~[spring-boot-test-4.0.5.jar:4.0.5]
	at org.springframework.util.function.ThrowingSupplier.get(ThrowingSupplier.java:58) ~[spring-core-7.0.6.jar:7.0.6]
	at org.springframework.util.function.ThrowingSupplier.get(ThrowingSupplier.java:46) ~[spring-core-7.0.6.jar:7.0.6]
	at org.springframework.boot.SpringApplication.withHook(SpringApplication.java:1465) ~[spring-boot-4.0.5.jar:4.0.5]
	at org.springframework.boot.test.context.SpringBootContextLoader$ContextLoaderHook.run(SpringBootContextLoader.java:600) ~[spring-boot-test-4.0.5.jar:4.0.5]
	at org.springframework.boot.test.context.SpringBootContextLoader.loadContext(SpringBootContextLoader.java:155) ~[spring-boot-test-4.0.5.jar:4.0.5]
	at org.springframework.boot.test.context.SpringBootContextLoader.loadContext(SpringBootContextLoader.java:114) ~[spring-boot-test-4.0.5.jar:4.0.5]
	at org.springframework.test.context.cache.DefaultCacheAwareContextLoaderDelegate.loadContextInternal(DefaultCacheAwareContextLoaderDelegate.java:247) ~[spring-test-7.0.6.jar:7.0.6]
	at org.springframework.test.context.cache.DefaultCacheAwareContextLoaderDelegate.lambda$loadContext$0(DefaultCacheAwareContextLoaderDelegate.java:167) ~[spring-test-7.0.6.jar:7.0.6]
	at org.springframework.test.context.cache.DefaultContextCache.put(DefaultContextCache.java:214) ~[spring-test-7.0.6.jar:7.0.6]
	at org.springframework.test.context.cache.DefaultCacheAwareContextLoaderDelegate.loadContext(DefaultCacheAwareContextLoaderDelegate.java:160) ~[spring-test-7.0.6.jar:7.0.6]
	at org.springframework.test.context.support.DefaultTestContext.getApplicationContext(DefaultTestContext.java:128) ~[spring-test-7.0.6.jar:7.0.6]
	at org.springframework.test.context.web.ServletTestExecutionListener.setUpRequestContextIfNecessary(ServletTestExecutionListener.java:200) ~[spring-test-7.0.6.jar:7.0.6]
	at org.springframework.test.context.web.ServletTestExecutionListener.prepareTestInstance(ServletTestExecutionListener.java:139) ~[spring-test-7.0.6.jar:7.0.6]
	at org.springframework.test.context.TestContextManager.prepareTestInstance(TestContextManager.java:260) ~[spring-test-7.0.6.jar:7.0.6]
	at org.springframework.test.context.junit.jupiter.SpringExtension.postProcessTestInstance(SpringExtension.java:210) ~[spring-test-7.0.6.jar:7.0.6]
	at org.junit.jupiter.engine.descriptor.ClassBasedTestDescriptor.lambda$invokeTestInstancePostProcessors$1(ClassBasedTestDescriptor.java:423) ~[junit-jupiter-engine-6.0.3.jar:6.0.3]
	at org.junit.jupiter.engine.descriptor.ClassBasedTestDescriptor.executeAndMaskThrowable(ClassBasedTestDescriptor.java:428) ~[junit-jupiter-engine-6.0.3.jar:6.0.3]
	at org.junit.jupiter.engine.descriptor.ClassBasedTestDescriptor.lambda$invokeTestInstancePostProcessors$0(ClassBasedTestDescriptor.java:422) ~[junit-jupiter-engine-6.0.3.jar:6.0.3]
	at java.base/java.util.stream.ForEachOps$ForEachOp$OfRef.accept(ForEachOps.java:184) ~[na:na]
	at java.base/java.util.stream.ReferencePipeline$3$1.accept(ReferencePipeline.java:197) ~[na:na]
	at java.base/java.util.stream.ReferencePipeline$2$1.accept(ReferencePipeline.java:179) ~[na:na]
	at java.base/java.util.stream.ReferencePipeline$3$1.accept(ReferencePipeline.java:197) ~[na:na]
	at java.base/java.util.ArrayList$ArrayListSpliterator.forEachRemaining(ArrayList.java:1708) ~[na:na]
	at java.base/java.util.stream.AbstractPipeline.copyInto(AbstractPipeline.java:509) ~[na:na]
	at java.base/java.util.stream.AbstractPipeline.wrapAndCopyInto(AbstractPipeline.java:499) ~[na:na]
	at java.base/java.util.stream.ForEachOps$ForEachOp.evaluateSequential(ForEachOps.java:151) ~[na:na]
	at java.base/java.util.stream.ForEachOps$ForEachOp$OfRef.evaluateSequential(ForEachOps.java:174) ~[na:na]
	at java.base/java.util.stream.AbstractPipeline.evaluate(AbstractPipeline.java:234) ~[na:na]
	at java.base/java.util.stream.ReferencePipeline.forEach(ReferencePipeline.java:596) ~[na:na]
	at org.junit.jupiter.engine.descriptor.ClassBasedTestDescriptor.invokeTestInstancePostProcessors(ClassBasedTestDescriptor.java:422) ~[junit-jupiter-engine-6.0.3.jar:6.0.3]
	at org.junit.jupiter.engine.descriptor.ClassBasedTestDescriptor.lambda$instantiateAndPostProcessTestInstance$0(ClassBasedTestDescriptor.java:334) ~[junit-jupiter-engine-6.0.3.jar:6.0.3]
	at org.junit.platform.engine.support.hierarchical.ThrowableCollector.execute(ThrowableCollector.java:74) ~[junit-platform-engine-6.0.3.jar:6.0.3]
	at org.junit.jupiter.engine.descriptor.ClassBasedTestDescriptor.instantiateAndPostProcessTestInstance(ClassBasedTestDescriptor.java:333) ~[junit-jupiter-engine-6.0.3.jar:6.0.3]
	at org.junit.jupiter.engine.descriptor.ClassBasedTestDescriptor.lambda$testInstancesProvider$1(ClassBasedTestDescriptor.java:322) ~[junit-jupiter-engine-6.0.3.jar:6.0.3]
	at java.base/java.util.Optional.orElseGet(Optional.java:364) ~[na:na]
	at org.junit.jupiter.engine.descriptor.ClassBasedTestDescriptor.lambda$testInstancesProvider$0(ClassBasedTestDescriptor.java:321) ~[junit-jupiter-engine-6.0.3.jar:6.0.3]
	at org.junit.jupiter.engine.execution.TestInstancesProvider.getTestInstances(TestInstancesProvider.java:27) ~[junit-jupiter-engine-6.0.3.jar:6.0.3]
	at org.junit.jupiter.engine.descriptor.TestMethodTestDescriptor.lambda$prepare$0(TestMethodTestDescriptor.java:127) ~[junit-jupiter-engine-6.0.3.jar:6.0.3]
	at org.junit.platform.engine.support.hierarchical.ThrowableCollector.execute(ThrowableCollector.java:74) ~[junit-platform-engine-6.0.3.jar:6.0.3]
	at org.junit.jupiter.engine.descriptor.TestMethodTestDescriptor.prepare(TestMethodTestDescriptor.java:126) ~[junit-jupiter-engine-6.0.3.jar:6.0.3]
	at org.junit.jupiter.engine.descriptor.TestMethodTestDescriptor.prepare(TestMethodTestDescriptor.java:70) ~[junit-jupiter-engine-6.0.3.jar:6.0.3]
	at org.junit.platform.engine.support.hierarchical.NodeTestTask.lambda$prepare$0(NodeTestTask.java:144) ~[junit-platform-engine-6.0.3.jar:6.0.3]
	at org.junit.platform.engine.support.hierarchical.ThrowableCollector.execute(ThrowableCollector.java:74) ~[junit-platform-engine-6.0.3.jar:6.0.3]
	at org.junit.platform.engine.support.hierarchical.NodeTestTask.prepare(NodeTestTask.java:144) ~[junit-platform-engine-6.0.3.jar:6.0.3]
	at org.junit.platform.engine.support.hierarchical.NodeTestTask.execute(NodeTestTask.java:110) ~[junit-platform-engine-6.0.3.jar:6.0.3]
	at java.base/java.util.ArrayList.forEach(ArrayList.java:1596) ~[na:na]
	at org.junit.platform.engine.support.hierarchical.SameThreadHierarchicalTestExecutorService.invokeAll(SameThreadHierarchicalTestExecutorService.java:42) ~[junit-platform-engine-6.0.3.jar:6.0.3]
	at org.junit.platform.engine.support.hierarchical.NodeTestTask.lambda$executeRecursively$2(NodeTestTask.java:180) ~[junit-platform-engine-6.0.3.jar:6.0.3]
	at org.junit.platform.engine.support.hierarchical.ThrowableCollector.execute(ThrowableCollector.java:74) ~[junit-platform-engine-6.0.3.jar:6.0.3]
	at org.junit.platform.engine.support.hierarchical.NodeTestTask.lambda$executeRecursively$1(NodeTestTask.java:166) ~[junit-platform-engine-6.0.3.jar:6.0.3]
	at org.junit.platform.engine.support.hierarchical.Node.around(Node.java:138) ~[junit-platform-engine-6.0.3.jar:6.0.3]
	at org.junit.platform.engine.support.hierarchical.NodeTestTask.lambda$executeRecursively$0(NodeTestTask.java:164) ~[junit-platform-engine-6.0.3.jar:6.0.3]
	at org.junit.platform.engine.support.hierarchical.ThrowableCollector.execute(ThrowableCollector.java:74) ~[junit-platform-engine-6.0.3.jar:6.0.3]
	at org.junit.platform.engine.support.hierarchical.NodeTestTask.executeRecursively(NodeTestTask.java:163) ~[junit-platform-engine-6.0.3.jar:6.0.3]
	at org.junit.platform.engine.support.hierarchical.NodeTestTask.execute(NodeTestTask.java:116) ~[junit-platform-engine-6.0.3.jar:6.0.3]
	at java.base/java.util.ArrayList.forEach(ArrayList.java:1596) ~[na:na]
	at org.junit.platform.engine.support.hierarchical.SameThreadHierarchicalTestExecutorService.invokeAll(SameThreadHierarchicalTestExecutorService.java:42) ~[junit-platform-engine-6.0.3.jar:6.0.3]
	at org.junit.platform.engine.support.hierarchical.NodeTestTask.lambda$executeRecursively$2(NodeTestTask.java:180) ~[junit-platform-engine-6.0.3.jar:6.0.3]
	at org.junit.platform.engine.support.hierarchical.ThrowableCollector.execute(ThrowableCollector.java:74) ~[junit-platform-engine-6.0.3.jar:6.0.3]
	at org.junit.platform.engine.support.hierarchical.NodeTestTask.lambda$executeRecursively$1(NodeTestTask.java:166) ~[junit-platform-engine-6.0.3.jar:6.0.3]
	at org.junit.platform.engine.support.hierarchical.Node.around(Node.java:138) ~[junit-platform-engine-6.0.3.jar:6.0.3]
	at org.junit.platform.engine.support.hierarchical.NodeTestTask.lambda$executeRecursively$0(NodeTestTask.java:164) ~[junit-platform-engine-6.0.3.jar:6.0.3]
	at org.junit.platform.engine.support.hierarchical.ThrowableCollector.execute(ThrowableCollector.java:74) ~[junit-platform-engine-6.0.3.jar:6.0.3]
	at org.junit.platform.engine.support.hierarchical.NodeTestTask.executeRecursively(NodeTestTask.java:163) ~[junit-platform-engine-6.0.3.jar:6.0.3]
	at org.junit.platform.engine.support.hierarchical.NodeTestTask.execute(NodeTestTask.java:116) ~[junit-platform-engine-6.0.3.jar:6.0.3]
	at org.junit.platform.engine.support.hierarchical.SameThreadHierarchicalTestExecutorService.submit(SameThreadHierarchicalTestExecutorService.java:36) ~[junit-platform-engine-6.0.3.jar:6.0.3]
	at org.junit.platform.engine.support.hierarchical.HierarchicalTestExecutor.execute(HierarchicalTestExecutor.java:52) ~[junit-platform-engine-6.0.3.jar:6.0.3]
	at org.junit.platform.engine.support.hierarchical.HierarchicalTestEngine.execute(HierarchicalTestEngine.java:58) ~[junit-platform-engine-6.0.3.jar:6.0.3]
	at org.junit.platform.launcher.core.EngineExecutionOrchestrator.executeEngine(EngineExecutionOrchestrator.java:246) ~[junit-platform-launcher-6.0.3.jar:6.0.3]
	at org.junit.platform.launcher.core.EngineExecutionOrchestrator.failOrExecuteEngine(EngineExecutionOrchestrator.java:218) ~[junit-platform-launcher-6.0.3.jar:6.0.3]
	at org.junit.platform.launcher.core.EngineExecutionOrchestrator.execute(EngineExecutionOrchestrator.java:179) ~[junit-platform-launcher-6.0.3.jar:6.0.3]
	at org.junit.platform.launcher.core.EngineExecutionOrchestrator.execute(EngineExecutionOrchestrator.java:108) ~[junit-platform-launcher-6.0.3.jar:6.0.3]
	at org.junit.platform.launcher.core.EngineExecutionOrchestrator.lambda$execute$0(EngineExecutionOrchestrator.java:66) ~[junit-platform-launcher-6.0.3.jar:6.0.3]
	at org.junit.platform.launcher.core.EngineExecutionOrchestrator.withInterceptedStreams(EngineExecutionOrchestrator.java:157) ~[junit-platform-launcher-6.0.3.jar:6.0.3]
	at org.junit.platform.launcher.core.EngineExecutionOrchestrator.execute(EngineExecutionOrchestrator.java:65) ~[junit-platform-launcher-6.0.3.jar:6.0.3]
	at org.junit.platform.launcher.core.DefaultLauncher.execute(DefaultLauncher.java:125) ~[junit-platform-launcher-6.0.3.jar:6.0.3]
	at org.junit.platform.launcher.core.DefaultLauncher.execute(DefaultLauncher.java:114) ~[junit-platform-launcher-6.0.3.jar:6.0.3]
	at org.junit.platform.launcher.core.DelegatingLauncher.execute(DelegatingLauncher.java:58) ~[junit-platform-launcher-6.0.3.jar:6.0.3]
	at org.junit.platform.launcher.core.InterceptingLauncher.lambda$execute$2(InterceptingLauncher.java:57) ~[junit-platform-launcher-6.0.3.jar:6.0.3]
	at org.junit.platform.launcher.core.ClasspathAlignmentCheckingLauncherInterceptor.intercept(ClasspathAlignmentCheckingLauncherInterceptor.java:25) ~[junit-platform-launcher-6.0.3.jar:6.0.3]
	at org.junit.platform.launcher.core.InterceptingLauncher.execute(InterceptingLauncher.java:56) ~[junit-platform-launcher-6.0.3.jar:6.0.3]
	at org.junit.platform.launcher.core.DelegatingLauncher.execute(DelegatingLauncher.java:58) ~[junit-platform-launcher-6.0.3.jar:6.0.3]
	at java.base/jdk.internal.reflect.DirectMethodHandleAccessor.invoke(DirectMethodHandleAccessor.java:103) ~[na:na]
	at java.base/java.lang.reflect.Method.invoke(Method.java:580) ~[na:na]
	at org.apache.maven.surefire.api.util.ReflectionUtils.invokeMethodWithArray(ReflectionUtils.java:125) ~[surefire-api-3.5.5.jar:3.5.5]
	at org.apache.maven.surefire.junitplatform.LauncherAdapter.executeWithCancellationToken(LauncherAdapter.java:68) ~[surefire-junit-platform-3.5.5.jar:3.5.5]
	at org.apache.maven.surefire.junitplatform.LauncherAdapter.execute(LauncherAdapter.java:54) ~[surefire-junit-platform-3.5.5.jar:3.5.5]
	at org.apache.maven.surefire.junitplatform.JUnitPlatformProvider.execute(JUnitPlatformProvider.java:203) ~[surefire-junit-platform-3.5.5.jar:3.5.5]
	at org.apache.maven.surefire.junitplatform.JUnitPlatformProvider.invokeAllTests(JUnitPlatformProvider.java:168) ~[surefire-junit-platform-3.5.5.jar:3.5.5]
	at org.apache.maven.surefire.junitplatform.JUnitPlatformProvider.invoke(JUnitPlatformProvider.java:136) ~[surefire-junit-platform-3.5.5.jar:3.5.5]
	at org.apache.maven.surefire.booter.ForkedBooter.runSuitesInProcess(ForkedBooter.java:385) ~[surefire-booter-3.5.5.jar:3.5.5]
	at org.apache.maven.surefire.booter.ForkedBooter.execute(ForkedBooter.java:162) ~[surefire-booter-3.5.5.jar:3.5.5]
	at org.apache.maven.surefire.booter.ForkedBooter.run(ForkedBooter.java:507) ~[surefire-booter-3.5.5.jar:3.5.5]
	at org.apache.maven.surefire.booter.ForkedBooter.main(ForkedBooter.java:495) ~[surefire-booter-3.5.5.jar:3.5.5]
Caused by: org.h2.jdbc.JdbcSQLSyntaxErrorException: Syntax error in SQL statement "create table previous_year_question (marks integer, [*]year integer not null, language varchar(5) not null, chapter_id bigint not null, id bigint generated by default as identity, topic_id bigint, difficulty varchar(10) check ((difficulty in ('EASY','MEDIUM','HARD'))), question_type varchar(20), board varchar(100), model_answer TEXT, text TEXT not null, primary key (id))"; expected "identifier"; SQL statement:
create table previous_year_question (marks integer, year integer not null, language varchar(5) not null, chapter_id bigint not null, id bigint generated by default as identity, topic_id bigint, difficulty varchar(10) check ((difficulty in ('EASY','MEDIUM','HARD'))), question_type varchar(20), board varchar(100), model_answer TEXT, text TEXT not null, primary key (id)) [42001-240]
	at org.h2.message.DbException.getJdbcSQLException(DbException.java:514) ~[h2-2.4.240.jar:2.4.240]
	at org.h2.message.DbException.getJdbcSQLException(DbException.java:489) ~[h2-2.4.240.jar:2.4.240]
	at org.h2.message.DbException.getSyntaxError(DbException.java:261) ~[h2-2.4.240.jar:2.4.240]
	at org.h2.command.Parser.readIdentifier(Parser.java:5568) ~[h2-2.4.240.jar:2.4.240]
	at org.h2.command.Parser.parseTableColumnDefinition(Parser.java:8978) ~[h2-2.4.240.jar:2.4.240]
	at org.h2.command.Parser.parseCreateTable(Parser.java:8926) ~[h2-2.4.240.jar:2.4.240]
	at org.h2.command.Parser.parseCreate(Parser.java:6483) ~[h2-2.4.240.jar:2.4.240]
	at org.h2.command.Parser.parsePrepared(Parser.java:648) ~[h2-2.4.240.jar:2.4.240]
	at org.h2.command.Parser.parse(Parser.java:584) ~[h2-2.4.240.jar:2.4.240]
	at org.h2.command.Parser.parse(Parser.java:559) ~[h2-2.4.240.jar:2.4.240]
	at org.h2.command.Parser.prepareCommand(Parser.java:487) ~[h2-2.4.240.jar:2.4.240]
	at org.h2.engine.SessionLocal.prepareLocal(SessionLocal.java:647) ~[h2-2.4.240.jar:2.4.240]
	at org.h2.engine.SessionLocal.prepareCommand(SessionLocal.java:563) ~[h2-2.4.240.jar:2.4.240]
	at org.h2.jdbc.JdbcConnection.prepareCommand(JdbcConnection.java:1160) ~[h2-2.4.240.jar:2.4.240]
	at org.h2.jdbc.JdbcStatement.executeInternal(JdbcStatement.java:245) ~[h2-2.4.240.jar:2.4.240]
	at org.h2.jdbc.JdbcStatement.execute(JdbcStatement.java:231) ~[h2-2.4.240.jar:2.4.240]
	at com.zaxxer.hikari.pool.ProxyStatement.execute(ProxyStatement.java:95) ~[HikariCP-7.0.2.jar:na]
	at com.zaxxer.hikari.pool.HikariProxyStatement.execute(HikariProxyStatement.java) ~[HikariCP-7.0.2.jar:na]
	at org.hibernate.tool.schema.internal.exec.GenerationTargetToDatabase.accept(GenerationTargetToDatabase.java:76) ~[hibernate-core-7.2.7.Final.jar:7.2.7.Final]
	... 131 common frames omitted

2026-05-21T18:55:34.166+05:30  WARN 15124 --- [EduResolve] [           main] o.h.t.s.i.ExceptionHandlerLoggedImpl     : GenerationTarget encountered exception accepting command : Error executing DDL "create index idx_pyq_chapter on previous_year_question (chapter_id)" via JDBC [Table "PREVIOUS_YEAR_QUESTION" not found;]

org.hibernate.tool.schema.spi.CommandAcceptanceException: Error executing DDL "create index idx_pyq_chapter on previous_year_question (chapter_id)" via JDBC [Table "PREVIOUS_YEAR_QUESTION" not found;]
	at org.hibernate.tool.schema.internal.exec.GenerationTargetToDatabase.accept(GenerationTargetToDatabase.java:81) ~[hibernate-core-7.2.7.Final.jar:7.2.7.Final]
	at org.hibernate.tool.schema.internal.Helper.applySqlString(Helper.java:218) ~[hibernate-core-7.2.7.Final.jar:7.2.7.Final]
	at org.hibernate.tool.schema.internal.Helper.applySqlStrings(Helper.java:204) ~[hibernate-core-7.2.7.Final.jar:7.2.7.Final]
	at org.hibernate.tool.schema.internal.SchemaCreatorImpl.createTableConstraints(SchemaCreatorImpl.java:366) ~[hibernate-core-7.2.7.Final.jar:7.2.7.Final]
	at org.hibernate.tool.schema.internal.SchemaCreatorImpl.createSequencesTablesConstraints(SchemaCreatorImpl.java:332) ~[hibernate-core-7.2.7.Final.jar:7.2.7.Final]
	at org.hibernate.tool.schema.internal.SchemaCreatorImpl.createFromMetadata(SchemaCreatorImpl.java:215) ~[hibernate-core-7.2.7.Final.jar:7.2.7.Final]
	at org.hibernate.tool.schema.internal.SchemaCreatorImpl.performCreation(SchemaCreatorImpl.java:151) ~[hibernate-core-7.2.7.Final.jar:7.2.7.Final]
	at org.hibernate.tool.schema.internal.SchemaCreatorImpl.doCreation(SchemaCreatorImpl.java:121) ~[hibernate-core-7.2.7.Final.jar:7.2.7.Final]
	at org.hibernate.tool.schema.internal.SchemaCreatorImpl.doCreation(SchemaCreatorImpl.java:97) ~[hibernate-core-7.2.7.Final.jar:7.2.7.Final]
	at org.hibernate.tool.schema.spi.SchemaManagementToolCoordinator.performDatabaseAction(SchemaManagementToolCoordinator.java:239) ~[hibernate-core-7.2.7.Final.jar:7.2.7.Final]
	at org.hibernate.tool.schema.spi.SchemaManagementToolCoordinator.lambda$process$1(SchemaManagementToolCoordinator.java:101) ~[hibernate-core-7.2.7.Final.jar:7.2.7.Final]
	at java.base/java.util.HashMap.forEach(HashMap.java:1429) ~[na:na]
	at org.hibernate.tool.schema.spi.SchemaManagementToolCoordinator.process(SchemaManagementToolCoordinator.java:100) ~[hibernate-core-7.2.7.Final.jar:7.2.7.Final]
	at org.hibernate.boot.internal.SessionFactoryObserverForSchemaExport.sessionFactoryCreated(SessionFactoryObserverForSchemaExport.java:35) ~[hibernate-core-7.2.7.Final.jar:7.2.7.Final]
	at org.hibernate.internal.SessionFactoryObserverChain.sessionFactoryCreated(SessionFactoryObserverChain.java:33) ~[hibernate-core-7.2.7.Final.jar:7.2.7.Final]
	at org.hibernate.internal.SessionFactoryImpl.<init>(SessionFactoryImpl.java:323) ~[hibernate-core-7.2.7.Final.jar:7.2.7.Final]
	at org.hibernate.internal.SessionFactoryRegistry.instantiateSessionFactory(SessionFactoryRegistry.java:64) ~[hibernate-core-7.2.7.Final.jar:7.2.7.Final]
	at org.hibernate.boot.internal.SessionFactoryBuilderImpl.build(SessionFactoryBuilderImpl.java:437) ~[hibernate-core-7.2.7.Final.jar:7.2.7.Final]
	at org.hibernate.jpa.boot.internal.EntityManagerFactoryBuilderImpl.build(EntityManagerFactoryBuilderImpl.java:1456) ~[hibernate-core-7.2.7.Final.jar:7.2.7.Final]
	at org.springframework.orm.jpa.vendor.SpringHibernateJpaPersistenceProvider.createContainerEntityManagerFactory(SpringHibernateJpaPersistenceProvider.java:93) ~[spring-orm-7.0.6.jar:7.0.6]
	at org.springframework.orm.jpa.LocalContainerEntityManagerFactoryBean.createNativeEntityManagerFactory(LocalContainerEntityManagerFactoryBean.java:443) ~[spring-orm-7.0.6.jar:7.0.6]
	at org.springframework.orm.jpa.AbstractEntityManagerFactoryBean.buildNativeEntityManagerFactory(AbstractEntityManagerFactoryBean.java:436) ~[spring-orm-7.0.6.jar:7.0.6]
	at org.springframework.orm.jpa.AbstractEntityManagerFactoryBean.afterPropertiesSet(AbstractEntityManagerFactoryBean.java:411) ~[spring-orm-7.0.6.jar:7.0.6]
	at org.springframework.orm.jpa.LocalContainerEntityManagerFactoryBean.afterPropertiesSet(LocalContainerEntityManagerFactoryBean.java:419) ~[spring-orm-7.0.6.jar:7.0.6]
	at org.springframework.beans.factory.support.AbstractAutowireCapableBeanFactory.invokeInitMethods(AbstractAutowireCapableBeanFactory.java:1864) ~[spring-beans-7.0.6.jar:7.0.6]
	at org.springframework.beans.factory.support.AbstractAutowireCapableBeanFactory.initializeBean(AbstractAutowireCapableBeanFactory.java:1813) ~[spring-beans-7.0.6.jar:7.0.6]
	at org.springframework.beans.factory.support.AbstractAutowireCapableBeanFactory.doCreateBean(AbstractAutowireCapableBeanFactory.java:603) ~[spring-beans-7.0.6.jar:7.0.6]
	at org.springframework.beans.factory.support.AbstractAutowireCapableBeanFactory.createBean(AbstractAutowireCapableBeanFactory.java:525) ~[spring-beans-7.0.6.jar:7.0.6]
	at org.springframework.beans.factory.support.AbstractBeanFactory.lambda$doGetBean$0(AbstractBeanFactory.java:333) ~[spring-beans-7.0.6.jar:7.0.6]
	at org.springframework.beans.factory.support.DefaultSingletonBeanRegistry.getSingleton(DefaultSingletonBeanRegistry.java:371) ~[spring-beans-7.0.6.jar:7.0.6]
	at org.springframework.beans.factory.support.AbstractBeanFactory.doGetBean(AbstractBeanFactory.java:331) ~[spring-beans-7.0.6.jar:7.0.6]
	at org.springframework.beans.factory.support.AbstractBeanFactory.getBean(AbstractBeanFactory.java:201) ~[spring-beans-7.0.6.jar:7.0.6]
	at org.springframework.context.support.AbstractApplicationContext.finishBeanFactoryInitialization(AbstractApplicationContext.java:977) ~[spring-context-7.0.6.jar:7.0.6]
	at org.springframework.context.support.AbstractApplicationContext.refresh(AbstractApplicationContext.java:621) ~[spring-context-7.0.6.jar:7.0.6]
	at org.springframework.boot.SpringApplication.refresh(SpringApplication.java:756) ~[spring-boot-4.0.5.jar:4.0.5]
	at org.springframework.boot.SpringApplication.refreshContext(SpringApplication.java:445) ~[spring-boot-4.0.5.jar:4.0.5]
	at org.springframework.boot.SpringApplication.run(SpringApplication.java:321) ~[spring-boot-4.0.5.jar:4.0.5]
	at org.springframework.boot.test.context.SpringBootContextLoader.lambda$loadContext$2(SpringBootContextLoader.java:155) ~[spring-boot-test-4.0.5.jar:4.0.5]
	at org.springframework.util.function.ThrowingSupplier.get(ThrowingSupplier.java:58) ~[spring-core-7.0.6.jar:7.0.6]
	at org.springframework.util.function.ThrowingSupplier.get(ThrowingSupplier.java:46) ~[spring-core-7.0.6.jar:7.0.6]
	at org.springframework.boot.SpringApplication.withHook(SpringApplication.java:1465) ~[spring-boot-4.0.5.jar:4.0.5]
	at org.springframework.boot.test.context.SpringBootContextLoader$ContextLoaderHook.run(SpringBootContextLoader.java:600) ~[spring-boot-test-4.0.5.jar:4.0.5]
	at org.springframework.boot.test.context.SpringBootContextLoader.loadContext(SpringBootContextLoader.java:155) ~[spring-boot-test-4.0.5.jar:4.0.5]
	at org.springframework.boot.test.context.SpringBootContextLoader.loadContext(SpringBootContextLoader.java:114) ~[spring-boot-test-4.0.5.jar:4.0.5]
	at org.springframework.test.context.cache.DefaultCacheAwareContextLoaderDelegate.loadContextInternal(DefaultCacheAwareContextLoaderDelegate.java:247) ~[spring-test-7.0.6.jar:7.0.6]
	at org.springframework.test.context.cache.DefaultCacheAwareContextLoaderDelegate.lambda$loadContext$0(DefaultCacheAwareContextLoaderDelegate.java:167) ~[spring-test-7.0.6.jar:7.0.6]
	at org.springframework.test.context.cache.DefaultContextCache.put(DefaultContextCache.java:214) ~[spring-test-7.0.6.jar:7.0.6]
	at org.springframework.test.context.cache.DefaultCacheAwareContextLoaderDelegate.loadContext(DefaultCacheAwareContextLoaderDelegate.java:160) ~[spring-test-7.0.6.jar:7.0.6]
	at org.springframework.test.context.support.DefaultTestContext.getApplicationContext(DefaultTestContext.java:128) ~[spring-test-7.0.6.jar:7.0.6]
	at org.springframework.test.context.web.ServletTestExecutionListener.setUpRequestContextIfNecessary(ServletTestExecutionListener.java:200) ~[spring-test-7.0.6.jar:7.0.6]
	at org.springframework.test.context.web.ServletTestExecutionListener.prepareTestInstance(ServletTestExecutionListener.java:139) ~[spring-test-7.0.6.jar:7.0.6]
	at org.springframework.test.context.TestContextManager.prepareTestInstance(TestContextManager.java:260) ~[spring-test-7.0.6.jar:7.0.6]
	at org.springframework.test.context.junit.jupiter.SpringExtension.postProcessTestInstance(SpringExtension.java:210) ~[spring-test-7.0.6.jar:7.0.6]
	at org.junit.jupiter.engine.descriptor.ClassBasedTestDescriptor.lambda$invokeTestInstancePostProcessors$1(ClassBasedTestDescriptor.java:423) ~[junit-jupiter-engine-6.0.3.jar:6.0.3]
	at org.junit.jupiter.engine.descriptor.ClassBasedTestDescriptor.executeAndMaskThrowable(ClassBasedTestDescriptor.java:428) ~[junit-jupiter-engine-6.0.3.jar:6.0.3]
	at org.junit.jupiter.engine.descriptor.ClassBasedTestDescriptor.lambda$invokeTestInstancePostProcessors$0(ClassBasedTestDescriptor.java:422) ~[junit-jupiter-engine-6.0.3.jar:6.0.3]
	at java.base/java.util.stream.ForEachOps$ForEachOp$OfRef.accept(ForEachOps.java:184) ~[na:na]
	at java.base/java.util.stream.ReferencePipeline$3$1.accept(ReferencePipeline.java:197) ~[na:na]
	at java.base/java.util.stream.ReferencePipeline$2$1.accept(ReferencePipeline.java:179) ~[na:na]
	at java.base/java.util.stream.ReferencePipeline$3$1.accept(ReferencePipeline.java:197) ~[na:na]
	at java.base/java.util.ArrayList$ArrayListSpliterator.forEachRemaining(ArrayList.java:1708) ~[na:na]
	at java.base/java.util.stream.AbstractPipeline.copyInto(AbstractPipeline.java:509) ~[na:na]
	at java.base/java.util.stream.AbstractPipeline.wrapAndCopyInto(AbstractPipeline.java:499) ~[na:na]
	at java.base/java.util.stream.ForEachOps$ForEachOp.evaluateSequential(ForEachOps.java:151) ~[na:na]
	at java.base/java.util.stream.ForEachOps$ForEachOp$OfRef.evaluateSequential(ForEachOps.java:174) ~[na:na]
	at java.base/java.util.stream.AbstractPipeline.evaluate(AbstractPipeline.java:234) ~[na:na]
	at java.base/java.util.stream.ReferencePipeline.forEach(ReferencePipeline.java:596) ~[na:na]
	at org.junit.jupiter.engine.descriptor.ClassBasedTestDescriptor.invokeTestInstancePostProcessors(ClassBasedTestDescriptor.java:422) ~[junit-jupiter-engine-6.0.3.jar:6.0.3]
	at org.junit.jupiter.engine.descriptor.ClassBasedTestDescriptor.lambda$instantiateAndPostProcessTestInstance$0(ClassBasedTestDescriptor.java:334) ~[junit-jupiter-engine-6.0.3.jar:6.0.3]
	at org.junit.platform.engine.support.hierarchical.ThrowableCollector.execute(ThrowableCollector.java:74) ~[junit-platform-engine-6.0.3.jar:6.0.3]
	at org.junit.jupiter.engine.descriptor.ClassBasedTestDescriptor.instantiateAndPostProcessTestInstance(ClassBasedTestDescriptor.java:333) ~[junit-jupiter-engine-6.0.3.jar:6.0.3]
	at org.junit.jupiter.engine.descriptor.ClassBasedTestDescriptor.lambda$testInstancesProvider$1(ClassBasedTestDescriptor.java:322) ~[junit-jupiter-engine-6.0.3.jar:6.0.3]
	at java.base/java.util.Optional.orElseGet(Optional.java:364) ~[na:na]
	at org.junit.jupiter.engine.descriptor.ClassBasedTestDescriptor.lambda$testInstancesProvider$0(ClassBasedTestDescriptor.java:321) ~[junit-jupiter-engine-6.0.3.jar:6.0.3]
	at org.junit.jupiter.engine.execution.TestInstancesProvider.getTestInstances(TestInstancesProvider.java:27) ~[junit-jupiter-engine-6.0.3.jar:6.0.3]
	at org.junit.jupiter.engine.descriptor.TestMethodTestDescriptor.lambda$prepare$0(TestMethodTestDescriptor.java:127) ~[junit-jupiter-engine-6.0.3.jar:6.0.3]
	at org.junit.platform.engine.support.hierarchical.ThrowableCollector.execute(ThrowableCollector.java:74) ~[junit-platform-engine-6.0.3.jar:6.0.3]
	at org.junit.jupiter.engine.descriptor.TestMethodTestDescriptor.prepare(TestMethodTestDescriptor.java:126) ~[junit-jupiter-engine-6.0.3.jar:6.0.3]
	at org.junit.jupiter.engine.descriptor.TestMethodTestDescriptor.prepare(TestMethodTestDescriptor.java:70) ~[junit-jupiter-engine-6.0.3.jar:6.0.3]
	at org.junit.platform.engine.support.hierarchical.NodeTestTask.lambda$prepare$0(NodeTestTask.java:144) ~[junit-platform-engine-6.0.3.jar:6.0.3]
	at org.junit.platform.engine.support.hierarchical.ThrowableCollector.execute(ThrowableCollector.java:74) ~[junit-platform-engine-6.0.3.jar:6.0.3]
	at org.junit.platform.engine.support.hierarchical.NodeTestTask.prepare(NodeTestTask.java:144) ~[junit-platform-engine-6.0.3.jar:6.0.3]
	at org.junit.platform.engine.support.hierarchical.NodeTestTask.execute(NodeTestTask.java:110) ~[junit-platform-engine-6.0.3.jar:6.0.3]
	at java.base/java.util.ArrayList.forEach(ArrayList.java:1596) ~[na:na]
	at org.junit.platform.engine.support.hierarchical.SameThreadHierarchicalTestExecutorService.invokeAll(SameThreadHierarchicalTestExecutorService.java:42) ~[junit-platform-engine-6.0.3.jar:6.0.3]
	at org.junit.platform.engine.support.hierarchical.NodeTestTask.lambda$executeRecursively$2(NodeTestTask.java:180) ~[junit-platform-engine-6.0.3.jar:6.0.3]
	at org.junit.platform.engine.support.hierarchical.ThrowableCollector.execute(ThrowableCollector.java:74) ~[junit-platform-engine-6.0.3.jar:6.0.3]
	at org.junit.platform.engine.support.hierarchical.NodeTestTask.lambda$executeRecursively$1(NodeTestTask.java:166) ~[junit-platform-engine-6.0.3.jar:6.0.3]
	at org.junit.platform.engine.support.hierarchical.Node.around(Node.java:138) ~[junit-platform-engine-6.0.3.jar:6.0.3]
	at org.junit.platform.engine.support.hierarchical.NodeTestTask.lambda$executeRecursively$0(NodeTestTask.java:164) ~[junit-platform-engine-6.0.3.jar:6.0.3]
	at org.junit.platform.engine.support.hierarchical.ThrowableCollector.execute(ThrowableCollector.java:74) ~[junit-platform-engine-6.0.3.jar:6.0.3]
	at org.junit.platform.engine.support.hierarchical.NodeTestTask.executeRecursively(NodeTestTask.java:163) ~[junit-platform-engine-6.0.3.jar:6.0.3]
	at org.junit.platform.engine.support.hierarchical.NodeTestTask.execute(NodeTestTask.java:116) ~[junit-platform-engine-6.0.3.jar:6.0.3]
	at java.base/java.util.ArrayList.forEach(ArrayList.java:1596) ~[na:na]
	at org.junit.platform.engine.support.hierarchical.SameThreadHierarchicalTestExecutorService.invokeAll(SameThreadHierarchicalTestExecutorService.java:42) ~[junit-platform-engine-6.0.3.jar:6.0.3]
	at org.junit.platform.engine.support.hierarchical.NodeTestTask.lambda$executeRecursively$2(NodeTestTask.java:180) ~[junit-platform-engine-6.0.3.jar:6.0.3]
	at org.junit.platform.engine.support.hierarchical.ThrowableCollector.execute(ThrowableCollector.java:74) ~[junit-platform-engine-6.0.3.jar:6.0.3]
	at org.junit.platform.engine.support.hierarchical.NodeTestTask.lambda$executeRecursively$1(NodeTestTask.java:166) ~[junit-platform-engine-6.0.3.jar:6.0.3]
	at org.junit.platform.engine.support.hierarchical.Node.around(Node.java:138) ~[junit-platform-engine-6.0.3.jar:6.0.3]
	at org.junit.platform.engine.support.hierarchical.NodeTestTask.lambda$executeRecursively$0(NodeTestTask.java:164) ~[junit-platform-engine-6.0.3.jar:6.0.3]
	at org.junit.platform.engine.support.hierarchical.ThrowableCollector.execute(ThrowableCollector.java:74) ~[junit-platform-engine-6.0.3.jar:6.0.3]
	at org.junit.platform.engine.support.hierarchical.NodeTestTask.executeRecursively(NodeTestTask.java:163) ~[junit-platform-engine-6.0.3.jar:6.0.3]
	at org.junit.platform.engine.support.hierarchical.NodeTestTask.execute(NodeTestTask.java:116) ~[junit-platform-engine-6.0.3.jar:6.0.3]
	at org.junit.platform.engine.support.hierarchical.SameThreadHierarchicalTestExecutorService.submit(SameThreadHierarchicalTestExecutorService.java:36) ~[junit-platform-engine-6.0.3.jar:6.0.3]
	at org.junit.platform.engine.support.hierarchical.HierarchicalTestExecutor.execute(HierarchicalTestExecutor.java:52) ~[junit-platform-engine-6.0.3.jar:6.0.3]
	at org.junit.platform.engine.support.hierarchical.HierarchicalTestEngine.execute(HierarchicalTestEngine.java:58) ~[junit-platform-engine-6.0.3.jar:6.0.3]
	at org.junit.platform.launcher.core.EngineExecutionOrchestrator.executeEngine(EngineExecutionOrchestrator.java:246) ~[junit-platform-launcher-6.0.3.jar:6.0.3]
	at org.junit.platform.launcher.core.EngineExecutionOrchestrator.failOrExecuteEngine(EngineExecutionOrchestrator.java:218) ~[junit-platform-launcher-6.0.3.jar:6.0.3]
	at org.junit.platform.launcher.core.EngineExecutionOrchestrator.execute(EngineExecutionOrchestrator.java:179) ~[junit-platform-launcher-6.0.3.jar:6.0.3]
	at org.junit.platform.launcher.core.EngineExecutionOrchestrator.execute(EngineExecutionOrchestrator.java:108) ~[junit-platform-launcher-6.0.3.jar:6.0.3]
	at org.junit.platform.launcher.core.EngineExecutionOrchestrator.lambda$execute$0(EngineExecutionOrchestrator.java:66) ~[junit-platform-launcher-6.0.3.jar:6.0.3]
	at org.junit.platform.launcher.core.EngineExecutionOrchestrator.withInterceptedStreams(EngineExecutionOrchestrator.java:157) ~[junit-platform-launcher-6.0.3.jar:6.0.3]
	at org.junit.platform.launcher.core.EngineExecutionOrchestrator.execute(EngineExecutionOrchestrator.java:65) ~[junit-platform-launcher-6.0.3.jar:6.0.3]
	at org.junit.platform.launcher.core.DefaultLauncher.execute(DefaultLauncher.java:125) ~[junit-platform-launcher-6.0.3.jar:6.0.3]
	at org.junit.platform.launcher.core.DefaultLauncher.execute(DefaultLauncher.java:114) ~[junit-platform-launcher-6.0.3.jar:6.0.3]
	at org.junit.platform.launcher.core.DelegatingLauncher.execute(DelegatingLauncher.java:58) ~[junit-platform-launcher-6.0.3.jar:6.0.3]
	at org.junit.platform.launcher.core.InterceptingLauncher.lambda$execute$2(InterceptingLauncher.java:57) ~[junit-platform-launcher-6.0.3.jar:6.0.3]
	at org.junit.platform.launcher.core.ClasspathAlignmentCheckingLauncherInterceptor.intercept(ClasspathAlignmentCheckingLauncherInterceptor.java:25) ~[junit-platform-launcher-6.0.3.jar:6.0.3]
	at org.junit.platform.launcher.core.InterceptingLauncher.execute(InterceptingLauncher.java:56) ~[junit-platform-launcher-6.0.3.jar:6.0.3]
	at org.junit.platform.launcher.core.DelegatingLauncher.execute(DelegatingLauncher.java:58) ~[junit-platform-launcher-6.0.3.jar:6.0.3]
	at java.base/jdk.internal.reflect.DirectMethodHandleAccessor.invoke(DirectMethodHandleAccessor.java:103) ~[na:na]
	at java.base/java.lang.reflect.Method.invoke(Method.java:580) ~[na:na]
	at org.apache.maven.surefire.api.util.ReflectionUtils.invokeMethodWithArray(ReflectionUtils.java:125) ~[surefire-api-3.5.5.jar:3.5.5]
	at org.apache.maven.surefire.junitplatform.LauncherAdapter.executeWithCancellationToken(LauncherAdapter.java:68) ~[surefire-junit-platform-3.5.5.jar:3.5.5]
	at org.apache.maven.surefire.junitplatform.LauncherAdapter.execute(LauncherAdapter.java:54) ~[surefire-junit-platform-3.5.5.jar:3.5.5]
	at org.apache.maven.surefire.junitplatform.JUnitPlatformProvider.execute(JUnitPlatformProvider.java:203) ~[surefire-junit-platform-3.5.5.jar:3.5.5]
	at org.apache.maven.surefire.junitplatform.JUnitPlatformProvider.invokeAllTests(JUnitPlatformProvider.java:168) ~[surefire-junit-platform-3.5.5.jar:3.5.5]
	at org.apache.maven.surefire.junitplatform.JUnitPlatformProvider.invoke(JUnitPlatformProvider.java:136) ~[surefire-junit-platform-3.5.5.jar:3.5.5]
	at org.apache.maven.surefire.booter.ForkedBooter.runSuitesInProcess(ForkedBooter.java:385) ~[surefire-booter-3.5.5.jar:3.5.5]
	at org.apache.maven.surefire.booter.ForkedBooter.execute(ForkedBooter.java:162) ~[surefire-booter-3.5.5.jar:3.5.5]
	at org.apache.maven.surefire.booter.ForkedBooter.run(ForkedBooter.java:507) ~[surefire-booter-3.5.5.jar:3.5.5]
	at org.apache.maven.surefire.booter.ForkedBooter.main(ForkedBooter.java:495) ~[surefire-booter-3.5.5.jar:3.5.5]
Caused by: org.h2.jdbc.JdbcSQLSyntaxErrorException: Table "PREVIOUS_YEAR_QUESTION" not found; SQL statement:
create index idx_pyq_chapter on previous_year_question (chapter_id) [42102-240]
	at org.h2.message.DbException.getJdbcSQLException(DbException.java:514) ~[h2-2.4.240.jar:2.4.240]
	at org.h2.message.DbException.getJdbcSQLException(DbException.java:489) ~[h2-2.4.240.jar:2.4.240]
	at org.h2.message.DbException.get(DbException.java:223) ~[h2-2.4.240.jar:2.4.240]
	at org.h2.message.DbException.get(DbException.java:199) ~[h2-2.4.240.jar:2.4.240]
	at org.h2.command.ddl.CreateIndex.update(CreateIndex.java:70) ~[h2-2.4.240.jar:2.4.240]
	at org.h2.command.CommandContainer.update(CommandContainer.java:139) ~[h2-2.4.240.jar:2.4.240]
	at org.h2.command.Command.executeUpdate(Command.java:306) ~[h2-2.4.240.jar:2.4.240]
	at org.h2.command.Command.executeUpdate(Command.java:250) ~[h2-2.4.240.jar:2.4.240]
	at org.h2.jdbc.JdbcStatement.executeInternal(JdbcStatement.java:262) ~[h2-2.4.240.jar:2.4.240]
	at org.h2.jdbc.JdbcStatement.execute(JdbcStatement.java:231) ~[h2-2.4.240.jar:2.4.240]
	at com.zaxxer.hikari.pool.ProxyStatement.execute(ProxyStatement.java:95) ~[HikariCP-7.0.2.jar:na]
	at com.zaxxer.hikari.pool.HikariProxyStatement.execute(HikariProxyStatement.java) ~[HikariCP-7.0.2.jar:na]
	at org.hibernate.tool.schema.internal.exec.GenerationTargetToDatabase.accept(GenerationTargetToDatabase.java:76) ~[hibernate-core-7.2.7.Final.jar:7.2.7.Final]
	... 131 common frames omitted

2026-05-21T18:55:34.166+05:30  WARN 15124 --- [EduResolve] [           main] o.h.t.s.i.ExceptionHandlerLoggedImpl     : GenerationTarget encountered exception accepting command : Error executing DDL "create index idx_pyq_difficulty on previous_year_question (difficulty)" via JDBC [Table "PREVIOUS_YEAR_QUESTION" not found;]

org.hibernate.tool.schema.spi.CommandAcceptanceException: Error executing DDL "create index idx_pyq_difficulty on previous_year_question (difficulty)" via JDBC [Table "PREVIOUS_YEAR_QUESTION" not found;]
	at org.hibernate.tool.schema.internal.exec.GenerationTargetToDatabase.accept(GenerationTargetToDatabase.java:81) ~[hibernate-core-7.2.7.Final.jar:7.2.7.Final]
	at org.hibernate.tool.schema.internal.Helper.applySqlString(Helper.java:218) ~[hibernate-core-7.2.7.Final.jar:7.2.7.Final]
	at org.hibernate.tool.schema.internal.Helper.applySqlStrings(Helper.java:204) ~[hibernate-core-7.2.7.Final.jar:7.2.7.Final]
	at org.hibernate.tool.schema.internal.SchemaCreatorImpl.createTableConstraints(SchemaCreatorImpl.java:366) ~[hibernate-core-7.2.7.Final.jar:7.2.7.Final]
	at org.hibernate.tool.schema.internal.SchemaCreatorImpl.createSequencesTablesConstraints(SchemaCreatorImpl.java:332) ~[hibernate-core-7.2.7.Final.jar:7.2.7.Final]
	at org.hibernate.tool.schema.internal.SchemaCreatorImpl.createFromMetadata(SchemaCreatorImpl.java:215) ~[hibernate-core-7.2.7.Final.jar:7.2.7.Final]
	at org.hibernate.tool.schema.internal.SchemaCreatorImpl.performCreation(SchemaCreatorImpl.java:151) ~[hibernate-core-7.2.7.Final.jar:7.2.7.Final]
	at org.hibernate.tool.schema.internal.SchemaCreatorImpl.doCreation(SchemaCreatorImpl.java:121) ~[hibernate-core-7.2.7.Final.jar:7.2.7.Final]
	at org.hibernate.tool.schema.internal.SchemaCreatorImpl.doCreation(SchemaCreatorImpl.java:97) ~[hibernate-core-7.2.7.Final.jar:7.2.7.Final]
	at org.hibernate.tool.schema.spi.SchemaManagementToolCoordinator.performDatabaseAction(SchemaManagementToolCoordinator.java:239) ~[hibernate-core-7.2.7.Final.jar:7.2.7.Final]
	at org.hibernate.tool.schema.spi.SchemaManagementToolCoordinator.lambda$process$1(SchemaManagementToolCoordinator.java:101) ~[hibernate-core-7.2.7.Final.jar:7.2.7.Final]
	at java.base/java.util.HashMap.forEach(HashMap.java:1429) ~[na:na]
	at org.hibernate.tool.schema.spi.SchemaManagementToolCoordinator.process(SchemaManagementToolCoordinator.java:100) ~[hibernate-core-7.2.7.Final.jar:7.2.7.Final]
	at org.hibernate.boot.internal.SessionFactoryObserverForSchemaExport.sessionFactoryCreated(SessionFactoryObserverForSchemaExport.java:35) ~[hibernate-core-7.2.7.Final.jar:7.2.7.Final]
	at org.hibernate.internal.SessionFactoryObserverChain.sessionFactoryCreated(SessionFactoryObserverChain.java:33) ~[hibernate-core-7.2.7.Final.jar:7.2.7.Final]
	at org.hibernate.internal.SessionFactoryImpl.<init>(SessionFactoryImpl.java:323) ~[hibernate-core-7.2.7.Final.jar:7.2.7.Final]
	at org.hibernate.internal.SessionFactoryRegistry.instantiateSessionFactory(SessionFactoryRegistry.java:64) ~[hibernate-core-7.2.7.Final.jar:7.2.7.Final]
	at org.hibernate.boot.internal.SessionFactoryBuilderImpl.build(SessionFactoryBuilderImpl.java:437) ~[hibernate-core-7.2.7.Final.jar:7.2.7.Final]
	at org.hibernate.jpa.boot.internal.EntityManagerFactoryBuilderImpl.build(EntityManagerFactoryBuilderImpl.java:1456) ~[hibernate-core-7.2.7.Final.jar:7.2.7.Final]
	at org.springframework.orm.jpa.vendor.SpringHibernateJpaPersistenceProvider.createContainerEntityManagerFactory(SpringHibernateJpaPersistenceProvider.java:93) ~[spring-orm-7.0.6.jar:7.0.6]
	at org.springframework.orm.jpa.LocalContainerEntityManagerFactoryBean.createNativeEntityManagerFactory(LocalContainerEntityManagerFactoryBean.java:443) ~[spring-orm-7.0.6.jar:7.0.6]
	at org.springframework.orm.jpa.AbstractEntityManagerFactoryBean.buildNativeEntityManagerFactory(AbstractEntityManagerFactoryBean.java:436) ~[spring-orm-7.0.6.jar:7.0.6]
	at org.springframework.orm.jpa.AbstractEntityManagerFactoryBean.afterPropertiesSet(AbstractEntityManagerFactoryBean.java:411) ~[spring-orm-7.0.6.jar:7.0.6]
	at org.springframework.orm.jpa.LocalContainerEntityManagerFactoryBean.afterPropertiesSet(LocalContainerEntityManagerFactoryBean.java:419) ~[spring-orm-7.0.6.jar:7.0.6]
	at org.springframework.beans.factory.support.AbstractAutowireCapableBeanFactory.invokeInitMethods(AbstractAutowireCapableBeanFactory.java:1864) ~[spring-beans-7.0.6.jar:7.0.6]
	at org.springframework.beans.factory.support.AbstractAutowireCapableBeanFactory.initializeBean(AbstractAutowireCapableBeanFactory.java:1813) ~[spring-beans-7.0.6.jar:7.0.6]
	at org.springframework.beans.factory.support.AbstractAutowireCapableBeanFactory.doCreateBean(AbstractAutowireCapableBeanFactory.java:603) ~[spring-beans-7.0.6.jar:7.0.6]
	at org.springframework.beans.factory.support.AbstractAutowireCapableBeanFactory.createBean(AbstractAutowireCapableBeanFactory.java:525) ~[spring-beans-7.0.6.jar:7.0.6]
	at org.springframework.beans.factory.support.AbstractBeanFactory.lambda$doGetBean$0(AbstractBeanFactory.java:333) ~[spring-beans-7.0.6.jar:7.0.6]
	at org.springframework.beans.factory.support.DefaultSingletonBeanRegistry.getSingleton(DefaultSingletonBeanRegistry.java:371) ~[spring-beans-7.0.6.jar:7.0.6]
	at org.springframework.beans.factory.support.AbstractBeanFactory.doGetBean(AbstractBeanFactory.java:331) ~[spring-beans-7.0.6.jar:7.0.6]
	at org.springframework.beans.factory.support.AbstractBeanFactory.getBean(AbstractBeanFactory.java:201) ~[spring-beans-7.0.6.jar:7.0.6]
	at org.springframework.context.support.AbstractApplicationContext.finishBeanFactoryInitialization(AbstractApplicationContext.java:977) ~[spring-context-7.0.6.jar:7.0.6]
	at org.springframework.context.support.AbstractApplicationContext.refresh(AbstractApplicationContext.java:621) ~[spring-context-7.0.6.jar:7.0.6]
	at org.springframework.boot.SpringApplication.refresh(SpringApplication.java:756) ~[spring-boot-4.0.5.jar:4.0.5]
	at org.springframework.boot.SpringApplication.refreshContext(SpringApplication.java:445) ~[spring-boot-4.0.5.jar:4.0.5]
	at org.springframework.boot.SpringApplication.run(SpringApplication.java:321) ~[spring-boot-4.0.5.jar:4.0.5]
	at org.springframework.boot.test.context.SpringBootContextLoader.lambda$loadContext$2(SpringBootContextLoader.java:155) ~[spring-boot-test-4.0.5.jar:4.0.5]
	at org.springframework.util.function.ThrowingSupplier.get(ThrowingSupplier.java:58) ~[spring-core-7.0.6.jar:7.0.6]
	at org.springframework.util.function.ThrowingSupplier.get(ThrowingSupplier.java:46) ~[spring-core-7.0.6.jar:7.0.6]
	at org.springframework.boot.SpringApplication.withHook(SpringApplication.java:1465) ~[spring-boot-4.0.5.jar:4.0.5]
	at org.springframework.boot.test.context.SpringBootContextLoader$ContextLoaderHook.run(SpringBootContextLoader.java:600) ~[spring-boot-test-4.0.5.jar:4.0.5]
	at org.springframework.boot.test.context.SpringBootContextLoader.loadContext(SpringBootContextLoader.java:155) ~[spring-boot-test-4.0.5.jar:4.0.5]
	at org.springframework.boot.test.context.SpringBootContextLoader.loadContext(SpringBootContextLoader.java:114) ~[spring-boot-test-4.0.5.jar:4.0.5]
	at org.springframework.test.context.cache.DefaultCacheAwareContextLoaderDelegate.loadContextInternal(DefaultCacheAwareContextLoaderDelegate.java:247) ~[spring-test-7.0.6.jar:7.0.6]
	at org.springframework.test.context.cache.DefaultCacheAwareContextLoaderDelegate.lambda$loadContext$0(DefaultCacheAwareContextLoaderDelegate.java:167) ~[spring-test-7.0.6.jar:7.0.6]
	at org.springframework.test.context.cache.DefaultContextCache.put(DefaultContextCache.java:214) ~[spring-test-7.0.6.jar:7.0.6]
	at org.springframework.test.context.cache.DefaultCacheAwareContextLoaderDelegate.loadContext(DefaultCacheAwareContextLoaderDelegate.java:160) ~[spring-test-7.0.6.jar:7.0.6]
	at org.springframework.test.context.support.DefaultTestContext.getApplicationContext(DefaultTestContext.java:128) ~[spring-test-7.0.6.jar:7.0.6]
	at org.springframework.test.context.web.ServletTestExecutionListener.setUpRequestContextIfNecessary(ServletTestExecutionListener.java:200) ~[spring-test-7.0.6.jar:7.0.6]
	at org.springframework.test.context.web.ServletTestExecutionListener.prepareTestInstance(ServletTestExecutionListener.java:139) ~[spring-test-7.0.6.jar:7.0.6]
	at org.springframework.test.context.TestContextManager.prepareTestInstance(TestContextManager.java:260) ~[spring-test-7.0.6.jar:7.0.6]
	at org.springframework.test.context.junit.jupiter.SpringExtension.postProcessTestInstance(SpringExtension.java:210) ~[spring-test-7.0.6.jar:7.0.6]
	at org.junit.jupiter.engine.descriptor.ClassBasedTestDescriptor.lambda$invokeTestInstancePostProcessors$1(ClassBasedTestDescriptor.java:423) ~[junit-jupiter-engine-6.0.3.jar:6.0.3]
	at org.junit.jupiter.engine.descriptor.ClassBasedTestDescriptor.executeAndMaskThrowable(ClassBasedTestDescriptor.java:428) ~[junit-jupiter-engine-6.0.3.jar:6.0.3]
	at org.junit.jupiter.engine.descriptor.ClassBasedTestDescriptor.lambda$invokeTestInstancePostProcessors$0(ClassBasedTestDescriptor.java:422) ~[junit-jupiter-engine-6.0.3.jar:6.0.3]
	at java.base/java.util.stream.ForEachOps$ForEachOp$OfRef.accept(ForEachOps.java:184) ~[na:na]
	at java.base/java.util.stream.ReferencePipeline$3$1.accept(ReferencePipeline.java:197) ~[na:na]
	at java.base/java.util.stream.ReferencePipeline$2$1.accept(ReferencePipeline.java:179) ~[na:na]
	at java.base/java.util.stream.ReferencePipeline$3$1.accept(ReferencePipeline.java:197) ~[na:na]
	at java.base/java.util.ArrayList$ArrayListSpliterator.forEachRemaining(ArrayList.java:1708) ~[na:na]
	at java.base/java.util.stream.AbstractPipeline.copyInto(AbstractPipeline.java:509) ~[na:na]
	at java.base/java.util.stream.AbstractPipeline.wrapAndCopyInto(AbstractPipeline.java:499) ~[na:na]
	at java.base/java.util.stream.ForEachOps$ForEachOp.evaluateSequential(ForEachOps.java:151) ~[na:na]
	at java.base/java.util.stream.ForEachOps$ForEachOp$OfRef.evaluateSequential(ForEachOps.java:174) ~[na:na]
	at java.base/java.util.stream.AbstractPipeline.evaluate(AbstractPipeline.java:234) ~[na:na]
	at java.base/java.util.stream.ReferencePipeline.forEach(ReferencePipeline.java:596) ~[na:na]
	at org.junit.jupiter.engine.descriptor.ClassBasedTestDescriptor.invokeTestInstancePostProcessors(ClassBasedTestDescriptor.java:422) ~[junit-jupiter-engine-6.0.3.jar:6.0.3]
	at org.junit.jupiter.engine.descriptor.ClassBasedTestDescriptor.lambda$instantiateAndPostProcessTestInstance$0(ClassBasedTestDescriptor.java:334) ~[junit-jupiter-engine-6.0.3.jar:6.0.3]
	at org.junit.platform.engine.support.hierarchical.ThrowableCollector.execute(ThrowableCollector.java:74) ~[junit-platform-engine-6.0.3.jar:6.0.3]
	at org.junit.jupiter.engine.descriptor.ClassBasedTestDescriptor.instantiateAndPostProcessTestInstance(ClassBasedTestDescriptor.java:333) ~[junit-jupiter-engine-6.0.3.jar:6.0.3]
	at org.junit.jupiter.engine.descriptor.ClassBasedTestDescriptor.lambda$testInstancesProvider$1(ClassBasedTestDescriptor.java:322) ~[junit-jupiter-engine-6.0.3.jar:6.0.3]
	at java.base/java.util.Optional.orElseGet(Optional.java:364) ~[na:na]
	at org.junit.jupiter.engine.descriptor.ClassBasedTestDescriptor.lambda$testInstancesProvider$0(ClassBasedTestDescriptor.java:321) ~[junit-jupiter-engine-6.0.3.jar:6.0.3]
	at org.junit.jupiter.engine.execution.TestInstancesProvider.getTestInstances(TestInstancesProvider.java:27) ~[junit-jupiter-engine-6.0.3.jar:6.0.3]
	at org.junit.jupiter.engine.descriptor.TestMethodTestDescriptor.lambda$prepare$0(TestMethodTestDescriptor.java:127) ~[junit-jupiter-engine-6.0.3.jar:6.0.3]
	at org.junit.platform.engine.support.hierarchical.ThrowableCollector.execute(ThrowableCollector.java:74) ~[junit-platform-engine-6.0.3.jar:6.0.3]
	at org.junit.jupiter.engine.descriptor.TestMethodTestDescriptor.prepare(TestMethodTestDescriptor.java:126) ~[junit-jupiter-engine-6.0.3.jar:6.0.3]
	at org.junit.jupiter.engine.descriptor.TestMethodTestDescriptor.prepare(TestMethodTestDescriptor.java:70) ~[junit-jupiter-engine-6.0.3.jar:6.0.3]
	at org.junit.platform.engine.support.hierarchical.NodeTestTask.lambda$prepare$0(NodeTestTask.java:144) ~[junit-platform-engine-6.0.3.jar:6.0.3]
	at org.junit.platform.engine.support.hierarchical.ThrowableCollector.execute(ThrowableCollector.java:74) ~[junit-platform-engine-6.0.3.jar:6.0.3]
	at org.junit.platform.engine.support.hierarchical.NodeTestTask.prepare(NodeTestTask.java:144) ~[junit-platform-engine-6.0.3.jar:6.0.3]
	at org.junit.platform.engine.support.hierarchical.NodeTestTask.execute(NodeTestTask.java:110) ~[junit-platform-engine-6.0.3.jar:6.0.3]
	at java.base/java.util.ArrayList.forEach(ArrayList.java:1596) ~[na:na]
	at org.junit.platform.engine.support.hierarchical.SameThreadHierarchicalTestExecutorService.invokeAll(SameThreadHierarchicalTestExecutorService.java:42) ~[junit-platform-engine-6.0.3.jar:6.0.3]
	at org.junit.platform.engine.support.hierarchical.NodeTestTask.lambda$executeRecursively$2(NodeTestTask.java:180) ~[junit-platform-engine-6.0.3.jar:6.0.3]
	at org.junit.platform.engine.support.hierarchical.ThrowableCollector.execute(ThrowableCollector.java:74) ~[junit-platform-engine-6.0.3.jar:6.0.3]
	at org.junit.platform.engine.support.hierarchical.NodeTestTask.lambda$executeRecursively$1(NodeTestTask.java:166) ~[junit-platform-engine-6.0.3.jar:6.0.3]
	at org.junit.platform.engine.support.hierarchical.Node.around(Node.java:138) ~[junit-platform-engine-6.0.3.jar:6.0.3]
	at org.junit.platform.engine.support.hierarchical.NodeTestTask.lambda$executeRecursively$0(NodeTestTask.java:164) ~[junit-platform-engine-6.0.3.jar:6.0.3]
	at org.junit.platform.engine.support.hierarchical.ThrowableCollector.execute(ThrowableCollector.java:74) ~[junit-platform-engine-6.0.3.jar:6.0.3]
	at org.junit.platform.engine.support.hierarchical.NodeTestTask.executeRecursively(NodeTestTask.java:163) ~[junit-platform-engine-6.0.3.jar:6.0.3]
	at org.junit.platform.engine.support.hierarchical.NodeTestTask.execute(NodeTestTask.java:116) ~[junit-platform-engine-6.0.3.jar:6.0.3]
	at java.base/java.util.ArrayList.forEach(ArrayList.java:1596) ~[na:na]
	at org.junit.platform.engine.support.hierarchical.SameThreadHierarchicalTestExecutorService.invokeAll(SameThreadHierarchicalTestExecutorService.java:42) ~[junit-platform-engine-6.0.3.jar:6.0.3]
	at org.junit.platform.engine.support.hierarchical.NodeTestTask.lambda$executeRecursively$2(NodeTestTask.java:180) ~[junit-platform-engine-6.0.3.jar:6.0.3]
	at org.junit.platform.engine.support.hierarchical.ThrowableCollector.execute(ThrowableCollector.java:74) ~[junit-platform-engine-6.0.3.jar:6.0.3]
	at org.junit.platform.engine.support.hierarchical.NodeTestTask.lambda$executeRecursively$1(NodeTestTask.java:166) ~[junit-platform-engine-6.0.3.jar:6.0.3]
	at org.junit.platform.engine.support.hierarchical.Node.around(Node.java:138) ~[junit-platform-engine-6.0.3.jar:6.0.3]
	at org.junit.platform.engine.support.hierarchical.NodeTestTask.lambda$executeRecursively$0(NodeTestTask.java:164) ~[junit-platform-engine-6.0.3.jar:6.0.3]
	at org.junit.platform.engine.support.hierarchical.ThrowableCollector.execute(ThrowableCollector.java:74) ~[junit-platform-engine-6.0.3.jar:6.0.3]
	at org.junit.platform.engine.support.hierarchical.NodeTestTask.executeRecursively(NodeTestTask.java:163) ~[junit-platform-engine-6.0.3.jar:6.0.3]
	at org.junit.platform.engine.support.hierarchical.NodeTestTask.execute(NodeTestTask.java:116) ~[junit-platform-engine-6.0.3.jar:6.0.3]
	at org.junit.platform.engine.support.hierarchical.SameThreadHierarchicalTestExecutorService.submit(SameThreadHierarchicalTestExecutorService.java:36) ~[junit-platform-engine-6.0.3.jar:6.0.3]
	at org.junit.platform.engine.support.hierarchical.HierarchicalTestExecutor.execute(HierarchicalTestExecutor.java:52) ~[junit-platform-engine-6.0.3.jar:6.0.3]
	at org.junit.platform.engine.support.hierarchical.HierarchicalTestEngine.execute(HierarchicalTestEngine.java:58) ~[junit-platform-engine-6.0.3.jar:6.0.3]
	at org.junit.platform.launcher.core.EngineExecutionOrchestrator.executeEngine(EngineExecutionOrchestrator.java:246) ~[junit-platform-launcher-6.0.3.jar:6.0.3]
	at org.junit.platform.launcher.core.EngineExecutionOrchestrator.failOrExecuteEngine(EngineExecutionOrchestrator.java:218) ~[junit-platform-launcher-6.0.3.jar:6.0.3]
	at org.junit.platform.launcher.core.EngineExecutionOrchestrator.execute(EngineExecutionOrchestrator.java:179) ~[junit-platform-launcher-6.0.3.jar:6.0.3]
	at org.junit.platform.launcher.core.EngineExecutionOrchestrator.execute(EngineExecutionOrchestrator.java:108) ~[junit-platform-launcher-6.0.3.jar:6.0.3]
	at org.junit.platform.launcher.core.EngineExecutionOrchestrator.lambda$execute$0(EngineExecutionOrchestrator.java:66) ~[junit-platform-launcher-6.0.3.jar:6.0.3]
	at org.junit.platform.launcher.core.EngineExecutionOrchestrator.withInterceptedStreams(EngineExecutionOrchestrator.java:157) ~[junit-platform-launcher-6.0.3.jar:6.0.3]
	at org.junit.platform.launcher.core.EngineExecutionOrchestrator.execute(EngineExecutionOrchestrator.java:65) ~[junit-platform-launcher-6.0.3.jar:6.0.3]
	at org.junit.platform.launcher.core.DefaultLauncher.execute(DefaultLauncher.java:125) ~[junit-platform-launcher-6.0.3.jar:6.0.3]
	at org.junit.platform.launcher.core.DefaultLauncher.execute(DefaultLauncher.java:114) ~[junit-platform-launcher-6.0.3.jar:6.0.3]
	at org.junit.platform.launcher.core.DelegatingLauncher.execute(DelegatingLauncher.java:58) ~[junit-platform-launcher-6.0.3.jar:6.0.3]
	at org.junit.platform.launcher.core.InterceptingLauncher.lambda$execute$2(InterceptingLauncher.java:57) ~[junit-platform-launcher-6.0.3.jar:6.0.3]
	at org.junit.platform.launcher.core.ClasspathAlignmentCheckingLauncherInterceptor.intercept(ClasspathAlignmentCheckingLauncherInterceptor.java:25) ~[junit-platform-launcher-6.0.3.jar:6.0.3]
	at org.junit.platform.launcher.core.InterceptingLauncher.execute(InterceptingLauncher.java:56) ~[junit-platform-launcher-6.0.3.jar:6.0.3]
	at org.junit.platform.launcher.core.DelegatingLauncher.execute(DelegatingLauncher.java:58) ~[junit-platform-launcher-6.0.3.jar:6.0.3]
	at java.base/jdk.internal.reflect.DirectMethodHandleAccessor.invoke(DirectMethodHandleAccessor.java:103) ~[na:na]
	at java.base/java.lang.reflect.Method.invoke(Method.java:580) ~[na:na]
	at org.apache.maven.surefire.api.util.ReflectionUtils.invokeMethodWithArray(ReflectionUtils.java:125) ~[surefire-api-3.5.5.jar:3.5.5]
	at org.apache.maven.surefire.junitplatform.LauncherAdapter.executeWithCancellationToken(LauncherAdapter.java:68) ~[surefire-junit-platform-3.5.5.jar:3.5.5]
	at org.apache.maven.surefire.junitplatform.LauncherAdapter.execute(LauncherAdapter.java:54) ~[surefire-junit-platform-3.5.5.jar:3.5.5]
	at org.apache.maven.surefire.junitplatform.JUnitPlatformProvider.execute(JUnitPlatformProvider.java:203) ~[surefire-junit-platform-3.5.5.jar:3.5.5]
	at org.apache.maven.surefire.junitplatform.JUnitPlatformProvider.invokeAllTests(JUnitPlatformProvider.java:168) ~[surefire-junit-platform-3.5.5.jar:3.5.5]
	at org.apache.maven.surefire.junitplatform.JUnitPlatformProvider.invoke(JUnitPlatformProvider.java:136) ~[surefire-junit-platform-3.5.5.jar:3.5.5]
	at org.apache.maven.surefire.booter.ForkedBooter.runSuitesInProcess(ForkedBooter.java:385) ~[surefire-booter-3.5.5.jar:3.5.5]
	at org.apache.maven.surefire.booter.ForkedBooter.execute(ForkedBooter.java:162) ~[surefire-booter-3.5.5.jar:3.5.5]
	at org.apache.maven.surefire.booter.ForkedBooter.run(ForkedBooter.java:507) ~[surefire-booter-3.5.5.jar:3.5.5]
	at org.apache.maven.surefire.booter.ForkedBooter.main(ForkedBooter.java:495) ~[surefire-booter-3.5.5.jar:3.5.5]
Caused by: org.h2.jdbc.JdbcSQLSyntaxErrorException: Table "PREVIOUS_YEAR_QUESTION" not found; SQL statement:
create index idx_pyq_difficulty on previous_year_question (difficulty) [42102-240]
	at org.h2.message.DbException.getJdbcSQLException(DbException.java:514) ~[h2-2.4.240.jar:2.4.240]
	at org.h2.message.DbException.getJdbcSQLException(DbException.java:489) ~[h2-2.4.240.jar:2.4.240]
	at org.h2.message.DbException.get(DbException.java:223) ~[h2-2.4.240.jar:2.4.240]
	at org.h2.message.DbException.get(DbException.java:199) ~[h2-2.4.240.jar:2.4.240]
	at org.h2.command.ddl.CreateIndex.update(CreateIndex.java:70) ~[h2-2.4.240.jar:2.4.240]
	at org.h2.command.CommandContainer.update(CommandContainer.java:139) ~[h2-2.4.240.jar:2.4.240]
	at org.h2.command.Command.executeUpdate(Command.java:306) ~[h2-2.4.240.jar:2.4.240]
	at org.h2.command.Command.executeUpdate(Command.java:250) ~[h2-2.4.240.jar:2.4.240]
	at org.h2.jdbc.JdbcStatement.executeInternal(JdbcStatement.java:262) ~[h2-2.4.240.jar:2.4.240]
	at org.h2.jdbc.JdbcStatement.execute(JdbcStatement.java:231) ~[h2-2.4.240.jar:2.4.240]
	at com.zaxxer.hikari.pool.ProxyStatement.execute(ProxyStatement.java:95) ~[HikariCP-7.0.2.jar:na]
	at com.zaxxer.hikari.pool.HikariProxyStatement.execute(HikariProxyStatement.java) ~[HikariCP-7.0.2.jar:na]
	at org.hibernate.tool.schema.internal.exec.GenerationTargetToDatabase.accept(GenerationTargetToDatabase.java:76) ~[hibernate-core-7.2.7.Final.jar:7.2.7.Final]
	... 131 common frames omitted

2026-05-21T18:55:34.182+05:30  WARN 15124 --- [EduResolve] [           main] o.h.t.s.i.ExceptionHandlerLoggedImpl     : GenerationTarget encountered exception accepting command : Error executing DDL "create index idx_pyq_year on previous_year_question (year)" via JDBC [Syntax error in SQL statement "create index idx_pyq_year on previous_year_question ([*]year)"; expected "identifier";]

org.hibernate.tool.schema.spi.CommandAcceptanceException: Error executing DDL "create index idx_pyq_year on previous_year_question (year)" via JDBC [Syntax error in SQL statement "create index idx_pyq_year on previous_year_question ([*]year)"; expected "identifier";]
	at org.hibernate.tool.schema.internal.exec.GenerationTargetToDatabase.accept(GenerationTargetToDatabase.java:81) ~[hibernate-core-7.2.7.Final.jar:7.2.7.Final]
	at org.hibernate.tool.schema.internal.Helper.applySqlString(Helper.java:218) ~[hibernate-core-7.2.7.Final.jar:7.2.7.Final]
	at org.hibernate.tool.schema.internal.Helper.applySqlStrings(Helper.java:204) ~[hibernate-core-7.2.7.Final.jar:7.2.7.Final]
	at org.hibernate.tool.schema.internal.SchemaCreatorImpl.createTableConstraints(SchemaCreatorImpl.java:366) ~[hibernate-core-7.2.7.Final.jar:7.2.7.Final]
	at org.hibernate.tool.schema.internal.SchemaCreatorImpl.createSequencesTablesConstraints(SchemaCreatorImpl.java:332) ~[hibernate-core-7.2.7.Final.jar:7.2.7.Final]
	at org.hibernate.tool.schema.internal.SchemaCreatorImpl.createFromMetadata(SchemaCreatorImpl.java:215) ~[hibernate-core-7.2.7.Final.jar:7.2.7.Final]
	at org.hibernate.tool.schema.internal.SchemaCreatorImpl.performCreation(SchemaCreatorImpl.java:151) ~[hibernate-core-7.2.7.Final.jar:7.2.7.Final]
	at org.hibernate.tool.schema.internal.SchemaCreatorImpl.doCreation(SchemaCreatorImpl.java:121) ~[hibernate-core-7.2.7.Final.jar:7.2.7.Final]
	at org.hibernate.tool.schema.internal.SchemaCreatorImpl.doCreation(SchemaCreatorImpl.java:97) ~[hibernate-core-7.2.7.Final.jar:7.2.7.Final]
	at org.hibernate.tool.schema.spi.SchemaManagementToolCoordinator.performDatabaseAction(SchemaManagementToolCoordinator.java:239) ~[hibernate-core-7.2.7.Final.jar:7.2.7.Final]
	at org.hibernate.tool.schema.spi.SchemaManagementToolCoordinator.lambda$process$1(SchemaManagementToolCoordinator.java:101) ~[hibernate-core-7.2.7.Final.jar:7.2.7.Final]
	at java.base/java.util.HashMap.forEach(HashMap.java:1429) ~[na:na]
	at org.hibernate.tool.schema.spi.SchemaManagementToolCoordinator.process(SchemaManagementToolCoordinator.java:100) ~[hibernate-core-7.2.7.Final.jar:7.2.7.Final]
	at org.hibernate.boot.internal.SessionFactoryObserverForSchemaExport.sessionFactoryCreated(SessionFactoryObserverForSchemaExport.java:35) ~[hibernate-core-7.2.7.Final.jar:7.2.7.Final]
	at org.hibernate.internal.SessionFactoryObserverChain.sessionFactoryCreated(SessionFactoryObserverChain.java:33) ~[hibernate-core-7.2.7.Final.jar:7.2.7.Final]
	at org.hibernate.internal.SessionFactoryImpl.<init>(SessionFactoryImpl.java:323) ~[hibernate-core-7.2.7.Final.jar:7.2.7.Final]
	at org.hibernate.internal.SessionFactoryRegistry.instantiateSessionFactory(SessionFactoryRegistry.java:64) ~[hibernate-core-7.2.7.Final.jar:7.2.7.Final]
	at org.hibernate.boot.internal.SessionFactoryBuilderImpl.build(SessionFactoryBuilderImpl.java:437) ~[hibernate-core-7.2.7.Final.jar:7.2.7.Final]
	at org.hibernate.jpa.boot.internal.EntityManagerFactoryBuilderImpl.build(EntityManagerFactoryBuilderImpl.java:1456) ~[hibernate-core-7.2.7.Final.jar:7.2.7.Final]
	at org.springframework.orm.jpa.vendor.SpringHibernateJpaPersistenceProvider.createContainerEntityManagerFactory(SpringHibernateJpaPersistenceProvider.java:93) ~[spring-orm-7.0.6.jar:7.0.6]
	at org.springframework.orm.jpa.LocalContainerEntityManagerFactoryBean.createNativeEntityManagerFactory(LocalContainerEntityManagerFactoryBean.java:443) ~[spring-orm-7.0.6.jar:7.0.6]
	at org.springframework.orm.jpa.AbstractEntityManagerFactoryBean.buildNativeEntityManagerFactory(AbstractEntityManagerFactoryBean.java:436) ~[spring-orm-7.0.6.jar:7.0.6]
	at org.springframework.orm.jpa.AbstractEntityManagerFactoryBean.afterPropertiesSet(AbstractEntityManagerFactoryBean.java:411) ~[spring-orm-7.0.6.jar:7.0.6]
	at org.springframework.orm.jpa.LocalContainerEntityManagerFactoryBean.afterPropertiesSet(LocalContainerEntityManagerFactoryBean.java:419) ~[spring-orm-7.0.6.jar:7.0.6]
	at org.springframework.beans.factory.support.AbstractAutowireCapableBeanFactory.invokeInitMethods(AbstractAutowireCapableBeanFactory.java:1864) ~[spring-beans-7.0.6.jar:7.0.6]
	at org.springframework.beans.factory.support.AbstractAutowireCapableBeanFactory.initializeBean(AbstractAutowireCapableBeanFactory.java:1813) ~[spring-beans-7.0.6.jar:7.0.6]
	at org.springframework.beans.factory.support.AbstractAutowireCapableBeanFactory.doCreateBean(AbstractAutowireCapableBeanFactory.java:603) ~[spring-beans-7.0.6.jar:7.0.6]
	at org.springframework.beans.factory.support.AbstractAutowireCapableBeanFactory.createBean(AbstractAutowireCapableBeanFactory.java:525) ~[spring-beans-7.0.6.jar:7.0.6]
	at org.springframework.beans.factory.support.AbstractBeanFactory.lambda$doGetBean$0(AbstractBeanFactory.java:333) ~[spring-beans-7.0.6.jar:7.0.6]
	at org.springframework.beans.factory.support.DefaultSingletonBeanRegistry.getSingleton(DefaultSingletonBeanRegistry.java:371) ~[spring-beans-7.0.6.jar:7.0.6]
	at org.springframework.beans.factory.support.AbstractBeanFactory.doGetBean(AbstractBeanFactory.java:331) ~[spring-beans-7.0.6.jar:7.0.6]
	at org.springframework.beans.factory.support.AbstractBeanFactory.getBean(AbstractBeanFactory.java:201) ~[spring-beans-7.0.6.jar:7.0.6]
	at org.springframework.context.support.AbstractApplicationContext.finishBeanFactoryInitialization(AbstractApplicationContext.java:977) ~[spring-context-7.0.6.jar:7.0.6]
	at org.springframework.context.support.AbstractApplicationContext.refresh(AbstractApplicationContext.java:621) ~[spring-context-7.0.6.jar:7.0.6]
	at org.springframework.boot.SpringApplication.refresh(SpringApplication.java:756) ~[spring-boot-4.0.5.jar:4.0.5]
	at org.springframework.boot.SpringApplication.refreshContext(SpringApplication.java:445) ~[spring-boot-4.0.5.jar:4.0.5]
	at org.springframework.boot.SpringApplication.run(SpringApplication.java:321) ~[spring-boot-4.0.5.jar:4.0.5]
	at org.springframework.boot.test.context.SpringBootContextLoader.lambda$loadContext$2(SpringBootContextLoader.java:155) ~[spring-boot-test-4.0.5.jar:4.0.5]
	at org.springframework.util.function.ThrowingSupplier.get(ThrowingSupplier.java:58) ~[spring-core-7.0.6.jar:7.0.6]
	at org.springframework.util.function.ThrowingSupplier.get(ThrowingSupplier.java:46) ~[spring-core-7.0.6.jar:7.0.6]
	at org.springframework.boot.SpringApplication.withHook(SpringApplication.java:1465) ~[spring-boot-4.0.5.jar:4.0.5]
	at org.springframework.boot.test.context.SpringBootContextLoader$ContextLoaderHook.run(SpringBootContextLoader.java:600) ~[spring-boot-test-4.0.5.jar:4.0.5]
	at org.springframework.boot.test.context.SpringBootContextLoader.loadContext(SpringBootContextLoader.java:155) ~[spring-boot-test-4.0.5.jar:4.0.5]
	at org.springframework.boot.test.context.SpringBootContextLoader.loadContext(SpringBootContextLoader.java:114) ~[spring-boot-test-4.0.5.jar:4.0.5]
	at org.springframework.test.context.cache.DefaultCacheAwareContextLoaderDelegate.loadContextInternal(DefaultCacheAwareContextLoaderDelegate.java:247) ~[spring-test-7.0.6.jar:7.0.6]
	at org.springframework.test.context.cache.DefaultCacheAwareContextLoaderDelegate.lambda$loadContext$0(DefaultCacheAwareContextLoaderDelegate.java:167) ~[spring-test-7.0.6.jar:7.0.6]
	at org.springframework.test.context.cache.DefaultContextCache.put(DefaultContextCache.java:214) ~[spring-test-7.0.6.jar:7.0.6]
	at org.springframework.test.context.cache.DefaultCacheAwareContextLoaderDelegate.loadContext(DefaultCacheAwareContextLoaderDelegate.java:160) ~[spring-test-7.0.6.jar:7.0.6]
	at org.springframework.test.context.support.DefaultTestContext.getApplicationContext(DefaultTestContext.java:128) ~[spring-test-7.0.6.jar:7.0.6]
	at org.springframework.test.context.web.ServletTestExecutionListener.setUpRequestContextIfNecessary(ServletTestExecutionListener.java:200) ~[spring-test-7.0.6.jar:7.0.6]
	at org.springframework.test.context.web.ServletTestExecutionListener.prepareTestInstance(ServletTestExecutionListener.java:139) ~[spring-test-7.0.6.jar:7.0.6]
	at org.springframework.test.context.TestContextManager.prepareTestInstance(TestContextManager.java:260) ~[spring-test-7.0.6.jar:7.0.6]
	at org.springframework.test.context.junit.jupiter.SpringExtension.postProcessTestInstance(SpringExtension.java:210) ~[spring-test-7.0.6.jar:7.0.6]
	at org.junit.jupiter.engine.descriptor.ClassBasedTestDescriptor.lambda$invokeTestInstancePostProcessors$1(ClassBasedTestDescriptor.java:423) ~[junit-jupiter-engine-6.0.3.jar:6.0.3]
	at org.junit.jupiter.engine.descriptor.ClassBasedTestDescriptor.executeAndMaskThrowable(ClassBasedTestDescriptor.java:428) ~[junit-jupiter-engine-6.0.3.jar:6.0.3]
	at org.junit.jupiter.engine.descriptor.ClassBasedTestDescriptor.lambda$invokeTestInstancePostProcessors$0(ClassBasedTestDescriptor.java:422) ~[junit-jupiter-engine-6.0.3.jar:6.0.3]
	at java.base/java.util.stream.ForEachOps$ForEachOp$OfRef.accept(ForEachOps.java:184) ~[na:na]
	at java.base/java.util.stream.ReferencePipeline$3$1.accept(ReferencePipeline.java:197) ~[na:na]
	at java.base/java.util.stream.ReferencePipeline$2$1.accept(ReferencePipeline.java:179) ~[na:na]
	at java.base/java.util.stream.ReferencePipeline$3$1.accept(ReferencePipeline.java:197) ~[na:na]
	at java.base/java.util.ArrayList$ArrayListSpliterator.forEachRemaining(ArrayList.java:1708) ~[na:na]
	at java.base/java.util.stream.AbstractPipeline.copyInto(AbstractPipeline.java:509) ~[na:na]
	at java.base/java.util.stream.AbstractPipeline.wrapAndCopyInto(AbstractPipeline.java:499) ~[na:na]
	at java.base/java.util.stream.ForEachOps$ForEachOp.evaluateSequential(ForEachOps.java:151) ~[na:na]
	at java.base/java.util.stream.ForEachOps$ForEachOp$OfRef.evaluateSequential(ForEachOps.java:174) ~[na:na]
	at java.base/java.util.stream.AbstractPipeline.evaluate(AbstractPipeline.java:234) ~[na:na]
	at java.base/java.util.stream.ReferencePipeline.forEach(ReferencePipeline.java:596) ~[na:na]
	at org.junit.jupiter.engine.descriptor.ClassBasedTestDescriptor.invokeTestInstancePostProcessors(ClassBasedTestDescriptor.java:422) ~[junit-jupiter-engine-6.0.3.jar:6.0.3]
	at org.junit.jupiter.engine.descriptor.ClassBasedTestDescriptor.lambda$instantiateAndPostProcessTestInstance$0(ClassBasedTestDescriptor.java:334) ~[junit-jupiter-engine-6.0.3.jar:6.0.3]
	at org.junit.platform.engine.support.hierarchical.ThrowableCollector.execute(ThrowableCollector.java:74) ~[junit-platform-engine-6.0.3.jar:6.0.3]
	at org.junit.jupiter.engine.descriptor.ClassBasedTestDescriptor.instantiateAndPostProcessTestInstance(ClassBasedTestDescriptor.java:333) ~[junit-jupiter-engine-6.0.3.jar:6.0.3]
	at org.junit.jupiter.engine.descriptor.ClassBasedTestDescriptor.lambda$testInstancesProvider$1(ClassBasedTestDescriptor.java:322) ~[junit-jupiter-engine-6.0.3.jar:6.0.3]
	at java.base/java.util.Optional.orElseGet(Optional.java:364) ~[na:na]
	at org.junit.jupiter.engine.descriptor.ClassBasedTestDescriptor.lambda$testInstancesProvider$0(ClassBasedTestDescriptor.java:321) ~[junit-jupiter-engine-6.0.3.jar:6.0.3]
	at org.junit.jupiter.engine.execution.TestInstancesProvider.getTestInstances(TestInstancesProvider.java:27) ~[junit-jupiter-engine-6.0.3.jar:6.0.3]
	at org.junit.jupiter.engine.descriptor.TestMethodTestDescriptor.lambda$prepare$0(TestMethodTestDescriptor.java:127) ~[junit-jupiter-engine-6.0.3.jar:6.0.3]
	at org.junit.platform.engine.support.hierarchical.ThrowableCollector.execute(ThrowableCollector.java:74) ~[junit-platform-engine-6.0.3.jar:6.0.3]
	at org.junit.jupiter.engine.descriptor.TestMethodTestDescriptor.prepare(TestMethodTestDescriptor.java:126) ~[junit-jupiter-engine-6.0.3.jar:6.0.3]
	at org.junit.jupiter.engine.descriptor.TestMethodTestDescriptor.prepare(TestMethodTestDescriptor.java:70) ~[junit-jupiter-engine-6.0.3.jar:6.0.3]
	at org.junit.platform.engine.support.hierarchical.NodeTestTask.lambda$prepare$0(NodeTestTask.java:144) ~[junit-platform-engine-6.0.3.jar:6.0.3]
	at org.junit.platform.engine.support.hierarchical.ThrowableCollector.execute(ThrowableCollector.java:74) ~[junit-platform-engine-6.0.3.jar:6.0.3]
	at org.junit.platform.engine.support.hierarchical.NodeTestTask.prepare(NodeTestTask.java:144) ~[junit-platform-engine-6.0.3.jar:6.0.3]
	at org.junit.platform.engine.support.hierarchical.NodeTestTask.execute(NodeTestTask.java:110) ~[junit-platform-engine-6.0.3.jar:6.0.3]
	at java.base/java.util.ArrayList.forEach(ArrayList.java:1596) ~[na:na]
	at org.junit.platform.engine.support.hierarchical.SameThreadHierarchicalTestExecutorService.invokeAll(SameThreadHierarchicalTestExecutorService.java:42) ~[junit-platform-engine-6.0.3.jar:6.0.3]
	at org.junit.platform.engine.support.hierarchical.NodeTestTask.lambda$executeRecursively$2(NodeTestTask.java:180) ~[junit-platform-engine-6.0.3.jar:6.0.3]
	at org.junit.platform.engine.support.hierarchical.ThrowableCollector.execute(ThrowableCollector.java:74) ~[junit-platform-engine-6.0.3.jar:6.0.3]
	at org.junit.platform.engine.support.hierarchical.NodeTestTask.lambda$executeRecursively$1(NodeTestTask.java:166) ~[junit-platform-engine-6.0.3.jar:6.0.3]
	at org.junit.platform.engine.support.hierarchical.Node.around(Node.java:138) ~[junit-platform-engine-6.0.3.jar:6.0.3]
	at org.junit.platform.engine.support.hierarchical.NodeTestTask.lambda$executeRecursively$0(NodeTestTask.java:164) ~[junit-platform-engine-6.0.3.jar:6.0.3]
	at org.junit.platform.engine.support.hierarchical.ThrowableCollector.execute(ThrowableCollector.java:74) ~[junit-platform-engine-6.0.3.jar:6.0.3]
	at org.junit.platform.engine.support.hierarchical.NodeTestTask.executeRecursively(NodeTestTask.java:163) ~[junit-platform-engine-6.0.3.jar:6.0.3]
	at org.junit.platform.engine.support.hierarchical.NodeTestTask.execute(NodeTestTask.java:116) ~[junit-platform-engine-6.0.3.jar:6.0.3]
	at java.base/java.util.ArrayList.forEach(ArrayList.java:1596) ~[na:na]
	at org.junit.platform.engine.support.hierarchical.SameThreadHierarchicalTestExecutorService.invokeAll(SameThreadHierarchicalTestExecutorService.java:42) ~[junit-platform-engine-6.0.3.jar:6.0.3]
	at org.junit.platform.engine.support.hierarchical.NodeTestTask.lambda$executeRecursively$2(NodeTestTask.java:180) ~[junit-platform-engine-6.0.3.jar:6.0.3]
	at org.junit.platform.engine.support.hierarchical.ThrowableCollector.execute(ThrowableCollector.java:74) ~[junit-platform-engine-6.0.3.jar:6.0.3]
	at org.junit.platform.engine.support.hierarchical.NodeTestTask.lambda$executeRecursively$1(NodeTestTask.java:166) ~[junit-platform-engine-6.0.3.jar:6.0.3]
	at org.junit.platform.engine.support.hierarchical.Node.around(Node.java:138) ~[junit-platform-engine-6.0.3.jar:6.0.3]
	at org.junit.platform.engine.support.hierarchical.NodeTestTask.lambda$executeRecursively$0(NodeTestTask.java:164) ~[junit-platform-engine-6.0.3.jar:6.0.3]
	at org.junit.platform.engine.support.hierarchical.ThrowableCollector.execute(ThrowableCollector.java:74) ~[junit-platform-engine-6.0.3.jar:6.0.3]
	at org.junit.platform.engine.support.hierarchical.NodeTestTask.executeRecursively(NodeTestTask.java:163) ~[junit-platform-engine-6.0.3.jar:6.0.3]
	at org.junit.platform.engine.support.hierarchical.NodeTestTask.execute(NodeTestTask.java:116) ~[junit-platform-engine-6.0.3.jar:6.0.3]
	at org.junit.platform.engine.support.hierarchical.SameThreadHierarchicalTestExecutorService.submit(SameThreadHierarchicalTestExecutorService.java:36) ~[junit-platform-engine-6.0.3.jar:6.0.3]
	at org.junit.platform.engine.support.hierarchical.HierarchicalTestExecutor.execute(HierarchicalTestExecutor.java:52) ~[junit-platform-engine-6.0.3.jar:6.0.3]
	at org.junit.platform.engine.support.hierarchical.HierarchicalTestEngine.execute(HierarchicalTestEngine.java:58) ~[junit-platform-engine-6.0.3.jar:6.0.3]
	at org.junit.platform.launcher.core.EngineExecutionOrchestrator.executeEngine(EngineExecutionOrchestrator.java:246) ~[junit-platform-launcher-6.0.3.jar:6.0.3]
	at org.junit.platform.launcher.core.EngineExecutionOrchestrator.failOrExecuteEngine(EngineExecutionOrchestrator.java:218) ~[junit-platform-launcher-6.0.3.jar:6.0.3]
	at org.junit.platform.launcher.core.EngineExecutionOrchestrator.execute(EngineExecutionOrchestrator.java:179) ~[junit-platform-launcher-6.0.3.jar:6.0.3]
	at org.junit.platform.launcher.core.EngineExecutionOrchestrator.execute(EngineExecutionOrchestrator.java:108) ~[junit-platform-launcher-6.0.3.jar:6.0.3]
	at org.junit.platform.launcher.core.EngineExecutionOrchestrator.lambda$execute$0(EngineExecutionOrchestrator.java:66) ~[junit-platform-launcher-6.0.3.jar:6.0.3]
	at org.junit.platform.launcher.core.EngineExecutionOrchestrator.withInterceptedStreams(EngineExecutionOrchestrator.java:157) ~[junit-platform-launcher-6.0.3.jar:6.0.3]
	at org.junit.platform.launcher.core.EngineExecutionOrchestrator.execute(EngineExecutionOrchestrator.java:65) ~[junit-platform-launcher-6.0.3.jar:6.0.3]
	at org.junit.platform.launcher.core.DefaultLauncher.execute(DefaultLauncher.java:125) ~[junit-platform-launcher-6.0.3.jar:6.0.3]
	at org.junit.platform.launcher.core.DefaultLauncher.execute(DefaultLauncher.java:114) ~[junit-platform-launcher-6.0.3.jar:6.0.3]
	at org.junit.platform.launcher.core.DelegatingLauncher.execute(DelegatingLauncher.java:58) ~[junit-platform-launcher-6.0.3.jar:6.0.3]
	at org.junit.platform.launcher.core.InterceptingLauncher.lambda$execute$2(InterceptingLauncher.java:57) ~[junit-platform-launcher-6.0.3.jar:6.0.3]
	at org.junit.platform.launcher.core.ClasspathAlignmentCheckingLauncherInterceptor.intercept(ClasspathAlignmentCheckingLauncherInterceptor.java:25) ~[junit-platform-launcher-6.0.3.jar:6.0.3]
	at org.junit.platform.launcher.core.InterceptingLauncher.execute(InterceptingLauncher.java:56) ~[junit-platform-launcher-6.0.3.jar:6.0.3]
	at org.junit.platform.launcher.core.DelegatingLauncher.execute(DelegatingLauncher.java:58) ~[junit-platform-launcher-6.0.3.jar:6.0.3]
	at java.base/jdk.internal.reflect.DirectMethodHandleAccessor.invoke(DirectMethodHandleAccessor.java:103) ~[na:na]
	at java.base/java.lang.reflect.Method.invoke(Method.java:580) ~[na:na]
	at org.apache.maven.surefire.api.util.ReflectionUtils.invokeMethodWithArray(ReflectionUtils.java:125) ~[surefire-api-3.5.5.jar:3.5.5]
	at org.apache.maven.surefire.junitplatform.LauncherAdapter.executeWithCancellationToken(LauncherAdapter.java:68) ~[surefire-junit-platform-3.5.5.jar:3.5.5]
	at org.apache.maven.surefire.junitplatform.LauncherAdapter.execute(LauncherAdapter.java:54) ~[surefire-junit-platform-3.5.5.jar:3.5.5]
	at org.apache.maven.surefire.junitplatform.JUnitPlatformProvider.execute(JUnitPlatformProvider.java:203) ~[surefire-junit-platform-3.5.5.jar:3.5.5]
	at org.apache.maven.surefire.junitplatform.JUnitPlatformProvider.invokeAllTests(JUnitPlatformProvider.java:168) ~[surefire-junit-platform-3.5.5.jar:3.5.5]
	at org.apache.maven.surefire.junitplatform.JUnitPlatformProvider.invoke(JUnitPlatformProvider.java:136) ~[surefire-junit-platform-3.5.5.jar:3.5.5]
	at org.apache.maven.surefire.booter.ForkedBooter.runSuitesInProcess(ForkedBooter.java:385) ~[surefire-booter-3.5.5.jar:3.5.5]
	at org.apache.maven.surefire.booter.ForkedBooter.execute(ForkedBooter.java:162) ~[surefire-booter-3.5.5.jar:3.5.5]
	at org.apache.maven.surefire.booter.ForkedBooter.run(ForkedBooter.java:507) ~[surefire-booter-3.5.5.jar:3.5.5]
	at org.apache.maven.surefire.booter.ForkedBooter.main(ForkedBooter.java:495) ~[surefire-booter-3.5.5.jar:3.5.5]
Caused by: org.h2.jdbc.JdbcSQLSyntaxErrorException: Syntax error in SQL statement "create index idx_pyq_year on previous_year_question ([*]year)"; expected "identifier"; SQL statement:
create index idx_pyq_year on previous_year_question (year) [42001-240]
	at org.h2.message.DbException.getJdbcSQLException(DbException.java:514) ~[h2-2.4.240.jar:2.4.240]
	at org.h2.message.DbException.getJdbcSQLException(DbException.java:489) ~[h2-2.4.240.jar:2.4.240]
	at org.h2.message.DbException.getSyntaxError(DbException.java:261) ~[h2-2.4.240.jar:2.4.240]
	at org.h2.command.Parser.readIdentifier(Parser.java:5568) ~[h2-2.4.240.jar:2.4.240]
	at org.h2.command.Parser.parseIndexColumnList(Parser.java:1126) ~[h2-2.4.240.jar:2.4.240]
	at org.h2.command.Parser.parseCreate(Parser.java:6556) ~[h2-2.4.240.jar:2.4.240]
	at org.h2.command.Parser.parsePrepared(Parser.java:648) ~[h2-2.4.240.jar:2.4.240]
	at org.h2.command.Parser.parse(Parser.java:584) ~[h2-2.4.240.jar:2.4.240]
	at org.h2.command.Parser.parse(Parser.java:559) ~[h2-2.4.240.jar:2.4.240]
	at org.h2.command.Parser.prepareCommand(Parser.java:487) ~[h2-2.4.240.jar:2.4.240]
	at org.h2.engine.SessionLocal.prepareLocal(SessionLocal.java:647) ~[h2-2.4.240.jar:2.4.240]
	at org.h2.engine.SessionLocal.prepareCommand(SessionLocal.java:563) ~[h2-2.4.240.jar:2.4.240]
	at org.h2.jdbc.JdbcConnection.prepareCommand(JdbcConnection.java:1160) ~[h2-2.4.240.jar:2.4.240]
	at org.h2.jdbc.JdbcStatement.executeInternal(JdbcStatement.java:245) ~[h2-2.4.240.jar:2.4.240]
	at org.h2.jdbc.JdbcStatement.execute(JdbcStatement.java:231) ~[h2-2.4.240.jar:2.4.240]
	at com.zaxxer.hikari.pool.ProxyStatement.execute(ProxyStatement.java:95) ~[HikariCP-7.0.2.jar:na]
	at com.zaxxer.hikari.pool.HikariProxyStatement.execute(HikariProxyStatement.java) ~[HikariCP-7.0.2.jar:na]
	at org.hibernate.tool.schema.internal.exec.GenerationTargetToDatabase.accept(GenerationTargetToDatabase.java:76) ~[hibernate-core-7.2.7.Final.jar:7.2.7.Final]
	... 131 common frames omitted

2026-05-21T18:55:38.016+05:30  WARN 15124 --- [EduResolve] [           main] o.s.w.c.s.GenericWebApplicationContext   : Exception encountered during context initialization - cancelling refresh attempt: org.springframework.beans.factory.UnsatisfiedDependencyException: Error creating bean with name 'teacherAttendanceController' defined in file [C:\Users\erabh\OneDrive\Desktop\learningNinjas\EduResolve_Backend\target\classes\com\forgeStackk\EduResolve\controller\teacher\TeacherAttendanceController.class]: Unsatisfied dependency expressed through constructor parameter 0: Error creating bean with name 'attendanceService' defined in file [C:\Users\erabh\OneDrive\Desktop\learningNinjas\EduResolve_Backend\target\classes\com\forgeStackk\EduResolve\service\teacher\AttendanceService.class]: Unsatisfied dependency expressed through constructor parameter 6: No qualifying bean of type 'com.fasterxml.jackson.databind.ObjectMapper' available: expected at least 1 bean which qualifies as autowire candidate. Dependency annotations: {}
2026-05-21T18:55:38.033+05:30 ERROR 15124 --- [EduResolve] [           main] org.hibernate.orm.core                   : HHH000478: Unsuccessful: set client_min_messages = WARNING



============================
CONDITIONS EVALUATION REPORT
============================


Positive matches:
-----------------

   AopAutoConfiguration matched:
      - @ConditionalOnBooleanProperty (spring.aop.auto=true) matched 
(OnPropertyCondition)

   AopAutoConfiguration.AspectJAutoProxyingConfiguration matched:
      - @ConditionalOnClass found required class 'org.aspectj.weaver.Advice' 
(OnClassCondition)

   AopAutoConfiguration.AspectJAutoProxyingConfiguration.CglibAutoProxyConfigur
ation matched:
      - @ConditionalOnBooleanProperty (spring.aop.proxy-target-class=true) 
matched (OnPropertyCondition)

   ApplicationAvailabilityAutoConfiguration#applicationAvailability matched:
      - @ConditionalOnMissingBean (types: 
org.springframework.boot.availability.ApplicationAvailability; SearchStrategy: 
all) did not find any beans (OnBeanCondition)

   AvailabilityHealthContributorAutoConfiguration matched:
      - @ConditionalOnClass found required class 
'org.springframework.boot.health.contributor.Health' (OnClassCondition)

   AvailabilityProbesAutoConfiguration matched:
      - @ConditionalOnClass found required class 
'org.springframework.boot.actuate.endpoint.annotation.Endpoint' 
(OnClassCondition)
      - @ConditionalOnBooleanProperty 
(management.endpoint.health.probes.enabled=true) matched (OnPropertyCondition)

   AvailabilityProbesAutoConfiguration#livenessStateHealthIndicator matched:
      - @ConditionalOnMissingBean (names: livenessStateHealthIndicator; 
SearchStrategy: all) did not find any beans (OnBeanCondition)

   AvailabilityProbesAutoConfiguration#readinessStateHealthIndicator matched:
      - @ConditionalOnMissingBean (names: readinessStateHealthIndicator; 
SearchStrategy: all) did not find any beans (OnBeanCondition)

   CodecsAutoConfiguration matched:
      - @ConditionalOnClass found required classes 
'org.springframework.http.codec.CodecConfigurer', 
'org.springframework.web.reactive.function.client.WebClient' (OnClassCondition)

   CodecsAutoConfiguration.JacksonJsonCodecConfiguration matched:
      - @ConditionalOnClass found required class 
'tools.jackson.databind.json.JsonMapper' (OnClassCondition)
      - @ConditionalOnProperty 
(spring.http.codecs.preferred-json-mapper=jackson) matched 
(OnPropertyCondition)

   
CodecsAutoConfiguration.JacksonJsonCodecConfiguration#jacksonCodecCustomizer 
matched:
      - @ConditionalOnBean (types: tools.jackson.databind.json.JsonMapper; 
SearchStrategy: all) found bean 'jacksonJsonMapper' (OnBeanCondition)

   CompositeMeterRegistryAutoConfiguration matched:
      - @ConditionalOnClass found required class 
'io.micrometer.core.instrument.composite.CompositeMeterRegistry' 
(OnClassCondition)

   DataJpaRepositoriesAutoConfiguration matched:
      - @ConditionalOnClass found required class 
'org.springframework.data.jpa.repository.JpaRepository' (OnClassCondition)
      - @ConditionalOnBooleanProperty 
(spring.data.jpa.repositories.enabled=true) matched (OnPropertyCondition)
      - @ConditionalOnBean (types: javax.sql.DataSource; SearchStrategy: all) 
found bean 'dataSource'; @ConditionalOnMissingBean (types: org.springframework.
data.jpa.repository.support.JpaRepositoryFactoryBean,org.springframework.data.j
pa.repository.config.JpaRepositoryConfigExtension; SearchStrategy: all) did 
not find any beans (OnBeanCondition)

   DataRepositoryMetricsAutoConfiguration matched:
      - @ConditionalOnClass found required class 
'org.springframework.data.repository.Repository' (OnClassCondition)
      - @ConditionalOnBean (types: 
io.micrometer.core.instrument.MeterRegistry; SearchStrategy: all) found bean 
'simpleMeterRegistry' (OnBeanCondition)

   DataRepositoryMetricsAutoConfiguration#metricsRepositoryMethodInvocationList
ener matched:
      - @ConditionalOnMissingBean (types: org.springframework.boot.data.metrics
.MetricsRepositoryMethodInvocationListener; SearchStrategy: all) did not find 
any beans (OnBeanCondition)

   DataRepositoryMetricsAutoConfiguration#repositoryTagsProvider matched:
      - @ConditionalOnMissingBean (types: 
org.springframework.boot.data.metrics.RepositoryTagsProvider; SearchStrategy: 
all) did not find any beans (OnBeanCondition)

   DataSourceAutoConfiguration matched:
      - @ConditionalOnClass found required classes 'javax.sql.DataSource', 
'org.springframework.jdbc.datasource.embedded.EmbeddedDatabaseType' 
(OnClassCondition)
      - @ConditionalOnMissingBean (types: io.r2dbc.spi.ConnectionFactory; 
SearchStrategy: all) did not find any beans (OnBeanCondition)

   DataSourceAutoConfiguration.PooledDataSourceConfiguration matched:
      - AnyNestedCondition 1 matched 1 did not; NestedCondition on DataSourceAu
toConfiguration.PooledDataSourceCondition.PooledDataSourceAvailable 
PooledDataSource found supported DataSource; NestedCondition on 
DataSourceAutoConfiguration.PooledDataSourceCondition.ExplicitType 
@ConditionalOnProperty (spring.datasource.type) did not find property 
'spring.datasource.type' 
(DataSourceAutoConfiguration.PooledDataSourceCondition)
      - @ConditionalOnMissingBean (types: 
javax.sql.DataSource,javax.sql.XADataSource; SearchStrategy: all) did not find 
any beans (OnBeanCondition)

   DataSourceAutoConfiguration.PooledDataSourceConfiguration#jdbcConnectionDeta
ils matched:
      - @ConditionalOnMissingBean (types: 
org.springframework.boot.jdbc.autoconfigure.JdbcConnectionDetails; 
SearchStrategy: all) did not find any beans (OnBeanCondition)

   DataSourceConfiguration.Hikari matched:
      - @ConditionalOnClass found required class 
'com.zaxxer.hikari.HikariDataSource' (OnClassCondition)
      - @ConditionalOnProperty 
(spring.datasource.type=com.zaxxer.hikari.HikariDataSource) matched 
(OnPropertyCondition)
      - @ConditionalOnMissingBean (types: javax.sql.DataSource; 
SearchStrategy: all) did not find any beans (OnBeanCondition)

   DataSourceHealthContributorAutoConfiguration matched:
      - @ConditionalOnClass found required classes 
'org.springframework.jdbc.core.JdbcTemplate', 
'org.springframework.jdbc.datasource.lookup.AbstractRoutingDataSource', 'org.sp
ringframework.boot.health.autoconfigure.contributor.ConditionalOnEnabledHealthI
ndicator' (OnClassCondition)
      - @ConditionalOnEnabledHealthIndicator 
management.health.defaults.enabled is considered true 
(OnEnabledHealthIndicatorCondition)
      - @ConditionalOnBean (types: javax.sql.DataSource; SearchStrategy: all) 
found bean 'dataSource' (OnBeanCondition)

   DataSourceHealthContributorAutoConfiguration#dbHealthContributor matched:
      - @ConditionalOnMissingBean (names: 
dbHealthIndicator,dbHealthContributor; SearchStrategy: all) did not find any 
beans (OnBeanCondition)

   DataSourcePoolMetadataProvidersConfiguration.HikariPoolDataSourceMetadataPro
viderConfiguration matched:
      - @ConditionalOnClass found required class 
'com.zaxxer.hikari.HikariDataSource' (OnClassCondition)

   DataSourcePoolMetricsAutoConfiguration matched:
      - @ConditionalOnClass found required classes 'javax.sql.DataSource', 
'io.micrometer.core.instrument.MeterRegistry' (OnClassCondition)
      - @ConditionalOnBean (types: 
javax.sql.DataSource,io.micrometer.core.instrument.MeterRegistry; 
SearchStrategy: all) found beans 'simpleMeterRegistry', 'dataSource' 
(OnBeanCondition)

   DataSourcePoolMetricsAutoConfiguration.DataSourcePoolMetadataMetricsConfigur
ation matched:
      - @ConditionalOnBean (types: 
org.springframework.boot.jdbc.metadata.DataSourcePoolMetadataProvider; 
SearchStrategy: all) found bean 'hikariPoolDataSourceMetadataProvider' 
(OnBeanCondition)

   DataSourcePoolMetricsAutoConfiguration.HikariDataSourceMetricsConfiguration 
matched:
      - @ConditionalOnClass found required class 
'com.zaxxer.hikari.HikariDataSource' (OnClassCondition)

   DataSourceTransactionManagerAutoConfiguration matched:
      - @ConditionalOnClass found required classes 'javax.sql.DataSource', 
'org.springframework.jdbc.core.JdbcTemplate', 
'org.springframework.transaction.TransactionManager' (OnClassCondition)

   DataSourceTransactionManagerAutoConfiguration.JdbcTransactionManagerConfigur
ation matched:
      - @ConditionalOnSingleCandidate (types: javax.sql.DataSource; 
SearchStrategy: all) found a single bean 'dataSource' (OnBeanCondition)

   DataWebAutoConfiguration matched:
      - @ConditionalOnClass found required classes 
'org.springframework.data.web.PageableHandlerMethodArgumentResolver', 
'org.springframework.web.servlet.config.annotation.WebMvcConfigurer' 
(OnClassCondition)
      - found 'session' scope (OnWebApplicationCondition)
      - @ConditionalOnMissingBean (types: 
org.springframework.data.web.PageableHandlerMethodArgumentResolver; 
SearchStrategy: all) did not find any beans (OnBeanCondition)

   DataWebAutoConfiguration#pageableCustomizer matched:
      - @ConditionalOnMissingBean (types: org.springframework.data.web.config.P
ageableHandlerMethodArgumentResolverCustomizer; SearchStrategy: all) did not 
find any beans (OnBeanCondition)

   DataWebAutoConfiguration#sortCustomizer matched:
      - @ConditionalOnMissingBean (types: org.springframework.data.web.config.S
ortHandlerMethodArgumentResolverCustomizer; SearchStrategy: all) did not find 
any beans (OnBeanCondition)

   DataWebAutoConfiguration#springDataWebSettings matched:
      - @ConditionalOnMissingBean (types: 
org.springframework.data.web.config.SpringDataWebSettings; SearchStrategy: 
all) did not find any beans (OnBeanCondition)

   DiskSpaceHealthContributorAutoConfiguration matched:
      - @ConditionalOnClass found required class 
'org.springframework.boot.health.contributor.Health' (OnClassCondition)
      - @ConditionalOnEnabledHealthIndicator 
management.health.defaults.enabled is considered true 
(OnEnabledHealthIndicatorCondition)

   DiskSpaceHealthContributorAutoConfiguration#diskSpaceHealthIndicator 
matched:
      - @ConditionalOnMissingBean (names: diskSpaceHealthIndicator; 
SearchStrategy: all) did not find any beans (OnBeanCondition)

   DispatcherServletAutoConfiguration matched:
      - @ConditionalOnClass found required class 
'org.springframework.web.servlet.DispatcherServlet' (OnClassCondition)
      - found 'session' scope (OnWebApplicationCondition)

   DispatcherServletAutoConfiguration.DispatcherServletConfiguration matched:
      - @ConditionalOnClass found required class 
'jakarta.servlet.ServletRegistration' (OnClassCondition)
      - Default DispatcherServlet did not find dispatcher servlet beans 
(DispatcherServletAutoConfiguration.DefaultDispatcherServletCondition)

   
DispatcherServletAutoConfiguration.DispatcherServletRegistrationConfiguration 
matched:
      - @ConditionalOnClass found required class 
'jakarta.servlet.ServletRegistration' (OnClassCondition)
      - DispatcherServlet Registration did not find servlet registration bean 
(DispatcherServletAutoConfiguration.DispatcherServletRegistrationCondition)

   DispatcherServletAutoConfiguration.DispatcherServletRegistrationConfiguratio
n#dispatcherServletRegistration matched:
      - @ConditionalOnBean (names: dispatcherServlet types: 
org.springframework.web.servlet.DispatcherServlet; SearchStrategy: all) found 
bean 'dispatcherServlet' (OnBeanCondition)

   EndpointAutoConfiguration#endpointCachingOperationInvokerAdvisor matched:
      - @ConditionalOnMissingBean (types: org.springframework.boot.actuate.endp
oint.invoker.cache.CachingOperationInvokerAdvisor; SearchStrategy: all) did 
not find any beans (OnBeanCondition)

   EndpointAutoConfiguration#endpointOperationParameterMapper matched:
      - @ConditionalOnMissingBean (types: 
org.springframework.boot.actuate.endpoint.invoke.ParameterValueMapper; 
SearchStrategy: all) did not find any beans (OnBeanCondition)

   EndpointAutoConfiguration#propertiesEndpointAccessResolver matched:
      - @ConditionalOnMissingBean (types: 
org.springframework.boot.actuate.endpoint.EndpointAccessResolver; 
SearchStrategy: all) did not find any beans (OnBeanCondition)

   ErrorMvcAutoConfiguration matched:
      - @ConditionalOnClass found required classes 'jakarta.servlet.Servlet', 
'org.springframework.web.servlet.DispatcherServlet' (OnClassCondition)
      - found 'session' scope (OnWebApplicationCondition)

   ErrorMvcAutoConfiguration#basicErrorController matched:
      - @ConditionalOnMissingBean (types: 
org.springframework.boot.webmvc.error.ErrorController; SearchStrategy: 
current) did not find any beans (OnBeanCondition)

   ErrorMvcAutoConfiguration#errorAttributes matched:
      - @ConditionalOnMissingBean (types: 
org.springframework.boot.webmvc.error.ErrorAttributes; SearchStrategy: 
current) did not find any beans (OnBeanCondition)

   ErrorMvcAutoConfiguration.DefaultErrorViewResolverConfiguration#conventionEr
rorViewResolver matched:
      - @ConditionalOnBean (types: 
org.springframework.web.servlet.DispatcherServlet; SearchStrategy: all) found 
bean 'dispatcherServlet'; @ConditionalOnMissingBean (types: 
org.springframework.boot.webmvc.autoconfigure.error.ErrorViewResolver; 
SearchStrategy: all) did not find any beans (OnBeanCondition)

   ErrorMvcAutoConfiguration.WhitelabelErrorViewConfiguration matched:
      - @ConditionalOnBooleanProperty 
(spring.web.error.whitelabel.enabled=true) matched (OnPropertyCondition)
      - ErrorTemplate Missing did not find error template view 
(ErrorMvcAutoConfiguration.ErrorTemplateMissingCondition)

   ErrorMvcAutoConfiguration.WhitelabelErrorViewConfiguration#beanNameViewResol
ver matched:
      - @ConditionalOnMissingBean (types: 
org.springframework.web.servlet.view.BeanNameViewResolver; SearchStrategy: 
all) did not find any beans (OnBeanCondition)

   ErrorMvcAutoConfiguration.WhitelabelErrorViewConfiguration#defaultErrorView 
matched:
      - @ConditionalOnMissingBean (names: error; SearchStrategy: all) did not 
find any beans (OnBeanCondition)

   HealthContributorAutoConfiguration#pingHealthContributor matched:
      - @ConditionalOnEnabledHealthIndicator 
management.health.defaults.enabled is considered true 
(OnEnabledHealthIndicatorCondition)

   HealthContributorRegistryAutoConfiguration#healthContributorRegistry 
matched:
      - @ConditionalOnMissingBean (types: 
org.springframework.boot.health.registry.HealthContributorRegistry; 
SearchStrategy: all) did not find any beans (OnBeanCondition)

   HealthContributorRegistryAutoConfiguration.ReactiveHealthContributorRegistry
Configuration matched:
      - @ConditionalOnClass found required class 'reactor.core.publisher.Flux' 
(OnClassCondition)

   HealthContributorRegistryAutoConfiguration.ReactiveHealthContributorRegistry
Configuration#reactiveHealthContributorRegistry matched:
      - @ConditionalOnMissingBean (types: 
org.springframework.boot.health.registry.ReactiveHealthContributorRegistry; 
SearchStrategy: all) did not find any beans (OnBeanCondition)

   HealthEndpointAutoConfiguration matched:
      - @ConditionalOnClass found required class 
'org.springframework.boot.actuate.endpoint.annotation.Endpoint' 
(OnClassCondition)
      - @ConditionalOnAvailableEndpoint marked as exposed by a 
'management.endpoints.web.exposure' property (OnAvailableEndpointCondition)
      - @ConditionalOnBean (types: 
org.springframework.boot.health.registry.HealthContributorRegistry; 
SearchStrategy: all) found bean 'healthContributorRegistry' (OnBeanCondition)

   HealthEndpointConfiguration#healthEndpoint matched:
      - @ConditionalOnMissingBean (types: 
org.springframework.boot.health.actuate.endpoint.HealthEndpoint; 
SearchStrategy: all) did not find any beans (OnBeanCondition)

   HealthEndpointConfiguration#healthEndpointGroupMembershipValidator matched:
      - @ConditionalOnBooleanProperty 
(management.endpoint.health.validate-group-membership=true) matched 
(OnPropertyCondition)

   HealthEndpointConfiguration#healthEndpointGroups matched:
      - @ConditionalOnMissingBean (types: 
org.springframework.boot.health.actuate.endpoint.HealthEndpointGroups; 
SearchStrategy: all) did not find any beans (OnBeanCondition)

   HealthEndpointConfiguration#healthHttpCodeStatusMapper matched:
      - @ConditionalOnMissingBean (types: 
org.springframework.boot.health.actuate.endpoint.HttpCodeStatusMapper; 
SearchStrategy: all) did not find any beans (OnBeanCondition)

   HealthEndpointConfiguration#healthStatusAggregator matched:
      - @ConditionalOnMissingBean (types: 
org.springframework.boot.health.actuate.endpoint.StatusAggregator; 
SearchStrategy: all) did not find any beans (OnBeanCondition)

   HealthEndpointWebExtensionConfiguration matched:
      - found 'session' scope (OnWebApplicationCondition)
      - @ConditionalOnAvailableEndpoint marked as exposed by a 
'management.endpoints.web.exposure' property (OnAvailableEndpointCondition)
      - @ConditionalOnBean (types: 
org.springframework.boot.health.actuate.endpoint.HealthEndpoint; 
SearchStrategy: all) found bean 'healthEndpoint' (OnBeanCondition)

   HealthEndpointWebExtensionConfiguration#healthEndpointWebExtension matched:
      - @ConditionalOnMissingBean (types: 
org.springframework.boot.health.actuate.endpoint.HealthEndpointWebExtension; 
SearchStrategy: all) did not find any beans (OnBeanCondition)

   HibernateJpaAutoConfiguration matched:
      - @ConditionalOnClass found required classes 
'org.springframework.orm.jpa.LocalContainerEntityManagerFactoryBean', 
'jakarta.persistence.EntityManager', 
'org.hibernate.engine.spi.SessionImplementor' (OnClassCondition)

   HibernateJpaConfiguration matched:
      - @ConditionalOnSingleCandidate (types: javax.sql.DataSource; 
SearchStrategy: all) found a single bean 'dataSource' (OnBeanCondition)

   HttpClientAutoConfiguration#httpClientSettings matched:
      - @ConditionalOnMissingBean (types: 
org.springframework.boot.http.client.HttpClientSettings; SearchStrategy: all) 
did not find any beans (OnBeanCondition)

   HttpClientMetricsAutoConfiguration matched:
      - @ConditionalOnClass found required classes 'org.springframework.boot.mi
crometer.observation.autoconfigure.ObservationProperties', 
'io.micrometer.core.instrument.MeterRegistry', 
'org.springframework.boot.micrometer.metrics.autoconfigure.MetricsProperties' 
(OnClassCondition)
      - @ConditionalOnBean (types: 
io.micrometer.core.instrument.MeterRegistry; SearchStrategy: all) found bean 
'simpleMeterRegistry' (OnBeanCondition)

   HttpEncodingAutoConfiguration matched:
      - @ConditionalOnClass found required class 
'org.springframework.web.filter.CharacterEncodingFilter' (OnClassCondition)
      - found 'session' scope (OnWebApplicationCondition)
      - @ConditionalOnBooleanProperty (spring.servlet.encoding.enabled=true) 
matched (OnPropertyCondition)

   HttpEncodingAutoConfiguration#characterEncodingFilter matched:
      - @ConditionalOnMissingBean (types: 
org.springframework.web.filter.CharacterEncodingFilter; SearchStrategy: all) 
did not find any beans (OnBeanCondition)

   HttpMessageConvertersAutoConfiguration matched:
      - @ConditionalOnClass found required class 
'org.springframework.http.converter.HttpMessageConverter' (OnClassCondition)
      - NoneNestedConditions 0 matched 1 did not; NestedCondition on HttpMessag
eConvertersAutoConfiguration.NotReactiveWebApplicationCondition.ReactiveWebAppl
ication not a reactive web application 
(HttpMessageConvertersAutoConfiguration.NotReactiveWebApplicationCondition)

   HttpMessageConvertersAutoConfiguration.StringHttpMessageConverterConfigurati
on#stringHttpMessageConvertersCustomizer matched:
      - @ConditionalOnMissingBean (types: 
org.springframework.http.converter.StringHttpMessageConverter; SearchStrategy: 
all) did not find any beans (OnBeanCondition)

   ImperativeHttpClientAutoConfiguration matched:
      - @ConditionalOnClass found required class 
'org.springframework.http.client.ClientHttpRequestFactory' (OnClassCondition)
      - NoneNestedConditions 0 matched 1 did not; NestedCondition on 
NotReactiveWebApplicationCondition.ReactiveWebApplication not a reactive web 
application (NotReactiveWebApplicationCondition)

   ImperativeHttpClientAutoConfiguration#clientHttpRequestFactory matched:
      - @ConditionalOnMissingBean (types: 
org.springframework.http.client.ClientHttpRequestFactory; SearchStrategy: all) 
did not find any beans (OnBeanCondition)

   ImperativeHttpClientAutoConfiguration#clientHttpRequestFactoryBuilder 
matched:
      - @ConditionalOnMissingBean (types: 
org.springframework.boot.http.client.ClientHttpRequestFactoryBuilder<?>; 
SearchStrategy: all) did not find any beans (OnBeanCondition)

   Jackson2EndpointAutoConfiguration matched:
      - @ConditionalOnClass found required classes 
'com.fasterxml.jackson.databind.ObjectMapper', 
'org.springframework.http.converter.json.Jackson2ObjectMapperBuilder' 
(OnClassCondition)

   Jackson2EndpointAutoConfiguration#jackson2EndpointJsonMapper matched:
      - @ConditionalOnBooleanProperty 
(management.endpoints.jackson2.isolated-object-mapper=true) matched 
(OnPropertyCondition)

   JacksonAutoConfiguration matched:
      - @ConditionalOnClass found required class 
'tools.jackson.databind.json.JsonMapper' (OnClassCondition)

   JacksonAutoConfiguration#jacksonJsonMapper matched:
      - @ConditionalOnMissingBean (types: 
tools.jackson.databind.json.JsonMapper; SearchStrategy: all) did not find any 
beans (OnBeanCondition)

   JacksonAutoConfiguration#jsonMapperBuilder matched:
      - @ConditionalOnMissingBean (types: 
tools.jackson.databind.json.JsonMapper$Builder; SearchStrategy: all) did not 
find any beans (OnBeanCondition)

   JacksonAutoConfiguration.JsonProblemDetailsConfiguration matched:
      - @ConditionalOnClass found required class 
'org.springframework.http.ProblemDetail' (OnClassCondition)

   JacksonEndpointAutoConfiguration matched:
      - @ConditionalOnClass found required class 
'tools.jackson.databind.json.JsonMapper' (OnClassCondition)

   JacksonEndpointAutoConfiguration#endpointJsonMapper matched:
      - @ConditionalOnBooleanProperty 
(management.endpoints.jackson.isolated-json-mapper=true) matched 
(OnPropertyCondition)

   JacksonHttpMessageConvertersConfiguration.JacksonJsonHttpMessageConverterCon
figuration matched:
      - @ConditionalOnClass found required class 
'tools.jackson.databind.json.JsonMapper' (OnClassCondition)
      - @ConditionalOnProperty 
(spring.http.converters.preferred-json-mapper=jackson) matched 
(OnPropertyCondition)
      - @ConditionalOnBean (types: tools.jackson.databind.json.JsonMapper; 
SearchStrategy: all) found bean 'jacksonJsonMapper' (OnBeanCondition)

   JacksonHttpMessageConvertersConfiguration.JacksonJsonHttpMessageConverterCon
figuration#jacksonJsonHttpMessageConvertersCustomizer matched:
      - @ConditionalOnMissingBean (types: 
org.springframework.http.converter.json.JacksonJsonHttpMessageConverter 
ignored: org.springframework.hateoas.server.mvc.TypeConstrainedJacksonJsonHttpM
essageConverter,org.springframework.data.rest.webmvc.alps.AlpsJacksonJsonHttpMe
ssageConverter; SearchStrategy: all) did not find any beans (OnBeanCondition)

   JdbcClientAutoConfiguration matched:
      - @ConditionalOnSingleCandidate (types: 
org.springframework.jdbc.core.namedparam.NamedParameterJdbcTemplate; 
SearchStrategy: all) found a single bean 'namedParameterJdbcTemplate'; 
@ConditionalOnMissingBean (types: 
org.springframework.jdbc.core.simple.JdbcClient; SearchStrategy: all) did not 
find any beans (OnBeanCondition)

   JdbcSessionAutoConfiguration matched:
      - @ConditionalOnClass found required classes 
'org.springframework.session.Session', 
'org.springframework.jdbc.core.JdbcTemplate', 
'org.springframework.session.jdbc.JdbcIndexedSessionRepository' 
(OnClassCondition)
      - found 'session' scope (OnWebApplicationCondition)
      - @ConditionalOnBean (types: javax.sql.DataSource; SearchStrategy: all) 
found bean 'dataSource'; @ConditionalOnMissingBean (types: 
org.springframework.session.SessionRepository; SearchStrategy: all) did not 
find any beans (OnBeanCondition)

   JdbcSessionAutoConfiguration#jdbcSessionDataSourceScriptDatabaseInitializer 
matched:
      - Jdbc SessionDatabase Initialization 
spring.session.jdbc.initialize-schema is ALWAYS 
(JdbcSessionAutoConfiguration.OnJdbcSessionDatasourceInitializationCondition)
      - @ConditionalOnMissingBean (types: org.springframework.boot.session.jdbc
.autoconfigure.JdbcSessionDataSourceScriptDatabaseInitializer; SearchStrategy: 
all) did not find any beans (OnBeanCondition)

   JdbcTemplateAutoConfiguration matched:
      - @ConditionalOnClass found required classes 'javax.sql.DataSource', 
'org.springframework.jdbc.core.JdbcTemplate' (OnClassCondition)
      - @ConditionalOnSingleCandidate (types: javax.sql.DataSource; 
SearchStrategy: all) found a single bean 'dataSource' (OnBeanCondition)

   JdbcTemplateConfiguration matched:
      - @ConditionalOnMissingBean (types: 
org.springframework.jdbc.core.JdbcOperations; SearchStrategy: all) did not 
find any beans (OnBeanCondition)

   JpaBaseConfiguration#entityManagerFactory matched:
      - @ConditionalOnMissingBean (types: org.springframework.orm.jpa.LocalCont
ainerEntityManagerFactoryBean,jakarta.persistence.EntityManagerFactory; 
SearchStrategy: all) did not find any beans (OnBeanCondition)

   JpaBaseConfiguration#entityManagerFactoryBuilder matched:
      - @ConditionalOnMissingBean (types: 
org.springframework.boot.jpa.EntityManagerFactoryBuilder; SearchStrategy: all) 
did not find any beans (OnBeanCondition)

   JpaBaseConfiguration#jpaVendorAdapter matched:
      - @ConditionalOnMissingBean (types: 
org.springframework.orm.jpa.JpaVendorAdapter; SearchStrategy: all) did not 
find any beans (OnBeanCondition)

   JpaBaseConfiguration#transactionManager matched:
      - @ConditionalOnMissingBean (types: 
org.springframework.transaction.TransactionManager; SearchStrategy: all) did 
not find any beans (OnBeanCondition)

   JpaBaseConfiguration.PersistenceManagedTypesConfiguration matched:
      - @ConditionalOnMissingBean (types: org.springframework.orm.jpa.LocalCont
ainerEntityManagerFactoryBean,jakarta.persistence.EntityManagerFactory; 
SearchStrategy: all) did not find any beans (OnBeanCondition)

   JpaBaseConfiguration.PersistenceManagedTypesConfiguration#persistenceManaged
Types matched:
      - @ConditionalOnMissingBean (types: 
org.springframework.orm.jpa.persistenceunit.PersistenceManagedTypes; 
SearchStrategy: all) did not find any beans (OnBeanCondition)

   JtaAutoConfiguration matched:
      - @ConditionalOnClass found required class 
'jakarta.transaction.Transaction' (OnClassCondition)
      - @ConditionalOnBooleanProperty (spring.jta.enabled=true) matched 
(OnPropertyCondition)

   JvmMetricsAutoConfiguration matched:
      - @ConditionalOnClass found required class 
'io.micrometer.core.instrument.MeterRegistry' (OnClassCondition)
      - @ConditionalOnBean (types: 
io.micrometer.core.instrument.MeterRegistry; SearchStrategy: all) found bean 
'simpleMeterRegistry' (OnBeanCondition)

   JvmMetricsAutoConfiguration#classLoaderMetrics matched:
      - @ConditionalOnMissingBean (types: 
io.micrometer.core.instrument.binder.jvm.ClassLoaderMetrics; SearchStrategy: 
all) did not find any beans (OnBeanCondition)

   JvmMetricsAutoConfiguration#jvmCompilationMetrics matched:
      - @ConditionalOnMissingBean (types: 
io.micrometer.core.instrument.binder.jvm.JvmCompilationMetrics; 
SearchStrategy: all) did not find any beans (OnBeanCondition)

   JvmMetricsAutoConfiguration#jvmGcMetrics matched:
      - @ConditionalOnMissingBean (types: 
io.micrometer.core.instrument.binder.jvm.JvmGcMetrics; SearchStrategy: all) 
did not find any beans (OnBeanCondition)

   JvmMetricsAutoConfiguration#jvmHeapPressureMetrics matched:
      - @ConditionalOnMissingBean (types: 
io.micrometer.core.instrument.binder.jvm.JvmHeapPressureMetrics; 
SearchStrategy: all) did not find any beans (OnBeanCondition)

   JvmMetricsAutoConfiguration#jvmInfoMetrics matched:
      - @ConditionalOnMissingBean (types: 
io.micrometer.core.instrument.binder.jvm.JvmInfoMetrics; SearchStrategy: all) 
did not find any beans (OnBeanCondition)

   JvmMetricsAutoConfiguration#jvmMemoryMetrics matched:
      - @ConditionalOnMissingBean (types: 
io.micrometer.core.instrument.binder.jvm.JvmMemoryMetrics; SearchStrategy: 
all) did not find any beans (OnBeanCondition)

   JvmMetricsAutoConfiguration#jvmThreadMetrics matched:
      - @ConditionalOnMissingBean (types: 
io.micrometer.core.instrument.binder.jvm.JvmThreadMetrics; SearchStrategy: 
all) did not find any beans (OnBeanCondition)

   LifecycleAutoConfiguration#defaultLifecycleProcessor matched:
      - @ConditionalOnMissingBean (names: lifecycleProcessor; SearchStrategy: 
current) did not find any beans (OnBeanCondition)

   LogbackMetricsAutoConfiguration matched:
      - @ConditionalOnClass found required classes 
'io.micrometer.core.instrument.MeterRegistry', 
'ch.qos.logback.classic.LoggerContext', 'org.slf4j.LoggerFactory' 
(OnClassCondition)
      - LogbackLoggingCondition ILoggerFactory is a Logback LoggerContext 
(LogbackMetricsAutoConfiguration.LogbackLoggingCondition)
      - @ConditionalOnBean (types: 
io.micrometer.core.instrument.MeterRegistry; SearchStrategy: all) found bean 
'simpleMeterRegistry' (OnBeanCondition)

   LogbackMetricsAutoConfiguration#logbackMetrics matched:
      - @ConditionalOnMissingBean (types: 
io.micrometer.core.instrument.binder.logging.LogbackMetrics; SearchStrategy: 
all) did not find any beans (OnBeanCondition)

   ManagementContextAutoConfiguration.SameManagementContextConfiguration 
matched:
      - Management Port actual port type (SAME) matched required type 
(OnManagementPortCondition)

   MetricsAutoConfiguration matched:
      - @ConditionalOnClass found required class 
'io.micrometer.core.annotation.Timed' (OnClassCondition)

   MetricsAutoConfiguration#micrometerClock matched:
      - @ConditionalOnMissingBean (types: io.micrometer.core.instrument.Clock; 
SearchStrategy: all) did not find any beans (OnBeanCondition)

   MultipartAutoConfiguration matched:
      - @ConditionalOnClass found required classes 'jakarta.servlet.Servlet', 
'org.springframework.web.multipart.support.StandardServletMultipartResolver', 
'jakarta.servlet.MultipartConfigElement' (OnClassCondition)
      - found 'session' scope (OnWebApplicationCondition)
      - @ConditionalOnBooleanProperty (spring.servlet.multipart.enabled=true) 
matched (OnPropertyCondition)

   MultipartAutoConfiguration#multipartConfigElement matched:
      - @ConditionalOnMissingBean (types: 
jakarta.servlet.MultipartConfigElement; SearchStrategy: all) did not find any 
beans (OnBeanCondition)

   MultipartAutoConfiguration#multipartResolver matched:
      - @ConditionalOnMissingBean (types: 
org.springframework.web.multipart.MultipartResolver; SearchStrategy: all) did 
not find any beans (OnBeanCondition)

   NamedParameterJdbcTemplateConfiguration matched:
      - @ConditionalOnSingleCandidate (types: 
org.springframework.jdbc.core.JdbcTemplate; SearchStrategy: all) found a 
single bean 'jdbcTemplate'; @ConditionalOnMissingBean (types: 
org.springframework.jdbc.core.namedparam.NamedParameterJdbcOperations; 
SearchStrategy: all) did not find any beans (OnBeanCondition)

   NettyAutoConfiguration matched:
      - @ConditionalOnClass found required class 'io.netty.util.NettyRuntime' 
(OnClassCondition)

   ObservationAutoConfiguration matched:
      - @ConditionalOnClass found required class 
'io.micrometer.observation.ObservationRegistry' (OnClassCondition)

   ObservationAutoConfiguration#observationRegistry matched:
      - @ConditionalOnMissingBean (types: 
io.micrometer.observation.ObservationRegistry; SearchStrategy: all) did not 
find any beans (OnBeanCondition)

   ObservationAutoConfiguration#spelValueExpressionResolver matched:
      - @ConditionalOnMissingBean (types: 
io.micrometer.common.annotation.ValueExpressionResolver; SearchStrategy: all) 
did not find any beans (OnBeanCondition)

   PersistenceExceptionTranslationAutoConfiguration matched:
      - @ConditionalOnClass found required class 'org.springframework.dao.annot
ation.PersistenceExceptionTranslationPostProcessor' (OnClassCondition)

   PersistenceExceptionTranslationAutoConfiguration#persistenceExceptionTransla
tionPostProcessor matched:
      - @ConditionalOnBooleanProperty 
(spring.persistence.exceptiontranslation.enabled=true) matched 
(OnPropertyCondition)
      - @ConditionalOnMissingBean (types: org.springframework.dao.annotation.Pe
rsistenceExceptionTranslationPostProcessor; SearchStrategy: all) did not find 
any beans (OnBeanCondition)

   PropertyPlaceholderAutoConfiguration#propertySourcesPlaceholderConfigurer 
matched:
      - @ConditionalOnMissingBean (types: 
org.springframework.context.support.PropertySourcesPlaceholderConfigurer; 
SearchStrategy: current) did not find any beans (OnBeanCondition)

   ReactiveHttpClientAutoConfiguration matched:
      - @ConditionalOnClass found required classes 
'org.springframework.http.client.reactive.ClientHttpConnector', 
'reactor.core.publisher.Mono' (OnClassCondition)
      - Detected ClientHttpConnectorBuilder 
(ConditionalOnClientHttpConnectorBuilderDetection)

   ReactiveHttpClientAutoConfiguration#clientHttpConnector matched:
      - @ConditionalOnMissingBean (types: 
org.springframework.http.client.reactive.ClientHttpConnector; SearchStrategy: 
all) did not find any beans (OnBeanCondition)

   ReactiveHttpClientAutoConfiguration#clientHttpConnectorBuilder matched:
      - @ConditionalOnMissingBean (types: 
org.springframework.boot.http.client.reactive.ClientHttpConnectorBuilder<?>; 
SearchStrategy: all) did not find any beans (OnBeanCondition)

   ReactiveHttpClientAutoConfiguration.ReactorNetty matched:
      - @ConditionalOnClass found required classes 
'reactor.netty.http.client.HttpClient', 'org.springframework.boot.reactor.netty
.autoconfigure.ReactorNettyConfigurations' (OnClassCondition)

   ReactiveWebSecurityAutoConfiguration matched:
      - @ConditionalOnClass found required classes 
'reactor.core.publisher.Flux', 'org.springframework.security.config.annotation.
web.reactive.EnableWebFluxSecurity', 
'org.springframework.security.web.server.WebFilterChainProxy', 
'org.springframework.web.reactive.config.WebFluxConfigurer' (OnClassCondition)

   ReactorAutoConfiguration matched:
      - @ConditionalOnClass found required class 
'reactor.core.publisher.Hooks' (OnClassCondition)

   ReactorNettyConfigurations.ReactorResourceFactoryConfiguration#reactorResour
ceFactory matched:
      - @ConditionalOnMissingBean (types: 
org.springframework.http.client.ReactorResourceFactory; SearchStrategy: all) 
did not find any beans (OnBeanCondition)

   ScheduledTasksObservationAutoConfiguration matched:
      - @ConditionalOnClass found required class 
'org.springframework.scheduling.concurrent.ThreadPoolTaskScheduler' 
(OnClassCondition)
      - @ConditionalOnBean (types: 
io.micrometer.observation.ObservationRegistry; SearchStrategy: all) found bean 
'observationRegistry' (OnBeanCondition)

   SecurityAutoConfiguration matched:
      - @ConditionalOnClass found required class 'org.springframework.security.
authentication.DefaultAuthenticationEventPublisher' (OnClassCondition)

   SecurityAutoConfiguration#authenticationEventPublisher matched:
      - @ConditionalOnMissingBean (types: 
org.springframework.security.authentication.AuthenticationEventPublisher; 
SearchStrategy: all) did not find any beans (OnBeanCondition)

   SecurityFilterAutoConfiguration matched:
      - @ConditionalOnClass found required classes 'org.springframework.securit
y.web.context.AbstractSecurityWebApplicationInitializer', 
'org.springframework.security.config.http.SessionCreationPolicy' 
(OnClassCondition)
      - found 'session' scope (OnWebApplicationCondition)

   SecurityFilterAutoConfiguration#securityFilterChainRegistration matched:
      - @ConditionalOnBean (names: springSecurityFilterChain; SearchStrategy: 
all) found bean 'springSecurityFilterChain' (OnBeanCondition)

   SecurityRequestMatchersManagementContextConfiguration matched:
      - @ConditionalOnClass found required class 
'org.springframework.security.web.util.matcher.RequestMatcher' 
(OnClassCondition)
      - found 'session' scope (OnWebApplicationCondition)

   SecurityRequestMatchersManagementContextConfiguration.MvcRequestMatcherConfi
guration matched:
      - @ConditionalOnClass found required class 
'org.springframework.web.servlet.DispatcherServlet' (OnClassCondition)
      - @ConditionalOnBean (types: 
org.springframework.boot.webmvc.autoconfigure.DispatcherServletPath; 
SearchStrategy: all) found bean 'dispatcherServletRegistration' 
(OnBeanCondition)

   SecurityRequestMatchersManagementContextConfiguration.MvcRequestMatcherConfi
guration#requestMatcherProvider matched:
      - @ConditionalOnMissingBean (types: org.springframework.boot.security.aut
oconfigure.actuate.web.servlet.RequestMatcherProvider; SearchStrategy: all) 
did not find any beans (OnBeanCondition)

   ServletEndpointManagementContextConfiguration matched:
      - found 'session' scope (OnWebApplicationCondition)

   ServletManagementContextAutoConfiguration matched:
      - @ConditionalOnClass found required classes 'jakarta.servlet.Servlet', '
org.springframework.boot.actuate.autoconfigure.endpoint.web.WebEndpointProperti
es' (OnClassCondition)
      - found 'session' scope (OnWebApplicationCondition)

   ServletWebSecurityAutoConfiguration matched:
      - @ConditionalOnClass found required class 'org.springframework.security.
config.annotation.web.configuration.EnableWebSecurity' (OnClassCondition)
      - found 'session' scope (OnWebApplicationCondition)

   ServletWebSecurityAutoConfiguration.EnableWebSecurityConfiguration matched:
      - @ConditionalOnClass found required class 'org.springframework.security.
config.annotation.web.configuration.EnableWebSecurity' (OnClassCondition)
      - @ConditionalOnMissingBean (names: springSecurityFilterChain; 
SearchStrategy: all) did not find any beans (OnBeanCondition)

   ServletWebSecurityAutoConfiguration.PathPatternRequestMatcherBuilderConfigur
ation matched:
      - @ConditionalOnClass found required class 
'org.springframework.boot.webmvc.autoconfigure.DispatcherServletPath' 
(OnClassCondition)
      - @ConditionalOnBean (types: 
org.springframework.boot.webmvc.autoconfigure.DispatcherServletPath; 
SearchStrategy: all) found bean 'dispatcherServletRegistration' 
(OnBeanCondition)

   ServletWebSecurityAutoConfiguration.PathPatternRequestMatcherBuilderConfigur
ation#pathPatternRequestMatcherBuilder matched:
      - @ConditionalOnMissingBean (types: org.springframework.security.web.serv
let.util.matcher.PathPatternRequestMatcher$Builder; SearchStrategy: all) did 
not find any beans (OnBeanCondition)

   SessionAutoConfiguration matched:
      - @ConditionalOnClass found required class 
'org.springframework.session.Session' (OnClassCondition)
      - @ConditionalOnWebApplication (required) found 'session' scope 
(OnWebApplicationCondition)

   SessionAutoConfiguration.ServletSessionConfiguration matched:
      - found 'session' scope (OnWebApplicationCondition)

   SessionAutoConfiguration.ServletSessionConfiguration.RememberMeServicesConfi
guration matched:
      - @ConditionalOnClass found required class 
'org.springframework.security.web.authentication.RememberMeServices' 
(OnClassCondition)

   
SessionAutoConfiguration.ServletSessionConfiguration.WarDepoymentConfiguration 
matched:
      - Application is deployed as a WAR file. (OnWarDeploymentCondition)

   SessionAutoConfiguration.ServletSessionConfiguration.WarDepoymentConfigurati
on#cookieSerializer matched:
      - AnyNestedCondition 1 matched 1 did not; NestedCondition on SessionAutoC
onfiguration.DefaultCookieSerializerCondition.CookieHttpSessionIdResolverAvaila
ble found non-matching nested conditions @ConditionalOnBean (types: 
org.springframework.session.web.http.CookieHttpSessionIdResolver; 
SearchStrategy: all) did not find any beans of type 
org.springframework.session.web.http.CookieHttpSessionIdResolver, 
@ConditionalOnBean (types: 
org.springframework.session.web.http.CookieHttpSessionIdResolver; 
SearchStrategy: all) did not find any beans of type 
org.springframework.session.web.http.CookieHttpSessionIdResolver; 
NestedCondition on SessionAutoConfiguration.DefaultCookieSerializerCondition.No
ComponentsAvailable @ConditionalOnMissingBean (types: org.springframework.sessi
on.web.http.HttpSessionIdResolver,org.springframework.session.web.http.CookieSe
rializer; SearchStrategy: all) did not find any beans 
(SessionAutoConfiguration.DefaultCookieSerializerCondition)

   SessionRepositoryFilterConfiguration matched:
      - @ConditionalOnBean (types: 
org.springframework.session.web.http.SessionRepositoryFilter; SearchStrategy: 
all) found bean 'springSessionRepositoryFilter' (OnBeanCondition)

   SimpleMetricsExportAutoConfiguration matched:
      - @ConditionalOnEnabledMetricsExport 
management.simple.metrics.export.enabled is true 
(OnMetricsExportEnabledCondition)
      - @ConditionalOnBean (types: io.micrometer.core.instrument.Clock; 
SearchStrategy: all) found bean 'micrometerClock'; @ConditionalOnMissingBean 
(types: io.micrometer.core.instrument.MeterRegistry; SearchStrategy: all) did 
not find any beans (OnBeanCondition)

   SimpleMetricsExportAutoConfiguration#simpleConfig matched:
      - @ConditionalOnMissingBean (types: 
io.micrometer.core.instrument.simple.SimpleConfig; SearchStrategy: all) did 
not find any beans (OnBeanCondition)

   SslAutoConfiguration#sslBundleRegistry matched:
      - @ConditionalOnMissingBean (types: org.springframework.boot.ssl.SslBundl
eRegistry,org.springframework.boot.ssl.SslBundles; SearchStrategy: all) did 
not find any beans (OnBeanCondition)

   SslHealthContributorAutoConfiguration matched:
      - @ConditionalOnClass found required class 
'org.springframework.boot.health.contributor.Health' (OnClassCondition)
      - @ConditionalOnEnabledHealthIndicator 
management.health.defaults.enabled is considered true 
(OnEnabledHealthIndicatorCondition)

   SslHealthContributorAutoConfiguration#sslHealthIndicator matched:
      - @ConditionalOnMissingBean (names: sslHealthIndicator; SearchStrategy: 
all) did not find any beans (OnBeanCondition)

   SslHealthContributorAutoConfiguration#sslInfo matched:
      - @ConditionalOnMissingBean (types: 
org.springframework.boot.info.SslInfo; SearchStrategy: all) did not find any 
beans (OnBeanCondition)

   SslMetricsAutoConfiguration matched:
      - @ConditionalOnClass found required class 
'io.micrometer.core.instrument.MeterRegistry' (OnClassCondition)
      - @ConditionalOnBean (types: io.micrometer.core.instrument.MeterRegistry,
org.springframework.boot.ssl.SslBundles; SearchStrategy: all) found beans 
'sslBundleRegistry', 'simpleMeterRegistry' (OnBeanCondition)

   StartupTimeMetricsListenerAutoConfiguration matched:
      - @ConditionalOnClass found required class 
'io.micrometer.core.instrument.MeterRegistry' (OnClassCondition)
      - @ConditionalOnBean (types: 
io.micrometer.core.instrument.MeterRegistry; SearchStrategy: all) found bean 
'simpleMeterRegistry' (OnBeanCondition)

   StartupTimeMetricsListenerAutoConfiguration#startupTimeMetrics matched:
      - @ConditionalOnMissingBean (types: org.springframework.boot.micrometer.m
etrics.startup.StartupTimeMetricsListener; SearchStrategy: all) did not find 
any beans (OnBeanCondition)

   SystemMetricsAutoConfiguration matched:
      - @ConditionalOnClass found required class 
'io.micrometer.core.instrument.MeterRegistry' (OnClassCondition)
      - @ConditionalOnBean (types: 
io.micrometer.core.instrument.MeterRegistry; SearchStrategy: all) found bean 
'simpleMeterRegistry' (OnBeanCondition)

   SystemMetricsAutoConfiguration#diskSpaceMetrics matched:
      - @ConditionalOnMissingBean (types: 
org.springframework.boot.micrometer.metrics.system.DiskSpaceMetricsBinder; 
SearchStrategy: all) did not find any beans (OnBeanCondition)

   SystemMetricsAutoConfiguration#fileDescriptorMetrics matched:
      - @ConditionalOnMissingBean (types: 
io.micrometer.core.instrument.binder.system.FileDescriptorMetrics; 
SearchStrategy: all) did not find any beans (OnBeanCondition)

   SystemMetricsAutoConfiguration#processorMetrics matched:
      - @ConditionalOnMissingBean (types: 
io.micrometer.core.instrument.binder.system.ProcessorMetrics; SearchStrategy: 
all) did not find any beans (OnBeanCondition)

   SystemMetricsAutoConfiguration#uptimeMetrics matched:
      - @ConditionalOnMissingBean (types: 
io.micrometer.core.instrument.binder.system.UptimeMetrics; SearchStrategy: 
all) did not find any beans (OnBeanCondition)

   TaskExecutionAutoConfiguration matched:
      - @ConditionalOnClass found required class 
'org.springframework.scheduling.concurrent.ThreadPoolTaskExecutor' 
(OnClassCondition)

   TaskExecutorConfigurations.SimpleAsyncTaskExecutorBuilderConfiguration#simpl
eAsyncTaskExecutorBuilder matched:
      - @ConditionalOnMissingBean (types: 
org.springframework.boot.task.SimpleAsyncTaskExecutorBuilder; SearchStrategy: 
all) did not find any beans (OnBeanCondition)
      - @ConditionalOnThreading found PLATFORM (OnThreadingCondition)

   TaskExecutorConfigurations.ThreadPoolTaskExecutorBuilderConfiguration#thread
PoolTaskExecutorBuilder matched:
      - @ConditionalOnMissingBean (types: 
org.springframework.boot.task.ThreadPoolTaskExecutorBuilder; SearchStrategy: 
all) did not find any beans (OnBeanCondition)

   TaskExecutorMetricsAutoConfiguration matched:
      - @ConditionalOnClass found required class 
'io.micrometer.core.instrument.binder.jvm.ExecutorServiceMetrics' 
(OnClassCondition)
      - @ConditionalOnBean (types: 
java.util.concurrent.Executor,io.micrometer.core.instrument.MeterRegistry; 
SearchStrategy: all) found beans 'clientOutboundChannelExecutor', 
'clientInboundChannelExecutor', 'simpleMeterRegistry', 'brokerChannelExecutor' 
(OnBeanCondition)

   TaskSchedulingAutoConfiguration matched:
      - @ConditionalOnClass found required class 
'org.springframework.scheduling.concurrent.ThreadPoolTaskScheduler' 
(OnClassCondition)

   
TaskSchedulingAutoConfiguration#scheduledBeanLazyInitializationExcludeFilter 
matched:
      - @ConditionalOnBean (names: 
org.springframework.scheduling.config.internalScheduledAnnotationProcessor; 
SearchStrategy: all) found bean 
'org.springframework.scheduling.config.internalScheduledAnnotationProcessor' 
(OnBeanCondition)

   TaskSchedulingConfigurations.SimpleAsyncTaskSchedulerBuilderConfiguration#si
mpleAsyncTaskSchedulerBuilder matched:
      - @ConditionalOnMissingBean (types: 
org.springframework.boot.task.SimpleAsyncTaskSchedulerBuilder; SearchStrategy: 
all) did not find any beans (OnBeanCondition)
      - @ConditionalOnThreading found PLATFORM (OnThreadingCondition)

   TaskSchedulingConfigurations.ThreadPoolTaskSchedulerBuilderConfiguration#thr
eadPoolTaskSchedulerBuilder matched:
      - @ConditionalOnMissingBean (types: 
org.springframework.boot.task.ThreadPoolTaskSchedulerBuilder; SearchStrategy: 
all) did not find any beans (OnBeanCondition)

   TomcatMetricsAutoConfiguration matched:
      - @ConditionalOnClass found required classes 
'io.micrometer.core.instrument.binder.tomcat.TomcatMetrics', 
'org.apache.catalina.Manager', 'io.micrometer.core.instrument.MeterRegistry' 
(OnClassCondition)
      - @ConditionalOnWebApplication (required) found 'session' scope 
(OnWebApplicationCondition)

   TomcatMetricsAutoConfiguration#tomcatMetricsBinder matched:
      - @ConditionalOnBean (types: 
io.micrometer.core.instrument.MeterRegistry; SearchStrategy: all) found bean 
'simpleMeterRegistry'; @ConditionalOnMissingBean (types: io.micrometer.core.ins
trument.binder.tomcat.TomcatMetrics,org.springframework.boot.tomcat.metrics.Tom
catMetricsBinder; SearchStrategy: all) did not find any beans (OnBeanCondition)

   TomcatServletWebServerAutoConfiguration matched:
      - @ConditionalOnClass found required classes 
'jakarta.servlet.ServletRequest', 'org.apache.catalina.startup.Tomcat', 
'org.apache.coyote.UpgradeProtocol', 
'org.springframework.boot.tomcat.servlet.TomcatServletWebServerFactory' 
(OnClassCondition)
      - found 'session' scope (OnWebApplicationCondition)

   TomcatServletWebServerAutoConfiguration#tomcatServletWebServerFactory 
matched:
      - @ConditionalOnMissingBean (types: 
org.springframework.boot.web.server.servlet.ServletWebServerFactory; 
SearchStrategy: current) did not find any beans (OnBeanCondition)

   TransactionAutoConfiguration matched:
      - @ConditionalOnClass found required class 
'org.springframework.transaction.PlatformTransactionManager' (OnClassCondition)

   TransactionAutoConfiguration.EnableTransactionManagementConfiguration 
matched:
      - @ConditionalOnBean (types: 
org.springframework.transaction.TransactionManager; SearchStrategy: all) found 
bean 'transactionManager'; @ConditionalOnMissingBean (types: org.springframewor
k.transaction.annotation.AbstractTransactionManagementConfiguration; 
SearchStrategy: all) did not find any beans (OnBeanCondition)

   TransactionAutoConfiguration.EnableTransactionManagementConfiguration.CglibA
utoProxyConfiguration matched:
      - @ConditionalOnBooleanProperty (spring.aop.proxy-target-class=true) 
matched (OnPropertyCondition)

   TransactionAutoConfiguration.TransactionTemplateConfiguration matched:
      - @ConditionalOnSingleCandidate (types: 
org.springframework.transaction.PlatformTransactionManager; SearchStrategy: 
all) found a single bean 'transactionManager' (OnBeanCondition)

   TransactionAutoConfiguration.TransactionTemplateConfiguration#transactionTem
plate matched:
      - @ConditionalOnMissingBean (types: 
org.springframework.transaction.support.TransactionOperations; SearchStrategy: 
all) did not find any beans (OnBeanCondition)

   TransactionManagerCustomizationAutoConfiguration matched:
      - @ConditionalOnClass found required class 
'org.springframework.transaction.PlatformTransactionManager' (OnClassCondition)

   TransactionManagerCustomizationAutoConfiguration#platformTransactionManagerC
ustomizers matched:
      - @ConditionalOnMissingBean (types: org.springframework.boot.transaction.
autoconfigure.TransactionManagerCustomizers; SearchStrategy: all) did not find 
any beans (OnBeanCondition)

   UserDetailsServiceAutoConfiguration matched:
      - @ConditionalOnClass found required class 
'org.springframework.security.authentication.AuthenticationManager' 
(OnClassCondition)
      - found 'session' scope (OnWebApplicationCondition)
      - AnyNestedCondition 1 matched 2 did not; NestedCondition on MissingAlter
nativeUserDetailsManagerOrUserPropertiesConfigured.PasswordConfigured 
@ConditionalOnProperty (spring.security.user.password) did not find property 
'spring.security.user.password'; NestedCondition on 
MissingAlternativeUserDetailsManagerOrUserPropertiesConfigured.NameConfigured 
@ConditionalOnProperty (spring.security.user.name) did not find property 
'spring.security.user.name'; NestedCondition on MissingAlternativeUserDetailsMa
nagerOrUserPropertiesConfigured.MissingAlternative @ConditionalOnMissingClass 
did not find unwanted classes 'org.springframework.security.oauth2.client.regis
tration.ClientRegistrationRepository', 'org.springframework.security.oauth2.ser
ver.resource.introspection.OpaqueTokenIntrospector', 'org.springframework.secur
ity.saml2.provider.service.registration.RelyingPartyRegistrationRepository' 
(MissingAlternativeUserDetailsManagerOrUserPropertiesConfigured)
      - @ConditionalOnMissingBean (types: org.springframework.security.authenti
cation.AuthenticationManager,org.springframework.security.authentication.Authen
ticationProvider,org.springframework.security.core.userdetails.UserDetailsServi
ce,org.springframework.security.authentication.AuthenticationManagerResolver,or
g.springframework.security.oauth2.jwt.JwtDecoder; SearchStrategy: all) did not 
find any beans (OnBeanCondition)

   ValidationAutoConfiguration matched:
      - @ConditionalOnClass found required class 
'jakarta.validation.executable.ExecutableValidator' (OnClassCondition)
      - @ConditionalOnResource found location 
classpath:META-INF/services/jakarta.validation.spi.ValidationProvider 
(OnResourceCondition)

   ValidationAutoConfiguration#defaultValidator matched:
      - @ConditionalOnMissingBean (types: jakarta.validation.Validator; 
SearchStrategy: all) did not find any beans (OnBeanCondition)

   ValidationAutoConfiguration#methodValidationPostProcessor matched:
      - @ConditionalOnMissingBean (types: 
org.springframework.validation.beanvalidation.MethodValidationPostProcessor; 
SearchStrategy: current) did not find any beans (OnBeanCondition)

   WebClientAutoConfiguration matched:
      - @ConditionalOnClass found required class 
'org.springframework.web.reactive.function.client.WebClient' (OnClassCondition)

   WebClientAutoConfiguration#webClientBuilder matched:
      - @ConditionalOnMissingBean (types: 
org.springframework.web.reactive.function.client.WebClient$Builder; 
SearchStrategy: all) did not find any beans (OnBeanCondition)

   WebClientAutoConfiguration#webClientHttpConnectorCustomizer matched:
      - @ConditionalOnBean (types: 
org.springframework.http.client.reactive.ClientHttpConnector; SearchStrategy: 
all) found bean 'clientHttpConnector' (OnBeanCondition)

   WebClientAutoConfiguration#webClientSsl matched:
      - @ConditionalOnBean (types: org.springframework.boot.ssl.SslBundles; 
SearchStrategy: all) found bean 'sslBundleRegistry'; @ConditionalOnMissingBean 
(types: org.springframework.boot.webclient.autoconfigure.WebClientSsl; 
SearchStrategy: all) did not find any beans (OnBeanCondition)

   WebClientAutoConfiguration.WebClientCodecsConfiguration matched:
      - @ConditionalOnBean (types: 
org.springframework.boot.http.codec.CodecCustomizer; SearchStrategy: all) 
found beans 'jacksonCodecCustomizer', 'defaultCodecCustomizer' 
(OnBeanCondition)

   WebClientAutoConfiguration.WebClientCodecsConfiguration#exchangeStrategiesCu
stomizer matched:
      - @ConditionalOnMissingBean (types: 
org.springframework.boot.webclient.autoconfigure.WebClientCodecCustomizer; 
SearchStrategy: all) did not find any beans (OnBeanCondition)

   WebClientObservationAutoConfiguration matched:
      - @ConditionalOnClass found required classes 
'org.springframework.web.reactive.function.client.WebClient', 'org.springframew
ork.boot.webclient.observation.ObservationWebClientCustomizer', 
'io.micrometer.observation.ObservationRegistry', 'org.springframework.boot.micr
ometer.observation.autoconfigure.ObservationProperties' (OnClassCondition)

   WebEndpointAutoConfiguration matched:
      - @ConditionalOnWebApplication (required) found 'session' scope 
(OnWebApplicationCondition)

   WebEndpointAutoConfiguration#controllerEndpointDiscoverer matched:
      - @ConditionalOnMissingBean (types: org.springframework.boot.actuate.endp
oint.web.annotation.ControllerEndpointsSupplier; SearchStrategy: all) did not 
find any beans (OnBeanCondition)

   WebEndpointAutoConfiguration#endpointMediaTypes matched:
      - @ConditionalOnMissingBean (types: 
org.springframework.boot.actuate.endpoint.web.EndpointMediaTypes; 
SearchStrategy: all) did not find any beans (OnBeanCondition)

   WebEndpointAutoConfiguration#pathMappedEndpoints matched:
      - @ConditionalOnMissingBean (types: 
org.springframework.boot.actuate.endpoint.web.PathMappedEndpoints; 
SearchStrategy: all) did not find any beans (OnBeanCondition)

   WebEndpointAutoConfiguration#webEndpointDiscoverer matched:
      - @ConditionalOnMissingBean (types: 
org.springframework.boot.actuate.endpoint.web.WebEndpointsSupplier; 
SearchStrategy: all) did not find any beans (OnBeanCondition)

   WebEndpointAutoConfiguration.WebEndpointServletConfiguration matched:
      - found 'session' scope (OnWebApplicationCondition)

   WebEndpointAutoConfiguration.WebEndpointServletConfiguration#servletEndpoint
Discoverer matched:
      - @ConditionalOnMissingBean (types: org.springframework.boot.actuate.endp
oint.web.annotation.ServletEndpointsSupplier; SearchStrategy: all) did not 
find any beans (OnBeanCondition)

   WebMvcAutoConfiguration matched:
      - @ConditionalOnClass found required classes 'jakarta.servlet.Servlet', 
'org.springframework.web.servlet.DispatcherServlet', 
'org.springframework.web.servlet.config.annotation.WebMvcConfigurer' 
(OnClassCondition)
      - found 'session' scope (OnWebApplicationCondition)
      - @ConditionalOnMissingBean (types: 
org.springframework.web.servlet.config.annotation.WebMvcConfigurationSupport; 
SearchStrategy: all) did not find any beans (OnBeanCondition)

   WebMvcAutoConfiguration#formContentFilter matched:
      - @ConditionalOnBooleanProperty 
(spring.mvc.formcontent.filter.enabled=true) matched (OnPropertyCondition)
      - @ConditionalOnMissingBean (types: 
org.springframework.web.filter.FormContentFilter; SearchStrategy: all) did not 
find any beans (OnBeanCondition)

   WebMvcAutoConfiguration.EnableWebMvcConfiguration#flashMapManager matched:
      - @ConditionalOnMissingBean (names: flashMapManager; SearchStrategy: 
all) did not find any beans (OnBeanCondition)

   WebMvcAutoConfiguration.EnableWebMvcConfiguration#localeResolver matched:
      - @ConditionalOnMissingBean (names: localeResolver; SearchStrategy: all) 
did not find any beans (OnBeanCondition)

   WebMvcAutoConfiguration.EnableWebMvcConfiguration#viewNameTranslator 
matched:
      - @ConditionalOnMissingBean (names: viewNameTranslator; SearchStrategy: 
all) did not find any beans (OnBeanCondition)

   WebMvcAutoConfiguration.WebMvcAutoConfigurationAdapter#defaultViewResolver 
matched:
      - @ConditionalOnMissingBean (types: 
org.springframework.web.servlet.view.InternalResourceViewResolver; 
SearchStrategy: all) did not find any beans (OnBeanCondition)

   WebMvcAutoConfiguration.WebMvcAutoConfigurationAdapter#requestContextFilter 
matched:
      - @ConditionalOnMissingBean (types: org.springframework.web.context.reque
st.RequestContextListener,org.springframework.web.filter.RequestContextFilter; 
SearchStrategy: all) did not find any beans (OnBeanCondition)

   WebMvcAutoConfiguration.WebMvcAutoConfigurationAdapter#viewResolver matched:
      - @ConditionalOnBean (types: 
org.springframework.web.servlet.ViewResolver; SearchStrategy: all) found beans 
'defaultViewResolver', 'beanNameViewResolver', 'mvcViewResolver'; 
@ConditionalOnMissingBean (names: viewResolver types: 
org.springframework.web.servlet.view.ContentNegotiatingViewResolver; 
SearchStrategy: all) did not find any beans (OnBeanCondition)

   WebMvcEndpointManagementContextConfiguration matched:
      - found 'session' scope (OnWebApplicationCondition)
      - @ConditionalOnBean (types: org.springframework.web.servlet.DispatcherSe
rvlet,org.springframework.boot.actuate.endpoint.web.WebEndpointsSupplier; 
SearchStrategy: all) found beans 'webEndpointDiscoverer', 'dispatcherServlet' 
(OnBeanCondition)

   
WebMvcEndpointManagementContextConfiguration#controllerEndpointHandlerMapping 
matched:
      - @ConditionalOnMissingBean (types: org.springframework.boot.webmvc.actua
te.endpoint.web.ControllerEndpointHandlerMapping; SearchStrategy: all) did not 
find any beans (OnBeanCondition)

   WebMvcEndpointManagementContextConfiguration#endpointJackson2ObjectMapperWeb
MvcConfigurer matched:
      - @ConditionalOnBean (types: org.springframework.boot.actuate.endpoint.ja
ckson.EndpointJackson2ObjectMapper; SearchStrategy: all) found bean 
'jackson2EndpointJsonMapper' (OnBeanCondition)

   WebMvcEndpointManagementContextConfiguration#endpointJsonMapperWebMvcConfigu
rer matched:
      - @ConditionalOnBean (types: 
org.springframework.boot.actuate.endpoint.jackson.EndpointJsonMapper; 
SearchStrategy: all) found bean 'endpointJsonMapper' (OnBeanCondition)

   
WebMvcEndpointManagementContextConfiguration#webEndpointServletHandlerMapping 
matched:
      - @ConditionalOnMissingBean (types: org.springframework.boot.webmvc.actua
te.endpoint.web.WebMvcEndpointHandlerMapping; SearchStrategy: all) did not 
find any beans (OnBeanCondition)

   WebMvcEndpointManagementContextConfiguration.HealthConfiguration matched:
      - @ConditionalOnClass found required class 
'org.springframework.boot.health.actuate.endpoint.HealthEndpoint' 
(OnClassCondition)

   WebMvcHealthEndpointExtensionAutoConfiguration matched:
      - @ConditionalOnClass found required class 
'org.springframework.boot.health.actuate.endpoint.HealthEndpoint' 
(OnClassCondition)
      - found 'session' scope (OnWebApplicationCondition)
      - @ConditionalOnAvailableEndpoint marked as exposed by a 
'management.endpoints.web.exposure' property (OnAvailableEndpointCondition)
      - @ConditionalOnBean (types: org.springframework.boot.health.actuate.endp
oint.HealthEndpoint,org.springframework.boot.actuate.endpoint.web.WebEndpointsS
upplier,org.springframework.boot.health.actuate.endpoint.HealthEndpointGroups; 
SearchStrategy: all) found beans 'webEndpointDiscoverer', 'healthEndpoint', 
'healthEndpointGroups' (OnBeanCondition)

   WebMvcObservationAutoConfiguration matched:
      - @ConditionalOnClass found required classes 
'org.springframework.web.servlet.DispatcherServlet', 
'io.micrometer.observation.Observation', 'org.springframework.boot.micrometer.o
bservation.autoconfigure.ObservationProperties' (OnClassCondition)
      - found 'session' scope (OnWebApplicationCondition)
      - @ConditionalOnBean (types: 
io.micrometer.observation.ObservationRegistry; SearchStrategy: all) found bean 
'observationRegistry' (OnBeanCondition)

   WebMvcObservationAutoConfiguration#webMvcObservationFilter matched:
      - @ConditionalOnMissingBean (types: 
org.springframework.web.filter.ServerHttpObservationFilter; SearchStrategy: 
all) did not find any beans (OnBeanCondition)

   WebMvcObservationAutoConfiguration.MeterFilterConfiguration matched:
      - @ConditionalOnClass found required classes 
'io.micrometer.core.instrument.MeterRegistry', 
'org.springframework.boot.micrometer.metrics.autoconfigure.MetricsProperties' 
(OnClassCondition)
      - @ConditionalOnBean (types: 
io.micrometer.core.instrument.MeterRegistry; SearchStrategy: all) found bean 
'simpleMeterRegistry' (OnBeanCondition)

   WebSocketMessagingAutoConfiguration matched:
      - @ConditionalOnClass found required classes 'org.springframework.web.soc
ket.config.annotation.WebSocketMessageBrokerConfigurer', 'org.springframework.w
eb.socket.config.annotation.DelegatingWebSocketMessageBrokerConfiguration' 
(OnClassCondition)
      - found 'session' scope (OnWebApplicationCondition)
      - @ConditionalOnBean (types: org.springframework.web.socket.config.annota
tion.DelegatingWebSocketMessageBrokerConfiguration; SearchStrategy: all) found 
bean 'org.springframework.web.socket.config.annotation.DelegatingWebSocketMessa
geBrokerConfiguration' (OnBeanCondition)

   WebSocketMessagingAutoConfiguration.JacksonWebSocketMessageConverterConfigur
ation matched:
      - @ConditionalOnClass found required class 
'tools.jackson.databind.json.JsonMapper' (OnClassCondition)
      - @ConditionalOnProperty 
(spring.websocket.messaging.preferred-json-mapper=jackson) matched 
(OnPropertyCondition)
      - @ConditionalOnBean (types: tools.jackson.databind.json.JsonMapper; 
SearchStrategy: all) found bean 'jacksonJsonMapper' (OnBeanCondition)


Negative matches:
-----------------

   AopAutoConfiguration.AspectJAutoProxyingConfiguration.JdkDynamicAutoProxyCon
figuration:
      Did not match:
         - @ConditionalOnBooleanProperty (spring.aop.proxy-target-class=false) 
did not find property 'spring.aop.proxy-target-class' (OnPropertyCondition)

   AopAutoConfiguration.ClassProxyingConfiguration:
      Did not match:
         - @ConditionalOnMissingClass found unwanted class 
'org.aspectj.weaver.Advice' (OnClassCondition)

   AppOpticsMetricsExportAutoConfiguration:
      Did not match:
         - @ConditionalOnClass did not find required class 
'io.micrometer.appoptics.AppOpticsMeterRegistry' (OnClassCondition)

   AtlasMetricsExportAutoConfiguration:
      Did not match:
         - @ConditionalOnClass did not find required class 
'io.micrometer.atlas.AtlasMeterRegistry' (OnClassCondition)

   AuditAutoConfiguration:
      Did not match:
         - @ConditionalOnBean (types: 
org.springframework.boot.actuate.audit.AuditEventRepository; SearchStrategy: 
all) did not find any beans of type 
org.springframework.boot.actuate.audit.AuditEventRepository (OnBeanCondition)
      Matched:
         - @ConditionalOnBooleanProperty (management.auditevents.enabled=true) 
matched (OnPropertyCondition)

   AuditEventsEndpointAutoConfiguration:
      Did not match:
         - @ConditionalOnAvailableEndpoint not exposed 
(OnAvailableEndpointCondition)

   AvailabilityHealthContributorAutoConfiguration#livenessStateHealthIndicator:
      Did not match:
         - @ConditionalOnBooleanProperty 
(management.health.livenessstate.enabled=true) did not find property 
'management.health.livenessstate.enabled' (OnPropertyCondition)

   
AvailabilityHealthContributorAutoConfiguration#readinessStateHealthIndicator:
      Did not match:
         - @ConditionalOnBooleanProperty 
(management.health.readinessstate.enabled=true) did not find property 
'management.health.readinessstate.enabled' (OnPropertyCondition)

   BeansEndpointAutoConfiguration:
      Did not match:
         - @ConditionalOnAvailableEndpoint not exposed 
(OnAvailableEndpointCondition)

   CodecsAutoConfiguration.Jackson2JsonCodecConfiguration:
      Did not match:
         - AnyNestedCondition 0 matched 2 did not; NestedCondition on 
CodecsAutoConfiguration.NoJacksonOrJackson2Preferred.Jackson2Preferred 
@ConditionalOnProperty (spring.http.codecs.preferred-json-mapper=jackson2) did 
not find property 'spring.http.codecs.preferred-json-mapper'; NestedCondition 
on CodecsAutoConfiguration.NoJacksonOrJackson2Preferred.NoJackson 
@ConditionalOnMissingClass found unwanted class 
'tools.jackson.databind.json.JsonMapper' 
(CodecsAutoConfiguration.NoJacksonOrJackson2Preferred)
      Matched:
         - @ConditionalOnClass found required class 
'com.fasterxml.jackson.databind.ObjectMapper' (OnClassCondition)

   CodecsAutoConfiguration.KotlinxSerializationJsonCodecConfiguration:
      Did not match:
         - @ConditionalOnClass did not find required class 
'kotlinx.serialization.json.Json' (OnClassCondition)

   CompositeMeterRegistryConfiguration:
      Did not match:
         - NoneNestedConditions 1 matched 1 did not; NestedCondition on Composi
teMeterRegistryConfiguration.MultipleNonPrimaryMeterRegistriesCondition.SingleI
njectableMeterRegistry @ConditionalOnSingleCandidate (types: 
io.micrometer.core.instrument.MeterRegistry; SearchStrategy: all) found a 
single bean 'simpleMeterRegistry'; NestedCondition on CompositeMeterRegistryCon
figuration.MultipleNonPrimaryMeterRegistriesCondition.NoMeterRegistryCondition 
@ConditionalOnMissingBean (types: io.micrometer.core.instrument.MeterRegistry; 
SearchStrategy: all) found beans of type 
'io.micrometer.core.instrument.MeterRegistry' simpleMeterRegistry (CompositeMet
erRegistryConfiguration.MultipleNonPrimaryMeterRegistriesCondition)

   ConditionsReportEndpointAutoConfiguration:
      Did not match:
         - @ConditionalOnAvailableEndpoint not exposed 
(OnAvailableEndpointCondition)

   ConfigurationPropertiesReportEndpointAutoConfiguration:
      Did not match:
         - @ConditionalOnAvailableEndpoint not exposed 
(OnAvailableEndpointCondition)

   DataJpaRepositoriesAutoConfiguration#entityManagerFactoryBootstrapExecutorCu
stomizer:
      Did not match:
         - AnyNestedCondition 0 matched 2 did not; NestedCondition on DataJpaRe
positoriesAutoConfiguration.BootstrapExecutorCondition.LazyBootstrapMode 
@ConditionalOnProperty (spring.data.jpa.repositories.bootstrap-mode=lazy) did 
not find property 'spring.data.jpa.repositories.bootstrap-mode'; 
NestedCondition on DataJpaRepositoriesAutoConfiguration.BootstrapExecutorCondit
ion.DeferredBootstrapMode @ConditionalOnProperty 
(spring.data.jpa.repositories.bootstrap-mode=deferred) did not find property 
'spring.data.jpa.repositories.bootstrap-mode' 
(DataJpaRepositoriesAutoConfiguration.BootstrapExecutorCondition)

   DataSourceAutoConfiguration.EmbeddedDatabaseConfiguration:
      Did not match:
         - EmbeddedDataSource spring.datasource.url is set 
(DataSourceAutoConfiguration.EmbeddedDatabaseCondition)

   DataSourceCheckpointRestoreConfiguration:
      Did not match:
         - @ConditionalOnClass did not find required class 'org.crac.Resource' 
(OnClassCondition)

   DataSourceConfiguration.Dbcp2:
      Did not match:
         - @ConditionalOnClass did not find required class 
'org.apache.commons.dbcp2.BasicDataSource' (OnClassCondition)

   DataSourceConfiguration.Generic:
      Did not match:
         - @ConditionalOnProperty (spring.datasource.type) did not find 
property 'spring.datasource.type' (OnPropertyCondition)

   DataSourceConfiguration.OracleUcp:
      Did not match:
         - @ConditionalOnClass did not find required classes 
'oracle.ucp.jdbc.PoolDataSourceImpl', 'oracle.jdbc.OracleConnection' 
(OnClassCondition)

   DataSourceConfiguration.Tomcat:
      Did not match:
         - @ConditionalOnClass did not find required class 
'org.apache.tomcat.jdbc.pool.DataSource' (OnClassCondition)

   DataSourceInitializationAutoConfiguration:
      Did not match:
         - SQL InitializationDatabase Initialization spring.sql.init.mode is 
NEVER (OnSqlInitializationCondition)
      Matched:
         - @ConditionalOnClass found required class 
'org.springframework.jdbc.datasource.init.DatabasePopulator' (OnClassCondition)

   DataSourceJmxConfiguration:
      Did not match:
         - @ConditionalOnBooleanProperty (spring.jmx.enabled=true) found 
different value in property 'spring.jmx.enabled' (OnPropertyCondition)

   DataSourcePoolMetadataProvidersConfiguration.CommonsDbcp2PoolDataSourceMetad
ataProviderConfiguration:
      Did not match:
         - @ConditionalOnClass did not find required class 
'org.apache.commons.dbcp2.BasicDataSource' (OnClassCondition)

   DataSourcePoolMetadataProvidersConfiguration.OracleUcpPoolDataSourceMetadata
ProviderConfiguration:
      Did not match:
         - @ConditionalOnClass did not find required classes 
'oracle.ucp.jdbc.PoolDataSource', 'oracle.jdbc.OracleConnection' 
(OnClassCondition)

   DataSourcePoolMetadataProvidersConfiguration.TomcatDataSourcePoolMetadataPro
viderConfiguration:
      Did not match:
         - @ConditionalOnClass did not find required class 
'org.apache.tomcat.jdbc.pool.DataSource' (OnClassCondition)

   DataSourceTransactionManagerAutoConfiguration.JdbcTransactionManagerConfigur
ation#transactionManager:
      Did not match:
         - @ConditionalOnMissingBean (types: 
org.springframework.transaction.TransactionManager; SearchStrategy: all) found 
beans of type 'org.springframework.transaction.TransactionManager' 
transactionManager (OnBeanCondition)

   DatadogMetricsExportAutoConfiguration:
      Did not match:
         - @ConditionalOnClass did not find required class 
'io.micrometer.datadog.DatadogMeterRegistry' (OnClassCondition)

   DispatcherServletAutoConfiguration.DispatcherServletConfiguration#multipartR
esolver:
      Did not match:
         - @ConditionalOnBean (types: 
org.springframework.web.multipart.MultipartResolver; SearchStrategy: all) did 
not find any beans of type org.springframework.web.multipart.MultipartResolver 
(OnBeanCondition)

   DynatraceMetricsExportAutoConfiguration:
      Did not match:
         - @ConditionalOnClass did not find required class 
'io.micrometer.dynatrace.DynatraceMeterRegistry' (OnClassCondition)

   ElasticMetricsExportAutoConfiguration:
      Did not match:
         - @ConditionalOnClass did not find required class 
'io.micrometer.elastic.ElasticMeterRegistry' (OnClassCondition)

   EnvironmentEndpointAutoConfiguration:
      Did not match:
         - @ConditionalOnAvailableEndpoint not exposed 
(OnAvailableEndpointCondition)

   ErrorWebFluxAutoConfiguration:
      Did not match:
         - not a reactive web application (OnWebApplicationCondition)
      Matched:
         - @ConditionalOnClass found required class 
'org.springframework.web.reactive.config.WebFluxConfigurer' (OnClassCondition)

   GangliaMetricsExportAutoConfiguration:
      Did not match:
         - @ConditionalOnClass did not find required class 
'io.micrometer.ganglia.GangliaMeterRegistry' (OnClassCondition)

   GraphiteMetricsExportAutoConfiguration:
      Did not match:
         - @ConditionalOnClass did not find required class 
'io.micrometer.graphite.GraphiteMeterRegistry' (OnClassCondition)

   GsonHttpMessageConvertersConfiguration:
      Did not match:
         - @ConditionalOnClass did not find required class 
'com.google.gson.Gson' (OnClassCondition)

   HealthEndpointReactiveWebExtensionConfiguration:
      Did not match:
         - not a reactive web application (OnWebApplicationCondition)

   HeapDumpWebEndpointAutoConfiguration:
      Did not match:
         - @ConditionalOnAvailableEndpoint the configured access for endpoint 
'heapdump' is NONE (OnAvailableEndpointCondition)

   HibernateMetricsAutoConfiguration:
      Did not match:
         - @ConditionalOnClass did not find required class 
'org.hibernate.stat.HibernateMetrics' (OnClassCondition)

   HttpExchangesEndpointAutoConfiguration:
      Did not match:
         - @ConditionalOnAvailableEndpoint not exposed 
(OnAvailableEndpointCondition)

   HttpHandlerAutoConfiguration:
      Did not match:
         - not a reactive web application (OnWebApplicationCondition)
      Matched:
         - @ConditionalOnClass found required classes 
'org.springframework.web.reactive.DispatcherHandler', 
'org.springframework.http.server.reactive.HttpHandler' (OnClassCondition)

   HumioMetricsExportAutoConfiguration:
      Did not match:
         - @ConditionalOnClass did not find required class 
'io.micrometer.humio.HumioMeterRegistry' (OnClassCondition)

   InfluxMetricsExportAutoConfiguration:
      Did not match:
         - @ConditionalOnClass did not find required class 
'io.micrometer.influx.InfluxMeterRegistry' (OnClassCondition)

   InfoContributorAutoConfiguration#buildInfoContributor:
      Did not match:
         - @ConditionalOnSingleCandidate (types: 
org.springframework.boot.info.BuildProperties; SearchStrategy: all) did not 
find any beans (OnBeanCondition)
      Matched:
         - @ConditionalOnEnabledInfoContributor 
management.info.defaults.enabled is considered true 
(OnEnabledInfoContributorCondition)

   InfoContributorAutoConfiguration#envInfoContributor:
      Did not match:
         - @ConditionalOnEnabledInfoContributor management.info.env.enabled is 
not true (OnEnabledInfoContributorCondition)

   InfoContributorAutoConfiguration#gitInfoContributor:
      Did not match:
         - @ConditionalOnSingleCandidate (types: 
org.springframework.boot.info.GitProperties; SearchStrategy: all) did not find 
any beans (OnBeanCondition)
      Matched:
         - @ConditionalOnEnabledInfoContributor 
management.info.defaults.enabled is considered true 
(OnEnabledInfoContributorCondition)

   InfoContributorAutoConfiguration#javaInfoContributor:
      Did not match:
         - @ConditionalOnEnabledInfoContributor management.info.java.enabled 
is not true (OnEnabledInfoContributorCondition)

   InfoContributorAutoConfiguration#osInfoContributor:
      Did not match:
         - @ConditionalOnEnabledInfoContributor management.info.os.enabled is 
not true (OnEnabledInfoContributorCondition)

   InfoContributorAutoConfiguration#processInfoContributor:
      Did not match:
         - @ConditionalOnEnabledInfoContributor 
management.info.process.enabled is not true (OnEnabledInfoContributorCondition)

   InfoContributorAutoConfiguration#sslInfo:
      Did not match:
         - @ConditionalOnEnabledInfoContributor management.info.ssl.enabled is 
not true (OnEnabledInfoContributorCondition)
      Matched:
         - @ConditionalOnMissingBean (types: 
org.springframework.boot.info.SslInfo; SearchStrategy: all) did not find any 
beans (OnBeanCondition)

   InfoContributorAutoConfiguration#sslInfoContributor:
      Did not match:
         - @ConditionalOnEnabledInfoContributor management.info.ssl.enabled is 
not true (OnEnabledInfoContributorCondition)

   InfoEndpointAutoConfiguration:
      Did not match:
         - @ConditionalOnAvailableEndpoint not exposed 
(OnAvailableEndpointCondition)

   Jackson2HttpMessageConvertersConfiguration.MappingJackson2HttpMessageConvert
erConfiguration:
      Did not match:
         - AnyNestedCondition 0 matched 2 did not; NestedCondition on Jackson2H
ttpMessageConvertersConfiguration.PreferJackson2OrJacksonUnavailableCondition.J
acksonUnavailable @ConditionalOnMissingBean (types: org.springframework.boot.ht
tp.converter.autoconfigure.JacksonHttpMessageConvertersConfiguration$JacksonJso
nHttpMessageConvertersCustomizer; SearchStrategy: all) found beans of type 'org
.springframework.boot.http.converter.autoconfigure.JacksonHttpMessageConverters
Configuration$JacksonJsonHttpMessageConvertersCustomizer' 
jacksonJsonHttpMessageConvertersCustomizer; NestedCondition on Jackson2HttpMess
ageConvertersConfiguration.PreferJackson2OrJacksonUnavailableCondition.Jackson2
Preferred @ConditionalOnProperty 
(spring.http.converters.preferred-json-mapper=jackson2) did not find property 
'spring.http.converters.preferred-json-mapper' (Jackson2HttpMessageConvertersCo
nfiguration.PreferJackson2OrJacksonUnavailableCondition)
      Matched:
         - @ConditionalOnClass found required class 
'com.fasterxml.jackson.databind.ObjectMapper' (OnClassCondition)

   Jackson2HttpMessageConvertersConfiguration.MappingJackson2XmlHttpMessageConv
erterConfiguration:
      Did not match:
         - @ConditionalOnClass did not find required class 
'com.fasterxml.jackson.dataformat.xml.XmlMapper' (OnClassCondition)

   JacksonAutoConfiguration.CborConfiguration:
      Did not match:
         - @ConditionalOnClass did not find required class 
'tools.jackson.dataformat.cbor.CBORMapper' (OnClassCondition)

   JacksonAutoConfiguration.XmlConfiguration:
      Did not match:
         - @ConditionalOnClass did not find required class 
'tools.jackson.dataformat.xml.XmlMapper' (OnClassCondition)

   JacksonHttpMessageConvertersConfiguration.JacksonXmlHttpMessageConverterConf
iguration:
      Did not match:
         - @ConditionalOnClass did not find required class 
'tools.jackson.dataformat.xml.XmlMapper' (OnClassCondition)

   JmxAutoConfiguration:
      Did not match:
         - @ConditionalOnBooleanProperty (spring.jmx.enabled=true) found 
different value in property 'spring.jmx.enabled' (OnPropertyCondition)
      Matched:
         - @ConditionalOnClass found required class 
'org.springframework.jmx.export.MBeanExporter' (OnClassCondition)

   JmxEndpointAutoConfiguration:
      Did not match:
         - @ConditionalOnBooleanProperty (spring.jmx.enabled=true) found 
different value in property 'spring.jmx.enabled' (OnPropertyCondition)

   JmxMetricsExportAutoConfiguration:
      Did not match:
         - @ConditionalOnClass did not find required class 
'io.micrometer.jmx.JmxMeterRegistry' (OnClassCondition)

   JndiDataSourceAutoConfiguration:
      Did not match:
         - @ConditionalOnProperty (spring.datasource.jndi-name) did not find 
property 'spring.datasource.jndi-name' (OnPropertyCondition)
      Matched:
         - @ConditionalOnClass found required classes 'javax.sql.DataSource', 
'org.springframework.jdbc.datasource.embedded.EmbeddedDatabaseType' 
(OnClassCondition)

   JndiJtaConfiguration:
      Did not match:
         - @ConditionalOnJndi JNDI environment is not available 
(OnJndiCondition)
      Matched:
         - @ConditionalOnClass found required class 
'org.springframework.transaction.jta.JtaTransactionManager' (OnClassCondition)

   JpaBaseConfiguration.JpaWebConfiguration:
      Did not match:
         - @ConditionalOnBooleanProperty (spring.jpa.open-in-view=true) found 
different value in property 'spring.jpa.open-in-view' (OnPropertyCondition)
      Matched:
         - @ConditionalOnClass found required class 
'org.springframework.web.servlet.config.annotation.WebMvcConfigurer' 
(OnClassCondition)
         - found 'session' scope (OnWebApplicationCondition)

   JsonbHttpMessageConvertersConfiguration:
      Did not match:
         - @ConditionalOnClass did not find required class 
'jakarta.json.bind.Jsonb' (OnClassCondition)

   JvmMetricsAutoConfiguration.VirtualThreadMetricsConfiguration:
      Did not match:
         - @ConditionalOnClass did not find required class 
'io.micrometer.java21.instrument.binder.jdk.VirtualThreadMetrics' 
(OnClassCondition)

   KairosMetricsExportAutoConfiguration:
      Did not match:
         - @ConditionalOnClass did not find required class 
'io.micrometer.kairos.KairosMeterRegistry' (OnClassCondition)

   KotlinSerializationHttpMessageConvertersConfiguration:
      Did not match:
         - @ConditionalOnClass did not find required classes 
'kotlinx.serialization.Serializable', 'kotlinx.serialization.json.Json' 
(OnClassCondition)

   Log4J2MetricsAutoConfiguration:
      Did not match:
         - @ConditionalOnClass did not find required class 
'org.apache.logging.log4j.core.LoggerContext' (OnClassCondition)

   LogFileWebEndpointAutoConfiguration:
      Did not match:
         - @ConditionalOnAvailableEndpoint not exposed 
(OnAvailableEndpointCondition)

   LoggersEndpointAutoConfiguration:
      Did not match:
         - @ConditionalOnAvailableEndpoint not exposed 
(OnAvailableEndpointCondition)

   ManagementContextAutoConfiguration.DifferentManagementContextConfiguration:
      Did not match:
         - Management Port actual port type (SAME) did not match required type 
(DIFFERENT) (OnManagementPortCondition)

   ManagementWebSecurityAutoConfiguration:
      Did not match:
         - AllNestedConditions 1 matched 1 did not; NestedCondition on 
DefaultWebSecurityCondition.Beans @ConditionalOnMissingBean (types: 
org.springframework.security.web.SecurityFilterChain; SearchStrategy: all) 
found beans of type 'org.springframework.security.web.SecurityFilterChain' 
filterChain; NestedCondition on DefaultWebSecurityCondition.Classes 
@ConditionalOnClass found required classes 
'org.springframework.security.web.SecurityFilterChain', 
'org.springframework.security.config.annotation.web.builders.HttpSecurity' 
(DefaultWebSecurityCondition)
      Matched:
         - @ConditionalOnClass found required classes 
'org.springframework.security.web.util.matcher.RequestMatcher', 'org.springfram
ework.boot.actuate.autoconfigure.endpoint.web.WebEndpointAutoConfiguration' 
(OnClassCondition)
         - found 'session' scope (OnWebApplicationCondition)

   MappingsEndpointAutoConfiguration:
      Did not match:
         - @ConditionalOnAvailableEndpoint not exposed 
(OnAvailableEndpointCondition)

   MessageSourceAutoConfiguration:
      Did not match:
         - ResourceBundle did not find bundle with basename messages 
(MessageSourceAutoConfiguration.ResourceBundleCondition)

   MetricsAspectsAutoConfiguration:
      Did not match:
         - @ConditionalOnBooleanProperty 
(management.observations.annotations.enabled=true) did not find property 
'management.observations.annotations.enabled' (OnPropertyCondition)
      Matched:
         - @ConditionalOnClass found required classes 
'io.micrometer.core.instrument.MeterRegistry', 'org.aspectj.weaver.Advice' 
(OnClassCondition)

   MetricsEndpointAutoConfiguration:
      Did not match:
         - @ConditionalOnAvailableEndpoint not exposed 
(OnAvailableEndpointCondition)
      Matched:
         - @ConditionalOnClass found required classes 'org.springframework.boot
.actuate.autoconfigure.endpoint.condition.ConditionalOnAvailableEndpoint', 
'io.micrometer.core.annotation.Timed' (OnClassCondition)

   NettyReactiveManagementContextAutoConfiguration:
      Did not match:
         - not a reactive web application (OnWebApplicationCondition)
      Matched:
         - @ConditionalOnClass found required classes 
'reactor.netty.http.server.HttpServer', 'org.springframework.boot.actuate.autoc
onfigure.web.server.ManagementContextFactory' (OnClassCondition)

   NettyReactiveWebServerAutoConfiguration:
      Did not match:
         - not a reactive web application (OnWebApplicationCondition)
      Matched:
         - @ConditionalOnClass found required classes 
'org.springframework.http.ReactiveHttpInputMessage', 
'reactor.netty.http.server.HttpServer' (OnClassCondition)

   NewRelicMetricsExportAutoConfiguration:
      Did not match:
         - @ConditionalOnClass did not find required class 
'io.micrometer.newrelic.NewRelicMeterRegistry' (OnClassCondition)

   NoOpMeterRegistryConfiguration:
      Did not match:
         - @ConditionalOnMissingBean (types: 
io.micrometer.core.instrument.MeterRegistry; SearchStrategy: all) found beans 
of type 'io.micrometer.core.instrument.MeterRegistry' simpleMeterRegistry 
(OnBeanCondition)

   ObservationAutoConfiguration.ObservedAspectConfiguration:
      Did not match:
         - @ConditionalOnBooleanProperty 
(management.observations.annotations.enabled=true) did not find property 
'management.observations.annotations.enabled' (OnPropertyCondition)
      Matched:
         - @ConditionalOnClass found required class 
'org.aspectj.weaver.Advice' (OnClassCondition)

   OtlpMetricsExportAutoConfiguration:
      Did not match:
         - @ConditionalOnClass did not find required class 
'io.micrometer.registry.otlp.OtlpMeterRegistry' (OnClassCondition)

   ProjectInfoAutoConfiguration#buildProperties:
      Did not match:
         - @ConditionalOnResource did not find resource 
'${spring.info.build.location:classpath:META-INF/build-info.properties}' 
(OnResourceCondition)

   ProjectInfoAutoConfiguration#gitProperties:
      Did not match:
         - GitResource did not find git info at classpath:git.properties 
(ProjectInfoAutoConfiguration.GitResourceAvailableCondition)

   PrometheusMetricsExportAutoConfiguration:
      Did not match:
         - @ConditionalOnClass did not find required class 
'io.micrometer.prometheusmetrics.PrometheusMeterRegistry' (OnClassCondition)

   RSocketSecurityAutoConfiguration:
      Did not match:
         - @ConditionalOnClass did not find required class 
'org.springframework.boot.rsocket.server.RSocketServerCustomizer' 
(OnClassCondition)

   ReactiveHttpServiceClientAutoConfiguration:
      Did not match:
         - @ConditionalOnBean (types: 
org.springframework.web.service.registry.HttpServiceProxyRegistry; 
SearchStrategy: all) did not find any beans of type 
org.springframework.web.service.registry.HttpServiceProxyRegistry 
(OnBeanCondition)
      Matched:
         - @ConditionalOnClass found required class 
'org.springframework.web.reactive.function.client.support.WebClientAdapter' 
(OnClassCondition)

   ReactiveManagementWebSecurityAutoConfiguration:
      Did not match:
         - not a reactive web application (OnWebApplicationCondition)
      Matched:
         - @ConditionalOnClass found required classes 'org.springframework.secu
rity.config.annotation.web.reactive.EnableWebFluxSecurity', 
'org.springframework.security.web.server.WebFilterChainProxy', 'org.springframe
work.boot.actuate.autoconfigure.endpoint.web.WebEndpointAutoConfiguration' 
(OnClassCondition)

   ReactiveMultipartAutoConfiguration:
      Did not match:
         - not a reactive web application (OnWebApplicationCondition)
      Matched:
         - @ConditionalOnClass found required classes 
'org.springframework.http.codec.multipart.DefaultPartHttpMessageReader', 
'org.springframework.web.reactive.config.WebFluxConfigurer' (OnClassCondition)

   ReactiveUserDetailsServiceAutoConfiguration:
      Did not match:
         - AnyNestedCondition 0 matched 2 did not; NestedCondition on ReactiveU
serDetailsServiceAutoConfiguration.RSocketEnabledOrReactiveWebApplication.React
iveWebApplicationCondition not a reactive web application; NestedCondition on R
eactiveUserDetailsServiceAutoConfiguration.RSocketEnabledOrReactiveWebApplicati
on.RSocketSecurityEnabledCondition @ConditionalOnBean (types: org.springframewo
rk.messaging.rsocket.annotation.support.RSocketMessageHandler; SearchStrategy: 
all) did not find any beans of type 
org.springframework.messaging.rsocket.annotation.support.RSocketMessageHandler 
(ReactiveUserDetailsServiceAutoConfiguration.RSocketEnabledOrReactiveWebApplica
tion)
      Matched:
         - @ConditionalOnClass found required class 
'org.springframework.security.authentication.ReactiveAuthenticationManager' 
(OnClassCondition)
         - AnyNestedCondition 1 matched 2 did not; NestedCondition on MissingAl
ternativeUserDetailsManagerOrUserPropertiesConfigured.PasswordConfigured 
@ConditionalOnProperty (spring.security.user.password) did not find property 
'spring.security.user.password'; NestedCondition on 
MissingAlternativeUserDetailsManagerOrUserPropertiesConfigured.NameConfigured 
@ConditionalOnProperty (spring.security.user.name) did not find property 
'spring.security.user.name'; NestedCondition on MissingAlternativeUserDetailsMa
nagerOrUserPropertiesConfigured.MissingAlternative @ConditionalOnMissingClass 
did not find unwanted classes 'org.springframework.security.oauth2.client.regis
tration.ClientRegistrationRepository', 'org.springframework.security.oauth2.ser
ver.resource.introspection.OpaqueTokenIntrospector', 'org.springframework.secur
ity.saml2.provider.service.registration.RelyingPartyRegistrationRepository' 
(MissingAlternativeUserDetailsManagerOrUserPropertiesConfigured)

   ReactiveWebSecurityAutoConfiguration.SpringBootWebFluxSecurityConfiguration:
      Did not match:
         - not a reactive web application (OnWebApplicationCondition)

   SbomEndpointAutoConfiguration:
      Did not match:
         - @ConditionalOnAvailableEndpoint not exposed 
(OnAvailableEndpointCondition)

   ScheduledTasksEndpointAutoConfiguration:
      Did not match:
         - @ConditionalOnAvailableEndpoint not exposed 
(OnAvailableEndpointCondition)

   SecurityAutoConfiguration.SecurityDataConfiguration:
      Did not match:
         - @ConditionalOnClass did not find required class 'org.springframework
.security.data.repository.query.SecurityEvaluationContextExtension' 
(OnClassCondition)

   SecurityRequestMatchersManagementContextConfiguration.JerseyRequestMatcherCo
nfiguration:
      Did not match:
         - @ConditionalOnClass did not find required class 
'org.glassfish.jersey.server.ResourceConfig' (OnClassCondition)

   ServletHttpExchangesAutoConfiguration:
      Did not match:
         - @ConditionalOnBean (types: 
org.springframework.boot.actuate.web.exchanges.HttpExchangeRepository; 
SearchStrategy: all) did not find any beans of type 
org.springframework.boot.actuate.web.exchanges.HttpExchangeRepository 
(OnBeanCondition)
      Matched:
         - found 'session' scope (OnWebApplicationCondition)
         - @ConditionalOnBooleanProperty 
(management.httpexchanges.recording.enabled=true) matched (OnPropertyCondition)

   ServletManagementContextAutoConfiguration.ApplicationContextFilterConfigurat
ion:
      Did not match:
         - @ConditionalOnBooleanProperty 
(management.server.add-application-context-header=true) did not find property 
'management.server.add-application-context-header' (OnPropertyCondition)

   ServletMappingsAutoConfiguration:
      Did not match:
         - @ConditionalOnAvailableEndpoint not exposed 
(OnAvailableEndpointCondition)
      Matched:
         - @ConditionalOnClass found required classes 'org.springframework.boot
.actuate.autoconfigure.endpoint.condition.ConditionalOnAvailableEndpoint', 
'org.springframework.boot.actuate.web.mappings.MappingsEndpoint' 
(OnClassCondition)
         - found 'session' scope (OnWebApplicationCondition)

   ServletWebSecurityAutoConfiguration.SecurityFilterChainConfiguration:
      Did not match:
         - AllNestedConditions 1 matched 1 did not; NestedCondition on 
DefaultWebSecurityCondition.Beans @ConditionalOnMissingBean (types: 
org.springframework.security.web.SecurityFilterChain; SearchStrategy: all) 
found beans of type 'org.springframework.security.web.SecurityFilterChain' 
filterChain; NestedCondition on DefaultWebSecurityCondition.Classes 
@ConditionalOnClass found required classes 
'org.springframework.security.web.SecurityFilterChain', 
'org.springframework.security.config.annotation.web.builders.HttpSecurity' 
(DefaultWebSecurityCondition)

   ServletWebServerConfiguration#forwardedHeaderFilter:
      Did not match:
         - @ConditionalOnProperty (server.forward-headers-strategy=framework) 
did not find property 'server.forward-headers-strategy' (OnPropertyCondition)

   SessionAutoConfiguration.ReactiveSessionConfiguration:
      Did not match:
         - not a reactive web application (OnWebApplicationCondition)

   SessionAutoConfiguration.ServletSessionConfiguration.EmbeddedWebServerConfig
uration:
      Did not match:
         - Application is deployed as a WAR file. (OnWarDeploymentCondition)

   SessionsEndpointAutoConfiguration:
      Did not match:
         - @ConditionalOnAvailableEndpoint not exposed 
(OnAvailableEndpointCondition)
      Matched:
         - @ConditionalOnClass found required classes 
'org.springframework.session.Session', 
'org.springframework.boot.session.actuate.endpoint.SessionsEndpoint', 'org.spri
ngframework.boot.actuate.autoconfigure.endpoint.condition.ConditionalOnAvailabl
eEndpoint' (OnClassCondition)

   ShutdownEndpointAutoConfiguration:
      Did not match:
         - @ConditionalOnAvailableEndpoint the configured access for endpoint 
'shutdown' is NONE (OnAvailableEndpointCondition)

   SpringApplicationAdminJmxAutoConfiguration:
      Did not match:
         - @ConditionalOnBooleanProperty 
(spring.application.admin.enabled=true) did not find property 
'spring.application.admin.enabled' (OnPropertyCondition)

   StackdriverMetricsExportAutoConfiguration:
      Did not match:
         - @ConditionalOnClass did not find required class 
'io.micrometer.stackdriver.StackdriverMeterRegistry' (OnClassCondition)

   StartupEndpointAutoConfiguration:
      Did not match:
         - ApplicationStartup configured applicationStartup is of type class 
org.springframework.core.metrics.DefaultApplicationStartup, expected 
BufferingApplicationStartup. 
(StartupEndpointAutoConfiguration.ApplicationStartupCondition)

   StatsdMetricsExportAutoConfiguration:
      Did not match:
         - @ConditionalOnClass did not find required class 
'io.micrometer.statsd.StatsdMeterRegistry' (OnClassCondition)

   TaskExecutorConfigurations.SimpleAsyncTaskExecutorBuilderConfiguration#simpl
eAsyncTaskExecutorBuilderVirtualThreads:
      Did not match:
         - @ConditionalOnMissingBean (types: 
org.springframework.boot.task.SimpleAsyncTaskExecutorBuilder; SearchStrategy: 
all) found beans of type 
'org.springframework.boot.task.SimpleAsyncTaskExecutorBuilder' 
simpleAsyncTaskExecutorBuilder (OnBeanCondition)

   TaskExecutorConfigurations.TaskExecutorConfiguration:
      Did not match:
         - AnyNestedCondition 0 matched 2 did not; NestedCondition on 
TaskExecutorConfigurations.OnExecutorCondition.ModelCondition 
@ConditionalOnProperty (spring.task.execution.mode=force) did not find 
property 'spring.task.execution.mode'; NestedCondition on 
TaskExecutorConfigurations.OnExecutorCondition.ExecutorBeanCondition 
@ConditionalOnMissingBean (types: java.util.concurrent.Executor; 
SearchStrategy: all) found beans of type 'java.util.concurrent.Executor' 
clientInboundChannelExecutor, clientOutboundChannelExecutor, 
brokerChannelExecutor (TaskExecutorConfigurations.OnExecutorCondition)

   TaskSchedulingConfigurations.SimpleAsyncTaskSchedulerBuilderConfiguration#si
mpleAsyncTaskSchedulerBuilderVirtualThreads:
      Did not match:
         - @ConditionalOnMissingBean (types: 
org.springframework.boot.task.SimpleAsyncTaskSchedulerBuilder; SearchStrategy: 
all) found beans of type 
'org.springframework.boot.task.SimpleAsyncTaskSchedulerBuilder' 
simpleAsyncTaskSchedulerBuilder (OnBeanCondition)

   TaskSchedulingConfigurations.TaskSchedulerConfiguration:
      Did not match:
         - @ConditionalOnMissingBean (types: org.springframework.scheduling.Tas
kScheduler,java.util.concurrent.ScheduledExecutorService; SearchStrategy: all) 
found beans of type 'org.springframework.scheduling.TaskScheduler' 
messageBrokerTaskScheduler (OnBeanCondition)

   ThreadDumpEndpointAutoConfiguration:
      Did not match:
         - @ConditionalOnAvailableEndpoint not exposed 
(OnAvailableEndpointCondition)

   TomcatReactiveManagementContextAutoConfiguration:
      Did not match:
         - not a reactive web application (OnWebApplicationCondition)
      Matched:
         - @ConditionalOnClass found required classes 
'org.apache.catalina.startup.Tomcat', 'org.springframework.boot.actuate.autocon
figure.web.server.ManagementContextFactory' (OnClassCondition)

   TomcatReactiveWebServerAutoConfiguration:
      Did not match:
         - not a reactive web application (OnWebApplicationCondition)
      Matched:
         - @ConditionalOnClass found required classes 
'org.springframework.http.ReactiveHttpInputMessage', 
'org.apache.catalina.startup.Tomcat', 
'org.springframework.boot.tomcat.reactive.TomcatReactiveWebServerFactory' 
(OnClassCondition)

   TomcatServletManagementContextAutoConfiguration:
      Did not match:
         - Management Port actual port type (SAME) did not match required type 
(DIFFERENT) (OnManagementPortCondition)
      Matched:
         - @ConditionalOnClass found required class 'org.springframework.boot.a
ctuate.autoconfigure.web.server.ManagementContextFactory' (OnClassCondition)
         - found 'session' scope (OnWebApplicationCondition)

   
TomcatServletWebServerAutoConfiguration#tomcatForwardedHeaderFilterCustomizer:
      Did not match:
         - @ConditionalOnProperty (server.forward-headers-strategy=framework) 
did not find property 'server.forward-headers-strategy' (OnPropertyCondition)

   TomcatWebServerConfiguration:
      Did not match:
         - Application is deployed as a WAR file. (OnWarDeploymentCondition)

   TransactionAutoConfiguration#transactionalOperator:
      Did not match:
         - @ConditionalOnSingleCandidate (types: 
org.springframework.transaction.ReactiveTransactionManager; SearchStrategy: 
all) did not find any beans (OnBeanCondition)
2026-05-21T18:55:38.133+05:30 ERROR 15124 --- [EduResolve] [           main] o.s.b.d.LoggingFailureAnalysisReporter   : 

***************************
APPLICATION FAILED TO START
***************************

Description:

Parameter 6 of constructor in com.forgeStackk.EduResolve.service.teacher.AttendanceService required a bean of type 'com.fasterxml.jackson.databind.ObjectMapper' that could not be found.


Action:

Consider defining a bean of type 'com.fasterxml.jackson.databind.ObjectMapper' in your configuration.

2026-05-21T18:55:38.133+05:30  WARN 15124 --- [EduResolve] [           main] o.s.test.context.TestContextManager      : Caught exception while allowing TestExecutionListener [org.springframework.test.context.web.ServletTestExecutionListener] to prepare test instance [com.forgeStackk.EduResolve.EduResolveApplicationTests@68141982]

java.lang.IllegalStateException: Failed to load ApplicationContext for [WebMergedContextConfiguration@853050d testClass = com.forgeStackk.EduResolve.EduResolveApplicationTests, locations = [], classes = [com.forgeStackk.EduResolve.EduResolveApplication], contextInitializerClasses = [], activeProfiles = ["test"], propertySourceDescriptors = [], propertySourceProperties = ["org.springframework.boot.test.context.SpringBootTestContextBootstrapper=true"], contextCustomizers = [org.springframework.boot.web.server.context.SpringBootTestRandomPortContextCustomizer@649725e3, org.springframework.boot.test.context.PropertyMappingContextCustomizer@0, org.springframework.boot.test.context.filter.ExcludeFilterContextCustomizer@3d8bbcdc, org.springframework.boot.test.http.client.DisableReactorResourceFactoryGlobalResourcesContextCustomizerFactory$DisableReactorResourceFactoryGlobalResourcesContextCustomizerCustomizer@9635fa, org.springframework.boot.test.json.DuplicateJsonObjectContextCustomizerFactory$DuplicateJsonObjectContextCustomizer@2d10e0b1, org.springframework.boot.test.autoconfigure.OnFailureConditionReportContextCustomizerFactory$OnFailureConditionReportContextCustomizer@5bda80bf, org.springframework.test.context.bean.override.BeanOverrideContextCustomizer@b91e5f94, org.springframework.test.context.support.DynamicPropertiesContextCustomizer@0, org.springframework.boot.micrometer.metrics.test.autoconfigure.MetricsContextCustomizerFactory$DisableMetricsExportContextCustomizer@1f, org.springframework.boot.test.context.SpringBootTestAnnotation@2d0ba170], resourceBasePath = "src/main/webapp", contextLoader = org.springframework.boot.test.context.SpringBootContextLoader, parent = null]
	at org.springframework.test.context.cache.DefaultCacheAwareContextLoaderDelegate.lambda$loadContext$0(DefaultCacheAwareContextLoaderDelegate.java:195) ~[spring-test-7.0.6.jar:7.0.6]
	at org.springframework.test.context.cache.DefaultContextCache.put(DefaultContextCache.java:214) ~[spring-test-7.0.6.jar:7.0.6]
	at org.springframework.test.context.cache.DefaultCacheAwareContextLoaderDelegate.loadContext(DefaultCacheAwareContextLoaderDelegate.java:160) ~[spring-test-7.0.6.jar:7.0.6]
	at org.springframework.test.context.support.DefaultTestContext.getApplicationContext(DefaultTestContext.java:128) ~[spring-test-7.0.6.jar:7.0.6]
	at org.springframework.test.context.web.ServletTestExecutionListener.setUpRequestContextIfNecessary(ServletTestExecutionListener.java:200) ~[spring-test-7.0.6.jar:7.0.6]
	at org.springframework.test.context.web.ServletTestExecutionListener.prepareTestInstance(ServletTestExecutionListener.java:139) ~[spring-test-7.0.6.jar:7.0.6]
	at org.springframework.test.context.TestContextManager.prepareTestInstance(TestContextManager.java:260) ~[spring-test-7.0.6.jar:7.0.6]
	at org.springframework.test.context.junit.jupiter.SpringExtension.postProcessTestInstance(SpringExtension.java:210) ~[spring-test-7.0.6.jar:7.0.6]
	at org.junit.jupiter.engine.descriptor.ClassBasedTestDescriptor.lambda$invokeTestInstancePostProcessors$1(ClassBasedTestDescriptor.java:423) ~[junit-jupiter-engine-6.0.3.jar:6.0.3]
	at org.junit.jupiter.engine.descriptor.ClassBasedTestDescriptor.executeAndMaskThrowable(ClassBasedTestDescriptor.java:428) ~[junit-jupiter-engine-6.0.3.jar:6.0.3]
	at org.junit.jupiter.engine.descriptor.ClassBasedTestDescriptor.lambda$invokeTestInstancePostProcessors$0(ClassBasedTestDescriptor.java:422) ~[junit-jupiter-engine-6.0.3.jar:6.0.3]
	at java.base/java.util.stream.ForEachOps$ForEachOp$OfRef.accept(ForEachOps.java:184) ~[na:na]
	at java.base/java.util.stream.ReferencePipeline$3$1.accept(ReferencePipeline.java:197) ~[na:na]
	at java.base/java.util.stream.ReferencePipeline$2$1.accept(ReferencePipeline.java:179) ~[na:na]
	at java.base/java.util.stream.ReferencePipeline$3$1.accept(ReferencePipeline.java:197) ~[na:na]
	at java.base/java.util.ArrayList$ArrayListSpliterator.forEachRemaining(ArrayList.java:1708) ~[na:na]
	at java.base/java.util.stream.AbstractPipeline.copyInto(AbstractPipeline.java:509) ~[na:na]
	at java.base/java.util.stream.AbstractPipeline.wrapAndCopyInto(AbstractPipeline.java:499) ~[na:na]
	at java.base/java.util.stream.ForEachOps$ForEachOp.evaluateSequential(ForEachOps.java:151) ~[na:na]
	at java.base/java.util.stream.ForEachOps$ForEachOp$OfRef.evaluateSequential(ForEachOps.java:174) ~[na:na]
	at java.base/java.util.stream.AbstractPipeline.evaluate(AbstractPipeline.java:234) ~[na:na]
	at java.base/java.util.stream.ReferencePipeline.forEach(ReferencePipeline.java:596) ~[na:na]

   TransactionAutoConfiguration.AspectJTransactionManagementConfiguration:
      Did not match:
         - @ConditionalOnBean (types: 
org.springframework.transaction.aspectj.AbstractTransactionAspect; 
SearchStrategy: all) did not find any beans of type 
org.springframework.transaction.aspectj.AbstractTransactionAspect 
(OnBeanCondition)

   TransactionAutoConfiguration.EnableTransactionManagementConfiguration.JdkDyn
amicAutoProxyConfiguration:
      Did not match:
         - @ConditionalOnBooleanProperty (spring.aop.proxy-target-class=false) 
did not find property 'spring.aop.proxy-target-class' (OnPropertyCondition)

   WebFluxAutoConfiguration:
      Did not match:
         - not a reactive web application (OnWebApplicationCondition)
      Matched:
         - @ConditionalOnClass found required class 
'org.springframework.web.reactive.config.WebFluxConfigurer' (OnClassCondition)

   WebFluxEndpointManagementContextConfiguration:
      Did not match:
         - not a reactive web application (OnWebApplicationCondition)
      Matched:
         - @ConditionalOnClass found required classes 
'org.springframework.web.reactive.DispatcherHandler', 
'org.springframework.http.server.reactive.HttpHandler' (OnClassCondition)

   WebFluxHealthEndpointExtensionAutoConfiguration:
      Did not match:
         - not a reactive web application (OnWebApplicationCondition)
      Matched:
         - @ConditionalOnClass found required classes 
'org.springframework.boot.health.actuate.endpoint.HealthEndpoint', 
'org.springframework.boot.health.contributor.Health' (OnClassCondition)

   WebFluxHttpExchangesAutoConfiguration:
      Did not match:
         - not a reactive web application (OnWebApplicationCondition)

   WebFluxMappingsAutoConfiguration:
      Did not match:
         - not a reactive web application (OnWebApplicationCondition)
      Matched:
         - @ConditionalOnClass found required classes 'org.springframework.boot
.actuate.autoconfigure.endpoint.condition.ConditionalOnAvailableEndpoint', 
'org.springframework.web.reactive.DispatcherHandler', 
'org.springframework.boot.actuate.web.mappings.MappingsEndpoint' 
(OnClassCondition)

   WebFluxObservationAutoConfiguration:
      Did not match:
         - not a reactive web application (OnWebApplicationCondition)
      Matched:
         - @ConditionalOnClass found required classes 
'io.micrometer.observation.Observation', 
'io.micrometer.core.instrument.MeterRegistry' (OnClassCondition)

   WebMvcAutoConfiguration#hiddenHttpMethodFilter:
      Did not match:
         - @ConditionalOnBooleanProperty 
(spring.mvc.hiddenmethod.filter.enabled=true) did not find property 
'spring.mvc.hiddenmethod.filter.enabled' (OnPropertyCondition)

   WebMvcAutoConfiguration.ProblemDetailsErrorHandlingConfiguration:
      Did not match:
         - @ConditionalOnBooleanProperty 
(spring.mvc.problemdetails.enabled=true) did not find property 
'spring.mvc.problemdetails.enabled' (OnPropertyCondition)

   WebMvcAutoConfiguration.ResourceChainCustomizerConfiguration:
      Did not match:
         - @ConditionalOnEnabledResourceChain did not find class 
org.webjars.WebJarVersionLocator (OnEnabledResourceChainCondition)

   WebMvcAutoConfiguration.WebMvcAutoConfigurationAdapter#beanNameViewResolver:
	at org.junit.jupiter.engine.descriptor.ClassBasedTestDescriptor.invokeTestInstancePostProcessors(ClassBasedTestDescriptor.java:422) ~[junit-jupiter-engine-6.0.3.jar:6.0.3]
	at org.junit.jupiter.engine.descriptor.ClassBasedTestDescriptor.lambda$instantiateAndPostProcessTestInstance$0(ClassBasedTestDescriptor.java:334) ~[junit-jupiter-engine-6.0.3.jar:6.0.3]
	at org.junit.platform.engine.support.hierarchical.ThrowableCollector.execute(ThrowableCollector.java:74) ~[junit-platform-engine-6.0.3.jar:6.0.3]
	at org.junit.jupiter.engine.descriptor.ClassBasedTestDescriptor.instantiateAndPostProcessTestInstance(ClassBasedTestDescriptor.java:333) ~[junit-jupiter-engine-6.0.3.jar:6.0.3]
	at org.junit.jupiter.engine.descriptor.ClassBasedTestDescriptor.lambda$testInstancesProvider$1(ClassBasedTestDescriptor.java:322) ~[junit-jupiter-engine-6.0.3.jar:6.0.3]
	at java.base/java.util.Optional.orElseGet(Optional.java:364) ~[na:na]
	at org.junit.jupiter.engine.descriptor.ClassBasedTestDescriptor.lambda$testInstancesProvider$0(ClassBasedTestDescriptor.java:321) ~[junit-jupiter-engine-6.0.3.jar:6.0.3]
	at org.junit.jupiter.engine.execution.TestInstancesProvider.getTestInstances(TestInstancesProvider.java:27) ~[junit-jupiter-engine-6.0.3.jar:6.0.3]
	at org.junit.jupiter.engine.descriptor.TestMethodTestDescriptor.lambda$prepare$0(TestMethodTestDescriptor.java:127) ~[junit-jupiter-engine-6.0.3.jar:6.0.3]
	at org.junit.platform.engine.support.hierarchical.ThrowableCollector.execute(ThrowableCollector.java:74) ~[junit-platform-engine-6.0.3.jar:6.0.3]
	at org.junit.jupiter.engine.descriptor.TestMethodTestDescriptor.prepare(TestMethodTestDescriptor.java:126) ~[junit-jupiter-engine-6.0.3.jar:6.0.3]
	at org.junit.jupiter.engine.descriptor.TestMethodTestDescriptor.prepare(TestMethodTestDescriptor.java:70) ~[junit-jupiter-engine-6.0.3.jar:6.0.3]
	at org.junit.platform.engine.support.hierarchical.NodeTestTask.lambda$prepare$0(NodeTestTask.java:144) ~[junit-platform-engine-6.0.3.jar:6.0.3]
	at org.junit.platform.engine.support.hierarchical.ThrowableCollector.execute(ThrowableCollector.java:74) ~[junit-platform-engine-6.0.3.jar:6.0.3]
	at org.junit.platform.engine.support.hierarchical.NodeTestTask.prepare(NodeTestTask.java:144) ~[junit-platform-engine-6.0.3.jar:6.0.3]
	at org.junit.platform.engine.support.hierarchical.NodeTestTask.execute(NodeTestTask.java:110) ~[junit-platform-engine-6.0.3.jar:6.0.3]
	at java.base/java.util.ArrayList.forEach(ArrayList.java:1596) ~[na:na]
	at org.junit.platform.engine.support.hierarchical.SameThreadHierarchicalTestExecutorService.invokeAll(SameThreadHierarchicalTestExecutorService.java:42) ~[junit-platform-engine-6.0.3.jar:6.0.3]
	at org.junit.platform.engine.support.hierarchical.NodeTestTask.lambda$executeRecursively$2(NodeTestTask.java:180) ~[junit-platform-engine-6.0.3.jar:6.0.3]
	at org.junit.platform.engine.support.hierarchical.ThrowableCollector.execute(ThrowableCollector.java:74) ~[junit-platform-engine-6.0.3.jar:6.0.3]
	at org.junit.platform.engine.support.hierarchical.NodeTestTask.lambda$executeRecursively$1(NodeTestTask.java:166) ~[junit-platform-engine-6.0.3.jar:6.0.3]
	at org.junit.platform.engine.support.hierarchical.Node.around(Node.java:138) ~[junit-platform-engine-6.0.3.jar:6.0.3]
	at org.junit.platform.engine.support.hierarchical.NodeTestTask.lambda$executeRecursively$0(NodeTestTask.java:164) ~[junit-platform-engine-6.0.3.jar:6.0.3]
	at org.junit.platform.engine.support.hierarchical.ThrowableCollector.execute(ThrowableCollector.java:74) ~[junit-platform-engine-6.0.3.jar:6.0.3]
	at org.junit.platform.engine.support.hierarchical.NodeTestTask.executeRecursively(NodeTestTask.java:163) ~[junit-platform-engine-6.0.3.jar:6.0.3]
	at org.junit.platform.engine.support.hierarchical.NodeTestTask.execute(NodeTestTask.java:116) ~[junit-platform-engine-6.0.3.jar:6.0.3]
	at java.base/java.util.ArrayList.forEach(ArrayList.java:1596) ~[na:na]
	at org.junit.platform.engine.support.hierarchical.SameThreadHierarchicalTestExecutorService.invokeAll(SameThreadHierarchicalTestExecutorService.java:42) ~[junit-platform-engine-6.0.3.jar:6.0.3]
	at org.junit.platform.engine.support.hierarchical.NodeTestTask.lambda$executeRecursively$2(NodeTestTask.java:180) ~[junit-platform-engine-6.0.3.jar:6.0.3]
	at org.junit.platform.engine.support.hierarchical.ThrowableCollector.execute(ThrowableCollector.java:74) ~[junit-platform-engine-6.0.3.jar:6.0.3]
	at org.junit.platform.engine.support.hierarchical.NodeTestTask.lambda$executeRecursively$1(NodeTestTask.java:166) ~[junit-platform-engine-6.0.3.jar:6.0.3]
	at org.junit.platform.engine.support.hierarchical.Node.around(Node.java:138) ~[junit-platform-engine-6.0.3.jar:6.0.3]
	at org.junit.platform.engine.support.hierarchical.NodeTestTask.lambda$executeRecursively$0(NodeTestTask.java:164) ~[junit-platform-engine-6.0.3.jar:6.0.3]
	at org.junit.platform.engine.support.hierarchical.ThrowableCollector.execute(ThrowableCollector.java:74) ~[junit-platform-engine-6.0.3.jar:6.0.3]
	at org.junit.platform.engine.support.hierarchical.NodeTestTask.executeRecursively(NodeTestTask.java:163) ~[junit-platform-engine-6.0.3.jar:6.0.3]
	at org.junit.platform.engine.support.hierarchical.NodeTestTask.execute(NodeTestTask.java:116) ~[junit-platform-engine-6.0.3.jar:6.0.3]
	at org.junit.platform.engine.support.hierarchical.SameThreadHierarchicalTestExecutorService.submit(SameThreadHierarchicalTestExecutorService.java:36) ~[junit-platform-engine-6.0.3.jar:6.0.3]
	at org.junit.platform.engine.support.hierarchical.HierarchicalTestExecutor.execute(HierarchicalTestExecutor.java:52) ~[junit-platform-engine-6.0.3.jar:6.0.3]
	at org.junit.platform.engine.support.hierarchical.HierarchicalTestEngine.execute(HierarchicalTestEngine.java:58) ~[junit-platform-engine-6.0.3.jar:6.0.3]
	at org.junit.platform.launcher.core.EngineExecutionOrchestrator.executeEngine(EngineExecutionOrchestrator.java:246) ~[junit-platform-launcher-6.0.3.jar:6.0.3]
	at org.junit.platform.launcher.core.EngineExecutionOrchestrator.failOrExecuteEngine(EngineExecutionOrchestrator.java:218) ~[junit-platform-launcher-6.0.3.jar:6.0.3]
	at org.junit.platform.launcher.core.EngineExecutionOrchestrator.execute(EngineExecutionOrchestrator.java:179) ~[junit-platform-launcher-6.0.3.jar:6.0.3]
	at org.junit.platform.launcher.core.EngineExecutionOrchestrator.execute(EngineExecutionOrchestrator.java:108) ~[junit-platform-launcher-6.0.3.jar:6.0.3]
	at org.junit.platform.launcher.core.EngineExecutionOrchestrator.lambda$execute$0(EngineExecutionOrchestrator.java:66) ~[junit-platform-launcher-6.0.3.jar:6.0.3]
	at org.junit.platform.launcher.core.EngineExecutionOrchestrator.withInterceptedStreams(EngineExecutionOrchestrator.java:157) ~[junit-platform-launcher-6.0.3.jar:6.0.3]
	at org.junit.platform.launcher.core.EngineExecutionOrchestrator.execute(EngineExecutionOrchestrator.java:65) ~[junit-platform-launcher-6.0.3.jar:6.0.3]
	at org.junit.platform.launcher.core.DefaultLauncher.execute(DefaultLauncher.java:125) ~[junit-platform-launcher-6.0.3.jar:6.0.3]
	at org.junit.platform.launcher.core.DefaultLauncher.execute(DefaultLauncher.java:114) ~[junit-platform-launcher-6.0.3.jar:6.0.3]
	at org.junit.platform.launcher.core.DelegatingLauncher.execute(DelegatingLauncher.java:58) ~[junit-platform-launcher-6.0.3.jar:6.0.3]
      Did not match:
         - @ConditionalOnMissingBean (types: 
org.springframework.web.servlet.view.BeanNameViewResolver; SearchStrategy: 
all) found beans of type 
'org.springframework.web.servlet.view.BeanNameViewResolver' 
beanNameViewResolver (OnBeanCondition)

   WebMvcEndpointManagementContextConfiguration.HealthConfiguration#managementH
ealthEndpointWebMvcHandlerMapping:
      Did not match:
         - Management Port actual port type (SAME) did not match required type 
(DIFFERENT) (OnManagementPortCondition)

   WebMvcMappingsAutoConfiguration:
      Did not match:
         - @ConditionalOnAvailableEndpoint not exposed 
(OnAvailableEndpointCondition)
      Matched:
         - @ConditionalOnClass found required classes 'org.springframework.boot
.actuate.autoconfigure.endpoint.condition.ConditionalOnAvailableEndpoint', 
'org.springframework.web.servlet.DispatcherServlet', 
'org.springframework.boot.actuate.web.mappings.MappingsEndpoint' 
(OnClassCondition)
         - found 'session' scope (OnWebApplicationCondition)

   WebSessionIdResolverAutoConfiguration:
      Did not match:
         - not a reactive web application (OnWebApplicationCondition)
      Matched:
         - @ConditionalOnClass found required classes 
'org.springframework.web.server.session.WebSessionManager', 
'reactor.core.publisher.Mono' (OnClassCondition)

   WebSocketMessagingAutoConfiguration.Jackson2WebSocketMessageConverterConfigu
ration:
      Did not match:
         - AnyNestedCondition 0 matched 2 did not; NestedCondition on WebSocket
MessagingAutoConfiguration.NoJacksonOrJackson2Preferred.Jackson2Preferred 
@ConditionalOnProperty 
(spring.websocket.messaging.preferred-json-mapper=jackson2) did not find 
property 'spring.websocket.messaging.preferred-json-mapper'; NestedCondition 
on WebSocketMessagingAutoConfiguration.NoJacksonOrJackson2Preferred.NoJackson 
@ConditionalOnMissingClass found unwanted class 
'tools.jackson.databind.json.JsonMapper' 
(WebSocketMessagingAutoConfiguration.NoJacksonOrJackson2Preferred)
	at org.junit.platform.launcher.core.InterceptingLauncher.lambda$execute$2(InterceptingLauncher.java:57) ~[junit-platform-launcher-6.0.3.jar:6.0.3]
	at org.junit.platform.launcher.core.ClasspathAlignmentCheckingLauncherInterceptor.intercept(ClasspathAlignmentCheckingLauncherInterceptor.java:25) ~[junit-platform-launcher-6.0.3.jar:6.0.3]
	at org.junit.platform.launcher.core.InterceptingLauncher.execute(InterceptingLauncher.java:56) ~[junit-platform-launcher-6.0.3.jar:6.0.3]
	at org.junit.platform.launcher.core.DelegatingLauncher.execute(DelegatingLauncher.java:58) ~[junit-platform-launcher-6.0.3.jar:6.0.3]
	at java.base/jdk.internal.reflect.DirectMethodHandleAccessor.invoke(DirectMethodHandleAccessor.java:103) ~[na:na]
	at java.base/java.lang.reflect.Method.invoke(Method.java:580) ~[na:na]
	at org.apache.maven.surefire.api.util.ReflectionUtils.invokeMethodWithArray(ReflectionUtils.java:125) ~[surefire-api-3.5.5.jar:3.5.5]
	at org.apache.maven.surefire.junitplatform.LauncherAdapter.executeWithCancellationToken(LauncherAdapter.java:68) ~[surefire-junit-platform-3.5.5.jar:3.5.5]
	at org.apache.maven.surefire.junitplatform.LauncherAdapter.execute(LauncherAdapter.java:54) ~[surefire-junit-platform-3.5.5.jar:3.5.5]
	at org.apache.maven.surefire.junitplatform.JUnitPlatformProvider.execute(JUnitPlatformProvider.java:203) ~[surefire-junit-platform-3.5.5.jar:3.5.5]
	at org.apache.maven.surefire.junitplatform.JUnitPlatformProvider.invokeAllTests(JUnitPlatformProvider.java:168) ~[surefire-junit-platform-3.5.5.jar:3.5.5]
	at org.apache.maven.surefire.junitplatform.JUnitPlatformProvider.invoke(JUnitPlatformProvider.java:136) ~[surefire-junit-platform-3.5.5.jar:3.5.5]
	at org.apache.maven.surefire.booter.ForkedBooter.runSuitesInProcess(ForkedBooter.java:385) ~[surefire-booter-3.5.5.jar:3.5.5]
	at org.apache.maven.surefire.booter.ForkedBooter.execute(ForkedBooter.java:162) ~[surefire-booter-3.5.5.jar:3.5.5]
	at org.apache.maven.surefire.booter.ForkedBooter.run(ForkedBooter.java:507) ~[surefire-booter-3.5.5.jar:3.5.5]
	at org.apache.maven.surefire.booter.ForkedBooter.main(ForkedBooter.java:495) ~[surefire-booter-3.5.5.jar:3.5.5]
Caused by: org.springframework.beans.factory.UnsatisfiedDependencyException: Error creating bean with name 'teacherAttendanceController' defined in file [C:\Users\erabh\OneDrive\Desktop\learningNinjas\EduResolve_Backend\target\classes\com\forgeStackk\EduResolve\controller\teacher\TeacherAttendanceController.class]: Unsatisfied dependency expressed through constructor parameter 0: Error creating bean with name 'attendanceService' defined in file [C:\Users\erabh\OneDrive\Desktop\learningNinjas\EduResolve_Backend\target\classes\com\forgeStackk\EduResolve\service\teacher\AttendanceService.class]: Unsatisfied dependency expressed through constructor parameter 6: No qualifying bean of type 'com.fasterxml.jackson.databind.ObjectMapper' available: expected at least 1 bean which qualifies as autowire candidate. Dependency annotations: {}
	at org.springframework.beans.factory.support.ConstructorResolver.createArgumentArray(ConstructorResolver.java:804) ~[spring-beans-7.0.6.jar:7.0.6]
	at org.springframework.beans.factory.support.ConstructorResolver.autowireConstructor(ConstructorResolver.java:240) ~[spring-beans-7.0.6.jar:7.0.6]
	at org.springframework.beans.factory.support.AbstractAutowireCapableBeanFactory.autowireConstructor(AbstractAutowireCapableBeanFactory.java:1382) ~[spring-beans-7.0.6.jar:7.0.6]
	at org.springframework.beans.factory.support.AbstractAutowireCapableBeanFactory.createBeanInstance(AbstractAutowireCapableBeanFactory.java:1221) ~[spring-beans-7.0.6.jar:7.0.6]
	at org.springframework.beans.factory.support.AbstractAutowireCapableBeanFactory.doCreateBean(AbstractAutowireCapableBeanFactory.java:565) ~[spring-beans-7.0.6.jar:7.0.6]
	at org.springframework.beans.factory.support.AbstractAutowireCapableBeanFactory.createBean(AbstractAutowireCapableBeanFactory.java:525) ~[spring-beans-7.0.6.jar:7.0.6]
	at org.springframework.beans.factory.support.AbstractBeanFactory.lambda$doGetBean$0(AbstractBeanFactory.java:333) ~[spring-beans-7.0.6.jar:7.0.6]
	at org.springframework.beans.factory.support.DefaultSingletonBeanRegistry.getSingleton(DefaultSingletonBeanRegistry.java:371) ~[spring-beans-7.0.6.jar:7.0.6]
	at org.springframework.beans.factory.support.AbstractBeanFactory.doGetBean(AbstractBeanFactory.java:331) ~[spring-beans-7.0.6.jar:7.0.6]
	at org.springframework.beans.factory.support.AbstractBeanFactory.getBean(AbstractBeanFactory.java:196) ~[spring-beans-7.0.6.jar:7.0.6]
	at org.springframework.beans.factory.support.DefaultListableBeanFactory.instantiateSingleton(DefaultListableBeanFactory.java:1218) ~[spring-beans-7.0.6.jar:7.0.6]
	at org.springframework.beans.factory.support.DefaultListableBeanFactory.preInstantiateSingleton(DefaultListableBeanFactory.java:1184) ~[spring-beans-7.0.6.jar:7.0.6]
	at org.springframework.beans.factory.support.DefaultListableBeanFactory.preInstantiateSingletons(DefaultListableBeanFactory.java:1121) ~[spring-beans-7.0.6.jar:7.0.6]
	at org.springframework.context.support.AbstractApplicationContext.finishBeanFactoryInitialization(AbstractApplicationContext.java:994) ~[spring-context-7.0.6.jar:7.0.6]
	at org.springframework.context.support.AbstractApplicationContext.refresh(AbstractApplicationContext.java:621) ~[spring-context-7.0.6.jar:7.0.6]
	at org.springframework.boot.SpringApplication.refresh(SpringApplication.java:756) ~[spring-boot-4.0.5.jar:4.0.5]
	at org.springframework.boot.SpringApplication.refreshContext(SpringApplication.java:445) ~[spring-boot-4.0.5.jar:4.0.5]
	at org.springframework.boot.SpringApplication.run(SpringApplication.java:321) ~[spring-boot-4.0.5.jar:4.0.5]
	at org.springframework.boot.test.context.SpringBootContextLoader.lambda$loadContext$2(SpringBootContextLoader.java:155) ~[spring-boot-test-4.0.5.jar:4.0.5]
	at org.springframework.util.function.ThrowingSupplier.get(ThrowingSupplier.java:58) ~[spring-core-7.0.6.jar:7.0.6]
	at org.springframework.util.function.ThrowingSupplier.get(ThrowingSupplier.java:46) ~[spring-core-7.0.6.jar:7.0.6]
	at org.springframework.boot.SpringApplication.withHook(SpringApplication.java:1465) ~[spring-boot-4.0.5.jar:4.0.5]
	at org.springframework.boot.test.context.SpringBootContextLoader$ContextLoaderHook.run(SpringBootContextLoader.java:600) ~[spring-boot-test-4.0.5.jar:4.0.5]
	at org.springframework.boot.test.context.SpringBootContextLoader.loadContext(SpringBootContextLoader.java:155) ~[spring-boot-test-4.0.5.jar:4.0.5]
	at org.springframework.boot.test.context.SpringBootContextLoader.loadContext(SpringBootContextLoader.java:114) ~[spring-boot-test-4.0.5.jar:4.0.5]
	at org.springframework.test.context.cache.DefaultCacheAwareContextLoaderDelegate.loadContextInternal(DefaultCacheAwareContextLoaderDelegate.java:247) ~[spring-test-7.0.6.jar:7.0.6]
	at org.springframework.test.context.cache.DefaultCacheAwareContextLoaderDelegate.lambda$loadContext$0(DefaultCacheAwareContextLoaderDelegate.java:167) ~[spring-test-7.0.6.jar:7.0.6]
	... 86 common frames omitted
Caused by: org.springframework.beans.factory.UnsatisfiedDependencyException: Error creating bean with name 'attendanceService' defined in file [C:\Users\erabh\OneDrive\Desktop\learningNinjas\EduResolve_Backend\target\classes\com\forgeStackk\EduResolve\service\teacher\AttendanceService.class]: Unsatisfied dependency expressed through constructor parameter 6: No qualifying bean of type 'com.fasterxml.jackson.databind.ObjectMapper' available: expected at least 1 bean which qualifies as autowire candidate. Dependency annotations: {}
	at org.springframework.beans.factory.support.ConstructorResolver.createArgumentArray(ConstructorResolver.java:804) ~[spring-beans-7.0.6.jar:7.0.6]
	at org.springframework.beans.factory.support.ConstructorResolver.autowireConstructor(ConstructorResolver.java:240) ~[spring-beans-7.0.6.jar:7.0.6]
	at org.springframework.beans.factory.support.AbstractAutowireCapableBeanFactory.autowireConstructor(AbstractAutowireCapableBeanFactory.java:1382) ~[spring-beans-7.0.6.jar:7.0.6]
	at org.springframework.beans.factory.support.AbstractAutowireCapableBeanFactory.createBeanInstance(AbstractAutowireCapableBeanFactory.java:1221) ~[spring-beans-7.0.6.jar:7.0.6]
	at org.springframework.beans.factory.support.AbstractAutowireCapableBeanFactory.doCreateBean(AbstractAutowireCapableBeanFactory.java:565) ~[spring-beans-7.0.6.jar:7.0.6]
	at org.springframework.beans.factory.support.AbstractAutowireCapableBeanFactory.createBean(AbstractAutowireCapableBeanFactory.java:525) ~[spring-beans-7.0.6.jar:7.0.6]
	at org.springframework.beans.factory.support.AbstractBeanFactory.lambda$doGetBean$0(AbstractBeanFactory.java:333) ~[spring-beans-7.0.6.jar:7.0.6]
	at org.springframework.beans.factory.support.DefaultSingletonBeanRegistry.getSingleton(DefaultSingletonBeanRegistry.java:371) ~[spring-beans-7.0.6.jar:7.0.6]
	at org.springframework.beans.factory.support.AbstractBeanFactory.doGetBean(AbstractBeanFactory.java:331) ~[spring-beans-7.0.6.jar:7.0.6]
	at org.springframework.beans.factory.support.AbstractBeanFactory.getBean(AbstractBeanFactory.java:201) ~[spring-beans-7.0.6.jar:7.0.6]
	at org.springframework.beans.factory.support.DefaultListableBeanFactory.resolveBean(DefaultListableBeanFactory.java:1225) ~[spring-beans-7.0.6.jar:7.0.6]
	at org.springframework.beans.factory.support.DefaultListableBeanFactory.doResolveDependency(DefaultListableBeanFactory.java:1704) ~[spring-beans-7.0.6.jar:7.0.6]
	at org.springframework.beans.factory.support.DefaultListableBeanFactory.resolveDependency(DefaultListableBeanFactory.java:1651) ~[spring-beans-7.0.6.jar:7.0.6]
      Matched:
         - @ConditionalOnClass found required class 
'com.fasterxml.jackson.databind.ObjectMapper' (OnClassCondition)
	at org.springframework.beans.factory.support.ConstructorResolver.resolveAutowiredArgument(ConstructorResolver.java:912) ~[spring-beans-7.0.6.jar:7.0.6]
	at org.springframework.beans.factory.support.ConstructorResolver.createArgumentArray(ConstructorResolver.java:791) ~[spring-beans-7.0.6.jar:7.0.6]
	... 112 common frames omitted
Caused by: org.springframework.beans.factory.NoSuchBeanDefinitionException: No qualifying bean of type 'com.fasterxml.jackson.databind.ObjectMapper' available: expected at least 1 bean which qualifies as autowire candidate. Dependency annotations: {}
	at org.springframework.beans.factory.support.DefaultListableBeanFactory.raiseNoMatchingBeanFound(DefaultListableBeanFactory.java:2297) ~[spring-beans-7.0.6.jar:7.0.6]
	at org.springframework.beans.factory.support.DefaultListableBeanFactory.doResolveDependency(DefaultListableBeanFactory.java:1725) ~[spring-beans-7.0.6.jar:7.0.6]
	at org.springframework.beans.factory.support.DefaultListableBeanFactory.resolveDependency(DefaultListableBeanFactory.java:1651) ~[spring-beans-7.0.6.jar:7.0.6]
	at org.springframework.beans.factory.support.ConstructorResolver.resolveAutowiredArgument(ConstructorResolver.java:912) ~[spring-beans-7.0.6.jar:7.0.6]
	at org.springframework.beans.factory.support.ConstructorResolver.createArgumentArray(ConstructorResolver.java:791) ~[spring-beans-7.0.6.jar:7.0.6]
	... 126 common frames omitted


   XADataSourceAutoConfiguration:
      Did not match:
         - @ConditionalOnBean (types: 
org.springframework.boot.jdbc.XADataSourceWrapper; SearchStrategy: all) did 
not find any beans of type org.springframework.boot.jdbc.XADataSourceWrapper 
(OnBeanCondition)
      Matched:
         - @ConditionalOnClass found required classes 'javax.sql.DataSource', 
'jakarta.transaction.TransactionManager', 
'org.springframework.jdbc.datasource.embedded.EmbeddedDatabaseType' 
(OnClassCondition)


Exclusions:
-----------

    None


Unconditional classes:
----------------------

    org.springframework.boot.health.autoconfigure.registry.HealthContributorReg
istryAutoConfiguration

    org.springframework.boot.autoconfigure.context.ConfigurationPropertiesAutoC
onfiguration

    org.springframework.boot.http.client.autoconfigure.service.HttpServiceClien
tPropertiesAutoConfiguration

    org.springframework.boot.autoconfigure.ssl.SslAutoConfiguration

    org.springframework.boot.actuate.autoconfigure.info.InfoContributorAutoConf
iguration

    org.springframework.boot.autoconfigure.context.PropertyPlaceholderAutoConfi
guration

    org.springframework.boot.autoconfigure.context.LifecycleAutoConfiguration

    org.springframework.boot.actuate.autoconfigure.endpoint.EndpointAutoConfigu
ration

    org.springframework.boot.health.autoconfigure.contributor.HealthContributor
AutoConfiguration

    org.springframework.boot.actuate.autoconfigure.web.server.ManagementContext
AutoConfiguration

    
org.springframework.boot.http.client.autoconfigure.HttpClientAutoConfiguration

    org.springframework.boot.autoconfigure.availability.ApplicationAvailability
AutoConfiguration

    org.springframework.boot.autoconfigure.info.ProjectInfoAutoConfiguration



[ERROR] Tests run: 1, Failures: 0, Errors: 1, Skipped: 0, Time elapsed: 13.05 s <<< FAILURE! -- in com.forgeStackk.EduResolve.EduResolveApplicationTests
[ERROR] com.forgeStackk.EduResolve.EduResolveApplicationTests.contextLoads -- Time elapsed: 0.024 s <<< ERROR!
java.lang.IllegalStateException: Failed to load ApplicationContext for [WebMergedContextConfiguration@853050d testClass = com.forgeStackk.EduResolve.EduResolveApplicationTests, locations = [], classes = [com.forgeStackk.EduResolve.EduResolveApplication], contextInitializerClasses = [], activeProfiles = ["test"], propertySourceDescriptors = [], propertySourceProperties = ["org.springframework.boot.test.context.SpringBootTestContextBootstrapper=true"], contextCustomizers = [org.springframework.boot.web.server.context.SpringBootTestRandomPortContextCustomizer@649725e3, org.springframework.boot.test.context.PropertyMappingContextCustomizer@0, org.springframework.boot.test.context.filter.ExcludeFilterContextCustomizer@3d8bbcdc, org.springframework.boot.test.http.client.DisableReactorResourceFactoryGlobalResourcesContextCustomizerFactory$DisableReactorResourceFactoryGlobalResourcesContextCustomizerCustomizer@9635fa, org.springframework.boot.test.json.DuplicateJsonObjectContextCustomizerFactory$DuplicateJsonObjectContextCustomizer@2d10e0b1, org.springframework.boot.test.autoconfigure.OnFailureConditionReportContextCustomizerFactory$OnFailureConditionReportContextCustomizer@5bda80bf, org.springframework.test.context.bean.override.BeanOverrideContextCustomizer@b91e5f94, org.springframework.test.context.support.DynamicPropertiesContextCustomizer@0, org.springframework.boot.micrometer.metrics.test.autoconfigure.MetricsContextCustomizerFactory$DisableMetricsExportContextCustomizer@1f, org.springframework.boot.test.context.SpringBootTestAnnotation@2d0ba170], resourceBasePath = "src/main/webapp", contextLoader = org.springframework.boot.test.context.SpringBootContextLoader, parent = null]
	at org.springframework.test.context.cache.DefaultCacheAwareContextLoaderDelegate.lambda$loadContext$0(DefaultCacheAwareContextLoaderDelegate.java:195)
	at org.springframework.test.context.cache.DefaultContextCache.put(DefaultContextCache.java:214)
	at org.springframework.test.context.cache.DefaultCacheAwareContextLoaderDelegate.loadContext(DefaultCacheAwareContextLoaderDelegate.java:160)
	at org.springframework.test.context.support.DefaultTestContext.getApplicationContext(DefaultTestContext.java:128)
	at org.springframework.test.context.web.ServletTestExecutionListener.setUpRequestContextIfNecessary(ServletTestExecutionListener.java:200)
	at org.springframework.test.context.web.ServletTestExecutionListener.prepareTestInstance(ServletTestExecutionListener.java:139)
	at org.springframework.test.context.TestContextManager.prepareTestInstance(TestContextManager.java:260)
	at org.springframework.test.context.junit.jupiter.SpringExtension.postProcessTestInstance(SpringExtension.java:210)
	at java.base/java.util.stream.ForEachOps$ForEachOp$OfRef.accept(ForEachOps.java:184)
	at java.base/java.util.stream.ReferencePipeline$3$1.accept(ReferencePipeline.java:197)
	at java.base/java.util.stream.ReferencePipeline$2$1.accept(ReferencePipeline.java:179)
	at java.base/java.util.stream.ReferencePipeline$3$1.accept(ReferencePipeline.java:197)
	at java.base/java.util.ArrayList$ArrayListSpliterator.forEachRemaining(ArrayList.java:1708)
	at java.base/java.util.stream.AbstractPipeline.copyInto(AbstractPipeline.java:509)
	at java.base/java.util.stream.AbstractPipeline.wrapAndCopyInto(AbstractPipeline.java:499)
	at java.base/java.util.stream.ForEachOps$ForEachOp.evaluateSequential(ForEachOps.java:151)
	at java.base/java.util.stream.ForEachOps$ForEachOp$OfRef.evaluateSequential(ForEachOps.java:174)
	at java.base/java.util.stream.AbstractPipeline.evaluate(AbstractPipeline.java:234)
	at java.base/java.util.stream.ReferencePipeline.forEach(ReferencePipeline.java:596)
	at java.base/java.util.Optional.orElseGet(Optional.java:364)
	at java.base/java.util.ArrayList.forEach(ArrayList.java:1596)
	at java.base/java.util.ArrayList.forEach(ArrayList.java:1596)
Caused by: org.springframework.beans.factory.UnsatisfiedDependencyException: Error creating bean with name 'teacherAttendanceController' defined in file [C:\Users\erabh\OneDrive\Desktop\learningNinjas\EduResolve_Backend\target\classes\com\forgeStackk\EduResolve\controller\teacher\TeacherAttendanceController.class]: Unsatisfied dependency expressed through constructor parameter 0: Error creating bean with name 'attendanceService' defined in file [C:\Users\erabh\OneDrive\Desktop\learningNinjas\EduResolve_Backend\target\classes\com\forgeStackk\EduResolve\service\teacher\AttendanceService.class]: Unsatisfied dependency expressed through constructor parameter 6: No qualifying bean of type 'com.fasterxml.jackson.databind.ObjectMapper' available: expected at least 1 bean which qualifies as autowire candidate. Dependency annotations: {}
	at org.springframework.beans.factory.support.ConstructorResolver.createArgumentArray(ConstructorResolver.java:804)
	at org.springframework.beans.factory.support.ConstructorResolver.autowireConstructor(ConstructorResolver.java:240)
	at org.springframework.beans.factory.support.AbstractAutowireCapableBeanFactory.autowireConstructor(AbstractAutowireCapableBeanFactory.java:1382)
	at org.springframework.beans.factory.support.AbstractAutowireCapableBeanFactory.createBeanInstance(AbstractAutowireCapableBeanFactory.java:1221)
	at org.springframework.beans.factory.support.AbstractAutowireCapableBeanFactory.doCreateBean(AbstractAutowireCapableBeanFactory.java:565)
	at org.springframework.beans.factory.support.AbstractAutowireCapableBeanFactory.createBean(AbstractAutowireCapableBeanFactory.java:525)
	at org.springframework.beans.factory.support.AbstractBeanFactory.lambda$doGetBean$0(AbstractBeanFactory.java:333)
	at org.springframework.beans.factory.support.DefaultSingletonBeanRegistry.getSingleton(DefaultSingletonBeanRegistry.java:371)
	at org.springframework.beans.factory.support.AbstractBeanFactory.doGetBean(AbstractBeanFactory.java:331)
	at org.springframework.beans.factory.support.AbstractBeanFactory.getBean(AbstractBeanFactory.java:196)
	at org.springframework.beans.factory.support.DefaultListableBeanFactory.instantiateSingleton(DefaultListableBeanFactory.java:1218)
	at org.springframework.beans.factory.support.DefaultListableBeanFactory.preInstantiateSingleton(DefaultListableBeanFactory.java:1184)
	at org.springframework.beans.factory.support.DefaultListableBeanFactory.preInstantiateSingletons(DefaultListableBeanFactory.java:1121)
	at org.springframework.context.support.AbstractApplicationContext.finishBeanFactoryInitialization(AbstractApplicationContext.java:994)
	at org.springframework.context.support.AbstractApplicationContext.refresh(AbstractApplicationContext.java:621)
	at org.springframework.boot.SpringApplication.refresh(SpringApplication.java:756)
	at org.springframework.boot.SpringApplication.refreshContext(SpringApplication.java:445)
	at org.springframework.boot.SpringApplication.run(SpringApplication.java:321)
	at org.springframework.boot.test.context.SpringBootContextLoader.lambda$loadContext$2(SpringBootContextLoader.java:155)
	at org.springframework.util.function.ThrowingSupplier.get(ThrowingSupplier.java:58)
	at org.springframework.util.function.ThrowingSupplier.get(ThrowingSupplier.java:46)
	at org.springframework.boot.SpringApplication.withHook(SpringApplication.java:1465)
	at org.springframework.boot.test.context.SpringBootContextLoader$ContextLoaderHook.run(SpringBootContextLoader.java:600)
	at org.springframework.boot.test.context.SpringBootContextLoader.loadContext(SpringBootContextLoader.java:155)
	at org.springframework.boot.test.context.SpringBootContextLoader.loadContext(SpringBootContextLoader.java:114)
	at org.springframework.test.context.cache.DefaultCacheAwareContextLoaderDelegate.loadContextInternal(DefaultCacheAwareContextLoaderDelegate.java:247)
	at org.springframework.test.context.cache.DefaultCacheAwareContextLoaderDelegate.lambda$loadContext$0(DefaultCacheAwareContextLoaderDelegate.java:167)
	... 21 more
Caused by: org.springframework.beans.factory.UnsatisfiedDependencyException: Error creating bean with name 'attendanceService' defined in file [C:\Users\erabh\OneDrive\Desktop\learningNinjas\EduResolve_Backend\target\classes\com\forgeStackk\EduResolve\service\teacher\AttendanceService.class]: Unsatisfied dependency expressed through constructor parameter 6: No qualifying bean of type 'com.fasterxml.jackson.databind.ObjectMapper' available: expected at least 1 bean which qualifies as autowire candidate. Dependency annotations: {}
	at org.springframework.beans.factory.support.ConstructorResolver.createArgumentArray(ConstructorResolver.java:804)
	at org.springframework.beans.factory.support.ConstructorResolver.autowireConstructor(ConstructorResolver.java:240)
	at org.springframework.beans.factory.support.AbstractAutowireCapableBeanFactory.autowireConstructor(AbstractAutowireCapableBeanFactory.java:1382)
	at org.springframework.beans.factory.support.AbstractAutowireCapableBeanFactory.createBeanInstance(AbstractAutowireCapableBeanFactory.java:1221)
	at org.springframework.beans.factory.support.AbstractAutowireCapableBeanFactory.doCreateBean(AbstractAutowireCapableBeanFactory.java:565)
	at org.springframework.beans.factory.support.AbstractAutowireCapableBeanFactory.createBean(AbstractAutowireCapableBeanFactory.java:525)
	at org.springframework.beans.factory.support.AbstractBeanFactory.lambda$doGetBean$0(AbstractBeanFactory.java:333)
	at org.springframework.beans.factory.support.DefaultSingletonBeanRegistry.getSingleton(DefaultSingletonBeanRegistry.java:371)
	at org.springframework.beans.factory.support.AbstractBeanFactory.doGetBean(AbstractBeanFactory.java:331)
	at org.springframework.beans.factory.support.AbstractBeanFactory.getBean(AbstractBeanFactory.java:201)
	at org.springframework.beans.factory.support.DefaultListableBeanFactory.resolveBean(DefaultListableBeanFactory.java:1225)
	at org.springframework.beans.factory.support.DefaultListableBeanFactory.doResolveDependency(DefaultListableBeanFactory.java:1704)
	at org.springframework.beans.factory.support.DefaultListableBeanFactory.resolveDependency(DefaultListableBeanFactory.java:1651)
	at org.springframework.beans.factory.support.ConstructorResolver.resolveAutowiredArgument(ConstructorResolver.java:912)
	at org.springframework.beans.factory.support.ConstructorResolver.createArgumentArray(ConstructorResolver.java:791)
	... 47 more
Caused by: org.springframework.beans.factory.NoSuchBeanDefinitionException: No qualifying bean of type 'com.fasterxml.jackson.databind.ObjectMapper' available: expected at least 1 bean which qualifies as autowire candidate. Dependency annotations: {}
	at org.springframework.beans.factory.support.DefaultListableBeanFactory.raiseNoMatchingBeanFound(DefaultListableBeanFactory.java:2297)
	at org.springframework.beans.factory.support.DefaultListableBeanFactory.doResolveDependency(DefaultListableBeanFactory.java:1725)
	at org.springframework.beans.factory.support.DefaultListableBeanFactory.resolveDependency(DefaultListableBeanFactory.java:1651)
	at org.springframework.beans.factory.support.ConstructorResolver.resolveAutowiredArgument(ConstructorResolver.java:912)
	at org.springframework.beans.factory.support.ConstructorResolver.createArgumentArray(ConstructorResolver.java:791)
	... 61 more

[INFO] 
[INFO] Results:
[INFO] 
[ERROR] Errors: 
[ERROR]   EduResolveApplicationTests.contextLoads ╗ IllegalState Failed to load ApplicationContext for [WebMergedContextConfiguration@853050d testClass = com.forgeStackk.EduResolve.EduResolveApplicationTests, locations = [], classes = [com.forgeStackk.EduResolve.EduResolveApplication], contextInitializerClasses = [], activeProfiles = ["test"], propertySourceDescriptors = [], propertySourceProperties = ["org.springframework.boot.test.context.SpringBootTestContextBootstrapper=true"], contextCustomizers = [org.springframework.boot.web.server.context.SpringBootTestRandomPortContextCustomizer@649725e3, org.springframework.boot.test.context.PropertyMappingContextCustomizer@0, org.springframework.boot.test.context.filter.ExcludeFilterContextCustomizer@3d8bbcdc, org.springframework.boot.test.http.client.DisableReactorResourceFactoryGlobalResourcesContextCustomizerFactory$DisableReactorResourceFactoryGlobalResourcesContextCustomizerCustomizer@9635fa, org.springframework.boot.test.json.DuplicateJsonObjectContextCustomizerFactory$DuplicateJsonObjectContextCustomizer@2d10e0b1, org.springframework.boot.test.autoconfigure.OnFailureConditionReportContextCustomizerFactory$OnFailureConditionReportContextCustomizer@5bda80bf, org.springframework.test.context.bean.override.BeanOverrideContextCustomizer@b91e5f94, org.springframework.test.context.support.DynamicPropertiesContextCustomizer@0, org.springframework.boot.micrometer.metrics.test.autoconfigure.MetricsContextCustomizerFactory$DisableMetricsExportContextCustomizer@1f, org.springframework.boot.test.context.SpringBootTestAnnotation@2d0ba170], resourceBasePath = "src/main/webapp", contextLoader = org.springframework.boot.test.context.SpringBootContextLoader, parent = null]
[INFO] 
[ERROR] Tests run: 1, Failures: 0, Errors: 1, Skipped: 0
[INFO] 
[INFO] ------------------------------------------------------------------------
[INFO] BUILD FAILURE
[INFO] ------------------------------------------------------------------------
[INFO] Total time:  29.384 s
[INFO] Finished at: 2026-05-21T18:55:38+05:30
[INFO] ------------------------------------------------------------------------
[ERROR] Failed to execute goal org.apache.maven.plugins:maven-surefire-plugin:3.5.5:test (default-test) on project EduResolve: 
[ERROR] 
[ERROR] See C:\Users\erabh\OneDrive\Desktop\learningNinjas\EduResolve_Backend\target\surefire-reports for the individual test results.
[ERROR] See dump files (if any exist) [date].dump, [date]-jvmRun[N].dump and [date].dumpstream.
[ERROR] -> [Help 1]
[ERROR] 
[ERROR] To see the full stack trace of the errors, re-run Maven with the -e switch.
[ERROR] Re-run Maven using the -X switch to enable full debug logging.
[ERROR] 
[ERROR] For more information about the errors and possible solutions, please read the following articles:
[ERROR] [Help 1] http://cwiki.apache.org/confluence/display/MAVEN/MojoFailureException
